## SLURM PROLOG ###############################################################
##    Job ID : 3684158
##  Job Name : lfp_grid_sim
##  Nodelist : node2347
##      CPUs : 
##  Mem/Node : 4096 MB
## Directory : /oscar/data/tdesroch/dbuyukya/AidaCarneyProject
##   Job Started : Mon Jul  6 04:25:32 PM EDT 2026
###############################################################################
[1/1] configuration=163 degree=2 lowpass=80.0
config=163 trial=4 status=success reached=14.07/14.07s x0_rmse=35.43841182493462 uV runtime=232.4s
config=163 trial=1088 status=success reached=14.18/14.18s x0_rmse=106.99299680882362 uV runtime=124.3s
config=163 trial=622 status=success reached=14.18/14.18s x0_rmse=72.35577612119948 uV runtime=139.3s
config=163 trial=620 status=success reached=14.18/14.18s x0_rmse=44.73434057634897 uV runtime=164.3s
config=163 trial=2 status=success reached=14.18/14.18s x0_rmse=122.90004076761726 uV runtime=120.5s
config=163 trial=3 status=success reached=14.18/14.18s x0_rmse=124.4056784696005 uV runtime=117.2s
config=163 trial=1244 status=success reached=14.07/14.07s x0_rmse=149.35873424393782 uV runtime=110.6s
config=163 trial=778 status=success reached=14.18/14.18s x0_rmse=47.278085369480436 uV runtime=164.1s
config=163 trial=312 status=success reached=14.18/14.18s x0_rmse=110.20140794663449 uV runtime=122.0s
saved: outputs/pysindy/raw_grid_threshold1000/simulations/config_0163_summary.json
