## SLURM PROLOG ###############################################################
##    Job ID : 3617551
##  Job Name : lfp_c216_thresholds
##  Nodelist : node2310
##      CPUs : 
##  Mem/Node : 16384 MB
## Directory : /oscar/data/tdesroch/dbuyukya/AidaCarneyProject
##   Job Started : Thu Jul  2 12:08:01 PM EDT 2026
###############################################################################
threshold=100000 trial=4 status=success reached=13.95/13.95s runtime=310.9s
threshold=100000 trial=1088 status=success reached=14.06/14.06s runtime=348.6s
threshold=100000 trial=622 status=success reached=14.06/14.06s runtime=424.2s
threshold=100000 trial=620 status=success reached=14.06/14.06s runtime=384.0s
threshold=100000 trial=2 status=success reached=14.06/14.06s runtime=310.3s
threshold=100000 trial=3 status=success reached=14.06/14.06s runtime=415.3s
threshold=100000 trial=1244 status=success reached=13.95/13.95s runtime=401.6s
threshold=100000 trial=778 status=success reached=14.06/14.06s runtime=400.8s
threshold=100000 trial=312 status=success reached=14.06/14.06s runtime=390.0s
saved: /oscar/data/tdesroch/dbuyukya/AidaCarneyProject/outputs/pysindy/raw_grid/analysis/configuration_0216_threshold_simulations/threshold_100000_status.csv
saved: /oscar/data/tdesroch/dbuyukya/AidaCarneyProject/outputs/pysindy/raw_grid/analysis/configuration_0216_threshold_simulations/threshold_100000_simulations.png
saved: /oscar/data/tdesroch/dbuyukya/AidaCarneyProject/outputs/pysindy/raw_grid/analysis/configuration_0216_threshold_simulations/threshold_100000_summary.json
