## SLURM PROLOG ###############################################################
##    Job ID : 3683031
##  Job Name : lfp_grid_sim
##  Nodelist : node2324
##      CPUs : 
##  Mem/Node : 4096 MB
## Directory : /oscar/data/tdesroch/dbuyukya/AidaCarneyProject
##   Job Started : Mon Jul  6 03:27:23 PM EDT 2026
###############################################################################
[1/1] configuration=32 degree=1 lowpass=35.0
config=32 trial=4 status=success reached=14.03/14.03s x0_rmse=28.247613493619067 uV runtime=109.2s
config=32 trial=1088 status=success reached=14.14/14.14s x0_rmse=69.17067452262978 uV runtime=67.5s
config=32 trial=622 status=success reached=14.14/14.14s x0_rmse=49.00348193681793 uV runtime=109.6s
config=32 trial=620 status=success reached=14.14/14.14s x0_rmse=43.72876441403849 uV runtime=91.4s
config=32 trial=2 status=success reached=14.14/14.14s x0_rmse=64.94730575692557 uV runtime=65.0s
config=32 trial=3 status=success reached=14.14/14.14s x0_rmse=50.269445570714 uV runtime=88.6s
config=32 trial=1244 status=success reached=14.03/14.03s x0_rmse=69.9131151510569 uV runtime=89.7s
config=32 trial=778 status=success reached=14.14/14.14s x0_rmse=59.23409346794845 uV runtime=66.6s
config=32 trial=312 status=success reached=14.14/14.14s x0_rmse=60.01256658598693 uV runtime=62.3s
saved: outputs/pysindy/raw_grid_threshold1000/simulations/config_0032_summary.json
