## SLURM PROLOG ###############################################################
##    Job ID : 3683082
##  Job Name : lfp_grid_sim
##  Nodelist : node2339
##      CPUs : 
##  Mem/Node : 4096 MB
## Directory : /oscar/data/tdesroch/dbuyukya/AidaCarneyProject
##   Job Started : Mon Jul  6 03:30:31 PM EDT 2026
###############################################################################
[1/1] configuration=42 degree=2 lowpass=35.0
config=42 trial=4 status=success reached=14.08/14.08s x0_rmse=30.114853232838616 uV runtime=12.9s
config=42 trial=1088 status=success reached=14.19/14.19s x0_rmse=61.88966795362015 uV runtime=14.3s
config=42 trial=622 status=success reached=14.19/14.19s x0_rmse=55.29438032535999 uV runtime=14.3s
config=42 trial=620 status=success reached=14.19/14.19s x0_rmse=40.89056912801072 uV runtime=12.1s
config=42 trial=2 status=success reached=14.19/14.19s x0_rmse=58.62824965003897 uV runtime=14.0s
config=42 trial=3 status=success reached=14.19/14.19s x0_rmse=48.425096631959995 uV runtime=13.4s
config=42 trial=1244 status=success reached=14.08/14.08s x0_rmse=52.25056831609539 uV runtime=13.1s
config=42 trial=778 status=success reached=14.19/14.19s x0_rmse=45.09102748960639 uV runtime=13.3s
config=42 trial=312 status=success reached=14.19/14.19s x0_rmse=44.44261105767536 uV runtime=13.5s
saved: outputs/pysindy/raw_grid_threshold1000/simulations/config_0042_summary.json
