## SLURM PROLOG ###############################################################
##    Job ID : 3632059
##  Job Name : lfp_grid_sim
##  Nodelist : node2334
##      CPUs : 
##  Mem/Node : 16384 MB
## Directory : /oscar/data/tdesroch/dbuyukya/AidaCarneyProject
##   Job Started : Fri Jul  3 02:25:21 AM EDT 2026
###############################################################################
[1/1] configuration=162 degree=2 lowpass=80.0
config=162 trial=4 status=success reached=14.03/14.03s x0_rmse=42.08307935242574 uV runtime=50.4s
config=162 trial=1088 status=success reached=14.14/14.14s x0_rmse=69.58960944378927 uV runtime=42.5s
config=162 trial=622 status=success reached=14.14/14.14s x0_rmse=63.587247839608864 uV runtime=45.7s
config=162 trial=620 status=success reached=14.14/14.14s x0_rmse=54.11161991188639 uV runtime=53.6s
config=162 trial=2 status=success reached=14.14/14.14s x0_rmse=52.52029740548631 uV runtime=49.5s
config=162 trial=3 status=success reached=14.14/14.14s x0_rmse=58.26815580064982 uV runtime=45.9s
config=162 trial=1244 status=failed reached=1.73/14.03s x0_rmse= uV runtime=26.5s
config=162 trial=778 status=success reached=14.14/14.14s x0_rmse=62.02729653680985 uV runtime=45.9s
config=162 trial=312 status=success reached=14.14/14.14s x0_rmse=68.59659788500048 uV runtime=38.7s
saved: outputs/pysindy/raw_grid_threshold100/simulations/config_0162_summary.json
