## SLURM PROLOG ###############################################################
##    Job ID : 3650940
##  Job Name : lfp_grid_sim
##  Nodelist : node2339
##      CPUs : 
##  Mem/Node : 16384 MB
## Directory : /oscar/data/tdesroch/dbuyukya/AidaCarneyProject
##   Job Started : Sun Jul  5 12:46:34 AM EDT 2026
###############################################################################
[1/1] configuration=126 degree=1 lowpass=80.0
config=126 trial=4 status=success reached=14.03/14.03s x0_rmse=35.37809431869327 uV runtime=11.2s
config=126 trial=1088 status=success reached=14.14/14.14s x0_rmse=55.30294406441413 uV runtime=13.5s
config=126 trial=622 status=success reached=14.14/14.14s x0_rmse=44.32606923355618 uV runtime=17.3s
config=126 trial=620 status=success reached=14.14/14.14s x0_rmse=45.70607697685896 uV runtime=13.1s
config=126 trial=2 status=success reached=14.14/14.14s x0_rmse=63.32517260058308 uV runtime=9.7s
config=126 trial=3 status=success reached=14.14/14.14s x0_rmse=51.54225042408431 uV runtime=10.4s
config=126 trial=1244 status=success reached=14.03/14.03s x0_rmse=83.46404585772154 uV runtime=15.0s
config=126 trial=778 status=success reached=14.14/14.14s x0_rmse=56.58109148129121 uV runtime=11.0s
config=126 trial=312 status=success reached=14.14/14.14s x0_rmse=71.09072237471433 uV runtime=9.6s
saved: outputs/pysindy/raw_grid_threshold100/simulations/config_0126_summary.json
