## SLURM PROLOG ###############################################################
##    Job ID : 3631273
##  Job Name : lfp_grid_sim
##  Nodelist : node2339
##      CPUs : 
##  Mem/Node : 16384 MB
## Directory : /oscar/data/tdesroch/dbuyukya/AidaCarneyProject
##   Job Started : Fri Jul  3 12:44:43 AM EDT 2026
###############################################################################
[1/1] configuration=65 degree=2 lowpass=35.0
config=65 trial=4 status=failed reached=7.98/14.06s x0_rmse= uV runtime=171.4s
config=65 trial=1088 status=failed reached=5.69/14.17s x0_rmse= uV runtime=195.1s
config=65 trial=622 status=failed reached=6.15/14.17s x0_rmse= uV runtime=212.6s
config=65 trial=620 status=failed reached=12.50/14.17s x0_rmse= uV runtime=354.1s
config=65 trial=2 status=failed reached=3.93/14.17s x0_rmse= uV runtime=174.4s
config=65 trial=3 status=failed reached=4.36/14.17s x0_rmse= uV runtime=173.9s
config=65 trial=1244 status=failed reached=2.29/14.06s x0_rmse= uV runtime=142.3s
config=65 trial=778 status=failed reached=6.01/14.17s x0_rmse= uV runtime=208.3s
config=65 trial=312 status=failed reached=7.81/14.17s x0_rmse= uV runtime=235.5s
saved: outputs/pysindy/raw_grid_threshold100/simulations/config_0065_summary.json
