## SLURM PROLOG ###############################################################
##    Job ID : 3632063
##  Job Name : lfp_grid_sim
##  Nodelist : node2335
##      CPUs : 
##  Mem/Node : 16384 MB
## Directory : /oscar/data/tdesroch/dbuyukya/AidaCarneyProject
##   Job Started : Fri Jul  3 02:26:22 AM EDT 2026
###############################################################################
[1/1] configuration=163 degree=2 lowpass=80.0
config=163 trial=4 status=success reached=14.07/14.07s x0_rmse=37.18924058592271 uV runtime=224.3s
config=163 trial=1088 status=success reached=14.18/14.18s x0_rmse=109.21617540988984 uV runtime=126.5s
config=163 trial=622 status=success reached=14.18/14.18s x0_rmse=71.80257494604382 uV runtime=145.2s
config=163 trial=620 status=success reached=14.18/14.18s x0_rmse=45.065360164063975 uV runtime=163.9s
config=163 trial=2 status=success reached=14.18/14.18s x0_rmse=125.2873065539326 uV runtime=118.8s
config=163 trial=3 status=success reached=14.18/14.18s x0_rmse=127.09051268862535 uV runtime=116.7s
config=163 trial=1244 status=success reached=14.07/14.07s x0_rmse=151.8921191513229 uV runtime=113.1s
config=163 trial=778 status=success reached=14.18/14.18s x0_rmse=47.23653647861523 uV runtime=171.3s
config=163 trial=312 status=success reached=14.18/14.18s x0_rmse=113.84770953468927 uV runtime=120.2s
saved: outputs/pysindy/raw_grid_threshold100/simulations/config_0163_summary.json
