## SLURM PROLOG ###############################################################
##    Job ID : 3632459
##  Job Name : lfp_grid_sim
##  Nodelist : node2339
##      CPUs : 
##  Mem/Node : 16384 MB
## Directory : /oscar/data/tdesroch/dbuyukya/AidaCarneyProject
##   Job Started : Fri Jul  3 04:06:29 AM EDT 2026
###############################################################################
[1/1] configuration=213 degree=3 lowpass=80.0
config=213 trial=4 status=failed reached=0.03/14.03s x0_rmse= uV runtime=244.2s
config=213 trial=1088 status=failed reached=0.02/14.14s x0_rmse= uV runtime=244.4s
config=213 trial=622 status=failed reached=0.03/14.14s x0_rmse= uV runtime=243.3s
config=213 trial=620 status=failed reached=0.03/14.14s x0_rmse= uV runtime=240.6s
config=213 trial=2 status=failed reached=0.00/14.14s x0_rmse= uV runtime=237.0s
config=213 trial=3 status=failed reached=0.04/14.14s x0_rmse= uV runtime=242.3s
config=213 trial=1244 status=failed reached=0.01/14.03s x0_rmse= uV runtime=235.2s
config=213 trial=778 status=failed reached=0.00/14.14s x0_rmse= uV runtime=236.8s
config=213 trial=312 status=success reached=14.14/14.14s x0_rmse=38.58956962375418 uV runtime=909.7s
saved: outputs/pysindy/raw_grid_threshold100/simulations/config_0213_summary.json
