## SLURM PROLOG ###############################################################
##    Job ID : 3683799
##  Job Name : lfp_grid_sim
##  Nodelist : node2338
##      CPUs : 
##  Mem/Node : 4096 MB
## Directory : /oscar/data/tdesroch/dbuyukya/AidaCarneyProject
##   Job Started : Mon Jul  6 04:02:27 PM EDT 2026
###############################################################################
[1/1] configuration=108 degree=3 lowpass=35.0
config=108 trial=4 status=success reached=13.95/13.95s x0_rmse=33.97348876189928 uV runtime=629.0s
config=108 trial=1088 status=failed reached=13.91/14.06s x0_rmse= uV runtime=789.7s
config=108 trial=622 status=success reached=14.06/14.06s x0_rmse=51.435315684557224 uV runtime=530.0s
config=108 trial=620 status=failed reached=7.40/14.06s x0_rmse= uV runtime=589.0s
config=108 trial=2 status=failed reached=7.26/14.06s x0_rmse= uV runtime=472.6s
config=108 trial=3 status=failed reached=1.55/14.06s x0_rmse= uV runtime=331.1s
config=108 trial=1244 status=failed reached=2.35/13.95s x0_rmse= uV runtime=338.2s
config=108 trial=778 status=failed reached=5.68/14.06s x0_rmse= uV runtime=431.3s
config=108 trial=312 status=failed reached=3.52/14.06s x0_rmse= uV runtime=433.6s
saved: outputs/pysindy/raw_grid_threshold1000/simulations/config_0108_summary.json
