## SLURM PROLOG ###############################################################
##    Job ID : 3631887
##  Job Name : lfp_grid_sim
##  Nodelist : node2334
##      CPUs : 
##  Mem/Node : 16384 MB
## Directory : /oscar/data/tdesroch/dbuyukya/AidaCarneyProject
##   Job Started : Fri Jul  3 01:54:39 AM EDT 2026
###############################################################################
[1/1] configuration=139 degree=1 lowpass=80.0
config=139 trial=4 status=success reached=14.03/14.03s x0_rmse=30.45450269440529 uV runtime=62.9s
config=139 trial=1088 status=success reached=14.14/14.14s x0_rmse=66.60398698884424 uV runtime=39.4s
config=139 trial=622 status=success reached=14.14/14.14s x0_rmse=46.51312224785467 uV runtime=59.3s
config=139 trial=620 status=success reached=14.14/14.14s x0_rmse=61.23884146411305 uV runtime=42.9s
config=139 trial=2 status=success reached=14.14/14.14s x0_rmse=70.06528583025441 uV runtime=42.6s
config=139 trial=3 status=success reached=14.14/14.14s x0_rmse=58.59326343186736 uV runtime=46.9s
config=139 trial=1244 status=success reached=14.03/14.03s x0_rmse=69.36397508579836 uV runtime=58.8s
config=139 trial=778 status=success reached=14.14/14.14s x0_rmse=76.01700926222779 uV runtime=38.5s
config=139 trial=312 status=success reached=14.14/14.14s x0_rmse=51.252951278358424 uV runtime=46.2s
saved: outputs/pysindy/raw_grid_threshold100/simulations/config_0139_summary.json
