## SLURM PROLOG ###############################################################
##    Job ID : 3631691
##  Job Name : lfp_grid_sim
##  Nodelist : node2334
##      CPUs : 
##  Mem/Node : 16384 MB
## Directory : /oscar/data/tdesroch/dbuyukya/AidaCarneyProject
##   Job Started : Fri Jul  3 01:23:26 AM EDT 2026
###############################################################################
[1/1] configuration=88 degree=3 lowpass=35.0
config=88 trial=4 status=success reached=14.03/14.03s x0_rmse=49.47591086757364 uV runtime=141.0s
config=88 trial=1088 status=success reached=14.14/14.14s x0_rmse=64.67402943250627 uV runtime=151.1s
config=88 trial=622 status=success reached=14.14/14.14s x0_rmse=63.78120512281917 uV runtime=178.9s
config=88 trial=620 status=success reached=14.14/14.14s x0_rmse=60.83430224595929 uV runtime=152.9s
config=88 trial=2 status=failed reached=4.52/14.14s x0_rmse= uV runtime=132.3s
config=88 trial=3 status=failed reached=4.38/14.14s x0_rmse= uV runtime=133.3s
config=88 trial=1244 status=failed reached=1.76/14.03s x0_rmse= uV runtime=92.7s
config=88 trial=778 status=failed reached=6.12/14.14s x0_rmse= uV runtime=119.8s
config=88 trial=312 status=failed reached=1.03/14.14s x0_rmse= uV runtime=112.7s
saved: outputs/pysindy/raw_grid_threshold100/simulations/config_0088_summary.json
