## SLURM PROLOG ###############################################################
##    Job ID : 3683157
##  Job Name : lfp_grid_sim
##  Nodelist : node2338
##      CPUs : 
##  Mem/Node : 4096 MB
## Directory : /oscar/data/tdesroch/dbuyukya/AidaCarneyProject
##   Job Started : Mon Jul  6 03:34:27 PM EDT 2026
###############################################################################
[1/1] configuration=63 degree=2 lowpass=35.0
config=63 trial=4 status=success reached=13.99/13.99s x0_rmse=33.799250996979744 uV runtime=104.7s
config=63 trial=1088 status=success reached=14.10/14.10s x0_rmse=59.17280257414709 uV runtime=95.2s
config=63 trial=622 status=success reached=14.10/14.10s x0_rmse=43.98107713475197 uV runtime=106.6s
config=63 trial=620 status=success reached=14.10/14.10s x0_rmse=49.448446162231036 uV runtime=100.9s
config=63 trial=2 status=success reached=14.10/14.10s x0_rmse=52.28306640121052 uV runtime=98.4s
config=63 trial=3 status=failed reached=3.67/14.10s x0_rmse= uV runtime=59.9s
config=63 trial=1244 status=success reached=13.99/13.99s x0_rmse=82.4830699875676 uV runtime=104.9s
config=63 trial=778 status=success reached=14.10/14.10s x0_rmse=47.36192587821617 uV runtime=94.0s
config=63 trial=312 status=success reached=14.10/14.10s x0_rmse=50.40868364339425 uV runtime=108.7s
saved: outputs/pysindy/raw_grid_threshold1000/simulations/config_0063_summary.json
