## SLURM PROLOG ###############################################################
##    Job ID : 3631360
##  Job Name : lfp_grid_sim
##  Nodelist : node2346
##      CPUs : 
##  Mem/Node : 16384 MB
## Directory : /oscar/data/tdesroch/dbuyukya/AidaCarneyProject
##   Job Started : Fri Jul  3 01:00:48 AM EDT 2026
###############################################################################
[1/1] configuration=72 degree=2 lowpass=35.0
config=72 trial=4 status=success reached=13.95/13.95s x0_rmse=31.923199198053208 uV runtime=174.5s
config=72 trial=1088 status=failed reached=10.02/14.06s x0_rmse= uV runtime=181.1s
config=72 trial=622 status=failed reached=6.24/14.06s x0_rmse= uV runtime=130.7s
config=72 trial=620 status=success reached=14.06/14.06s x0_rmse=50.55296955330099 uV runtime=153.9s
config=72 trial=2 status=success reached=14.06/14.06s x0_rmse=50.51487924490518 uV runtime=135.6s
config=72 trial=3 status=success reached=14.06/14.06s x0_rmse=46.754521047327714 uV runtime=145.7s
config=72 trial=1244 status=failed reached=3.55/13.95s x0_rmse= uV runtime=93.1s
config=72 trial=778 status=success reached=14.06/14.06s x0_rmse=51.28568020193924 uV runtime=140.0s
config=72 trial=312 status=failed reached=6.83/14.06s x0_rmse= uV runtime=137.9s
saved: outputs/pysindy/raw_grid_threshold100/simulations/config_0072_summary.json
