## SLURM PROLOG ###############################################################
##    Job ID : 3683647
##  Job Name : lfp_grid_sim
##  Nodelist : node2333
##      CPUs : 
##  Mem/Node : 4096 MB
## Directory : /oscar/data/tdesroch/dbuyukya/AidaCarneyProject
##   Job Started : Mon Jul  6 03:54:23 PM EDT 2026
###############################################################################
[1/1] configuration=101 degree=3 lowpass=35.0
config=101 trial=4 status=failed reached=0.77/14.06s x0_rmse= uV runtime=286.4s
config=101 trial=1088 status=failed reached=0.35/14.17s x0_rmse= uV runtime=333.9s
config=101 trial=622 status=failed reached=0.27/14.17s x0_rmse= uV runtime=586.6s
config=101 trial=620 status=failed reached=1.76/14.17s x0_rmse= uV runtime=543.4s
config=101 trial=2 status=failed reached=0.08/14.17s x0_rmse= uV runtime=251.2s
config=101 trial=3 status=failed reached=0.24/14.17s x0_rmse= uV runtime=491.9s
config=101 trial=1244 status=failed reached=0.13/14.06s x0_rmse= uV runtime=474.5s
config=101 trial=778 status=failed reached=0.10/14.17s x0_rmse= uV runtime=252.6s
config=101 trial=312 status=failed reached=1.04/14.17s x0_rmse= uV runtime=339.6s
saved: outputs/pysindy/raw_grid_threshold1000/simulations/config_0101_summary.json
