## SLURM PROLOG ###############################################################
##    Job ID : 3631171
##  Job Name : lfp_grid_sim
##  Nodelist : node2305
##      CPUs : 
##  Mem/Node : 16384 MB
## Directory : /oscar/data/tdesroch/dbuyukya/AidaCarneyProject
##   Job Started : Fri Jul  3 12:31:38 AM EDT 2026
###############################################################################
[1/1] configuration=46 degree=2 lowpass=35.0
config=46 trial=4 status=success reached=14.08/14.08s x0_rmse=31.362006756774157 uV runtime=52.4s
config=46 trial=1088 status=success reached=14.19/14.19s x0_rmse=64.13818341943893 uV runtime=51.4s
config=46 trial=622 status=success reached=14.18/14.18s x0_rmse=69.38073139698949 uV runtime=46.2s
config=46 trial=620 status=success reached=14.18/14.18s x0_rmse=40.6136730112465 uV runtime=67.7s
config=46 trial=2 status=success reached=14.18/14.18s x0_rmse=67.67977732487586 uV runtime=43.7s
config=46 trial=3 status=success reached=14.18/14.18s x0_rmse=63.099780158008926 uV runtime=44.5s
config=46 trial=1244 status=success reached=14.08/14.08s x0_rmse=73.40597688129088 uV runtime=46.7s
config=46 trial=778 status=success reached=14.18/14.18s x0_rmse=46.60060183694681 uV runtime=52.6s
config=46 trial=312 status=success reached=14.18/14.18s x0_rmse=51.419534025642484 uV runtime=46.8s
saved: outputs/pysindy/raw_grid_threshold100/simulations/config_0046_summary.json
