## SLURM PROLOG ###############################################################
##    Job ID : 3631188
##  Job Name : lfp_grid_sim
##  Nodelist : node2334
##      CPUs : 
##  Mem/Node : 16384 MB
## Directory : /oscar/data/tdesroch/dbuyukya/AidaCarneyProject
##   Job Started : Fri Jul  3 12:34:39 AM EDT 2026
###############################################################################
[1/1] configuration=55 degree=2 lowpass=35.0
config=55 trial=4 status=success reached=14.07/14.07s x0_rmse=36.19783481045069 uV runtime=178.7s
config=55 trial=1088 status=success reached=14.18/14.18s x0_rmse=83.32332567274834 uV runtime=140.8s
config=55 trial=622 status=success reached=14.18/14.18s x0_rmse=48.864386305876984 uV runtime=187.7s
config=55 trial=620 status=success reached=14.18/14.18s x0_rmse=48.130605494939864 uV runtime=190.9s
config=55 trial=2 status=success reached=14.18/14.18s x0_rmse=69.54973398897407 uV runtime=143.5s
config=55 trial=3 status=success reached=14.18/14.18s x0_rmse=59.795851872562835 uV runtime=136.0s
config=55 trial=1244 status=success reached=14.07/14.07s x0_rmse=108.62806001136182 uV runtime=135.2s
config=55 trial=778 status=success reached=14.18/14.18s x0_rmse=67.72042245598062 uV runtime=141.5s
config=55 trial=312 status=success reached=14.18/14.18s x0_rmse=47.8073663194326 uV runtime=154.4s
saved: outputs/pysindy/raw_grid_threshold100/simulations/config_0055_summary.json
