## SLURM PROLOG ###############################################################
##    Job ID : 3683682
##  Job Name : lfp_grid_sim
##  Nodelist : node2333
##      CPUs : 
##  Mem/Node : 4096 MB
## Directory : /oscar/data/tdesroch/dbuyukya/AidaCarneyProject
##   Job Started : Mon Jul  6 03:57:33 PM EDT 2026
###############################################################################
[1/1] configuration=104 degree=3 lowpass=35.0
config=104 trial=4 status=success reached=14.03/14.03s x0_rmse=40.296790742873796 uV runtime=1245.7s
config=104 trial=1088 status=failed reached=4.84/14.14s x0_rmse= uV runtime=534.6s
config=104 trial=622 status=failed reached=4.06/14.14s x0_rmse= uV runtime=562.3s
config=104 trial=620 status=success reached=14.14/14.14s x0_rmse=51.5240831369126 uV runtime=1272.1s
config=104 trial=2 status=failed reached=3.34/14.14s x0_rmse= uV runtime=497.5s
config=104 trial=3 status=failed reached=1.90/14.14s x0_rmse= uV runtime=412.7s
config=104 trial=1244 status=failed reached=0.21/14.03s x0_rmse= uV runtime=286.2s
config=104 trial=778 status=failed reached=8.42/14.14s x0_rmse= uV runtime=820.2s
config=104 trial=312 status=failed reached=2.41/14.14s x0_rmse= uV runtime=345.0s
saved: outputs/pysindy/raw_grid_threshold1000/simulations/config_0104_summary.json
