## SLURM PROLOG ###############################################################
##    Job ID : 3611733
##  Job Name : lfp_grid_sim
##  Nodelist : node2337
##      CPUs : 
##  Mem/Node : 16384 MB
## Directory : /oscar/data/tdesroch/dbuyukya/AidaCarneyProject
##   Job Started : Wed Jul  1 06:38:13 PM EDT 2026
###############################################################################
[1/1] configuration=180 degree=2 lowpass=80.0
config=180 trial=4 status=success reached=13.95/13.95s runtime=157.3s
config=180 trial=1088 status=success reached=14.06/14.06s runtime=149.0s
config=180 trial=622 status=failed reached=4.01/14.06s runtime=102.6s
config=180 trial=620 status=failed reached=7.09/14.06s runtime=138.9s
config=180 trial=2 status=success reached=14.06/14.06s runtime=144.3s
config=180 trial=3 status=failed reached=10.04/14.06s runtime=168.0s
config=180 trial=1244 status=failed reached=3.02/13.95s runtime=86.2s
config=180 trial=778 status=failed reached=13.48/14.06s runtime=197.2s
config=180 trial=312 status=failed reached=6.37/14.06s runtime=125.3s
saved: /oscar/data/tdesroch/dbuyukya/AidaCarneyProject/outputs/pysindy/raw_grid/simulations/config_0180_summary.json
