## SLURM PROLOG ###############################################################
##    Job ID : 3631154
##  Job Name : lfp_grid_sim
##  Nodelist : node2303
##      CPUs : 
##  Mem/Node : 16384 MB
## Directory : /oscar/data/tdesroch/dbuyukya/AidaCarneyProject
##   Job Started : Fri Jul  3 12:28:08 AM EDT 2026
###############################################################################
[1/1] configuration=39 degree=2 lowpass=35.0
config=39 trial=4 status=success reached=14.08/14.08s x0_rmse=29.076059105914805 uV runtime=12.6s
config=39 trial=1088 status=success reached=14.20/14.20s x0_rmse=65.20023563096368 uV runtime=15.5s
config=39 trial=622 status=success reached=14.19/14.19s x0_rmse=57.98890923218415 uV runtime=15.2s
config=39 trial=620 status=success reached=14.19/14.19s x0_rmse=41.12826325788136 uV runtime=13.0s
config=39 trial=2 status=success reached=14.19/14.19s x0_rmse=61.890188435362006 uV runtime=15.2s
config=39 trial=3 status=success reached=14.19/14.19s x0_rmse=50.750240882274944 uV runtime=14.5s
config=39 trial=1244 status=success reached=14.08/14.08s x0_rmse=55.02425499581677 uV runtime=14.5s
config=39 trial=778 status=success reached=14.19/14.19s x0_rmse=48.10017899120546 uV runtime=14.2s
config=39 trial=312 status=success reached=14.19/14.19s x0_rmse=45.3478947050068 uV runtime=14.0s
saved: outputs/pysindy/raw_grid_threshold100/simulations/config_0039_summary.json
