## SLURM PROLOG ###############################################################
##    Job ID : 3684468
##  Job Name : lfp_grid_sim
##  Nodelist : node2335
##      CPUs : 
##  Mem/Node : 4096 MB
## Directory : /oscar/data/tdesroch/dbuyukya/AidaCarneyProject
##   Job Started : Mon Jul  6 04:43:58 PM EDT 2026
###############################################################################
[1/1] configuration=195 degree=3 lowpass=80.0
config=195 trial=4 status=failed reached=0.16/14.06s x0_rmse= uV runtime=55.0s
config=195 trial=1088 status=failed reached=0.36/14.18s x0_rmse= uV runtime=57.8s
config=195 trial=622 status=failed reached=0.33/14.17s x0_rmse= uV runtime=56.2s
config=195 trial=620 status=failed reached=0.23/14.17s x0_rmse= uV runtime=57.1s
config=195 trial=2 status=failed reached=0.15/14.17s x0_rmse= uV runtime=55.0s
config=195 trial=3 status=failed reached=0.26/14.17s x0_rmse= uV runtime=55.1s
config=195 trial=1244 status=failed reached=0.26/14.06s x0_rmse= uV runtime=56.1s
config=195 trial=778 status=failed reached=0.34/14.17s x0_rmse= uV runtime=56.6s
config=195 trial=312 status=success reached=14.17/14.17s x0_rmse=36.06756180553438 uV runtime=150.4s
saved: outputs/pysindy/raw_grid_threshold1000/simulations/config_0195_summary.json
