## SLURM PROLOG ###############################################################
##    Job ID : 3682900
##  Job Name : lfp_grid_sim
##  Nodelist : node2304
##      CPUs : 
##  Mem/Node : 16384 MB
## Directory : /oscar/data/tdesroch/dbuyukya/AidaCarneyProject
##   Job Started : Mon Jul  6 03:24:15 PM EDT 2026
###############################################################################
[1/1] configuration=4 degree=1 lowpass=35.0
config=4 trial=4 status=success reached=14.08/14.08s x0_rmse=29.152226846234882 uV runtime=6.9s
config=4 trial=1088 status=success reached=14.19/14.19s x0_rmse=66.68915263792073 uV runtime=7.2s
config=4 trial=622 status=success reached=14.19/14.19s x0_rmse=58.42748068011314 uV runtime=7.1s
config=4 trial=620 status=success reached=14.19/14.19s x0_rmse=40.69829513022787 uV runtime=6.9s
config=4 trial=2 status=success reached=14.19/14.19s x0_rmse=65.14665925709382 uV runtime=7.1s
config=4 trial=3 status=success reached=14.19/14.19s x0_rmse=47.918284631759505 uV runtime=7.1s
config=4 trial=1244 status=success reached=14.08/14.08s x0_rmse=50.32087559513257 uV runtime=7.1s
config=4 trial=778 status=success reached=14.19/14.19s x0_rmse=45.254900656110735 uV runtime=7.0s
config=4 trial=312 status=success reached=14.19/14.19s x0_rmse=42.95212535878244 uV runtime=6.9s
saved: outputs/pysindy/raw_grid_threshold1000/simulations/config_0004_summary.json
