## SLURM PROLOG ###############################################################
##    Job ID : 3684450
##  Job Name : lfp_grid_sim
##  Nodelist : node2333
##      CPUs : 
##  Mem/Node : 4096 MB
## Directory : /oscar/data/tdesroch/dbuyukya/AidaCarneyProject
##   Job Started : Mon Jul  6 04:42:39 PM EDT 2026
###############################################################################
[1/1] configuration=192 degree=3 lowpass=80.0
config=192 trial=4 status=failed reached=0.02/14.08s x0_rmse= uV runtime=51.8s
config=192 trial=1088 status=success reached=14.19/14.19s x0_rmse=6835.50025023556 uV runtime=4.1s
config=192 trial=622 status=success reached=14.18/14.18s x0_rmse=6847.235049019571 uV runtime=3.3s
config=192 trial=620 status=success reached=14.18/14.18s x0_rmse=43.92156731961917 uV runtime=83.2s
config=192 trial=2 status=success reached=14.18/14.18s x0_rmse=44.38287474890758 uV runtime=68.0s
config=192 trial=3 status=failed reached=0.39/14.18s x0_rmse= uV runtime=63.3s
config=192 trial=1244 status=success reached=14.08/14.08s x0_rmse=42.48436644497941 uV runtime=70.4s
config=192 trial=778 status=failed reached=0.02/14.18s x0_rmse= uV runtime=50.8s
config=192 trial=312 status=success reached=14.18/14.18s x0_rmse=39.8213223701037 uV runtime=80.5s
saved: outputs/pysindy/raw_grid_threshold1000/simulations/config_0192_summary.json
