## SLURM PROLOG ###############################################################
##    Job ID : 3610637
##  Job Name : lfp_grid_sim
##  Nodelist : node2335
##      CPUs : 
##  Mem/Node : 16384 MB
## Directory : /oscar/data/tdesroch/dbuyukya/AidaCarneyProject
##   Job Started : Wed Jul  1 04:58:37 PM EDT 2026
###############################################################################
[1/1] configuration=115 degree=1 lowpass=80.0
config=115 trial=4 status=success reached=14.07/14.07s runtime=4.3s
config=115 trial=1088 status=success reached=14.18/14.18s runtime=4.3s
config=115 trial=622 status=success reached=14.18/14.18s runtime=4.4s
config=115 trial=620 status=success reached=14.18/14.18s runtime=4.2s
config=115 trial=2 status=success reached=14.18/14.18s runtime=4.6s
config=115 trial=3 status=success reached=14.18/14.18s runtime=4.3s
config=115 trial=1244 status=success reached=14.07/14.07s runtime=4.2s
config=115 trial=778 status=success reached=14.18/14.18s runtime=4.4s
config=115 trial=312 status=success reached=14.18/14.18s runtime=4.4s
saved: /oscar/data/tdesroch/dbuyukya/AidaCarneyProject/outputs/pysindy/raw_grid/simulations/config_0115_summary.json
