## SLURM PROLOG ###############################################################
##    Job ID : 3683153
##  Job Name : lfp_grid_sim
##  Nodelist : node2339
##      CPUs : 
##  Mem/Node : 4096 MB
## Directory : /oscar/data/tdesroch/dbuyukya/AidaCarneyProject
##   Job Started : Mon Jul  6 03:33:51 PM EDT 2026
###############################################################################
[1/1] configuration=61 degree=2 lowpass=35.0
config=61 trial=4 status=success reached=13.99/13.99s x0_rmse=34.76293615326499 uV runtime=102.1s
config=61 trial=1088 status=success reached=14.10/14.10s x0_rmse=53.66923475497005 uV runtime=91.5s
config=61 trial=622 status=success reached=14.10/14.10s x0_rmse=43.14482770940768 uV runtime=101.2s
config=61 trial=620 status=success reached=14.10/14.10s x0_rmse=48.876445378976676 uV runtime=96.7s
config=61 trial=2 status=success reached=14.10/14.10s x0_rmse=54.99055959987338 uV runtime=94.5s
config=61 trial=3 status=failed reached=3.74/14.10s x0_rmse= uV runtime=59.1s
config=61 trial=1244 status=success reached=13.99/13.99s x0_rmse=76.38628792666792 uV runtime=77.0s
config=61 trial=778 status=success reached=14.10/14.10s x0_rmse=51.073610037815065 uV runtime=94.7s
config=61 trial=312 status=success reached=14.10/14.10s x0_rmse=50.55012844295537 uV runtime=91.6s
saved: outputs/pysindy/raw_grid_threshold1000/simulations/config_0061_summary.json
