## SLURM PROLOG ###############################################################
##    Job ID : 3631976
##  Job Name : lfp_grid_sim
##  Nodelist : node2343
##      CPUs : 
##  Mem/Node : 16384 MB
## Directory : /oscar/data/tdesroch/dbuyukya/AidaCarneyProject
##   Job Started : Fri Jul  3 02:09:15 AM EDT 2026
###############################################################################
[1/1] configuration=146 degree=2 lowpass=80.0
config=146 trial=4 status=success reached=14.08/14.08s x0_rmse=36.325098178288606 uV runtime=17.4s
config=146 trial=1088 status=success reached=14.20/14.20s x0_rmse=65.14877322099761 uV runtime=19.1s
config=146 trial=622 status=failed reached=2.23/14.19s x0_rmse= uV runtime=13.4s
config=146 trial=620 status=success reached=14.19/14.19s x0_rmse=42.06677555107264 uV runtime=16.8s
config=146 trial=2 status=failed reached=8.23/14.19s x0_rmse= uV runtime=24.4s
config=146 trial=3 status=success reached=14.19/14.19s x0_rmse=41.49898466866168 uV runtime=17.6s
config=146 trial=1244 status=success reached=14.08/14.08s x0_rmse=66.19796648966498 uV runtime=18.2s
config=146 trial=778 status=success reached=14.19/14.19s x0_rmse=40.690289965518986 uV runtime=16.7s
config=146 trial=312 status=success reached=14.19/14.19s x0_rmse=40.76558935235499 uV runtime=16.6s
saved: outputs/pysindy/raw_grid_threshold100/simulations/config_0146_summary.json
