## SLURM PROLOG ###############################################################
##    Job ID : 3632166
##  Job Name : lfp_grid_sim
##  Nodelist : node2342
##      CPUs : 
##  Mem/Node : 16384 MB
## Directory : /oscar/data/tdesroch/dbuyukya/AidaCarneyProject
##   Job Started : Fri Jul  3 02:44:58 AM EDT 2026
###############################################################################
[1/1] configuration=175 degree=2 lowpass=80.0
config=175 trial=4 status=success reached=14.03/14.03s x0_rmse=33.236093510840696 uV runtime=227.7s
config=175 trial=1088 status=failed reached=9.10/14.14s x0_rmse= uV runtime=157.7s
config=175 trial=622 status=success reached=14.14/14.14s x0_rmse=48.353392395002516 uV runtime=227.8s
config=175 trial=620 status=failed reached=12.27/14.14s x0_rmse= uV runtime=199.8s
config=175 trial=2 status=failed reached=7.24/14.14s x0_rmse= uV runtime=144.9s
config=175 trial=3 status=success reached=14.14/14.14s x0_rmse=72.157104412765 uV runtime=167.2s
config=175 trial=1244 status=success reached=14.03/14.03s x0_rmse=70.1106788681027 uV runtime=204.5s
config=175 trial=778 status=failed reached=6.12/14.14s x0_rmse= uV runtime=120.3s
config=175 trial=312 status=success reached=14.14/14.14s x0_rmse=47.429363371793485 uV runtime=215.5s
saved: outputs/pysindy/raw_grid_threshold100/simulations/config_0175_summary.json
