## SLURM PROLOG ###############################################################
##    Job ID : 3611886
##  Job Name : lfp_grid_sim
##  Nodelist : node2334
##      CPUs : 
##  Mem/Node : 16384 MB
## Directory : /oscar/data/tdesroch/dbuyukya/AidaCarneyProject
##   Job Started : Wed Jul  1 07:05:58 PM EDT 2026
###############################################################################
[1/1] configuration=212 degree=3 lowpass=80.0
config=212 trial=4 status=failed reached=3.95/14.03s runtime=535.4s
config=212 trial=1088 status=success reached=14.14/14.14s runtime=1176.0s
config=212 trial=622 status=failed reached=7.38/14.14s runtime=864.9s
config=212 trial=620 status=failed reached=7.37/14.14s runtime=784.0s
config=212 trial=2 status=success reached=14.14/14.14s runtime=1337.4s
config=212 trial=3 status=failed reached=12.02/14.14s runtime=988.4s
config=212 trial=1244 status=failed reached=7.42/14.03s runtime=739.0s
config=212 trial=778 status=failed reached=13.60/14.14s runtime=1282.8s
config=212 trial=312 status=success reached=14.14/14.14s runtime=824.5s
saved: /oscar/data/tdesroch/dbuyukya/AidaCarneyProject/outputs/pysindy/raw_grid/simulations/config_0212_summary.json
