## SLURM PROLOG ###############################################################
##    Job ID : 3683985
##  Job Name : lfp_grid_sim
##  Nodelist : node2335
##      CPUs : 
##  Mem/Node : 4096 MB
## Directory : /oscar/data/tdesroch/dbuyukya/AidaCarneyProject
##   Job Started : Mon Jul  6 04:15:29 PM EDT 2026
###############################################################################
[1/1] configuration=137 degree=1 lowpass=80.0
config=137 trial=4 status=success reached=14.06/14.06s x0_rmse=28.88676712855983 uV runtime=144.2s
config=137 trial=1088 status=success reached=14.17/14.17s x0_rmse=48.90521419907716 uV runtime=72.0s
config=137 trial=622 status=success reached=14.17/14.17s x0_rmse=44.41651178492639 uV runtime=98.0s
config=137 trial=620 status=success reached=14.17/14.17s x0_rmse=40.734985235154234 uV runtime=146.2s
config=137 trial=2 status=success reached=14.17/14.17s x0_rmse=43.57485570871658 uV runtime=96.4s
config=137 trial=3 status=success reached=14.17/14.17s x0_rmse=51.23048530221329 uV runtime=71.0s
config=137 trial=1244 status=success reached=14.06/14.06s x0_rmse=55.607624165207035 uV runtime=56.0s
config=137 trial=778 status=success reached=14.17/14.17s x0_rmse=43.366691875878836 uV runtime=112.6s
config=137 trial=312 status=success reached=14.17/14.17s x0_rmse=36.61916330973702 uV runtime=102.3s
saved: outputs/pysindy/raw_grid_threshold1000/simulations/config_0137_summary.json
