## SLURM PROLOG ###############################################################
##    Job ID : 3611877
##  Job Name : lfp_grid_sim
##  Nodelist : node2335
##      CPUs : 
##  Mem/Node : 16384 MB
## Directory : /oscar/data/tdesroch/dbuyukya/AidaCarneyProject
##   Job Started : Thu Jul  2 12:37:41 AM EDT 2026
###############################################################################
[1/1] configuration=208 degree=3 lowpass=80.0
config=208 trial=4 status=failed reached=3.84/14.06s runtime=643.8s
config=208 trial=1088 status=failed reached=7.34/14.17s runtime=975.8s
config=208 trial=622 status=failed reached=6.09/14.17s runtime=913.3s
config=208 trial=620 status=failed reached=4.12/14.17s runtime=716.0s
config=208 trial=2 status=failed reached=5.37/14.17s runtime=751.9s
config=208 trial=3 status=failed reached=9.75/14.17s runtime=1081.6s
config=208 trial=1244 status=failed reached=10.98/14.06s runtime=1118.6s
config=208 trial=778 status=failed reached=3.53/14.17s runtime=579.0s
config=208 trial=312 status=failed reached=8.63/14.17s runtime=1068.3s
saved: /oscar/data/tdesroch/dbuyukya/AidaCarneyProject/outputs/pysindy/raw_grid/simulations/config_0208_summary.json
