## SLURM PROLOG ###############################################################
##    Job ID : 3631390
##  Job Name : lfp_grid_sim
##  Nodelist : node2344
##      CPUs : 
##  Mem/Node : 16384 MB
## Directory : /oscar/data/tdesroch/dbuyukya/AidaCarneyProject
##   Job Started : Fri Jul  3 01:10:20 AM EDT 2026
###############################################################################
[1/1] configuration=79 degree=3 lowpass=35.0
config=79 trial=4 status=success reached=14.07/14.07s x0_rmse=27.903920133900492 uV runtime=13.7s
config=79 trial=1088 status=success reached=14.18/14.18s x0_rmse=57.362464784448356 uV runtime=17.1s
config=79 trial=622 status=success reached=14.18/14.18s x0_rmse=58.73721316278049 uV runtime=17.7s
config=79 trial=620 status=success reached=14.18/14.18s x0_rmse=40.10156186500223 uV runtime=13.1s
config=79 trial=2 status=success reached=14.18/14.18s x0_rmse=69.59254931451967 uV runtime=18.0s
config=79 trial=3 status=success reached=14.18/14.18s x0_rmse=49.671489559049085 uV runtime=16.5s
config=79 trial=1244 status=success reached=14.07/14.07s x0_rmse=64.60585107248656 uV runtime=17.5s
config=79 trial=778 status=success reached=14.18/14.18s x0_rmse=48.36649910922294 uV runtime=16.9s
config=79 trial=312 status=success reached=14.18/14.18s x0_rmse=42.82673303193213 uV runtime=16.1s
saved: outputs/pysindy/raw_grid_threshold100/simulations/config_0079_summary.json
