## SLURM PROLOG ###############################################################
##    Job ID : 3609129
##  Job Name : lfp_grid_sim
##  Nodelist : node2337
##      CPUs : 
##  Mem/Node : 16384 MB
## Directory : /oscar/data/tdesroch/dbuyukya/AidaCarneyProject
##   Job Started : Wed Jul  1 11:57:23 PM EDT 2026
###############################################################################
[1/1] configuration=58 degree=2 lowpass=35.0
config=58 trial=4 status=success reached=14.05/14.05s runtime=180.1s
config=58 trial=1088 status=success reached=14.16/14.16s runtime=156.9s
config=58 trial=622 status=success reached=14.16/14.16s runtime=141.7s
config=58 trial=620 status=success reached=14.16/14.16s runtime=159.6s
config=58 trial=2 status=success reached=14.16/14.16s runtime=133.7s
config=58 trial=3 status=success reached=14.16/14.16s runtime=103.9s
config=58 trial=1244 status=failed reached=8.74/14.05s runtime=127.7s
config=58 trial=778 status=success reached=14.16/14.16s runtime=117.7s
config=58 trial=312 status=success reached=14.16/14.16s runtime=147.2s
saved: /oscar/data/tdesroch/dbuyukya/AidaCarneyProject/outputs/pysindy/raw_grid/simulations/config_0058_summary.json
