## SLURM PROLOG ###############################################################
##    Job ID : 3684472
##  Job Name : lfp_grid_sim
##  Nodelist : node2334
##      CPUs : 
##  Mem/Node : 4096 MB
## Directory : /oscar/data/tdesroch/dbuyukya/AidaCarneyProject
##   Job Started : Mon Jul  6 04:44:13 PM EDT 2026
###############################################################################
[1/1] configuration=198 degree=3 lowpass=80.0
config=198 trial=4 status=success reached=14.03/14.03s x0_rmse=41.88257881662819 uV runtime=127.5s
config=198 trial=1088 status=success reached=14.14/14.14s x0_rmse=55.87354365488929 uV runtime=129.9s
config=198 trial=622 status=success reached=14.14/14.14s x0_rmse=51.121597691811665 uV runtime=134.5s
config=198 trial=620 status=success reached=14.14/14.14s x0_rmse=50.01476332057487 uV runtime=125.2s
config=198 trial=2 status=failed reached=3.53/14.14s x0_rmse= uV runtime=109.8s
config=198 trial=3 status=failed reached=4.31/14.14s x0_rmse= uV runtime=79.9s
config=198 trial=1244 status=failed reached=1.58/14.03s x0_rmse= uV runtime=104.6s
config=198 trial=778 status=failed reached=5.76/14.14s x0_rmse= uV runtime=106.2s
config=198 trial=312 status=failed reached=1.00/14.14s x0_rmse= uV runtime=82.5s
saved: outputs/pysindy/raw_grid_threshold1000/simulations/config_0198_summary.json
