## SLURM PROLOG ###############################################################
##    Job ID : 3683400
##  Job Name : lfp_grid_sim
##  Nodelist : node2333
##      CPUs : 
##  Mem/Node : 4096 MB
## Directory : /oscar/data/tdesroch/dbuyukya/AidaCarneyProject
##   Job Started : Mon Jul  6 03:43:48 PM EDT 2026
###############################################################################
[1/1] configuration=84 degree=3 lowpass=35.0
config=84 trial=4 status=success reached=14.08/14.08s x0_rmse=57.77147776839247 uV runtime=185.4s
config=84 trial=1088 status=success reached=14.19/14.19s x0_rmse=70.40922535584191 uV runtime=169.0s
config=84 trial=622 status=success reached=14.18/14.18s x0_rmse=63.71339603224732 uV runtime=166.4s
config=84 trial=620 status=success reached=14.18/14.18s x0_rmse=63.370268534110565 uV runtime=214.8s
config=84 trial=2 status=success reached=14.18/14.18s x0_rmse=63.82248066949718 uV runtime=166.6s
config=84 trial=3 status=success reached=14.18/14.18s x0_rmse=59.68455948492254 uV runtime=168.4s
config=84 trial=1244 status=success reached=14.08/14.08s x0_rmse=64.92864903409526 uV runtime=162.7s
config=84 trial=778 status=success reached=14.18/14.18s x0_rmse=66.77770477739806 uV runtime=147.5s
config=84 trial=312 status=success reached=14.18/14.18s x0_rmse=62.768875847526516 uV runtime=144.7s
saved: outputs/pysindy/raw_grid_threshold1000/simulations/config_0084_summary.json
