## SLURM PROLOG ###############################################################
##    Job ID : 3684475
##  Job Name : lfp_grid_sim
##  Nodelist : node2334
##      CPUs : 
##  Mem/Node : 4096 MB
## Directory : /oscar/data/tdesroch/dbuyukya/AidaCarneyProject
##   Job Started : Mon Jul  6 08:58:09 PM EDT 2026
###############################################################################
[1/1] configuration=201 degree=3 lowpass=80.0
config=201 trial=4 status=failed reached=0.00/14.07s x0_rmse= uV runtime=145.3s
config=201 trial=1088 status=failed reached=0.03/14.18s x0_rmse= uV runtime=130.7s
config=201 trial=622 status=failed reached=0.00/14.18s x0_rmse= uV runtime=131.0s
config=201 trial=620 status=failed reached=0.04/14.18s x0_rmse= uV runtime=133.0s
config=201 trial=2 status=failed reached=0.04/14.18s x0_rmse= uV runtime=204.3s
config=201 trial=3 status=failed reached=0.05/14.18s x0_rmse= uV runtime=131.8s
config=201 trial=1244 status=success reached=14.07/14.07s x0_rmse=42.74056861167956 uV runtime=216.5s
config=201 trial=778 status=failed reached=0.04/14.18s x0_rmse= uV runtime=126.3s
config=201 trial=312 status=failed reached=0.07/14.18s x0_rmse= uV runtime=148.6s
saved: outputs/pysindy/raw_grid_threshold1000/simulations/config_0201_summary.json
