## SLURM PROLOG ###############################################################
##    Job ID : 3683140
##  Job Name : lfp_grid_sim
##  Nodelist : node2338
##      CPUs : 
##  Mem/Node : 4096 MB
## Directory : /oscar/data/tdesroch/dbuyukya/AidaCarneyProject
##   Job Started : Mon Jul  6 03:33:14 PM EDT 2026
###############################################################################
[1/1] configuration=56 degree=2 lowpass=35.0
config=56 trial=4 status=success reached=14.07/14.07s x0_rmse=37.98910005529128 uV runtime=168.4s
config=56 trial=1088 status=success reached=14.18/14.18s x0_rmse=81.37614999965442 uV runtime=135.6s
config=56 trial=622 status=success reached=14.18/14.18s x0_rmse=48.022298919503164 uV runtime=178.8s
config=56 trial=620 status=success reached=14.18/14.18s x0_rmse=47.999108371392865 uV runtime=176.4s
config=56 trial=2 status=success reached=14.18/14.18s x0_rmse=65.92362691375811 uV runtime=134.2s
config=56 trial=3 status=success reached=14.18/14.18s x0_rmse=57.81161783034594 uV runtime=132.0s
config=56 trial=1244 status=success reached=14.07/14.07s x0_rmse=106.97781669040586 uV runtime=125.4s
config=56 trial=778 status=success reached=14.18/14.18s x0_rmse=65.91592747965811 uV runtime=137.9s
config=56 trial=312 status=success reached=14.18/14.18s x0_rmse=47.19472200638608 uV runtime=152.2s
saved: outputs/pysindy/raw_grid_threshold1000/simulations/config_0056_summary.json
