## SLURM PROLOG ###############################################################
##    Job ID : 3631841
##  Job Name : lfp_grid_sim
##  Nodelist : node2337
##      CPUs : 
##  Mem/Node : 16384 MB
## Directory : /oscar/data/tdesroch/dbuyukya/AidaCarneyProject
##   Job Started : Sat Jul  4 02:15:56 PM EDT 2026
###############################################################################
[1/1] configuration=115 degree=1 lowpass=80.0
config=115 trial=4 status=success reached=14.07/14.07s x0_rmse=28.269809237046395 uV runtime=4.1s
config=115 trial=1088 status=success reached=14.18/14.18s x0_rmse=56.82406247125364 uV runtime=4.1s
config=115 trial=622 status=success reached=14.18/14.18s x0_rmse=57.06229008208232 uV runtime=4.3s
config=115 trial=620 status=success reached=14.18/14.18s x0_rmse=41.268273304851434 uV runtime=4.2s
config=115 trial=2 status=success reached=14.18/14.18s x0_rmse=59.720801138913906 uV runtime=4.4s
config=115 trial=3 status=success reached=14.18/14.18s x0_rmse=47.80237547528565 uV runtime=4.3s
config=115 trial=1244 status=success reached=14.07/14.07s x0_rmse=55.70069799205545 uV runtime=4.1s
config=115 trial=778 status=success reached=14.18/14.18s x0_rmse=49.16556221219639 uV runtime=4.2s
config=115 trial=312 status=success reached=14.18/14.18s x0_rmse=45.37199169423247 uV runtime=4.4s
saved: outputs/pysindy/raw_grid_threshold100/simulations/config_0115_summary.json
