## SLURM PROLOG ###############################################################
##    Job ID : 3611534
##  Job Name : lfp_grid_sim
##  Nodelist : node2337
##      CPUs : 
##  Mem/Node : 16384 MB
## Directory : /oscar/data/tdesroch/dbuyukya/AidaCarneyProject
##   Job Started : Wed Jul  1 06:13:27 PM EDT 2026
###############################################################################
[1/1] configuration=165 degree=2 lowpass=80.0
config=165 trial=4 status=success reached=14.07/14.07s runtime=288.9s
config=165 trial=1088 status=success reached=14.18/14.18s runtime=278.9s
config=165 trial=622 status=failed reached=0.50/14.18s runtime=41.3s
config=165 trial=620 status=failed reached=1.05/14.18s runtime=48.3s
config=165 trial=2 status=success reached=14.18/14.18s runtime=220.0s
config=165 trial=3 status=success reached=14.18/14.18s runtime=278.8s
config=165 trial=1244 status=failed reached=3.66/14.07s runtime=76.7s
config=165 trial=778 status=success reached=14.18/14.18s runtime=209.2s
config=165 trial=312 status=success reached=14.18/14.18s runtime=284.4s
saved: /oscar/data/tdesroch/dbuyukya/AidaCarneyProject/outputs/pysindy/raw_grid/simulations/config_0165_summary.json
