## SLURM PROLOG ###############################################################
##    Job ID : 3631798
##  Job Name : lfp_grid_sim
##  Nodelist : node2307
##      CPUs : 
##  Mem/Node : 16384 MB
## Directory : /oscar/data/tdesroch/dbuyukya/AidaCarneyProject
##   Job Started : Sat Jul  4 02:08:16 PM EDT 2026
###############################################################################
[1/1] configuration=106 degree=3 lowpass=35.0
config=106 trial=4 status=success reached=13.95/13.95s x0_rmse=33.75846325547812 uV runtime=692.2s
config=106 trial=1088 status=failed reached=13.69/14.06s x0_rmse= uV runtime=960.8s
config=106 trial=622 status=success reached=14.06/14.06s x0_rmse=44.35278307218382 uV runtime=670.8s
config=106 trial=620 status=success reached=14.06/14.06s x0_rmse=44.40065613105475 uV runtime=670.1s
config=106 trial=2 status=failed reached=6.37/14.06s x0_rmse= uV runtime=504.2s
config=106 trial=3 status=success reached=14.06/14.06s x0_rmse=39.83582335425528 uV runtime=670.8s
config=106 trial=1244 status=failed reached=1.93/13.95s x0_rmse= uV runtime=364.9s
config=106 trial=778 status=failed reached=3.85/14.06s x0_rmse= uV runtime=449.4s
config=106 trial=312 status=failed reached=0.71/14.06s x0_rmse= uV runtime=327.4s
saved: outputs/pysindy/raw_grid_threshold100/simulations/config_0106_summary.json
