## SLURM PROLOG ###############################################################
##    Job ID : 3632235
##  Job Name : lfp_grid_sim
##  Nodelist : node2333
##      CPUs : 
##  Mem/Node : 16384 MB
## Directory : /oscar/data/tdesroch/dbuyukya/AidaCarneyProject
##   Job Started : Fri Jul  3 02:59:35 AM EDT 2026
###############################################################################
[1/1] configuration=182 degree=3 lowpass=80.0
config=182 trial=4 status=success reached=14.08/14.08s x0_rmse=33.53469307945195 uV runtime=29.6s
config=182 trial=1088 status=success reached=14.20/14.20s x0_rmse=58.16971527770548 uV runtime=35.8s
config=182 trial=622 status=success reached=14.19/14.19s x0_rmse=114.63455473155557 uV runtime=43.6s
config=182 trial=620 status=success reached=14.19/14.19s x0_rmse=41.68465014893795 uV runtime=31.3s
config=182 trial=2 status=success reached=14.19/14.19s x0_rmse=59.67976243509613 uV runtime=41.2s
config=182 trial=3 status=success reached=14.19/14.19s x0_rmse=40.58396574811825 uV runtime=34.2s
config=182 trial=1244 status=success reached=14.08/14.08s x0_rmse=50.87072754259194 uV runtime=37.4s
config=182 trial=778 status=success reached=14.19/14.19s x0_rmse=41.051532130533246 uV runtime=33.0s
config=182 trial=312 status=success reached=14.19/14.19s x0_rmse=40.34953821381497 uV runtime=28.4s
saved: outputs/pysindy/raw_grid_threshold100/simulations/config_0182_summary.json
