## SLURM PROLOG ###############################################################
##    Job ID : 3684488
##  Job Name : lfp_grid_sim
##  Nodelist : node2335
##      CPUs : 
##  Mem/Node : 4096 MB
## Directory : /oscar/data/tdesroch/dbuyukya/AidaCarneyProject
##   Job Started : Mon Jul  6 08:58:08 PM EDT 2026
###############################################################################
[1/1] configuration=210 degree=3 lowpass=80.0
config=210 trial=4 status=failed reached=0.01/14.06s x0_rmse= uV runtime=404.0s
config=210 trial=1088 status=failed reached=0.01/14.17s x0_rmse= uV runtime=402.8s
config=210 trial=622 status=failed reached=0.01/14.17s x0_rmse= uV runtime=405.9s
config=210 trial=620 status=failed reached=0.01/14.17s x0_rmse= uV runtime=404.3s
config=210 trial=2 status=failed reached=0.00/14.17s x0_rmse= uV runtime=403.1s
config=210 trial=3 status=failed reached=0.02/14.17s x0_rmse= uV runtime=277.3s
config=210 trial=1244 status=failed reached=0.01/14.06s x0_rmse= uV runtime=402.0s
config=210 trial=778 status=failed reached=0.00/14.17s x0_rmse= uV runtime=405.9s
config=210 trial=312 status=failed reached=0.07/14.17s x0_rmse= uV runtime=419.2s
saved: outputs/pysindy/raw_grid_threshold1000/simulations/config_0210_summary.json
