## SLURM PROLOG ###############################################################
##    Job ID : 3684124
##  Job Name : lfp_grid_sim
##  Nodelist : node2334
##      CPUs : 
##  Mem/Node : 4096 MB
## Directory : /oscar/data/tdesroch/dbuyukya/AidaCarneyProject
##   Job Started : Mon Jul  6 04:23:32 PM EDT 2026
###############################################################################
[1/1] configuration=152 degree=2 lowpass=80.0
config=152 trial=4 status=success reached=14.07/14.07s x0_rmse=28.122923387203205 uV runtime=6.9s
config=152 trial=1088 status=success reached=14.18/14.18s x0_rmse=50.58003778984903 uV runtime=7.9s
config=152 trial=622 status=success reached=14.18/14.18s x0_rmse=49.10709387581579 uV runtime=8.2s
config=152 trial=620 status=success reached=14.18/14.18s x0_rmse=40.75176977527483 uV runtime=7.5s
config=152 trial=2 status=success reached=14.18/14.18s x0_rmse=49.95946659229259 uV runtime=7.9s
config=152 trial=3 status=success reached=14.18/14.18s x0_rmse=40.78289157209567 uV runtime=8.1s
config=152 trial=1244 status=success reached=14.07/14.07s x0_rmse=48.07953683021463 uV runtime=8.0s
config=152 trial=778 status=success reached=14.18/14.18s x0_rmse=44.13896200541145 uV runtime=7.9s
config=152 trial=312 status=success reached=14.18/14.18s x0_rmse=41.10110920270492 uV runtime=7.9s
saved: outputs/pysindy/raw_grid_threshold1000/simulations/config_0152_summary.json
