## SLURM PROLOG ###############################################################
##    Job ID : 3609052
##  Job Name : lfp_grid_sim
##  Nodelist : node2301
##      CPUs : 
##  Mem/Node : 16384 MB
## Directory : /oscar/data/tdesroch/dbuyukya/AidaCarneyProject
##   Job Started : Wed Jul  1 11:49:19 PM EDT 2026
###############################################################################
[1/1] configuration=18 degree=1 lowpass=35.0
config=18 trial=4 status=success reached=14.03/14.03s runtime=12.1s
config=18 trial=1088 status=success reached=14.14/14.14s runtime=12.4s
config=18 trial=622 status=success reached=14.14/14.14s runtime=18.4s
config=18 trial=620 status=success reached=14.14/14.14s runtime=11.5s
config=18 trial=2 status=success reached=14.14/14.14s runtime=10.2s
config=18 trial=3 status=success reached=14.14/14.14s runtime=10.9s
config=18 trial=1244 status=success reached=14.03/14.03s runtime=15.6s
config=18 trial=778 status=success reached=14.14/14.14s runtime=11.3s
config=18 trial=312 status=success reached=14.14/14.14s runtime=10.1s
saved: /oscar/data/tdesroch/dbuyukya/AidaCarneyProject/outputs/pysindy/raw_grid/simulations/config_0018_summary.json
