## SLURM PROLOG ###############################################################
##    Job ID : 3684143
##  Job Name : lfp_grid_sim
##  Nodelist : node2338
##      CPUs : 
##  Mem/Node : 4096 MB
## Directory : /oscar/data/tdesroch/dbuyukya/AidaCarneyProject
##   Job Started : Mon Jul  6 04:24:53 PM EDT 2026
###############################################################################
[1/1] configuration=157 degree=2 lowpass=80.0
config=157 trial=4 status=failed reached=1.39/14.06s x0_rmse= uV runtime=26.9s
config=157 trial=1088 status=failed reached=1.84/14.18s x0_rmse= uV runtime=27.4s
config=157 trial=622 status=failed reached=2.05/14.17s x0_rmse= uV runtime=27.7s
config=157 trial=620 status=failed reached=1.43/14.17s x0_rmse= uV runtime=27.8s
config=157 trial=2 status=failed reached=1.90/14.17s x0_rmse= uV runtime=27.7s
config=157 trial=3 status=failed reached=1.94/14.17s x0_rmse= uV runtime=27.0s
config=157 trial=1244 status=failed reached=1.50/14.06s x0_rmse= uV runtime=25.9s
config=157 trial=778 status=failed reached=1.39/14.17s x0_rmse= uV runtime=25.9s
config=157 trial=312 status=failed reached=1.65/14.17s x0_rmse= uV runtime=27.0s
saved: outputs/pysindy/raw_grid_threshold1000/simulations/config_0157_summary.json
