## SLURM PROLOG ###############################################################
##    Job ID : 3684496
##  Job Name : lfp_grid_sim
##  Nodelist : node2333
##      CPUs : 
##  Mem/Node : 4096 MB
## Directory : /oscar/data/tdesroch/dbuyukya/AidaCarneyProject
##   Job Started : Tue Jul  7 09:11:43 AM EDT 2026
###############################################################################
[1/1] configuration=214 degree=3 lowpass=80.0
config=214 trial=4 status=success reached=13.95/13.95s x0_rmse=34.62297216758262 uV runtime=444.4s
config=214 trial=1088 status=success reached=14.06/14.06s x0_rmse=51.004748206336885 uV runtime=451.1s
config=214 trial=622 status=failed reached=12.22/14.06s x0_rmse= uV runtime=735.6s
config=214 trial=620 status=success reached=14.06/14.06s x0_rmse=43.275757166984626 uV runtime=396.5s
config=214 trial=2 status=failed reached=5.51/14.06s x0_rmse= uV runtime=407.6s
config=214 trial=3 status=success reached=14.06/14.06s x0_rmse=38.37219382098658 uV runtime=417.7s
config=214 trial=1244 status=success reached=13.95/13.95s x0_rmse=44.39987904443115 uV runtime=481.8s
config=214 trial=778 status=failed reached=8.20/14.06s x0_rmse= uV runtime=496.0s
config=214 trial=312 status=failed reached=0.63/14.06s x0_rmse= uV runtime=1030.2s
saved: outputs/pysindy/raw_grid_threshold1000/simulations/config_0214_summary.json
