## SLURM PROLOG ###############################################################
##    Job ID : 3684392
##  Job Name : lfp_grid_sim
##  Nodelist : node2334
##      CPUs : 
##  Mem/Node : 4096 MB
## Directory : /oscar/data/tdesroch/dbuyukya/AidaCarneyProject
##   Job Started : Mon Jul  6 08:58:10 PM EDT 2026
###############################################################################
[1/1] configuration=183 degree=3 lowpass=80.0
config=183 trial=4 status=success reached=14.08/14.08s x0_rmse=46.470117778152854 uV runtime=30.8s
config=183 trial=1088 status=success reached=14.20/14.20s x0_rmse=898.6403748446735 uV runtime=25.3s
config=183 trial=622 status=success reached=14.19/14.19s x0_rmse=1413.6990744440413 uV runtime=6.7s
config=183 trial=620 status=success reached=14.19/14.19s x0_rmse=44.28856474425217 uV runtime=29.1s
config=183 trial=2 status=success reached=14.19/14.19s x0_rmse=1024.8437264655663 uV runtime=21.0s
config=183 trial=3 status=success reached=14.19/14.19s x0_rmse=64.85538638338303 uV runtime=34.7s
config=183 trial=1244 status=success reached=14.08/14.08s x0_rmse=1075.2885046158576 uV runtime=19.5s
config=183 trial=778 status=success reached=14.19/14.19s x0_rmse=45.1422757088787 uV runtime=30.3s
config=183 trial=312 status=success reached=14.19/14.19s x0_rmse=44.599319291194504 uV runtime=29.2s
saved: outputs/pysindy/raw_grid_threshold1000/simulations/config_0183_summary.json
