## SLURM PROLOG ###############################################################
##    Job ID : 3631754
##  Job Name : lfp_grid_sim
##  Nodelist : node2335
##      CPUs : 
##  Mem/Node : 16384 MB
## Directory : /oscar/data/tdesroch/dbuyukya/AidaCarneyProject
##   Job Started : Fri Jul  3 01:34:01 AM EDT 2026
###############################################################################
[1/1] configuration=92 degree=3 lowpass=35.0
config=92 trial=4 status=failed reached=4.07/14.07s x0_rmse= uV runtime=324.5s
config=92 trial=1088 status=failed reached=4.30/14.18s x0_rmse= uV runtime=295.3s
config=92 trial=622 status=failed reached=8.88/14.18s x0_rmse= uV runtime=470.9s
config=92 trial=620 status=failed reached=4.15/14.18s x0_rmse= uV runtime=339.6s
config=92 trial=2 status=failed reached=5.67/14.18s x0_rmse= uV runtime=368.5s
config=92 trial=3 status=failed reached=7.81/14.18s x0_rmse= uV runtime=391.6s
config=92 trial=1244 status=failed reached=0.20/14.07s x0_rmse= uV runtime=230.6s
config=92 trial=778 status=failed reached=8.46/14.18s x0_rmse= uV runtime=450.2s
config=92 trial=312 status=failed reached=7.72/14.18s x0_rmse= uV runtime=407.4s
saved: outputs/pysindy/raw_grid_threshold100/simulations/config_0092_summary.json
