## SLURM PROLOG ###############################################################
##    Job ID : 3611112
##  Job Name : lfp_grid_sim
##  Nodelist : node2335
##      CPUs : 
##  Mem/Node : 16384 MB
## Directory : /oscar/data/tdesroch/dbuyukya/AidaCarneyProject
##   Job Started : Wed Jul  1 05:20:22 PM EDT 2026
###############################################################################
[1/1] configuration=130 degree=1 lowpass=80.0
config=130 trial=4 status=success reached=14.05/14.05s runtime=35.7s
config=130 trial=1088 status=success reached=14.16/14.16s runtime=26.5s
config=130 trial=622 status=success reached=14.16/14.16s runtime=32.0s
config=130 trial=620 status=success reached=14.16/14.16s runtime=43.4s
config=130 trial=2 status=success reached=14.16/14.16s runtime=27.7s
config=130 trial=3 status=success reached=14.16/14.16s runtime=25.7s
config=130 trial=1244 status=success reached=14.05/14.05s runtime=29.6s
config=130 trial=778 status=success reached=14.16/14.16s runtime=29.3s
config=130 trial=312 status=success reached=14.16/14.16s runtime=28.8s
saved: /oscar/data/tdesroch/dbuyukya/AidaCarneyProject/outputs/pysindy/raw_grid/simulations/config_0130_summary.json
