## SLURM PROLOG ###############################################################
##    Job ID : 3683821
##  Job Name : lfp_grid_sim
##  Nodelist : node2334
##      CPUs : 
##  Mem/Node : 4096 MB
## Directory : /oscar/data/tdesroch/dbuyukya/AidaCarneyProject
##   Job Started : Mon Jul  6 04:04:27 PM EDT 2026
###############################################################################
[1/1] configuration=109 degree=1 lowpass=80.0
config=109 trial=4 status=success reached=14.08/14.08s x0_rmse=35.7666626964333 uV runtime=8.6s
config=109 trial=1088 status=success reached=14.20/14.20s x0_rmse=57.82136762308971 uV runtime=9.1s
config=109 trial=622 status=success reached=14.19/14.19s x0_rmse=65.61250386772842 uV runtime=8.9s
config=109 trial=620 status=success reached=14.19/14.19s x0_rmse=42.64825049751205 uV runtime=8.7s
config=109 trial=2 status=success reached=14.19/14.19s x0_rmse=58.00642700604399 uV runtime=8.5s
config=109 trial=3 status=success reached=14.19/14.19s x0_rmse=39.38030779732249 uV runtime=8.9s
config=109 trial=1244 status=success reached=14.08/14.08s x0_rmse=50.37809296377495 uV runtime=8.6s
config=109 trial=778 status=success reached=14.19/14.19s x0_rmse=42.295411839722505 uV runtime=8.6s
config=109 trial=312 status=success reached=14.19/14.19s x0_rmse=40.86553981163681 uV runtime=8.8s
saved: outputs/pysindy/raw_grid_threshold1000/simulations/config_0109_summary.json
