## SLURM PROLOG ###############################################################
##    Job ID : 3684425
##  Job Name : lfp_grid_sim
##  Nodelist : node2334
##      CPUs : 
##  Mem/Node : 4096 MB
## Directory : /oscar/data/tdesroch/dbuyukya/AidaCarneyProject
##   Job Started : Mon Jul  6 04:39:31 PM EDT 2026
###############################################################################
[1/1] configuration=187 degree=3 lowpass=80.0
config=187 trial=4 status=success reached=14.07/14.07s x0_rmse=27.838538291891854 uV runtime=10.8s
config=187 trial=1088 status=success reached=14.18/14.18s x0_rmse=49.06296438880085 uV runtime=13.9s
config=187 trial=622 status=success reached=14.18/14.18s x0_rmse=44.19828992986359 uV runtime=14.7s
config=187 trial=620 status=success reached=14.18/14.18s x0_rmse=40.64581561457769 uV runtime=11.0s
config=187 trial=2 status=success reached=14.18/14.18s x0_rmse=48.801651100200864 uV runtime=15.0s
config=187 trial=3 status=success reached=14.18/14.18s x0_rmse=36.36203992871601 uV runtime=13.8s
config=187 trial=1244 status=success reached=14.07/14.07s x0_rmse=44.07885101026002 uV runtime=14.2s
config=187 trial=778 status=success reached=14.18/14.18s x0_rmse=40.954250155668994 uV runtime=13.6s
config=187 trial=312 status=success reached=14.18/14.18s x0_rmse=37.582008957065064 uV runtime=13.2s
saved: outputs/pysindy/raw_grid_threshold1000/simulations/config_0187_summary.json
