## SLURM PROLOG ###############################################################
##    Job ID : 3609137
##  Job Name : lfp_grid_sim
##  Nodelist : node2301
##      CPUs : 
##  Mem/Node : 16384 MB
## Directory : /oscar/data/tdesroch/dbuyukya/AidaCarneyProject
##   Job Started : Wed Jul  1 11:57:23 PM EDT 2026
###############################################################################
[1/1] configuration=60 degree=2 lowpass=35.0
config=60 trial=4 status=success reached=14.05/14.05s runtime=129.7s
config=60 trial=1088 status=success reached=14.16/14.16s runtime=144.1s
config=60 trial=622 status=success reached=14.16/14.16s runtime=130.3s
config=60 trial=620 status=success reached=14.16/14.16s runtime=132.6s
config=60 trial=2 status=success reached=14.16/14.16s runtime=134.4s
config=60 trial=3 status=success reached=14.16/14.16s runtime=128.9s
config=60 trial=1244 status=failed reached=3.68/14.05s runtime=76.7s
config=60 trial=778 status=success reached=14.16/14.16s runtime=113.6s
config=60 trial=312 status=success reached=14.16/14.16s runtime=148.5s
saved: /oscar/data/tdesroch/dbuyukya/AidaCarneyProject/outputs/pysindy/raw_grid/simulations/config_0060_summary.json
