## SLURM PROLOG ###############################################################
##    Job ID : 3611228
##  Job Name : lfp_grid_sim
##  Nodelist : node2341
##      CPUs : 
##  Mem/Node : 16384 MB
## Directory : /oscar/data/tdesroch/dbuyukya/AidaCarneyProject
##   Job Started : Wed Jul  1 05:47:39 PM EDT 2026
###############################################################################
[1/1] configuration=142 degree=1 lowpass=80.0
config=142 trial=4 status=success reached=13.95/13.95s runtime=23.4s
config=142 trial=1088 status=success reached=14.06/14.06s runtime=23.6s
config=142 trial=622 status=success reached=14.06/14.06s runtime=24.4s
config=142 trial=620 status=success reached=14.06/14.06s runtime=23.0s
config=142 trial=2 status=success reached=14.06/14.06s runtime=18.1s
config=142 trial=3 status=success reached=14.06/14.06s runtime=23.1s
config=142 trial=1244 status=success reached=13.95/13.95s runtime=25.3s
config=142 trial=778 status=success reached=14.06/14.06s runtime=21.5s
config=142 trial=312 status=success reached=14.06/14.06s runtime=23.3s
saved: /oscar/data/tdesroch/dbuyukya/AidaCarneyProject/outputs/pysindy/raw_grid/simulations/config_0142_summary.json
