## SLURM PROLOG ###############################################################
##    Job ID : 3631110
##  Job Name : lfp_grid_sim
##  Nodelist : node2303
##      CPUs : 
##  Mem/Node : 16384 MB
## Directory : /oscar/data/tdesroch/dbuyukya/AidaCarneyProject
##   Job Started : Fri Jul  3 12:24:35 AM EDT 2026
###############################################################################
[1/1] configuration=37 degree=2 lowpass=35.0
config=37 trial=4 status=success reached=14.08/14.08s x0_rmse=28.458906536683067 uV runtime=13.7s
config=37 trial=1088 status=success reached=14.20/14.20s x0_rmse=63.68325288600672 uV runtime=16.4s
config=37 trial=622 status=success reached=14.19/14.19s x0_rmse=55.783398267301386 uV runtime=16.8s
config=37 trial=620 status=success reached=14.19/14.19s x0_rmse=41.487284838581225 uV runtime=15.1s
config=37 trial=2 status=success reached=14.19/14.19s x0_rmse=61.60106328571826 uV runtime=17.2s
config=37 trial=3 status=success reached=14.19/14.19s x0_rmse=45.9952381717466 uV runtime=17.1s
config=37 trial=1244 status=success reached=14.08/14.08s x0_rmse=50.810890502466265 uV runtime=16.9s
config=37 trial=778 status=success reached=14.19/14.19s x0_rmse=46.60359287868102 uV runtime=15.9s
config=37 trial=312 status=success reached=14.19/14.19s x0_rmse=43.467510995307244 uV runtime=15.9s
saved: outputs/pysindy/raw_grid_threshold100/simulations/config_0037_summary.json
