## SLURM PROLOG ###############################################################
##    Job ID : 3611156
##  Job Name : lfp_grid_sim
##  Nodelist : node2338
##      CPUs : 
##  Mem/Node : 16384 MB
## Directory : /oscar/data/tdesroch/dbuyukya/AidaCarneyProject
##   Job Started : Wed Jul  1 05:28:57 PM EDT 2026
###############################################################################
[1/1] configuration=135 degree=1 lowpass=80.0
config=135 trial=4 status=success reached=13.99/13.99s runtime=19.6s
config=135 trial=1088 status=success reached=14.10/14.10s runtime=21.0s
config=135 trial=622 status=success reached=14.10/14.10s runtime=21.5s
config=135 trial=620 status=success reached=14.10/14.10s runtime=15.1s
config=135 trial=2 status=success reached=14.10/14.10s runtime=14.1s
config=135 trial=3 status=success reached=14.10/14.10s runtime=19.3s
config=135 trial=1244 status=success reached=13.99/13.99s runtime=22.1s
config=135 trial=778 status=success reached=14.10/14.10s runtime=15.5s
config=135 trial=312 status=success reached=14.10/14.10s runtime=21.1s
saved: /oscar/data/tdesroch/dbuyukya/AidaCarneyProject/outputs/pysindy/raw_grid/simulations/config_0135_summary.json
