## SLURM PROLOG ###############################################################
##    Job ID : 3632317
##  Job Name : lfp_grid_sim
##  Nodelist : node2334
##      CPUs : 
##  Mem/Node : 16384 MB
## Directory : /oscar/data/tdesroch/dbuyukya/AidaCarneyProject
##   Job Started : Fri Jul  3 03:15:40 AM EDT 2026
###############################################################################
[1/1] configuration=200 degree=3 lowpass=80.0
config=200 trial=4 status=failed reached=0.98/14.07s x0_rmse= uV runtime=200.5s
config=200 trial=1088 status=success reached=14.18/14.18s x0_rmse=59.0124244809937 uV runtime=548.3s
config=200 trial=622 status=success reached=14.18/14.18s x0_rmse=54.00341552210004 uV runtime=564.9s
config=200 trial=620 status=success reached=14.18/14.18s x0_rmse=58.51126458607957 uV runtime=543.0s
config=200 trial=2 status=success reached=14.18/14.18s x0_rmse=51.77102103966063 uV runtime=572.0s
config=200 trial=3 status=success reached=14.18/14.18s x0_rmse=48.10794320023287 uV runtime=566.8s
config=200 trial=1244 status=success reached=14.07/14.07s x0_rmse=54.56429916801603 uV runtime=489.7s
config=200 trial=778 status=success reached=14.18/14.18s x0_rmse=54.00834864041964 uV runtime=534.8s
config=200 trial=312 status=success reached=14.18/14.18s x0_rmse=51.5177447043656 uV runtime=572.0s
saved: outputs/pysindy/raw_grid_threshold100/simulations/config_0200_summary.json
