## SLURM PROLOG ###############################################################
##    Job ID : 3683879
##  Job Name : lfp_grid_sim
##  Nodelist : node2334
##      CPUs : 
##  Mem/Node : 4096 MB
## Directory : /oscar/data/tdesroch/dbuyukya/AidaCarneyProject
##   Job Started : Mon Jul  6 04:07:21 PM EDT 2026
###############################################################################
[1/1] configuration=117 degree=1 lowpass=80.0
config=117 trial=4 status=success reached=14.07/14.07s x0_rmse=28.2760633439451 uV runtime=4.8s
config=117 trial=1088 status=success reached=14.18/14.18s x0_rmse=57.571321409492704 uV runtime=4.8s
config=117 trial=622 status=success reached=14.18/14.18s x0_rmse=58.310336261381295 uV runtime=4.8s
config=117 trial=620 status=success reached=14.18/14.18s x0_rmse=41.1263098220805 uV runtime=4.3s
config=117 trial=2 status=success reached=14.18/14.18s x0_rmse=59.33303075401177 uV runtime=4.5s
config=117 trial=3 status=success reached=14.18/14.18s x0_rmse=47.05520480004339 uV runtime=4.6s
config=117 trial=1244 status=success reached=14.07/14.07s x0_rmse=56.65484567706582 uV runtime=4.5s
config=117 trial=778 status=success reached=14.18/14.18s x0_rmse=48.10096192181038 uV runtime=4.6s
config=117 trial=312 status=success reached=14.18/14.18s x0_rmse=44.26938927418864 uV runtime=4.5s
saved: outputs/pysindy/raw_grid_threshold1000/simulations/config_0117_summary.json
