## SLURM PROLOG ###############################################################
##    Job ID : 3683225
##  Job Name : lfp_grid_sim
##  Nodelist : node2346
##      CPUs : 
##  Mem/Node : 4096 MB
## Directory : /oscar/data/tdesroch/dbuyukya/AidaCarneyProject
##   Job Started : Mon Jul  6 03:36:17 PM EDT 2026
###############################################################################
[1/1] configuration=69 degree=2 lowpass=35.0
config=69 trial=4 status=failed reached=7.51/14.03s x0_rmse= uV runtime=247.7s
config=69 trial=1088 status=failed reached=4.96/14.14s x0_rmse= uV runtime=158.0s
config=69 trial=622 status=failed reached=3.99/14.14s x0_rmse= uV runtime=166.5s
config=69 trial=620 status=failed reached=4.19/14.14s x0_rmse= uV runtime=162.6s
config=69 trial=2 status=failed reached=3.33/14.14s x0_rmse= uV runtime=109.7s
config=69 trial=3 status=failed reached=3.45/14.14s x0_rmse= uV runtime=146.2s
config=69 trial=1244 status=failed reached=3.37/14.03s x0_rmse= uV runtime=131.9s
config=69 trial=778 status=failed reached=7.79/14.14s x0_rmse= uV runtime=200.1s
config=69 trial=312 status=failed reached=5.29/14.14s x0_rmse= uV runtime=162.2s
saved: outputs/pysindy/raw_grid_threshold1000/simulations/config_0069_summary.json
