## SLURM PROLOG ###############################################################
##    Job ID : 3684484
##  Job Name : lfp_grid_sim
##  Nodelist : node2334
##      CPUs : 
##  Mem/Node : 4096 MB
## Directory : /oscar/data/tdesroch/dbuyukya/AidaCarneyProject
##   Job Started : Mon Jul  6 08:58:08 PM EDT 2026
###############################################################################
[1/1] configuration=207 degree=3 lowpass=80.0
config=207 trial=4 status=failed reached=4.66/13.99s x0_rmse= uV runtime=227.4s
config=207 trial=1088 status=success reached=14.10/14.10s x0_rmse=53.54433161467353 uV runtime=326.6s
config=207 trial=622 status=success reached=14.10/14.10s x0_rmse=49.74150107703773 uV runtime=300.1s
config=207 trial=620 status=failed reached=3.53/14.10s x0_rmse= uV runtime=271.9s
config=207 trial=2 status=failed reached=2.27/14.10s x0_rmse= uV runtime=172.9s
config=207 trial=3 status=success reached=14.10/14.10s x0_rmse=43.86539524288161 uV runtime=299.6s
config=207 trial=1244 status=failed reached=5.56/13.99s x0_rmse= uV runtime=256.0s
config=207 trial=778 status=failed reached=2.59/14.10s x0_rmse= uV runtime=180.4s
config=207 trial=312 status=failed reached=1.83/14.10s x0_rmse= uV runtime=169.4s
saved: outputs/pysindy/raw_grid_threshold1000/simulations/config_0207_summary.json
