## SLURM PROLOG ###############################################################
##    Job ID : 3684101
##  Job Name : lfp_grid_sim
##  Nodelist : node2339
##      CPUs : 
##  Mem/Node : 4096 MB
## Directory : /oscar/data/tdesroch/dbuyukya/AidaCarneyProject
##   Job Started : Mon Jul  6 04:22:04 PM EDT 2026
###############################################################################
[1/1] configuration=150 degree=2 lowpass=80.0
config=150 trial=4 status=success reached=14.08/14.08s x0_rmse=27.869693387334966 uV runtime=6.2s
config=150 trial=1088 status=success reached=14.19/14.19s x0_rmse=68.13924004811506 uV runtime=14.9s
config=150 trial=622 status=success reached=14.19/14.19s x0_rmse=62.69055519721251 uV runtime=14.6s
config=150 trial=620 status=success reached=14.19/14.19s x0_rmse=45.65544969778777 uV runtime=13.6s
config=150 trial=2 status=success reached=14.19/14.19s x0_rmse=61.72648736310663 uV runtime=14.7s
config=150 trial=3 status=success reached=14.19/14.19s x0_rmse=51.733423352319825 uV runtime=14.2s
config=150 trial=1244 status=success reached=14.08/14.08s x0_rmse=59.877466972829026 uV runtime=14.3s
config=150 trial=778 status=success reached=14.19/14.19s x0_rmse=49.57884783827173 uV runtime=13.4s
config=150 trial=312 status=success reached=14.19/14.19s x0_rmse=45.08596563909282 uV runtime=13.4s
saved: outputs/pysindy/raw_grid_threshold1000/simulations/config_0150_summary.json
