## SLURM PROLOG ###############################################################
##    Job ID : 3683867
##  Job Name : lfp_grid_sim
##  Nodelist : node2335
##      CPUs : 
##  Mem/Node : 4096 MB
## Directory : /oscar/data/tdesroch/dbuyukya/AidaCarneyProject
##   Job Started : Mon Jul  6 04:06:42 PM EDT 2026
###############################################################################
[1/1] configuration=116 degree=1 lowpass=80.0
config=116 trial=4 status=success reached=14.07/14.07s x0_rmse=28.22955424200105 uV runtime=4.2s
config=116 trial=1088 status=success reached=14.18/14.18s x0_rmse=56.73043192543511 uV runtime=4.3s
config=116 trial=622 status=success reached=14.18/14.18s x0_rmse=57.23825421105333 uV runtime=4.3s
config=116 trial=620 status=success reached=14.18/14.18s x0_rmse=41.361303146753684 uV runtime=3.9s
config=116 trial=2 status=success reached=14.18/14.18s x0_rmse=60.22095648527859 uV runtime=4.4s
config=116 trial=3 status=success reached=14.18/14.18s x0_rmse=48.10124411414023 uV runtime=4.1s
config=116 trial=1244 status=success reached=14.07/14.07s x0_rmse=56.081519571808236 uV runtime=4.1s
config=116 trial=778 status=success reached=14.18/14.18s x0_rmse=49.64387954152436 uV runtime=4.1s
config=116 trial=312 status=success reached=14.18/14.18s x0_rmse=45.97564763713284 uV runtime=4.1s
saved: outputs/pysindy/raw_grid_threshold1000/simulations/config_0116_summary.json
