## SLURM PROLOG ###############################################################
##    Job ID : 3683974
##  Job Name : lfp_grid_sim
##  Nodelist : node2334
##      CPUs : 
##  Mem/Node : 4096 MB
## Directory : /oscar/data/tdesroch/dbuyukya/AidaCarneyProject
##   Job Started : Mon Jul  6 04:13:32 PM EDT 2026
###############################################################################
[1/1] configuration=135 degree=1 lowpass=80.0
config=135 trial=4 status=success reached=13.99/13.99s x0_rmse=32.42557408147336 uV runtime=20.3s
config=135 trial=1088 status=success reached=14.10/14.10s x0_rmse=57.254258904506706 uV runtime=22.1s
config=135 trial=622 status=success reached=14.10/14.10s x0_rmse=43.648393583092584 uV runtime=22.4s
config=135 trial=620 status=success reached=14.10/14.10s x0_rmse=48.399536082344696 uV runtime=16.0s
config=135 trial=2 status=success reached=14.10/14.10s x0_rmse=57.64859676550403 uV runtime=15.1s
config=135 trial=3 status=success reached=14.10/14.10s x0_rmse=48.70203311103666 uV runtime=20.6s
config=135 trial=1244 status=success reached=13.99/13.99s x0_rmse=66.27718138334485 uV runtime=23.4s
config=135 trial=778 status=success reached=14.10/14.10s x0_rmse=54.16554940117158 uV runtime=16.4s
config=135 trial=312 status=success reached=14.10/14.10s x0_rmse=51.88412483889774 uV runtime=24.0s
saved: outputs/pysindy/raw_grid_threshold1000/simulations/config_0135_summary.json
