## SLURM PROLOG ###############################################################
##    Job ID : 3683105
##  Job Name : lfp_grid_sim
##  Nodelist : node2319
##      CPUs : 
##  Mem/Node : 4096 MB
## Directory : /oscar/data/tdesroch/dbuyukya/AidaCarneyProject
##   Job Started : Mon Jul  6 03:31:42 PM EDT 2026
###############################################################################
[1/1] configuration=45 degree=2 lowpass=35.0
config=45 trial=4 status=success reached=14.07/14.07s x0_rmse=28.461175991497274 uV runtime=8.4s
config=45 trial=1088 status=success reached=14.18/14.18s x0_rmse=55.574195676934124 uV runtime=9.5s
config=45 trial=622 status=success reached=14.18/14.18s x0_rmse=51.58533240572396 uV runtime=9.2s
config=45 trial=620 status=success reached=14.18/14.18s x0_rmse=39.96817088184712 uV runtime=7.6s
config=45 trial=2 status=success reached=14.18/14.18s x0_rmse=54.16671902362225 uV runtime=9.4s
config=45 trial=3 status=success reached=14.18/14.18s x0_rmse=44.62344468433866 uV runtime=9.4s
config=45 trial=1244 status=success reached=14.07/14.07s x0_rmse=52.56921911535718 uV runtime=9.2s
config=45 trial=778 status=success reached=14.18/14.18s x0_rmse=44.90394158938612 uV runtime=9.2s
config=45 trial=312 status=success reached=14.18/14.18s x0_rmse=43.349957989034785 uV runtime=8.8s
saved: outputs/pysindy/raw_grid_threshold1000/simulations/config_0045_summary.json
