## SLURM PROLOG ###############################################################
##    Job ID : 3632000
##  Job Name : lfp_grid_sim
##  Nodelist : node2334
##      CPUs : 
##  Mem/Node : 16384 MB
## Directory : /oscar/data/tdesroch/dbuyukya/AidaCarneyProject
##   Job Started : Fri Jul  3 02:14:17 AM EDT 2026
###############################################################################
[1/1] configuration=152 degree=2 lowpass=80.0
config=152 trial=4 status=success reached=14.07/14.07s x0_rmse=28.138400057586463 uV runtime=7.5s
config=152 trial=1088 status=success reached=14.18/14.18s x0_rmse=50.75772731811366 uV runtime=8.8s
config=152 trial=622 status=success reached=14.18/14.18s x0_rmse=49.31240593236837 uV runtime=8.7s
config=152 trial=620 status=success reached=14.18/14.18s x0_rmse=40.76382142204085 uV runtime=7.9s
config=152 trial=2 status=success reached=14.18/14.18s x0_rmse=50.17957159206206 uV runtime=8.9s
config=152 trial=3 status=success reached=14.18/14.18s x0_rmse=41.06684634709451 uV runtime=7.7s
config=152 trial=1244 status=success reached=14.07/14.07s x0_rmse=48.35352080979165 uV runtime=8.1s
config=152 trial=778 status=success reached=14.18/14.18s x0_rmse=44.4090408570586 uV runtime=7.9s
config=152 trial=312 status=success reached=14.18/14.18s x0_rmse=41.29208695968642 uV runtime=7.7s
saved: outputs/pysindy/raw_grid_threshold100/simulations/config_0152_summary.json
