## SLURM PROLOG ###############################################################
##    Job ID : 3683847
##  Job Name : lfp_grid_sim
##  Nodelist : node2339
##      CPUs : 
##  Mem/Node : 4096 MB
## Directory : /oscar/data/tdesroch/dbuyukya/AidaCarneyProject
##   Job Started : Mon Jul  6 04:05:32 PM EDT 2026
###############################################################################
[1/1] configuration=111 degree=1 lowpass=80.0
config=111 trial=4 status=success reached=14.08/14.08s x0_rmse=53.553373334914795 uV runtime=8.3s
config=111 trial=1088 status=success reached=14.20/14.20s x0_rmse=78.38432138524344 uV runtime=8.3s
config=111 trial=622 status=success reached=14.19/14.19s x0_rmse=111.22903382578278 uV runtime=8.4s
config=111 trial=620 status=success reached=14.19/14.19s x0_rmse=48.73540672105101 uV runtime=8.2s
config=111 trial=2 status=success reached=14.19/14.19s x0_rmse=73.56853189630328 uV runtime=8.4s
config=111 trial=3 status=success reached=14.19/14.19s x0_rmse=57.138166781347365 uV runtime=8.2s
config=111 trial=1244 status=success reached=14.08/14.08s x0_rmse=74.81923123631975 uV runtime=8.2s
config=111 trial=778 status=success reached=14.19/14.19s x0_rmse=52.16084495209272 uV runtime=8.2s
config=111 trial=312 status=success reached=14.19/14.19s x0_rmse=46.173288919321664 uV runtime=8.2s
saved: outputs/pysindy/raw_grid_threshold1000/simulations/config_0111_summary.json
