## SLURM PROLOG ###############################################################
##    Job ID : 3631863
##  Job Name : lfp_grid_sim
##  Nodelist : node2333
##      CPUs : 
##  Mem/Node : 16384 MB
## Directory : /oscar/data/tdesroch/dbuyukya/AidaCarneyProject
##   Job Started : Sat Jul  4 02:34:00 PM EDT 2026
###############################################################################
[1/1] configuration=131 degree=1 lowpass=80.0
config=131 trial=4 status=success reached=14.05/14.05s x0_rmse=39.377593406611446 uV runtime=37.9s
config=131 trial=1088 status=success reached=14.16/14.16s x0_rmse=82.83711922921249 uV runtime=30.5s
config=131 trial=622 status=success reached=14.16/14.16s x0_rmse=69.72775056917818 uV runtime=35.4s
config=131 trial=620 status=success reached=14.16/14.16s x0_rmse=44.79525621737615 uV runtime=51.0s
config=131 trial=2 status=success reached=14.16/14.16s x0_rmse=103.65568475696504 uV runtime=33.8s
config=131 trial=3 status=success reached=14.16/14.16s x0_rmse=73.51439649082722 uV runtime=30.1s
config=131 trial=1244 status=success reached=14.05/14.05s x0_rmse=126.36803265689522 uV runtime=35.7s
config=131 trial=778 status=success reached=14.16/14.16s x0_rmse=98.61317088334974 uV runtime=36.8s
config=131 trial=312 status=success reached=14.16/14.16s x0_rmse=46.98181801353674 uV runtime=34.5s
saved: outputs/pysindy/raw_grid_threshold100/simulations/config_0131_summary.json
