## SLURM PROLOG ###############################################################
##    Job ID : 3609120
##  Job Name : lfp_grid_sim
##  Nodelist : node2302
##      CPUs : 
##  Mem/Node : 16384 MB
## Directory : /oscar/data/tdesroch/dbuyukya/AidaCarneyProject
##   Job Started : Wed Jul  1 11:56:21 PM EDT 2026
###############################################################################
[1/1] configuration=56 degree=2 lowpass=35.0
config=56 trial=4 status=success reached=14.07/14.07s runtime=180.0s
config=56 trial=1088 status=success reached=14.18/14.18s runtime=118.0s
config=56 trial=622 status=success reached=14.18/14.18s runtime=194.6s
config=56 trial=620 status=success reached=14.18/14.18s runtime=166.6s
config=56 trial=2 status=success reached=14.18/14.18s runtime=135.1s
config=56 trial=3 status=success reached=14.18/14.18s runtime=122.3s
config=56 trial=1244 status=failed reached=7.34/14.07s runtime=95.0s
config=56 trial=778 status=success reached=14.18/14.18s runtime=131.3s
config=56 trial=312 status=success reached=14.18/14.18s runtime=162.5s
saved: /oscar/data/tdesroch/dbuyukya/AidaCarneyProject/outputs/pysindy/raw_grid/simulations/config_0056_summary.json
