## SLURM PROLOG ###############################################################
##    Job ID : 3631676
##  Job Name : lfp_grid_sim
##  Nodelist : node2335
##      CPUs : 
##  Mem/Node : 16384 MB
## Directory : /oscar/data/tdesroch/dbuyukya/AidaCarneyProject
##   Job Started : Fri Jul  3 01:16:54 AM EDT 2026
###############################################################################
[1/1] configuration=85 degree=3 lowpass=35.0
config=85 trial=4 status=failed reached=5.78/14.06s x0_rmse= uV runtime=120.2s
config=85 trial=1088 status=failed reached=4.78/14.18s x0_rmse= uV runtime=95.6s
config=85 trial=622 status=failed reached=4.24/14.17s x0_rmse= uV runtime=93.3s
config=85 trial=620 status=failed reached=6.61/14.17s x0_rmse= uV runtime=127.2s
config=85 trial=2 status=failed reached=4.68/14.17s x0_rmse= uV runtime=96.0s
config=85 trial=3 status=failed reached=6.13/14.17s x0_rmse= uV runtime=106.0s
config=85 trial=1244 status=failed reached=0.80/14.06s x0_rmse= uV runtime=58.0s
config=85 trial=778 status=failed reached=4.35/14.17s x0_rmse= uV runtime=91.7s
config=85 trial=312 status=failed reached=12.98/14.17s x0_rmse= uV runtime=168.4s
saved: outputs/pysindy/raw_grid_threshold100/simulations/config_0085_summary.json
