## SLURM PROLOG ###############################################################
##    Job ID : 3683142
##  Job Name : lfp_grid_sim
##  Nodelist : node2342
##      CPUs : 
##  Mem/Node : 4096 MB
## Directory : /oscar/data/tdesroch/dbuyukya/AidaCarneyProject
##   Job Started : Mon Jul  6 03:33:14 PM EDT 2026
###############################################################################
[1/1] configuration=58 degree=2 lowpass=35.0
config=58 trial=4 status=success reached=14.05/14.05s x0_rmse=36.66225764749394 uV runtime=194.4s
config=58 trial=1088 status=success reached=14.16/14.16s x0_rmse=58.62174033993061 uV runtime=160.9s
config=58 trial=622 status=success reached=14.16/14.16s x0_rmse=60.85739863733619 uV runtime=143.2s
config=58 trial=620 status=success reached=14.16/14.16s x0_rmse=46.915408624436054 uV runtime=188.4s
config=58 trial=2 status=success reached=14.16/14.16s x0_rmse=66.841263849561 uV runtime=137.6s
config=58 trial=3 status=success reached=14.16/14.16s x0_rmse=85.65358230213526 uV runtime=123.2s
config=58 trial=1244 status=success reached=14.05/14.05s x0_rmse=56.203881870297224 uV runtime=159.4s
config=58 trial=778 status=success reached=14.16/14.16s x0_rmse=68.25342175495291 uV runtime=119.7s
config=58 trial=312 status=success reached=14.16/14.16s x0_rmse=49.169941949665024 uV runtime=159.4s
saved: outputs/pysindy/raw_grid_threshold1000/simulations/config_0058_summary.json
