## SLURM PROLOG ###############################################################
##    Job ID : 3683209
##  Job Name : lfp_grid_sim
##  Nodelist : node2339
##      CPUs : 
##  Mem/Node : 4096 MB
## Directory : /oscar/data/tdesroch/dbuyukya/AidaCarneyProject
##   Job Started : Mon Jul  6 03:35:56 PM EDT 2026
###############################################################################
[1/1] configuration=68 degree=2 lowpass=35.0
config=68 trial=4 status=success reached=14.03/14.03s x0_rmse=33.2450949070522 uV runtime=484.7s
config=68 trial=1088 status=success reached=14.14/14.14s x0_rmse=112.65418503607958 uV runtime=234.0s
config=68 trial=622 status=success reached=14.14/14.14s x0_rmse=44.202344201906925 uV runtime=352.6s
config=68 trial=620 status=success reached=14.14/14.14s x0_rmse=47.461349991971936 uV runtime=306.6s
config=68 trial=2 status=success reached=14.14/14.14s x0_rmse=112.84459078491024 uV runtime=225.6s
config=68 trial=3 status=success reached=14.14/14.14s x0_rmse=56.61820246293813 uV runtime=363.2s
config=68 trial=1244 status=success reached=14.03/14.03s x0_rmse=80.34999709992461 uV runtime=295.8s
config=68 trial=778 status=failed reached=13.19/14.14s x0_rmse= uV runtime=262.6s
config=68 trial=312 status=success reached=14.14/14.14s x0_rmse=104.22477957029317 uV runtime=239.9s
saved: outputs/pysindy/raw_grid_threshold1000/simulations/config_0068_summary.json
