## SLURM PROLOG ###############################################################
##    Job ID : 3631697
##  Job Name : lfp_grid_sim
##  Nodelist : node2334
##      CPUs : 
##  Mem/Node : 16384 MB
## Directory : /oscar/data/tdesroch/dbuyukya/AidaCarneyProject
##   Job Started : Fri Jul  3 01:26:28 AM EDT 2026
###############################################################################
[1/1] configuration=89 degree=3 lowpass=35.0
config=89 trial=4 status=success reached=14.03/14.03s x0_rmse=47.430167944759894 uV runtime=151.1s
config=89 trial=1088 status=success reached=14.14/14.14s x0_rmse=62.95591335327051 uV runtime=170.0s
config=89 trial=622 status=success reached=14.14/14.14s x0_rmse=62.94602697972486 uV runtime=185.9s
config=89 trial=620 status=success reached=14.14/14.14s x0_rmse=56.953492875463525 uV runtime=155.5s
config=89 trial=2 status=failed reached=4.56/14.14s x0_rmse= uV runtime=111.6s
config=89 trial=3 status=failed reached=4.37/14.14s x0_rmse= uV runtime=106.5s
config=89 trial=1244 status=failed reached=1.75/14.03s x0_rmse= uV runtime=93.5s
config=89 trial=778 status=failed reached=5.59/14.14s x0_rmse= uV runtime=119.2s
config=89 trial=312 status=failed reached=1.10/14.14s x0_rmse= uV runtime=108.3s
saved: outputs/pysindy/raw_grid_threshold100/simulations/config_0089_summary.json
