## SLURM PROLOG ###############################################################
##    Job ID : 3632462
##  Job Name : lfp_grid_sim
##  Nodelist : node2335
##      CPUs : 
##  Mem/Node : 16384 MB
## Directory : /oscar/data/tdesroch/dbuyukya/AidaCarneyProject
##   Job Started : Fri Jul  3 04:06:59 AM EDT 2026
###############################################################################
[1/1] configuration=215 degree=3 lowpass=80.0
config=215 trial=4 status=success reached=13.95/13.95s x0_rmse=34.69343589818048 uV runtime=506.4s
config=215 trial=1088 status=success reached=14.06/14.06s x0_rmse=50.546881199241746 uV runtime=517.8s
config=215 trial=622 status=success reached=14.06/14.06s x0_rmse=41.899551714630235 uV runtime=501.9s
config=215 trial=620 status=success reached=14.06/14.06s x0_rmse=44.74146008710915 uV runtime=482.4s
config=215 trial=2 status=failed reached=6.81/14.06s x0_rmse= uV runtime=430.5s
config=215 trial=3 status=success reached=14.06/14.06s x0_rmse=37.75300129906973 uV runtime=487.7s
config=215 trial=1244 status=success reached=13.95/13.95s x0_rmse=42.57267528796929 uV runtime=504.2s
config=215 trial=778 status=failed reached=5.85/14.06s x0_rmse= uV runtime=442.3s
config=215 trial=312 status=failed reached=0.50/14.06s x0_rmse= uV runtime=254.2s
saved: outputs/pysindy/raw_grid_threshold100/simulations/config_0215_summary.json
