## SLURM PROLOG ###############################################################
##    Job ID : 3684344
##  Job Name : lfp_grid_sim
##  Nodelist : node2334
##      CPUs : 
##  Mem/Node : 4096 MB
## Directory : /oscar/data/tdesroch/dbuyukya/AidaCarneyProject
##   Job Started : Mon Jul  6 04:32:47 PM EDT 2026
###############################################################################
[1/1] configuration=175 degree=2 lowpass=80.0
config=175 trial=4 status=failed reached=10.87/14.03s x0_rmse= uV runtime=275.8s
config=175 trial=1088 status=success reached=14.14/14.14s x0_rmse=56.04837150588076 uV runtime=239.8s
config=175 trial=622 status=success reached=14.14/14.14s x0_rmse=42.36308779679987 uV runtime=273.2s
config=175 trial=620 status=success reached=14.14/14.14s x0_rmse=54.429980206945025 uV runtime=252.7s
config=175 trial=2 status=success reached=14.14/14.14s x0_rmse=52.822922533518906 uV runtime=221.2s
config=175 trial=3 status=failed reached=8.74/14.14s x0_rmse= uV runtime=217.0s
config=175 trial=1244 status=failed reached=9.91/14.03s x0_rmse= uV runtime=225.2s
config=175 trial=778 status=failed reached=13.50/14.14s x0_rmse= uV runtime=299.1s
config=175 trial=312 status=failed reached=8.91/14.14s x0_rmse= uV runtime=241.6s
saved: outputs/pysindy/raw_grid_threshold1000/simulations/config_0175_summary.json
