## SLURM PROLOG ###############################################################
##    Job ID : 3632120
##  Job Name : lfp_grid_sim
##  Nodelist : node2334
##      CPUs : 
##  Mem/Node : 16384 MB
## Directory : /oscar/data/tdesroch/dbuyukya/AidaCarneyProject
##   Job Started : Fri Jul  3 02:31:54 AM EDT 2026
###############################################################################
[1/1] configuration=171 degree=2 lowpass=80.0
config=171 trial=4 status=success reached=13.99/13.99s x0_rmse=37.46803190203311 uV runtime=107.2s
config=171 trial=1088 status=failed reached=3.66/14.10s x0_rmse= uV runtime=61.4s
config=171 trial=622 status=success reached=14.10/14.10s x0_rmse=45.035795048398235 uV runtime=110.3s
config=171 trial=620 status=success reached=14.10/14.10s x0_rmse=52.69509793217725 uV runtime=105.4s
config=171 trial=2 status=success reached=14.10/14.10s x0_rmse=66.14744519558771 uV runtime=95.8s
config=171 trial=3 status=failed reached=2.18/14.10s x0_rmse= uV runtime=50.6s
config=171 trial=1244 status=success reached=13.99/13.99s x0_rmse=85.5274600685225 uV runtime=75.5s
config=171 trial=778 status=success reached=14.10/14.10s x0_rmse=52.20675952777555 uV runtime=98.2s
config=171 trial=312 status=success reached=14.10/14.10s x0_rmse=51.39497200742342 uV runtime=91.5s
saved: outputs/pysindy/raw_grid_threshold100/simulations/config_0171_summary.json
