## SLURM PROLOG ###############################################################
##    Job ID : 3684264
##  Job Name : lfp_grid_sim
##  Nodelist : node2348
##      CPUs : 
##  Mem/Node : 4096 MB
## Directory : /oscar/data/tdesroch/dbuyukya/AidaCarneyProject
##   Job Started : Mon Jul  6 04:30:38 PM EDT 2026
###############################################################################
[1/1] configuration=172 degree=2 lowpass=80.0
config=172 trial=4 status=failed reached=13.25/14.06s x0_rmse= uV runtime=387.3s
config=172 trial=1088 status=success reached=14.17/14.17s x0_rmse=61.61245872856602 uV runtime=273.5s
config=172 trial=622 status=failed reached=7.04/14.17s x0_rmse= uV runtime=207.5s
config=172 trial=620 status=success reached=14.17/14.17s x0_rmse=61.95844560602109 uV runtime=405.2s
config=172 trial=2 status=success reached=14.17/14.17s x0_rmse=78.83201534853376 uV runtime=264.9s
config=172 trial=3 status=success reached=14.17/14.17s x0_rmse=60.745956732542574 uV runtime=236.5s
config=172 trial=1244 status=success reached=14.06/14.06s x0_rmse=66.49045051277986 uV runtime=265.0s
config=172 trial=778 status=failed reached=6.33/14.17s x0_rmse= uV runtime=182.7s
config=172 trial=312 status=success reached=14.17/14.17s x0_rmse=51.48434487903323 uV runtime=248.3s
saved: outputs/pysindy/raw_grid_threshold1000/simulations/config_0172_summary.json
