## SLURM PROLOG ###############################################################
##    Job ID : 3684478
##  Job Name : lfp_grid_sim
##  Nodelist : node2334
##      CPUs : 
##  Mem/Node : 4096 MB
## Directory : /oscar/data/tdesroch/dbuyukya/AidaCarneyProject
##   Job Started : Mon Jul  6 08:58:08 PM EDT 2026
###############################################################################
[1/1] configuration=203 degree=3 lowpass=80.0
config=203 trial=4 status=success reached=14.05/14.05s x0_rmse=29.570999013449512 uV runtime=599.0s
config=203 trial=1088 status=success reached=14.16/14.16s x0_rmse=50.28715042769046 uV runtime=571.1s
config=203 trial=622 status=success reached=14.16/14.16s x0_rmse=43.01863029076119 uV runtime=602.2s
config=203 trial=620 status=success reached=14.16/14.16s x0_rmse=41.52661940707501 uV runtime=705.6s
config=203 trial=2 status=success reached=14.16/14.16s x0_rmse=42.89572762528867 uV runtime=769.9s
config=203 trial=3 status=success reached=14.16/14.16s x0_rmse=37.51097203894766 uV runtime=558.6s
config=203 trial=1244 status=success reached=14.05/14.05s x0_rmse=44.79076292318947 uV runtime=561.2s
config=203 trial=778 status=success reached=14.16/14.16s x0_rmse=41.9819674822944 uV runtime=568.3s
config=203 trial=312 status=success reached=14.16/14.16s x0_rmse=38.095472087343886 uV runtime=574.7s
saved: outputs/pysindy/raw_grid_threshold1000/simulations/config_0203_summary.json
