## SLURM PROLOG ###############################################################
##    Job ID : 3683139
##  Job Name : lfp_grid_sim
##  Nodelist : node2333
##      CPUs : 
##  Mem/Node : 4096 MB
## Directory : /oscar/data/tdesroch/dbuyukya/AidaCarneyProject
##   Job Started : Mon Jul  6 03:33:06 PM EDT 2026
###############################################################################
[1/1] configuration=55 degree=2 lowpass=35.0
config=55 trial=4 status=success reached=14.07/14.07s x0_rmse=36.63257440827788 uV runtime=259.0s
config=55 trial=1088 status=success reached=14.18/14.18s x0_rmse=103.65727127366074 uV runtime=184.1s
config=55 trial=622 status=success reached=14.18/14.18s x0_rmse=49.82339709025856 uV runtime=246.0s
config=55 trial=620 status=success reached=14.18/14.18s x0_rmse=48.91841198776241 uV runtime=259.6s
config=55 trial=2 status=success reached=14.18/14.18s x0_rmse=82.54176529240944 uV runtime=194.7s
config=55 trial=3 status=success reached=14.18/14.18s x0_rmse=79.01650149222117 uV runtime=183.1s
config=55 trial=1244 status=success reached=14.07/14.07s x0_rmse=139.60925380663346 uV runtime=186.8s
config=55 trial=778 status=success reached=14.18/14.18s x0_rmse=90.19867731439373 uV runtime=189.3s
config=55 trial=312 status=success reached=14.18/14.18s x0_rmse=52.45517259809645 uV runtime=220.6s
saved: outputs/pysindy/raw_grid_threshold1000/simulations/config_0055_summary.json
