## SLURM PROLOG ###############################################################
##    Job ID : 3611780
##  Job Name : lfp_grid_sim
##  Nodelist : node2334
##      CPUs : 
##  Mem/Node : 16384 MB
## Directory : /oscar/data/tdesroch/dbuyukya/AidaCarneyProject
##   Job Started : Wed Jul  1 06:40:13 PM EDT 2026
###############################################################################
[1/1] configuration=182 degree=3 lowpass=80.0
config=182 trial=4 status=success reached=14.08/14.08s runtime=31.8s
config=182 trial=1088 status=success reached=14.20/14.20s runtime=37.0s
config=182 trial=622 status=success reached=14.19/14.19s runtime=41.8s
config=182 trial=620 status=success reached=14.19/14.19s runtime=29.4s
config=182 trial=2 status=success reached=14.19/14.19s runtime=39.3s
config=182 trial=3 status=success reached=14.19/14.19s runtime=32.5s
config=182 trial=1244 status=success reached=14.08/14.08s runtime=35.0s
config=182 trial=778 status=success reached=14.19/14.19s runtime=28.9s
config=182 trial=312 status=success reached=14.19/14.19s runtime=28.3s
saved: /oscar/data/tdesroch/dbuyukya/AidaCarneyProject/outputs/pysindy/raw_grid/simulations/config_0182_summary.json
