## SLURM PROLOG ###############################################################
##    Job ID : 3684037
##  Job Name : lfp_grid_sim
##  Nodelist : node2335
##      CPUs : 
##  Mem/Node : 4096 MB
## Directory : /oscar/data/tdesroch/dbuyukya/AidaCarneyProject
##   Job Started : Mon Jul  6 04:17:10 PM EDT 2026
###############################################################################
[1/1] configuration=138 degree=1 lowpass=80.0
config=138 trial=4 status=success reached=14.06/14.06s x0_rmse=5607.896894087944 uV runtime=185.7s
config=138 trial=1088 status=success reached=14.17/14.17s x0_rmse=3341.20218858009 uV runtime=184.8s
config=138 trial=622 status=success reached=14.17/14.17s x0_rmse=4465.295697778643 uV runtime=173.7s
config=138 trial=620 status=success reached=14.17/14.17s x0_rmse=3313.6464609205022 uV runtime=172.3s
config=138 trial=2 status=success reached=14.17/14.17s x0_rmse=4661.412661976981 uV runtime=170.1s
config=138 trial=3 status=success reached=14.17/14.17s x0_rmse=3292.2728103410645 uV runtime=146.8s
config=138 trial=1244 status=success reached=14.06/14.06s x0_rmse=1921.561147708781 uV runtime=148.8s
config=138 trial=778 status=success reached=14.17/14.17s x0_rmse=8456.114245016128 uV runtime=173.9s
config=138 trial=312 status=success reached=14.17/14.17s x0_rmse=1947.094295292315 uV runtime=172.9s
saved: outputs/pysindy/raw_grid_threshold1000/simulations/config_0138_summary.json
