## SLURM PROLOG ###############################################################
##    Job ID : 3683607
##  Job Name : lfp_grid_sim
##  Nodelist : node2338
##      CPUs : 
##  Mem/Node : 4096 MB
## Directory : /oscar/data/tdesroch/dbuyukya/AidaCarneyProject
##   Job Started : Mon Jul  6 03:50:07 PM EDT 2026
###############################################################################
[1/1] configuration=100 degree=3 lowpass=35.0
config=100 trial=4 status=failed reached=1.33/14.06s x0_rmse= uV runtime=364.1s
config=100 trial=1088 status=failed reached=0.70/14.17s x0_rmse= uV runtime=343.8s
config=100 trial=622 status=failed reached=0.57/14.17s x0_rmse= uV runtime=291.3s
config=100 trial=620 status=failed reached=3.06/14.17s x0_rmse= uV runtime=650.8s
config=100 trial=2 status=failed reached=0.19/14.17s x0_rmse= uV runtime=315.3s
config=100 trial=3 status=failed reached=1.47/14.17s x0_rmse= uV runtime=359.0s
config=100 trial=1244 status=failed reached=0.18/14.06s x0_rmse= uV runtime=312.2s
config=100 trial=778 status=failed reached=0.66/14.17s x0_rmse= uV runtime=291.3s
config=100 trial=312 status=failed reached=2.92/14.17s x0_rmse= uV runtime=485.3s
saved: outputs/pysindy/raw_grid_threshold1000/simulations/config_0100_summary.json
