## SLURM PROLOG ###############################################################
##    Job ID : 3611732
##  Job Name : lfp_grid_sim
##  Nodelist : node2335
##      CPUs : 
##  Mem/Node : 16384 MB
## Directory : /oscar/data/tdesroch/dbuyukya/AidaCarneyProject
##   Job Started : Wed Jul  1 06:38:14 PM EDT 2026
###############################################################################
[1/1] configuration=179 degree=2 lowpass=80.0
config=179 trial=4 status=success reached=13.95/13.95s runtime=158.6s
config=179 trial=1088 status=success reached=14.06/14.06s runtime=159.2s
config=179 trial=622 status=success reached=14.06/14.06s runtime=156.7s
config=179 trial=620 status=success reached=14.06/14.06s runtime=160.9s
config=179 trial=2 status=success reached=14.06/14.06s runtime=143.8s
config=179 trial=3 status=success reached=14.06/14.06s runtime=153.9s
config=179 trial=1244 status=success reached=13.95/13.95s runtime=151.4s
config=179 trial=778 status=success reached=14.06/14.06s runtime=140.2s
config=179 trial=312 status=success reached=14.06/14.06s runtime=138.2s
saved: /oscar/data/tdesroch/dbuyukya/AidaCarneyProject/outputs/pysindy/raw_grid/simulations/config_0179_summary.json
