## SLURM PROLOG ###############################################################
##    Job ID : 3631162
##  Job Name : lfp_grid_sim
##  Nodelist : node2347
##      CPUs : 
##  Mem/Node : 16384 MB
## Directory : /oscar/data/tdesroch/dbuyukya/AidaCarneyProject
##   Job Started : Fri Jul  3 12:29:38 AM EDT 2026
###############################################################################
[1/1] configuration=43 degree=2 lowpass=35.0
config=43 trial=4 status=success reached=14.07/14.07s x0_rmse=28.276671846224883 uV runtime=7.4s
config=43 trial=1088 status=success reached=14.18/14.18s x0_rmse=54.88514792143362 uV runtime=8.1s
config=43 trial=622 status=success reached=14.18/14.18s x0_rmse=48.76160684059698 uV runtime=8.0s
config=43 trial=620 status=success reached=14.18/14.18s x0_rmse=39.884242719721286 uV runtime=6.7s
config=43 trial=2 status=success reached=14.18/14.18s x0_rmse=53.08559693298953 uV runtime=8.1s
config=43 trial=3 status=success reached=14.18/14.18s x0_rmse=42.38289401763272 uV runtime=8.1s
config=43 trial=1244 status=success reached=14.07/14.07s x0_rmse=54.3173698932806 uV runtime=8.0s
config=43 trial=778 status=success reached=14.18/14.18s x0_rmse=43.43547428709604 uV runtime=8.2s
config=43 trial=312 status=success reached=14.18/14.18s x0_rmse=41.5020000311244 uV runtime=8.1s
saved: outputs/pysindy/raw_grid_threshold100/simulations/config_0043_summary.json
