## SLURM PROLOG ###############################################################
##    Job ID : 3631065
##  Job Name : lfp_grid_sim
##  Nodelist : node2303
##      CPUs : 
##  Mem/Node : 16384 MB
## Directory : /oscar/data/tdesroch/dbuyukya/AidaCarneyProject
##   Job Started : Fri Jul  3 12:18:04 AM EDT 2026
###############################################################################
[1/1] configuration=27 degree=1 lowpass=35.0
config=27 trial=4 status=success reached=13.99/13.99s x0_rmse=32.537418760419335 uV runtime=21.0s
config=27 trial=1088 status=success reached=14.10/14.10s x0_rmse=53.84861159809525 uV runtime=23.8s
config=27 trial=622 status=success reached=14.10/14.10s x0_rmse=43.14876100273141 uV runtime=23.7s
config=27 trial=620 status=success reached=14.10/14.10s x0_rmse=51.66215653542384 uV runtime=15.9s
config=27 trial=2 status=success reached=14.10/14.10s x0_rmse=57.44746696025047 uV runtime=15.6s
config=27 trial=3 status=success reached=14.10/14.10s x0_rmse=49.8139862070641 uV runtime=21.6s
config=27 trial=1244 status=success reached=13.99/13.99s x0_rmse=62.351423363595046 uV runtime=24.1s
config=27 trial=778 status=success reached=14.10/14.10s x0_rmse=56.07916098077297 uV runtime=17.9s
config=27 trial=312 status=success reached=14.10/14.10s x0_rmse=49.20767301994999 uV runtime=23.2s
saved: outputs/pysindy/raw_grid_threshold100/simulations/config_0027_summary.json
