## SLURM PROLOG ###############################################################
##    Job ID : 3609116
##  Job Name : lfp_grid_sim
##  Nodelist : node2349
##      CPUs : 
##  Mem/Node : 16384 MB
## Directory : /oscar/data/tdesroch/dbuyukya/AidaCarneyProject
##   Job Started : Wed Jul  1 11:56:21 PM EDT 2026
###############################################################################
[1/1] configuration=55 degree=2 lowpass=35.0
config=55 trial=4 status=success reached=14.07/14.07s runtime=167.0s
config=55 trial=1088 status=success reached=14.18/14.18s runtime=133.6s
config=55 trial=622 status=success reached=14.18/14.18s runtime=187.0s
config=55 trial=620 status=success reached=14.18/14.18s runtime=168.3s
config=55 trial=2 status=success reached=14.18/14.18s runtime=139.0s
config=55 trial=3 status=success reached=14.18/14.18s runtime=136.5s
config=55 trial=1244 status=failed reached=13.49/14.07s runtime=146.5s
config=55 trial=778 status=success reached=14.18/14.18s runtime=128.2s
config=55 trial=312 status=success reached=14.18/14.18s runtime=152.5s
saved: /oscar/data/tdesroch/dbuyukya/AidaCarneyProject/outputs/pysindy/raw_grid/simulations/config_0055_summary.json
