## SLURM PROLOG ###############################################################
##    Job ID : 3611373
##  Job Name : lfp_grid_sim
##  Nodelist : node2334
##      CPUs : 
##  Mem/Node : 16384 MB
## Directory : /oscar/data/tdesroch/dbuyukya/AidaCarneyProject
##   Job Started : Wed Jul  1 06:02:50 PM EDT 2026
###############################################################################
[1/1] configuration=159 degree=2 lowpass=80.0
config=159 trial=4 status=success reached=14.06/14.06s runtime=72.9s
config=159 trial=1088 status=success reached=14.18/14.18s runtime=71.2s
config=159 trial=622 status=success reached=14.17/14.17s runtime=71.9s
config=159 trial=620 status=success reached=14.17/14.17s runtime=73.8s
config=159 trial=2 status=success reached=14.17/14.17s runtime=70.9s
config=159 trial=3 status=success reached=14.17/14.17s runtime=72.1s
config=159 trial=1244 status=success reached=14.06/14.06s runtime=69.8s
config=159 trial=778 status=success reached=14.17/14.17s runtime=71.1s
config=159 trial=312 status=success reached=14.17/14.17s runtime=69.6s
saved: /oscar/data/tdesroch/dbuyukya/AidaCarneyProject/outputs/pysindy/raw_grid/simulations/config_0159_summary.json
