## SLURM PROLOG ###############################################################
##    Job ID : 3611830
##  Job Name : lfp_grid_sim
##  Nodelist : node2334
##      CPUs : 
##  Mem/Node : 16384 MB
## Directory : /oscar/data/tdesroch/dbuyukya/AidaCarneyProject
##   Job Started : Wed Jul  1 06:53:21 PM EDT 2026
###############################################################################
[1/1] configuration=197 degree=3 lowpass=80.0
config=197 trial=4 status=failed reached=9.13/14.03s runtime=138.1s
config=197 trial=1088 status=failed reached=6.60/14.14s runtime=120.3s
config=197 trial=622 status=failed reached=3.19/14.14s runtime=94.9s
config=197 trial=620 status=failed reached=6.68/14.14s runtime=117.7s
config=197 trial=2 status=failed reached=12.48/14.14s runtime=133.2s
config=197 trial=3 status=success reached=14.14/14.14s runtime=96.9s
config=197 trial=1244 status=failed reached=1.23/14.03s runtime=79.4s
config=197 trial=778 status=failed reached=11.45/14.14s runtime=145.1s
config=197 trial=312 status=failed reached=1.08/14.14s runtime=72.2s
saved: /oscar/data/tdesroch/dbuyukya/AidaCarneyProject/outputs/pysindy/raw_grid/simulations/config_0197_summary.json
