## SLURM PROLOG ###############################################################
##    Job ID : 3632461
##  Job Name : lfp_grid_sim
##  Nodelist : node2333
##      CPUs : 
##  Mem/Node : 16384 MB
## Directory : /oscar/data/tdesroch/dbuyukya/AidaCarneyProject
##   Job Started : Fri Jul  3 04:07:01 AM EDT 2026
###############################################################################
[1/1] configuration=214 degree=3 lowpass=80.0
config=214 trial=4 status=success reached=13.95/13.95s x0_rmse=34.225829770638164 uV runtime=563.2s
config=214 trial=1088 status=success reached=14.06/14.06s x0_rmse=49.37991981164049 uV runtime=559.4s
config=214 trial=622 status=success reached=14.06/14.06s x0_rmse=42.495049789429096 uV runtime=549.1s
config=214 trial=620 status=success reached=14.06/14.06s x0_rmse=45.466913508094414 uV runtime=618.2s
config=214 trial=2 status=failed reached=7.64/14.06s x0_rmse= uV runtime=547.3s
config=214 trial=3 status=success reached=14.06/14.06s x0_rmse=38.097423305681545 uV runtime=517.5s
config=214 trial=1244 status=success reached=13.95/13.95s x0_rmse=43.603088406267055 uV runtime=524.3s
config=214 trial=778 status=failed reached=5.50/14.06s x0_rmse= uV runtime=431.0s
config=214 trial=312 status=failed reached=0.58/14.06s x0_rmse= uV runtime=290.1s
saved: outputs/pysindy/raw_grid_threshold100/simulations/config_0214_summary.json
