## SLURM PROLOG ###############################################################
##    Job ID : 3631970
##  Job Name : lfp_grid_sim
##  Nodelist : node2334
##      CPUs : 
##  Mem/Node : 16384 MB
## Directory : /oscar/data/tdesroch/dbuyukya/AidaCarneyProject
##   Job Started : Fri Jul  3 02:08:14 AM EDT 2026
###############################################################################
[1/1] configuration=144 degree=1 lowpass=80.0
config=144 trial=4 status=success reached=13.95/13.95s x0_rmse=31.162188182452137 uV runtime=33.4s
config=144 trial=1088 status=success reached=14.06/14.06s x0_rmse=59.96403531500534 uV runtime=33.3s
config=144 trial=622 status=success reached=14.06/14.06s x0_rmse=47.518371980385176 uV runtime=31.8s
config=144 trial=620 status=success reached=14.06/14.06s x0_rmse=48.117168587899315 uV runtime=33.3s
config=144 trial=2 status=success reached=14.06/14.06s x0_rmse=55.12508200350812 uV runtime=25.2s
config=144 trial=3 status=success reached=14.06/14.06s x0_rmse=44.01290495302879 uV runtime=31.3s
config=144 trial=1244 status=success reached=13.95/13.95s x0_rmse=72.84799872658549 uV runtime=29.9s
config=144 trial=778 status=success reached=14.06/14.06s x0_rmse=51.75899814927694 uV runtime=23.2s
config=144 trial=312 status=success reached=14.06/14.06s x0_rmse=54.26932426895015 uV runtime=28.4s
saved: outputs/pysindy/raw_grid_threshold100/simulations/config_0144_summary.json
