## SLURM PROLOG ###############################################################
##    Job ID : 3684081
##  Job Name : lfp_grid_sim
##  Nodelist : node2333
##      CPUs : 
##  Mem/Node : 4096 MB
## Directory : /oscar/data/tdesroch/dbuyukya/AidaCarneyProject
##   Job Started : Mon Jul  6 04:19:33 PM EDT 2026
###############################################################################
[1/1] configuration=145 degree=2 lowpass=80.0
config=145 trial=4 status=success reached=14.08/14.08s x0_rmse=35.161049442184435 uV runtime=21.3s
config=145 trial=1088 status=success reached=14.20/14.20s x0_rmse=65.41820405696508 uV runtime=20.2s
config=145 trial=622 status=failed reached=2.59/14.19s x0_rmse= uV runtime=17.6s
config=145 trial=620 status=success reached=14.19/14.19s x0_rmse=42.12916677122953 uV runtime=17.5s
config=145 trial=2 status=failed reached=6.80/14.19s x0_rmse= uV runtime=23.9s
config=145 trial=3 status=success reached=14.19/14.19s x0_rmse=40.906971009421866 uV runtime=21.8s
config=145 trial=1244 status=success reached=14.08/14.08s x0_rmse=60.6838556620529 uV runtime=24.4s
config=145 trial=778 status=success reached=14.19/14.19s x0_rmse=42.36885606829149 uV runtime=23.9s
config=145 trial=312 status=success reached=14.19/14.19s x0_rmse=41.595036574920655 uV runtime=23.3s
saved: outputs/pysindy/raw_grid_threshold1000/simulations/config_0145_summary.json
