## SLURM PROLOG ###############################################################
##    Job ID : 3631993
##  Job Name : lfp_grid_sim
##  Nodelist : node2343
##      CPUs : 
##  Mem/Node : 16384 MB
## Directory : /oscar/data/tdesroch/dbuyukya/AidaCarneyProject
##   Job Started : Fri Jul  3 02:13:16 AM EDT 2026
###############################################################################
[1/1] configuration=151 degree=2 lowpass=80.0
config=151 trial=4 status=success reached=14.07/14.07s x0_rmse=28.094746673548507 uV runtime=6.3s
config=151 trial=1088 status=success reached=14.18/14.18s x0_rmse=50.33528487636994 uV runtime=7.2s
config=151 trial=622 status=success reached=14.18/14.18s x0_rmse=48.20889898132112 uV runtime=7.5s
config=151 trial=620 status=success reached=14.18/14.18s x0_rmse=40.69668407517666 uV runtime=6.4s
config=151 trial=2 status=success reached=14.18/14.18s x0_rmse=49.221334910488665 uV runtime=7.6s
config=151 trial=3 status=success reached=14.18/14.18s x0_rmse=40.33708180856842 uV runtime=7.1s
config=151 trial=1244 status=success reached=14.07/14.07s x0_rmse=47.39335143054717 uV runtime=7.5s
config=151 trial=778 status=success reached=14.18/14.18s x0_rmse=43.88215524234181 uV runtime=7.2s
config=151 trial=312 status=success reached=14.18/14.18s x0_rmse=40.76349158359066 uV runtime=7.2s
saved: outputs/pysindy/raw_grid_threshold100/simulations/config_0151_summary.json
