## SLURM PROLOG ###############################################################
##    Job ID : 3609414
##  Job Name : lfp_grid_sim
##  Nodelist : node2337
##      CPUs : 
##  Mem/Node : 16384 MB
## Directory : /oscar/data/tdesroch/dbuyukya/AidaCarneyProject
##   Job Started : Wed Jul  1 03:54:06 PM EDT 2026
###############################################################################
[1/1] configuration=95 degree=3 lowpass=35.0
config=95 trial=4 status=failed reached=4.00/14.05s runtime=270.8s
config=95 trial=1088 status=success reached=14.16/14.16s runtime=485.2s
config=95 trial=622 status=success reached=14.16/14.16s runtime=445.4s
config=95 trial=620 status=failed reached=6.11/14.16s runtime=335.7s
config=95 trial=2 status=failed reached=7.84/14.16s runtime=324.9s
config=95 trial=3 status=failed reached=8.14/14.16s runtime=322.7s
config=95 trial=1244 status=failed reached=0.86/14.05s runtime=145.2s
config=95 trial=778 status=success reached=14.16/14.16s runtime=454.0s
config=95 trial=312 status=success reached=14.16/14.16s runtime=504.3s
saved: /oscar/data/tdesroch/dbuyukya/AidaCarneyProject/outputs/pysindy/raw_grid/simulations/config_0095_summary.json
