## SLURM PROLOG ###############################################################
##    Job ID : 3683586
##  Job Name : lfp_grid_sim
##  Nodelist : node2334
##      CPUs : 
##  Mem/Node : 4096 MB
## Directory : /oscar/data/tdesroch/dbuyukya/AidaCarneyProject
##   Job Started : Mon Jul  6 03:48:34 PM EDT 2026
###############################################################################
[1/1] configuration=96 degree=3 lowpass=35.0
config=96 trial=4 status=failed reached=1.00/14.05s x0_rmse= uV runtime=175.4s
config=96 trial=1088 status=success reached=14.16/14.16s x0_rmse=58.38319691755022 uV runtime=397.4s
config=96 trial=622 status=success reached=14.16/14.16s x0_rmse=52.61858644276499 uV runtime=354.8s
config=96 trial=620 status=success reached=14.16/14.16s x0_rmse=49.492772110547726 uV runtime=385.8s
config=96 trial=2 status=failed reached=5.05/14.16s x0_rmse= uV runtime=246.6s
config=96 trial=3 status=failed reached=0.30/14.16s x0_rmse= uV runtime=128.7s
config=96 trial=1244 status=failed reached=0.17/14.05s x0_rmse= uV runtime=125.8s
config=96 trial=778 status=failed reached=6.74/14.16s x0_rmse= uV runtime=289.2s
config=96 trial=312 status=failed reached=7.60/14.16s x0_rmse= uV runtime=316.6s
saved: outputs/pysindy/raw_grid_threshold1000/simulations/config_0096_summary.json
