## SLURM PROLOG ###############################################################
##    Job ID : 3631186
##  Job Name : lfp_grid_sim
##  Nodelist : node2347
##      CPUs : 
##  Mem/Node : 16384 MB
## Directory : /oscar/data/tdesroch/dbuyukya/AidaCarneyProject
##   Job Started : Fri Jul  3 12:34:09 AM EDT 2026
###############################################################################
[1/1] configuration=54 degree=2 lowpass=35.0
config=54 trial=4 status=success reached=14.03/14.03s x0_rmse=37.533884267041984 uV runtime=46.1s
config=54 trial=1088 status=success reached=14.14/14.14s x0_rmse=57.67077544733219 uV runtime=46.7s
config=54 trial=622 status=success reached=14.14/14.14s x0_rmse=49.167405646587085 uV runtime=50.5s
config=54 trial=620 status=success reached=14.14/14.14s x0_rmse=48.078075368545456 uV runtime=46.1s
config=54 trial=2 status=success reached=14.14/14.14s x0_rmse=48.542446702627636 uV runtime=41.6s
config=54 trial=3 status=success reached=14.14/14.14s x0_rmse=50.78233218285051 uV runtime=42.1s
config=54 trial=1244 status=failed reached=3.30/14.03s x0_rmse= uV runtime=25.9s
config=54 trial=778 status=success reached=14.14/14.14s x0_rmse=51.776939628536326 uV runtime=41.8s
config=54 trial=312 status=success reached=14.14/14.14s x0_rmse=60.58274442509767 uV runtime=36.0s
saved: outputs/pysindy/raw_grid_threshold100/simulations/config_0054_summary.json
