## SLURM PROLOG ###############################################################
##    Job ID : 3683946
##  Job Name : lfp_grid_sim
##  Nodelist : node2339
##      CPUs : 
##  Mem/Node : 4096 MB
## Directory : /oscar/data/tdesroch/dbuyukya/AidaCarneyProject
##   Job Started : Mon Jul  6 04:12:00 PM EDT 2026
###############################################################################
[1/1] configuration=131 degree=1 lowpass=80.0
config=131 trial=4 status=success reached=14.05/14.05s x0_rmse=42.03086203282558 uV runtime=27.6s
config=131 trial=1088 status=success reached=14.16/14.16s x0_rmse=79.50530760116945 uV runtime=23.2s
config=131 trial=622 status=success reached=14.16/14.16s x0_rmse=69.37880255195249 uV runtime=25.9s
config=131 trial=620 status=success reached=14.16/14.16s x0_rmse=48.49728583520687 uV runtime=31.6s
config=131 trial=2 status=success reached=14.16/14.16s x0_rmse=105.7046536626138 uV runtime=24.6s
config=131 trial=3 status=success reached=14.16/14.16s x0_rmse=68.19957984976287 uV runtime=23.1s
config=131 trial=1244 status=success reached=14.05/14.05s x0_rmse=99.70883841081262 uV runtime=27.5s
config=131 trial=778 status=success reached=14.16/14.16s x0_rmse=107.52300973808292 uV runtime=25.1s
config=131 trial=312 status=success reached=14.16/14.16s x0_rmse=42.601444870564364 uV runtime=26.6s
saved: outputs/pysindy/raw_grid_threshold1000/simulations/config_0131_summary.json
