## SLURM PROLOG ###############################################################
##    Job ID : 3682902
##  Job Name : lfp_grid_sim
##  Nodelist : node2319
##      CPUs : 
##  Mem/Node : 16384 MB
## Directory : /oscar/data/tdesroch/dbuyukya/AidaCarneyProject
##   Job Started : Mon Jul  6 03:24:15 PM EDT 2026
###############################################################################
[1/1] configuration=6 degree=1 lowpass=35.0
config=6 trial=4 status=success reached=14.08/14.08s x0_rmse=29.32891718799989 uV runtime=6.3s
config=6 trial=1088 status=success reached=14.19/14.19s x0_rmse=70.868708594045 uV runtime=6.7s
config=6 trial=622 status=success reached=14.19/14.19s x0_rmse=63.07013539093824 uV runtime=6.6s
config=6 trial=620 status=success reached=14.19/14.19s x0_rmse=40.47029707476674 uV runtime=6.6s
config=6 trial=2 status=success reached=14.19/14.19s x0_rmse=69.28519124299967 uV runtime=6.8s
config=6 trial=3 status=success reached=14.19/14.19s x0_rmse=53.72805959418233 uV runtime=6.8s
config=6 trial=1244 status=success reached=14.08/14.08s x0_rmse=55.525052766813204 uV runtime=6.5s
config=6 trial=778 status=success reached=14.19/14.19s x0_rmse=48.05671707171687 uV runtime=6.3s
config=6 trial=312 status=success reached=14.19/14.19s x0_rmse=46.04880511798154 uV runtime=6.7s
saved: outputs/pysindy/raw_grid_threshold1000/simulations/config_0006_summary.json
