## SLURM PROLOG ###############################################################
##    Job ID : 3631307
##  Job Name : lfp_grid_sim
##  Nodelist : node2335
##      CPUs : 
##  Mem/Node : 16384 MB
## Directory : /oscar/data/tdesroch/dbuyukya/AidaCarneyProject
##   Job Started : Fri Jul  3 12:55:46 AM EDT 2026
###############################################################################
[1/1] configuration=67 degree=2 lowpass=35.0
config=67 trial=4 status=success reached=14.03/14.03s x0_rmse=31.719137683837417 uV runtime=423.8s
config=67 trial=1088 status=success reached=14.14/14.14s x0_rmse=73.40996760344082 uV runtime=216.0s
config=67 trial=622 status=success reached=14.14/14.14s x0_rmse=46.19667584422423 uV runtime=350.5s
config=67 trial=620 status=success reached=14.14/14.14s x0_rmse=44.32733887081784 uV runtime=348.9s
config=67 trial=2 status=success reached=14.14/14.14s x0_rmse=70.8056898996112 uV runtime=212.7s
config=67 trial=3 status=success reached=14.14/14.14s x0_rmse=53.35416677248279 uV runtime=333.5s
config=67 trial=1244 status=success reached=14.03/14.03s x0_rmse=68.60448495815064 uV runtime=303.4s
config=67 trial=778 status=success reached=14.14/14.14s x0_rmse=62.53945170416366 uV runtime=223.0s
config=67 trial=312 status=success reached=14.14/14.14s x0_rmse=53.34759609717504 uV runtime=338.0s
saved: outputs/pysindy/raw_grid_threshold100/simulations/config_0067_summary.json
