## SLURM PROLOG ###############################################################
##    Job ID : 3684401
##  Job Name : lfp_grid_sim
##  Nodelist : node2333
##      CPUs : 
##  Mem/Node : 4096 MB
## Directory : /oscar/data/tdesroch/dbuyukya/AidaCarneyProject
##   Job Started : Mon Jul  6 04:37:10 PM EDT 2026
###############################################################################
[1/1] configuration=186 degree=3 lowpass=80.0
config=186 trial=4 status=success reached=14.08/14.08s x0_rmse=27.687946393927923 uV runtime=17.0s
config=186 trial=1088 status=success reached=14.19/14.19s x0_rmse=100.36083032133348 uV runtime=31.7s
config=186 trial=622 status=success reached=14.19/14.19s x0_rmse=91.80472244013674 uV runtime=31.3s
config=186 trial=620 status=success reached=14.19/14.19s x0_rmse=47.01858776491265 uV runtime=25.1s
config=186 trial=2 status=success reached=14.19/14.19s x0_rmse=98.86293972133564 uV runtime=31.3s
config=186 trial=3 status=success reached=14.19/14.19s x0_rmse=80.38603815001886 uV runtime=30.2s
config=186 trial=1244 status=success reached=14.08/14.08s x0_rmse=85.59872007300045 uV runtime=30.5s
config=186 trial=778 status=success reached=14.19/14.19s x0_rmse=63.51962657017618 uV runtime=28.7s
config=186 trial=312 status=success reached=14.19/14.19s x0_rmse=50.463680527726055 uV runtime=26.9s
saved: outputs/pysindy/raw_grid_threshold1000/simulations/config_0186_summary.json
