## SLURM PROLOG ###############################################################
##    Job ID : 3631172
##  Job Name : lfp_grid_sim
##  Nodelist : node2333
##      CPUs : 
##  Mem/Node : 16384 MB
## Directory : /oscar/data/tdesroch/dbuyukya/AidaCarneyProject
##   Job Started : Fri Jul  3 12:32:08 AM EDT 2026
###############################################################################
[1/1] configuration=47 degree=2 lowpass=35.0
config=47 trial=4 status=success reached=14.08/14.08s x0_rmse=31.018510340491876 uV runtime=50.8s
config=47 trial=1088 status=success reached=14.19/14.19s x0_rmse=63.77552084406879 uV runtime=51.6s
config=47 trial=622 status=success reached=14.18/14.18s x0_rmse=68.13923724170373 uV runtime=46.6s
config=47 trial=620 status=success reached=14.18/14.18s x0_rmse=40.556790339244394 uV runtime=69.3s
config=47 trial=2 status=success reached=14.18/14.18s x0_rmse=66.29332045884533 uV runtime=44.8s
config=47 trial=3 status=success reached=14.18/14.18s x0_rmse=62.19711217061186 uV runtime=44.3s
config=47 trial=1244 status=success reached=14.08/14.08s x0_rmse=70.2246969079878 uV runtime=47.0s
config=47 trial=778 status=success reached=14.18/14.18s x0_rmse=46.11997636672386 uV runtime=54.7s
config=47 trial=312 status=success reached=14.18/14.18s x0_rmse=49.24662191028298 uV runtime=47.8s
saved: outputs/pysindy/raw_grid_threshold100/simulations/config_0047_summary.json
