## SLURM PROLOG ###############################################################
##    Job ID : 3631837
##  Job Name : lfp_grid_sim
##  Nodelist : node2346
##      CPUs : 
##  Mem/Node : 16384 MB
## Directory : /oscar/data/tdesroch/dbuyukya/AidaCarneyProject
##   Job Started : Sat Jul  4 02:10:56 PM EDT 2026
###############################################################################
[1/1] configuration=112 degree=1 lowpass=80.0
config=112 trial=4 status=success reached=14.08/14.08s x0_rmse=27.787497893177047 uV runtime=6.0s
config=112 trial=1088 status=success reached=14.19/14.19s x0_rmse=64.44209125791612 uV runtime=6.4s
config=112 trial=622 status=success reached=14.19/14.19s x0_rmse=56.15706148393268 uV runtime=6.4s
config=112 trial=620 status=success reached=14.19/14.19s x0_rmse=43.732974371231656 uV runtime=6.5s
config=112 trial=2 status=success reached=14.19/14.19s x0_rmse=62.18941560948674 uV runtime=6.6s
config=112 trial=3 status=success reached=14.19/14.19s x0_rmse=45.68625322907337 uV runtime=6.3s
config=112 trial=1244 status=success reached=14.08/14.08s x0_rmse=50.67133209812024 uV runtime=6.5s
config=112 trial=778 status=success reached=14.19/14.19s x0_rmse=45.64619393696035 uV runtime=6.5s
config=112 trial=312 status=success reached=14.19/14.19s x0_rmse=41.216977364476094 uV runtime=6.3s
saved: outputs/pysindy/raw_grid_threshold100/simulations/config_0112_summary.json
