## SLURM PROLOG ###############################################################
##    Job ID : 3682897
##  Job Name : lfp_grid_sim
##  Nodelist : node2339
##      CPUs : 
##  Mem/Node : 16384 MB
## Directory : /oscar/data/tdesroch/dbuyukya/AidaCarneyProject
##   Job Started : Mon Jul  6 03:24:15 PM EDT 2026
###############################################################################
[1/1] configuration=1 degree=1 lowpass=35.0
config=1 trial=4 status=success reached=14.08/14.08s x0_rmse=28.51436606587216 uV runtime=7.7s
config=1 trial=1088 status=success reached=14.20/14.20s x0_rmse=69.43580562271433 uV runtime=8.0s
config=1 trial=622 status=success reached=14.19/14.19s x0_rmse=60.18954658217272 uV runtime=8.6s
config=1 trial=620 status=success reached=14.19/14.19s x0_rmse=41.374465409738136 uV runtime=8.5s
config=1 trial=2 status=success reached=14.19/14.19s x0_rmse=68.7328046231091 uV runtime=8.5s
config=1 trial=3 status=success reached=14.19/14.19s x0_rmse=49.58443455424576 uV runtime=8.5s
config=1 trial=1244 status=success reached=14.08/14.08s x0_rmse=52.709289560686116 uV runtime=8.4s
config=1 trial=778 status=success reached=14.19/14.19s x0_rmse=46.48713934319889 uV runtime=8.0s
config=1 trial=312 status=success reached=14.19/14.19s x0_rmse=42.1845603783227 uV runtime=8.1s
saved: outputs/pysindy/raw_grid_threshold1000/simulations/config_0001_summary.json
