## SLURM PROLOG ###############################################################
##    Job ID : 3683354
##  Job Name : lfp_grid_sim
##  Nodelist : node2348
##      CPUs : 
##  Mem/Node : 4096 MB
## Directory : /oscar/data/tdesroch/dbuyukya/AidaCarneyProject
##   Job Started : Mon Jul  6 03:41:22 PM EDT 2026
###############################################################################
[1/1] configuration=75 degree=3 lowpass=35.0
config=75 trial=4 status=success reached=14.08/14.08s x0_rmse=29.47668147601824 uV runtime=23.7s
config=75 trial=1088 status=success reached=14.20/14.20s x0_rmse=91.11683614020833 uV runtime=35.6s
config=75 trial=622 status=success reached=14.19/14.19s x0_rmse=83.40063442491291 uV runtime=34.7s
config=75 trial=620 status=success reached=14.19/14.19s x0_rmse=41.626744216380345 uV runtime=25.3s
config=75 trial=2 status=success reached=14.19/14.19s x0_rmse=90.56889122601149 uV runtime=35.6s
config=75 trial=3 status=success reached=14.19/14.19s x0_rmse=69.03073801123917 uV runtime=33.3s
config=75 trial=1244 status=success reached=14.08/14.08s x0_rmse=73.23647057485198 uV runtime=33.4s
config=75 trial=778 status=success reached=14.19/14.19s x0_rmse=58.84111763508093 uV runtime=32.0s
config=75 trial=312 status=success reached=14.19/14.19s x0_rmse=53.04345795928039 uV runtime=30.2s
saved: outputs/pysindy/raw_grid_threshold1000/simulations/config_0075_summary.json
