## SLURM PROLOG ###############################################################
##    Job ID : 3611567
##  Job Name : lfp_grid_sim
##  Nodelist : node2337
##      CPUs : 
##  Mem/Node : 16384 MB
## Directory : /oscar/data/tdesroch/dbuyukya/AidaCarneyProject
##   Job Started : Wed Jul  1 06:16:59 PM EDT 2026
###############################################################################
[1/1] configuration=169 degree=2 lowpass=80.0
config=169 trial=4 status=success reached=13.99/13.99s runtime=85.4s
config=169 trial=1088 status=success reached=14.10/14.10s runtime=84.5s
config=169 trial=622 status=success reached=14.10/14.10s runtime=88.1s
config=169 trial=620 status=success reached=14.10/14.10s runtime=75.1s
config=169 trial=2 status=success reached=14.10/14.10s runtime=72.3s
config=169 trial=3 status=success reached=14.10/14.10s runtime=83.7s
config=169 trial=1244 status=success reached=13.99/13.99s runtime=64.0s
config=169 trial=778 status=success reached=14.10/14.10s runtime=71.2s
config=169 trial=312 status=success reached=14.10/14.10s runtime=69.2s
saved: /oscar/data/tdesroch/dbuyukya/AidaCarneyProject/outputs/pysindy/raw_grid/simulations/config_0169_summary.json
