## SLURM PROLOG ###############################################################
##    Job ID : 3611873
##  Job Name : lfp_grid_sim
##  Nodelist : node2335
##      CPUs : 
##  Mem/Node : 16384 MB
## Directory : /oscar/data/tdesroch/dbuyukya/AidaCarneyProject
##   Job Started : Thu Jul  2 12:31:09 AM EDT 2026
###############################################################################
[1/1] configuration=206 degree=3 lowpass=80.0
config=206 trial=4 status=success reached=13.99/13.99s runtime=251.8s
config=206 trial=1088 status=success reached=14.10/14.10s runtime=251.2s
config=206 trial=622 status=success reached=14.10/14.10s runtime=247.0s
config=206 trial=620 status=success reached=14.10/14.10s runtime=219.8s
config=206 trial=2 status=failed reached=4.83/14.10s runtime=227.1s
config=206 trial=3 status=failed reached=9.15/14.10s runtime=286.6s
config=206 trial=1244 status=failed reached=12.27/13.99s runtime=333.0s
config=206 trial=778 status=failed reached=3.54/14.10s runtime=176.7s
config=206 trial=312 status=success reached=14.10/14.10s runtime=241.5s
saved: /oscar/data/tdesroch/dbuyukya/AidaCarneyProject/outputs/pysindy/raw_grid/simulations/config_0206_summary.json
