## SLURM PROLOG ###############################################################
##    Job ID : 3631179
##  Job Name : lfp_grid_sim
##  Nodelist : node2339
##      CPUs : 
##  Mem/Node : 16384 MB
## Directory : /oscar/data/tdesroch/dbuyukya/AidaCarneyProject
##   Job Started : Fri Jul  3 12:33:08 AM EDT 2026
###############################################################################
[1/1] configuration=50 degree=2 lowpass=35.0
config=50 trial=4 status=success reached=14.06/14.06s x0_rmse=31.973276082599583 uV runtime=89.3s
config=50 trial=1088 status=success reached=14.18/14.18s x0_rmse=63.65176337639396 uV runtime=57.4s
config=50 trial=622 status=success reached=14.17/14.17s x0_rmse=52.93844564543436 uV runtime=65.3s
config=50 trial=620 status=success reached=14.17/14.17s x0_rmse=42.47853569453486 uV runtime=78.3s
config=50 trial=2 status=success reached=14.17/14.17s x0_rmse=53.64540133526583 uV runtime=62.4s
config=50 trial=3 status=success reached=14.17/14.17s x0_rmse=47.10437160148911 uV runtime=54.8s
config=50 trial=1244 status=success reached=14.06/14.06s x0_rmse=77.11916506025901 uV runtime=67.8s
config=50 trial=778 status=success reached=14.17/14.17s x0_rmse=46.93191201069398 uV runtime=64.8s
config=50 trial=312 status=success reached=14.17/14.17s x0_rmse=44.295441412277576 uV runtime=67.7s
saved: outputs/pysindy/raw_grid_threshold100/simulations/config_0050_summary.json
