## SLURM PROLOG ###############################################################
##    Job ID : 3631254
##  Job Name : lfp_grid_sim
##  Nodelist : node2350
##      CPUs : 
##  Mem/Node : 16384 MB
## Directory : /oscar/data/tdesroch/dbuyukya/AidaCarneyProject
##   Job Started : Fri Jul  3 12:40:42 AM EDT 2026
###############################################################################
[1/1] configuration=57 degree=2 lowpass=35.0
config=57 trial=4 status=success reached=14.07/14.07s x0_rmse=143.55171372817188 uV runtime=105.7s
config=57 trial=1088 status=success reached=14.18/14.18s x0_rmse=154.8530202695494 uV runtime=95.9s
config=57 trial=622 status=success reached=14.18/14.18s x0_rmse=118.76983951526074 uV runtime=131.1s
config=57 trial=620 status=success reached=14.18/14.18s x0_rmse=152.64189779965162 uV runtime=102.1s
config=57 trial=2 status=success reached=14.18/14.18s x0_rmse=157.19474397535237 uV runtime=92.3s
config=57 trial=3 status=success reached=14.18/14.18s x0_rmse=131.70601474060214 uV runtime=101.9s
config=57 trial=1244 status=success reached=14.07/14.07s x0_rmse=174.77712803153054 uV runtime=77.5s
config=57 trial=778 status=success reached=14.18/14.18s x0_rmse=156.71720027524825 uV runtime=88.4s
config=57 trial=312 status=success reached=14.18/14.18s x0_rmse=104.27244593796394 uV runtime=133.9s
saved: outputs/pysindy/raw_grid_threshold100/simulations/config_0057_summary.json
