## SLURM PROLOG ###############################################################
##    Job ID : 3684135
##  Job Name : lfp_grid_sim
##  Nodelist : node2333
##      CPUs : 
##  Mem/Node : 4096 MB
## Directory : /oscar/data/tdesroch/dbuyukya/AidaCarneyProject
##   Job Started : Mon Jul  6 04:24:17 PM EDT 2026
###############################################################################
[1/1] configuration=155 degree=2 lowpass=80.0
config=155 trial=4 status=failed reached=1.07/14.08s x0_rmse= uV runtime=30.9s
config=155 trial=1088 status=success reached=14.19/14.19s x0_rmse=47.11144548977333 uV runtime=138.1s
config=155 trial=622 status=failed reached=0.89/14.18s x0_rmse= uV runtime=35.2s
config=155 trial=620 status=success reached=14.18/14.18s x0_rmse=50.416385448523585 uV runtime=103.5s
config=155 trial=2 status=success reached=14.18/14.18s x0_rmse=106.1375723254961 uV runtime=82.2s
config=155 trial=3 status=success reached=14.18/14.18s x0_rmse=93.97585792311973 uV runtime=84.4s
config=155 trial=1244 status=success reached=14.08/14.08s x0_rmse=128.84486838479535 uV runtime=74.5s
config=155 trial=778 status=failed reached=3.48/14.18s x0_rmse= uV runtime=62.3s
config=155 trial=312 status=success reached=14.18/14.18s x0_rmse=113.083078988578 uV runtime=76.9s
saved: outputs/pysindy/raw_grid_threshold1000/simulations/config_0155_summary.json
