## SLURM PROLOG ###############################################################
##    Job ID : 3631043
##  Job Name : lfp_grid_sim
##  Nodelist : node2305
##      CPUs : 
##  Mem/Node : 16384 MB
## Directory : /oscar/data/tdesroch/dbuyukya/AidaCarneyProject
##   Job Started : Fri Jul  3 12:15:03 AM EDT 2026
###############################################################################
[1/1] configuration=20 degree=1 lowpass=35.0
config=20 trial=4 status=success reached=14.07/14.07s x0_rmse=31.37042007908217 uV runtime=57.4s
config=20 trial=1088 status=success reached=14.18/14.18s x0_rmse=64.30481129355384 uV runtime=46.7s
config=20 trial=622 status=success reached=14.18/14.18s x0_rmse=45.18078892781617 uV runtime=78.1s
config=20 trial=620 status=success reached=14.18/14.18s x0_rmse=42.84735279852459 uV runtime=58.4s
config=20 trial=2 status=success reached=14.18/14.18s x0_rmse=55.223058403677406 uV runtime=48.3s
config=20 trial=3 status=success reached=14.18/14.18s x0_rmse=42.407437091898814 uV runtime=47.4s
config=20 trial=1244 status=success reached=14.07/14.07s x0_rmse=90.87441529217024 uV runtime=48.4s
config=20 trial=778 status=success reached=14.18/14.18s x0_rmse=52.75296504374318 uV runtime=44.2s
config=20 trial=312 status=success reached=14.18/14.18s x0_rmse=38.135713411498436 uV runtime=52.9s
saved: outputs/pysindy/raw_grid_threshold100/simulations/config_0020_summary.json
