## SLURM PROLOG ###############################################################
##    Job ID : 3683127
##  Job Name : lfp_grid_sim
##  Nodelist : node2313
##      CPUs : 
##  Mem/Node : 4096 MB
## Directory : /oscar/data/tdesroch/dbuyukya/AidaCarneyProject
##   Job Started : Mon Jul  6 03:32:33 PM EDT 2026
###############################################################################
[1/1] configuration=50 degree=2 lowpass=35.0
config=50 trial=4 status=success reached=14.06/14.06s x0_rmse=32.81055948240069 uV runtime=86.0s
config=50 trial=1088 status=success reached=14.18/14.18s x0_rmse=70.89944723719752 uV runtime=55.5s
config=50 trial=622 status=success reached=14.17/14.17s x0_rmse=55.79468765599312 uV runtime=58.6s
config=50 trial=620 status=success reached=14.17/14.17s x0_rmse=43.03627672810963 uV runtime=75.0s
config=50 trial=2 status=success reached=14.17/14.17s x0_rmse=58.28520291768859 uV runtime=57.0s
config=50 trial=3 status=success reached=14.17/14.17s x0_rmse=54.764378844401186 uV runtime=53.3s
config=50 trial=1244 status=success reached=14.06/14.06s x0_rmse=96.2965318490251 uV runtime=56.2s
config=50 trial=778 status=success reached=14.17/14.17s x0_rmse=54.88936132676384 uV runtime=60.7s
config=50 trial=312 status=success reached=14.17/14.17s x0_rmse=45.9669198341846 uV runtime=63.8s
saved: outputs/pysindy/raw_grid_threshold1000/simulations/config_0050_summary.json
