## SLURM PROLOG ###############################################################
##    Job ID : 3683008
##  Job Name : lfp_grid_sim
##  Nodelist : node2319
##      CPUs : 
##  Mem/Node : 4096 MB
## Directory : /oscar/data/tdesroch/dbuyukya/AidaCarneyProject
##   Job Started : Mon Jul  6 03:27:22 PM EDT 2026
###############################################################################
[1/1] configuration=9 degree=1 lowpass=35.0
config=9 trial=4 status=success reached=14.07/14.07s x0_rmse=28.15083505172673 uV runtime=4.4s
config=9 trial=1088 status=success reached=14.18/14.18s x0_rmse=60.19081581663607 uV runtime=4.4s
config=9 trial=622 status=success reached=14.18/14.18s x0_rmse=57.74672499865621 uV runtime=4.4s
config=9 trial=620 status=success reached=14.18/14.18s x0_rmse=40.13985637279687 uV runtime=4.3s
config=9 trial=2 status=success reached=14.18/14.18s x0_rmse=58.20702729846568 uV runtime=4.4s
config=9 trial=3 status=success reached=14.18/14.18s x0_rmse=48.93625993663113 uV runtime=4.3s
config=9 trial=1244 status=success reached=14.07/14.07s x0_rmse=59.905303815635364 uV runtime=4.4s
config=9 trial=778 status=success reached=14.18/14.18s x0_rmse=46.50872174983432 uV runtime=4.5s
config=9 trial=312 status=success reached=14.18/14.18s x0_rmse=42.193482867258645 uV runtime=4.4s
saved: outputs/pysindy/raw_grid_threshold1000/simulations/config_0009_summary.json
