## SLURM PROLOG ###############################################################
##    Job ID : 3684280
##  Job Name : lfp_grid_sim
##  Nodelist : node2344
##      CPUs : 
##  Mem/Node : 4096 MB
## Directory : /oscar/data/tdesroch/dbuyukya/AidaCarneyProject
##   Job Started : Mon Jul  6 04:31:32 PM EDT 2026
###############################################################################
[1/1] configuration=173 degree=2 lowpass=80.0
config=173 trial=4 status=failed reached=7.15/14.06s x0_rmse= uV runtime=241.4s
config=173 trial=1088 status=failed reached=7.91/14.17s x0_rmse= uV runtime=224.4s
config=173 trial=622 status=failed reached=0.51/14.17s x0_rmse= uV runtime=66.8s
config=173 trial=620 status=failed reached=14.10/14.17s x0_rmse= uV runtime=380.4s
config=173 trial=2 status=failed reached=1.83/14.17s x0_rmse= uV runtime=123.5s
config=173 trial=3 status=failed reached=2.65/14.17s x0_rmse= uV runtime=122.0s
config=173 trial=1244 status=failed reached=9.28/14.06s x0_rmse= uV runtime=237.5s
config=173 trial=778 status=failed reached=0.12/14.17s x0_rmse= uV runtime=67.3s
config=173 trial=312 status=failed reached=11.57/14.17s x0_rmse= uV runtime=288.4s
saved: outputs/pysindy/raw_grid_threshold1000/simulations/config_0173_summary.json
