## SLURM PROLOG ###############################################################
##    Job ID : 3631884
##  Job Name : lfp_grid_sim
##  Nodelist : node2334
##      CPUs : 
##  Mem/Node : 16384 MB
## Directory : /oscar/data/tdesroch/dbuyukya/AidaCarneyProject
##   Job Started : Fri Jul  3 01:54:09 AM EDT 2026
###############################################################################
[1/1] configuration=137 degree=1 lowpass=80.0
config=137 trial=4 status=success reached=14.06/14.06s x0_rmse=28.887424919684605 uV runtime=139.9s
config=137 trial=1088 status=success reached=14.17/14.17s x0_rmse=48.900809376888915 uV runtime=75.9s
config=137 trial=622 status=success reached=14.17/14.17s x0_rmse=44.4217501036521 uV runtime=95.9s
config=137 trial=620 status=success reached=14.17/14.17s x0_rmse=40.735028929266626 uV runtime=159.5s
config=137 trial=2 status=success reached=14.17/14.17s x0_rmse=43.552318612508884 uV runtime=91.5s
config=137 trial=3 status=success reached=14.17/14.17s x0_rmse=51.21749033424395 uV runtime=80.3s
config=137 trial=1244 status=success reached=14.06/14.06s x0_rmse=55.59036284829642 uV runtime=56.8s
config=137 trial=778 status=success reached=14.17/14.17s x0_rmse=43.34473696307397 uV runtime=117.5s
config=137 trial=312 status=success reached=14.17/14.17s x0_rmse=36.63175931606659 uV runtime=89.9s
saved: outputs/pysindy/raw_grid_threshold100/simulations/config_0137_summary.json
