## SLURM PROLOG ###############################################################
##    Job ID : 3684400
##  Job Name : lfp_grid_sim
##  Nodelist : node2333
##      CPUs : 
##  Mem/Node : 4096 MB
## Directory : /oscar/data/tdesroch/dbuyukya/AidaCarneyProject
##   Job Started : Mon Jul  6 04:37:10 PM EDT 2026
###############################################################################
[1/1] configuration=185 degree=3 lowpass=80.0
config=185 trial=4 status=success reached=14.08/14.08s x0_rmse=27.822622358508326 uV runtime=13.5s
config=185 trial=1088 status=success reached=14.19/14.19s x0_rmse=989.4774225252113 uV runtime=22.4s
config=185 trial=622 status=success reached=14.19/14.19s x0_rmse=49.229604822344356 uV runtime=35.3s
config=185 trial=620 status=success reached=14.19/14.19s x0_rmse=40.92185584555319 uV runtime=26.7s
config=185 trial=2 status=success reached=14.19/14.19s x0_rmse=1214.3275396115534 uV runtime=13.0s
config=185 trial=3 status=success reached=14.19/14.19s x0_rmse=33.98779921737552 uV runtime=31.5s
config=185 trial=1244 status=success reached=14.08/14.08s x0_rmse=42.8060790756295 uV runtime=30.1s
config=185 trial=778 status=success reached=14.19/14.19s x0_rmse=38.13202102737887 uV runtime=24.0s
config=185 trial=312 status=success reached=14.19/14.19s x0_rmse=36.856807052896755 uV runtime=23.1s
saved: outputs/pysindy/raw_grid_threshold1000/simulations/config_0185_summary.json
