## SLURM PROLOG ###############################################################
##    Job ID : 3684479
##  Job Name : lfp_grid_sim
##  Nodelist : node2334
##      CPUs : 
##  Mem/Node : 4096 MB
## Directory : /oscar/data/tdesroch/dbuyukya/AidaCarneyProject
##   Job Started : Mon Jul  6 08:58:08 PM EDT 2026
###############################################################################
[1/1] configuration=204 degree=3 lowpass=80.0
config=204 trial=4 status=failed reached=0.21/14.05s x0_rmse= uV runtime=145.5s
config=204 trial=1088 status=failed reached=0.38/14.16s x0_rmse= uV runtime=147.2s
config=204 trial=622 status=failed reached=0.09/14.16s x0_rmse= uV runtime=140.1s
config=204 trial=620 status=failed reached=0.23/14.16s x0_rmse= uV runtime=143.9s
config=204 trial=2 status=failed reached=0.02/14.16s x0_rmse= uV runtime=136.0s
config=204 trial=3 status=failed reached=0.27/14.16s x0_rmse= uV runtime=141.6s
config=204 trial=1244 status=failed reached=0.35/14.05s x0_rmse= uV runtime=148.4s
config=204 trial=778 status=failed reached=0.01/14.16s x0_rmse= uV runtime=136.6s
config=204 trial=312 status=failed reached=2.00/14.16s x0_rmse= uV runtime=201.6s
saved: outputs/pysindy/raw_grid_threshold1000/simulations/config_0204_summary.json
