## SLURM PROLOG ###############################################################
##    Job ID : 3611818
##  Job Name : lfp_grid_sim
##  Nodelist : node2334
##      CPUs : 
##  Mem/Node : 16384 MB
## Directory : /oscar/data/tdesroch/dbuyukya/AidaCarneyProject
##   Job Started : Wed Jul  1 06:50:49 PM EDT 2026
###############################################################################
[1/1] configuration=189 degree=3 lowpass=80.0
config=189 trial=4 status=success reached=14.07/14.07s runtime=14.9s
config=189 trial=1088 status=success reached=14.18/14.18s runtime=19.0s
config=189 trial=622 status=success reached=14.18/14.18s runtime=17.3s
config=189 trial=620 status=success reached=14.18/14.18s runtime=13.6s
config=189 trial=2 status=success reached=14.18/14.18s runtime=17.2s
config=189 trial=3 status=success reached=14.18/14.18s runtime=17.3s
config=189 trial=1244 status=success reached=14.07/14.07s runtime=17.7s
config=189 trial=778 status=success reached=14.18/14.18s runtime=17.5s
config=189 trial=312 status=success reached=14.18/14.18s runtime=17.5s
saved: /oscar/data/tdesroch/dbuyukya/AidaCarneyProject/outputs/pysindy/raw_grid/simulations/config_0189_summary.json
