## SLURM PROLOG ###############################################################
##    Job ID : 3684385
##  Job Name : lfp_grid_sim
##  Nodelist : node2335
##      CPUs : 
##  Mem/Node : 4096 MB
## Directory : /oscar/data/tdesroch/dbuyukya/AidaCarneyProject
##   Job Started : Mon Jul  6 04:35:59 PM EDT 2026
###############################################################################
[1/1] configuration=181 degree=3 lowpass=80.0
config=181 trial=4 status=success reached=14.08/14.08s x0_rmse=30.72093792054299 uV runtime=24.9s
config=181 trial=1088 status=success reached=14.20/14.20s x0_rmse=49.53066013567199 uV runtime=27.5s
config=181 trial=622 status=success reached=14.19/14.19s x0_rmse=1953.9014929941725 uV runtime=11.1s
config=181 trial=620 status=success reached=14.19/14.19s x0_rmse=41.469461131904964 uV runtime=23.1s
config=181 trial=2 status=success reached=14.19/14.19s x0_rmse=49.649263690498174 uV runtime=30.2s
config=181 trial=3 status=success reached=14.19/14.19s x0_rmse=34.196928043275726 uV runtime=25.9s
config=181 trial=1244 status=success reached=14.08/14.08s x0_rmse=43.84277879736631 uV runtime=27.4s
config=181 trial=778 status=success reached=14.19/14.19s x0_rmse=38.18748320651656 uV runtime=25.3s
config=181 trial=312 status=success reached=14.19/14.19s x0_rmse=37.87501957699503 uV runtime=24.7s
saved: outputs/pysindy/raw_grid_threshold1000/simulations/config_0181_summary.json
