## SLURM PROLOG ###############################################################
##    Job ID : 3683938
##  Job Name : lfp_grid_sim
##  Nodelist : node2333
##      CPUs : 
##  Mem/Node : 4096 MB
## Directory : /oscar/data/tdesroch/dbuyukya/AidaCarneyProject
##   Job Started : Mon Jul  6 04:10:59 PM EDT 2026
###############################################################################
[1/1] configuration=127 degree=1 lowpass=80.0
config=127 trial=4 status=success reached=14.07/14.07s x0_rmse=30.390282248455918 uV runtime=76.0s
config=127 trial=1088 status=success reached=14.18/14.18s x0_rmse=56.13407160694352 uV runtime=51.5s
config=127 trial=622 status=success reached=14.18/14.18s x0_rmse=65.37069828889028 uV runtime=55.1s
config=127 trial=620 status=success reached=14.18/14.18s x0_rmse=41.6589214669067 uV runtime=87.7s
config=127 trial=2 status=success reached=14.18/14.18s x0_rmse=56.93151315517474 uV runtime=54.3s
config=127 trial=3 status=success reached=14.18/14.18s x0_rmse=46.64535562076479 uV runtime=52.9s
config=127 trial=1244 status=success reached=14.07/14.07s x0_rmse=62.65185575317663 uV runtime=51.2s
config=127 trial=778 status=success reached=14.18/14.18s x0_rmse=45.870069721544716 uV runtime=51.9s
config=127 trial=312 status=success reached=14.18/14.18s x0_rmse=41.145001343470014 uV runtime=47.1s
saved: outputs/pysindy/raw_grid_threshold1000/simulations/config_0127_summary.json
