## SLURM PROLOG ###############################################################
##    Job ID : 3683972
##  Job Name : lfp_grid_sim
##  Nodelist : node2334
##      CPUs : 
##  Mem/Node : 4096 MB
## Directory : /oscar/data/tdesroch/dbuyukya/AidaCarneyProject
##   Job Started : Mon Jul  6 04:13:31 PM EDT 2026
###############################################################################
[1/1] configuration=133 degree=1 lowpass=80.0
config=133 trial=4 status=success reached=13.99/13.99s x0_rmse=32.54539500739962 uV runtime=17.6s
config=133 trial=1088 status=success reached=14.10/14.10s x0_rmse=56.741164277412636 uV runtime=17.8s
config=133 trial=622 status=success reached=14.10/14.10s x0_rmse=42.838632180544195 uV runtime=20.6s
config=133 trial=620 status=success reached=14.10/14.10s x0_rmse=46.468385684951215 uV runtime=14.5s
config=133 trial=2 status=success reached=14.10/14.10s x0_rmse=53.992564332300994 uV runtime=13.2s
config=133 trial=3 status=success reached=14.10/14.10s x0_rmse=46.373103646182564 uV runtime=17.9s
config=133 trial=1244 status=success reached=13.99/13.99s x0_rmse=63.350963849246774 uV runtime=20.4s
config=133 trial=778 status=success reached=14.10/14.10s x0_rmse=52.218025021398724 uV runtime=16.3s
config=133 trial=312 status=success reached=14.10/14.10s x0_rmse=51.355507978992605 uV runtime=19.6s
saved: outputs/pysindy/raw_grid_threshold1000/simulations/config_0133_summary.json
