## SLURM PROLOG ###############################################################
##    Job ID : 3683855
##  Job Name : lfp_grid_sim
##  Nodelist : node2339
##      CPUs : 
##  Mem/Node : 4096 MB
## Directory : /oscar/data/tdesroch/dbuyukya/AidaCarneyProject
##   Job Started : Mon Jul  6 04:05:57 PM EDT 2026
###############################################################################
[1/1] configuration=112 degree=1 lowpass=80.0
config=112 trial=4 status=success reached=14.08/14.08s x0_rmse=27.78816699441163 uV runtime=6.0s
config=112 trial=1088 status=success reached=14.19/14.19s x0_rmse=64.44730812328363 uV runtime=6.4s
config=112 trial=622 status=success reached=14.19/14.19s x0_rmse=56.15868583804885 uV runtime=6.6s
config=112 trial=620 status=success reached=14.19/14.19s x0_rmse=43.73430863043681 uV runtime=6.5s
config=112 trial=2 status=success reached=14.19/14.19s x0_rmse=62.197641987669805 uV runtime=6.4s
config=112 trial=3 status=success reached=14.19/14.19s x0_rmse=45.68476088985797 uV runtime=6.4s
config=112 trial=1244 status=success reached=14.08/14.08s x0_rmse=50.66975536955668 uV runtime=6.3s
config=112 trial=778 status=success reached=14.19/14.19s x0_rmse=45.65235464366534 uV runtime=6.4s
config=112 trial=312 status=success reached=14.19/14.19s x0_rmse=41.2126076507717 uV runtime=6.2s
saved: outputs/pysindy/raw_grid_threshold1000/simulations/config_0112_summary.json
