## SLURM PROLOG ###############################################################
##    Job ID : 3683015
##  Job Name : lfp_grid_sim
##  Nodelist : node2322
##      CPUs : 
##  Mem/Node : 4096 MB
## Directory : /oscar/data/tdesroch/dbuyukya/AidaCarneyProject
##   Job Started : Mon Jul  6 03:27:24 PM EDT 2026
###############################################################################
[1/1] configuration=16 degree=1 lowpass=35.0
config=16 trial=4 status=success reached=14.03/14.03s x0_rmse=33.9977435385665 uV runtime=13.2s
config=16 trial=1088 status=success reached=14.14/14.14s x0_rmse=55.34900837244918 uV runtime=14.6s
config=16 trial=622 status=success reached=14.14/14.14s x0_rmse=44.90601726752507 uV runtime=19.5s
config=16 trial=620 status=success reached=14.14/14.14s x0_rmse=48.480809413158795 uV runtime=13.9s
config=16 trial=2 status=success reached=14.14/14.14s x0_rmse=59.70064904728967 uV runtime=11.1s
config=16 trial=3 status=success reached=14.14/14.14s x0_rmse=50.55109472204791 uV runtime=13.1s
config=16 trial=1244 status=success reached=14.03/14.03s x0_rmse=75.92278429154204 uV runtime=17.7s
config=16 trial=778 status=success reached=14.14/14.14s x0_rmse=55.89910421895844 uV runtime=12.9s
config=16 trial=312 status=success reached=14.14/14.14s x0_rmse=63.54311104209267 uV runtime=11.0s
saved: outputs/pysindy/raw_grid_threshold1000/simulations/config_0016_summary.json
