## SLURM PROLOG ###############################################################
##    Job ID : 3631377
##  Job Name : lfp_grid_sim
##  Nodelist : node2333
##      CPUs : 
##  Mem/Node : 16384 MB
## Directory : /oscar/data/tdesroch/dbuyukya/AidaCarneyProject
##   Job Started : Fri Jul  3 01:07:50 AM EDT 2026
###############################################################################
[1/1] configuration=76 degree=3 lowpass=35.0
config=76 trial=4 status=success reached=14.08/14.08s x0_rmse=31.52218350701351 uV runtime=27.8s
config=76 trial=1088 status=success reached=14.19/14.19s x0_rmse=79.11009460955736 uV runtime=31.9s
config=76 trial=622 status=success reached=14.19/14.19s x0_rmse=72.2149681672115 uV runtime=31.3s
config=76 trial=620 status=success reached=14.19/14.19s x0_rmse=41.413797374990885 uV runtime=23.5s
config=76 trial=2 status=success reached=14.19/14.19s x0_rmse=78.90073173875854 uV runtime=37.3s
config=76 trial=3 status=success reached=14.19/14.19s x0_rmse=63.26905889737523 uV runtime=35.2s
config=76 trial=1244 status=success reached=14.08/14.08s x0_rmse=64.71945213837368 uV runtime=35.3s
config=76 trial=778 status=success reached=14.19/14.19s x0_rmse=57.8407500592891 uV runtime=33.6s
config=76 trial=312 status=success reached=14.19/14.19s x0_rmse=53.75693076610453 uV runtime=32.8s
saved: outputs/pysindy/raw_grid_threshold100/simulations/config_0076_summary.json
