## SLURM PROLOG ###############################################################
##    Job ID : 3683384
##  Job Name : lfp_grid_sim
##  Nodelist : node2301
##      CPUs : 
##  Mem/Node : 4096 MB
## Directory : /oscar/data/tdesroch/dbuyukya/AidaCarneyProject
##   Job Started : Mon Jul  6 03:43:15 PM EDT 2026
###############################################################################
[1/1] configuration=81 degree=3 lowpass=35.0
config=81 trial=4 status=success reached=14.07/14.07s x0_rmse=28.077861748555254 uV runtime=14.3s
config=81 trial=1088 status=success reached=14.18/14.18s x0_rmse=60.69100048136947 uV runtime=18.1s
config=81 trial=622 status=success reached=14.18/14.18s x0_rmse=60.939360199015304 uV runtime=19.1s
config=81 trial=620 status=success reached=14.18/14.18s x0_rmse=39.995077173192094 uV runtime=13.4s
config=81 trial=2 status=success reached=14.18/14.18s x0_rmse=68.2352996250508 uV runtime=19.3s
config=81 trial=3 status=success reached=14.18/14.18s x0_rmse=50.24516719920643 uV runtime=18.8s
config=81 trial=1244 status=success reached=14.07/14.07s x0_rmse=66.01932298128902 uV runtime=19.2s
config=81 trial=778 status=success reached=14.18/14.18s x0_rmse=48.490491254324375 uV runtime=18.4s
config=81 trial=312 status=success reached=14.18/14.18s x0_rmse=43.931663781152 uV runtime=18.5s
saved: outputs/pysindy/raw_grid_threshold1000/simulations/config_0081_summary.json
