## SLURM PROLOG ###############################################################
##    Job ID : 3684485
##  Job Name : lfp_grid_sim
##  Nodelist : node2338
##      CPUs : 
##  Mem/Node : 4096 MB
## Directory : /oscar/data/tdesroch/dbuyukya/AidaCarneyProject
##   Job Started : Mon Jul  6 04:45:01 PM EDT 2026
###############################################################################
[1/1] configuration=208 degree=3 lowpass=80.0
config=208 trial=4 status=failed reached=4.71/14.06s x0_rmse= uV runtime=821.4s
config=208 trial=1088 status=failed reached=7.27/14.17s x0_rmse= uV runtime=999.9s
config=208 trial=622 status=failed reached=5.83/14.17s x0_rmse= uV runtime=802.3s
config=208 trial=620 status=failed reached=4.88/14.17s x0_rmse= uV runtime=790.0s
config=208 trial=2 status=failed reached=6.38/14.17s x0_rmse= uV runtime=866.9s
config=208 trial=3 status=failed reached=11.65/14.17s x0_rmse= uV runtime=1189.3s
config=208 trial=1244 status=success reached=14.06/14.06s x0_rmse=66.72368765716826 uV runtime=1029.9s
config=208 trial=778 status=failed reached=4.77/14.17s x0_rmse= uV runtime=715.2s
config=208 trial=312 status=failed reached=11.19/14.17s x0_rmse= uV runtime=1144.9s
saved: outputs/pysindy/raw_grid_threshold1000/simulations/config_0208_summary.json
