## SLURM PROLOG ###############################################################
##    Job ID : 3684092
##  Job Name : lfp_grid_sim
##  Nodelist : node2338
##      CPUs : 
##  Mem/Node : 4096 MB
## Directory : /oscar/data/tdesroch/dbuyukya/AidaCarneyProject
##   Job Started : Mon Jul  6 04:20:53 PM EDT 2026
###############################################################################
[1/1] configuration=146 degree=2 lowpass=80.0
config=146 trial=4 status=success reached=14.08/14.08s x0_rmse=36.325098178288606 uV runtime=16.5s
config=146 trial=1088 status=success reached=14.20/14.20s x0_rmse=65.14877322099761 uV runtime=18.4s
config=146 trial=622 status=failed reached=2.23/14.19s x0_rmse= uV runtime=13.1s
config=146 trial=620 status=success reached=14.19/14.19s x0_rmse=42.06677555107264 uV runtime=16.4s
config=146 trial=2 status=failed reached=8.23/14.19s x0_rmse= uV runtime=23.7s
config=146 trial=3 status=success reached=14.19/14.19s x0_rmse=41.49898466866168 uV runtime=17.7s
config=146 trial=1244 status=success reached=14.08/14.08s x0_rmse=66.19796648966498 uV runtime=18.7s
config=146 trial=778 status=success reached=14.19/14.19s x0_rmse=40.690289965518986 uV runtime=17.0s
config=146 trial=312 status=success reached=14.19/14.19s x0_rmse=40.76558935235499 uV runtime=16.5s
saved: outputs/pysindy/raw_grid_threshold1000/simulations/config_0146_summary.json
