## SLURM PROLOG ###############################################################
##    Job ID : 3682998
##  Job Name : lfp_grid_sim
##  Nodelist : node2339
##      CPUs : 
##  Mem/Node : 4096 MB
## Directory : /oscar/data/tdesroch/dbuyukya/AidaCarneyProject
##   Job Started : Mon Jul  6 04:45:44 PM EDT 2026
###############################################################################
[1/1] configuration=216 degree=3 lowpass=80.0
config=216 trial=4 status=success reached=13.95/13.95s x0_rmse=34.47980137227707 uV runtime=569.4s
config=216 trial=1088 status=success reached=14.06/14.06s x0_rmse=53.824196739527885 uV runtime=548.7s
config=216 trial=622 status=success reached=14.06/14.06s x0_rmse=46.36825674219456 uV runtime=548.7s
config=216 trial=620 status=success reached=14.06/14.06s x0_rmse=47.22923444587209 uV runtime=583.2s
config=216 trial=2 status=failed reached=3.67/14.06s x0_rmse= uV runtime=353.0s
config=216 trial=3 status=success reached=14.06/14.06s x0_rmse=40.873819250336005 uV runtime=549.7s
config=216 trial=1244 status=failed reached=2.66/13.95s x0_rmse= uV runtime=384.9s
config=216 trial=778 status=failed reached=5.80/14.06s x0_rmse= uV runtime=451.8s
config=216 trial=312 status=failed reached=0.73/14.06s x0_rmse= uV runtime=342.2s
saved: outputs/pysindy/raw_grid_threshold1000/simulations/config_0216_summary.json
