## SLURM PROLOG ###############################################################
##    Job ID : 3683129
##  Job Name : lfp_grid_sim
##  Nodelist : node2322
##      CPUs : 
##  Mem/Node : 4096 MB
## Directory : /oscar/data/tdesroch/dbuyukya/AidaCarneyProject
##   Job Started : Mon Jul  6 03:32:32 PM EDT 2026
###############################################################################
[1/1] configuration=52 degree=2 lowpass=35.0
config=52 trial=4 status=success reached=14.03/14.03s x0_rmse=39.036180806270465 uV runtime=58.7s
config=52 trial=1088 status=success reached=14.14/14.14s x0_rmse=65.32216280885548 uV runtime=57.1s
config=52 trial=622 status=success reached=14.14/14.14s x0_rmse=55.98612705567438 uV runtime=63.5s
config=52 trial=620 status=success reached=14.14/14.14s x0_rmse=52.16245649020566 uV runtime=69.1s
config=52 trial=2 status=success reached=14.14/14.14s x0_rmse=50.96782353512152 uV runtime=62.8s
config=52 trial=3 status=success reached=14.14/14.14s x0_rmse=60.84603274924453 uV runtime=57.0s
config=52 trial=1244 status=failed reached=1.74/14.03s x0_rmse= uV runtime=35.3s
config=52 trial=778 status=success reached=14.14/14.14s x0_rmse=60.48395531337535 uV runtime=60.1s
config=52 trial=312 status=success reached=14.14/14.14s x0_rmse=65.31794742975157 uV runtime=53.3s
saved: outputs/pysindy/raw_grid_threshold1000/simulations/config_0052_summary.json
