## SLURM PROLOG ###############################################################
##    Job ID : 3683563
##  Job Name : lfp_grid_sim
##  Nodelist : node2348
##      CPUs : 
##  Mem/Node : 4096 MB
## Directory : /oscar/data/tdesroch/dbuyukya/AidaCarneyProject
##   Job Started : Mon Jul  6 03:47:16 PM EDT 2026
###############################################################################
[1/1] configuration=93 degree=3 lowpass=35.0
config=93 trial=4 status=failed reached=0.07/14.07s x0_rmse= uV runtime=142.0s
config=93 trial=1088 status=failed reached=0.12/14.18s x0_rmse= uV runtime=145.1s
config=93 trial=622 status=failed reached=0.07/14.18s x0_rmse= uV runtime=310.2s
config=93 trial=620 status=failed reached=0.09/14.18s x0_rmse= uV runtime=143.5s
config=93 trial=2 status=failed reached=0.04/14.18s x0_rmse= uV runtime=199.0s
config=93 trial=3 status=failed reached=0.06/14.18s x0_rmse= uV runtime=311.1s
config=93 trial=1244 status=failed reached=0.02/14.07s x0_rmse= uV runtime=194.8s
config=93 trial=778 status=failed reached=0.03/14.18s x0_rmse= uV runtime=310.9s
config=93 trial=312 status=failed reached=0.15/14.18s x0_rmse= uV runtime=205.4s
saved: outputs/pysindy/raw_grid_threshold1000/simulations/config_0093_summary.json
