## SLURM PROLOG ###############################################################
##    Job ID : 3610827
##  Job Name : lfp_grid_sim
##  Nodelist : node2341
##      CPUs : 
##  Mem/Node : 16384 MB
## Directory : /oscar/data/tdesroch/dbuyukya/AidaCarneyProject
##   Job Started : Wed Jul  1 05:06:43 PM EDT 2026
###############################################################################
[1/1] configuration=121 degree=1 lowpass=80.0
config=121 trial=4 status=success reached=14.06/14.06s runtime=24.7s
config=121 trial=1088 status=success reached=14.18/14.18s runtime=16.8s
config=121 trial=622 status=success reached=14.17/14.17s runtime=15.7s
config=121 trial=620 status=success reached=14.17/14.17s runtime=21.4s
config=121 trial=2 status=success reached=14.17/14.17s runtime=15.7s
config=121 trial=3 status=success reached=14.17/14.17s runtime=15.4s
config=121 trial=1244 status=success reached=14.06/14.06s runtime=16.0s
config=121 trial=778 status=success reached=14.17/14.17s runtime=18.4s
config=121 trial=312 status=success reached=14.17/14.17s runtime=16.7s
saved: /oscar/data/tdesroch/dbuyukya/AidaCarneyProject/outputs/pysindy/raw_grid/simulations/config_0121_summary.json
