## SLURM PROLOG ###############################################################
##    Job ID : 3684176
##  Job Name : lfp_grid_sim
##  Nodelist : node2339
##      CPUs : 
##  Mem/Node : 4096 MB
## Directory : /oscar/data/tdesroch/dbuyukya/AidaCarneyProject
##   Job Started : Mon Jul  6 04:26:05 PM EDT 2026
###############################################################################
[1/1] configuration=165 degree=2 lowpass=80.0
config=165 trial=4 status=failed reached=0.04/14.07s x0_rmse= uV runtime=37.6s
config=165 trial=1088 status=failed reached=0.22/14.18s x0_rmse= uV runtime=42.8s
config=165 trial=622 status=failed reached=0.02/14.18s x0_rmse= uV runtime=38.4s
config=165 trial=620 status=failed reached=0.25/14.18s x0_rmse= uV runtime=42.5s
config=165 trial=2 status=failed reached=0.14/14.18s x0_rmse= uV runtime=38.2s
config=165 trial=3 status=failed reached=0.23/14.18s x0_rmse= uV runtime=43.0s
config=165 trial=1244 status=failed reached=0.19/14.07s x0_rmse= uV runtime=40.8s
config=165 trial=778 status=failed reached=0.10/14.18s x0_rmse= uV runtime=39.6s
config=165 trial=312 status=failed reached=0.20/14.18s x0_rmse= uV runtime=40.9s
saved: outputs/pysindy/raw_grid_threshold1000/simulations/config_0165_summary.json
