## SLURM PROLOG ###############################################################
##    Job ID : 3684137
##  Job Name : lfp_grid_sim
##  Nodelist : node2338
##      CPUs : 
##  Mem/Node : 4096 MB
## Directory : /oscar/data/tdesroch/dbuyukya/AidaCarneyProject
##   Job Started : Mon Jul  6 04:24:34 PM EDT 2026
###############################################################################
[1/1] configuration=156 degree=2 lowpass=80.0
config=156 trial=4 status=success reached=14.08/14.08s x0_rmse=73.87152272163429 uV runtime=54.0s
config=156 trial=1088 status=success reached=14.19/14.19s x0_rmse=78.26996724740796 uV runtime=54.8s
config=156 trial=622 status=success reached=14.18/14.18s x0_rmse=83.63214683075584 uV runtime=55.1s
config=156 trial=620 status=success reached=14.18/14.18s x0_rmse=71.96137319358523 uV runtime=56.8s
config=156 trial=2 status=success reached=14.18/14.18s x0_rmse=71.3031974917393 uV runtime=57.5s
config=156 trial=3 status=success reached=14.18/14.18s x0_rmse=65.7758782062231 uV runtime=60.3s
config=156 trial=1244 status=success reached=14.08/14.08s x0_rmse=68.65663160520029 uV runtime=56.9s
config=156 trial=778 status=success reached=14.18/14.18s x0_rmse=74.79538316128976 uV runtime=55.6s
config=156 trial=312 status=success reached=14.18/14.18s x0_rmse=68.03095701255582 uV runtime=56.2s
saved: outputs/pysindy/raw_grid_threshold1000/simulations/config_0156_summary.json
