## SLURM PROLOG ###############################################################
##    Job ID : 3611518
##  Job Name : lfp_grid_sim
##  Nodelist : node2335
##      CPUs : 
##  Mem/Node : 16384 MB
## Directory : /oscar/data/tdesroch/dbuyukya/AidaCarneyProject
##   Job Started : Wed Jul  1 06:11:26 PM EDT 2026
###############################################################################
[1/1] configuration=164 degree=2 lowpass=80.0
config=164 trial=4 status=success reached=14.07/14.07s runtime=282.2s
config=164 trial=1088 status=success reached=14.18/14.18s runtime=163.0s
config=164 trial=622 status=success reached=14.18/14.18s runtime=169.2s
config=164 trial=620 status=success reached=14.18/14.18s runtime=204.9s
config=164 trial=2 status=success reached=14.18/14.18s runtime=154.1s
config=164 trial=3 status=success reached=14.18/14.18s runtime=154.3s
config=164 trial=1244 status=success reached=14.07/14.07s runtime=137.1s
config=164 trial=778 status=success reached=14.18/14.18s runtime=183.4s
config=164 trial=312 status=success reached=14.18/14.18s runtime=162.7s
saved: /oscar/data/tdesroch/dbuyukya/AidaCarneyProject/outputs/pysindy/raw_grid/simulations/config_0164_summary.json
