## SLURM PROLOG ###############################################################
##    Job ID : 3611891
##  Job Name : lfp_grid_sim
##  Nodelist : node2340
##      CPUs : 
##  Mem/Node : 16384 MB
## Directory : /oscar/data/tdesroch/dbuyukya/AidaCarneyProject
##   Job Started : Thu Jul  2 12:52:18 AM EDT 2026
###############################################################################
[1/1] configuration=215 degree=3 lowpass=80.0
config=215 trial=4 status=success reached=13.95/13.95s runtime=586.2s
config=215 trial=1088 status=success reached=14.06/14.06s runtime=600.2s
config=215 trial=622 status=success reached=14.06/14.06s runtime=590.2s
config=215 trial=620 status=success reached=14.06/14.06s runtime=576.2s
config=215 trial=2 status=failed reached=5.28/14.06s runtime=464.4s
config=215 trial=3 status=success reached=14.06/14.06s runtime=583.7s
config=215 trial=1244 status=success reached=13.95/13.95s runtime=577.1s
config=215 trial=778 status=failed reached=5.51/14.06s runtime=438.2s
config=215 trial=312 status=failed reached=0.50/14.06s runtime=252.1s
saved: /oscar/data/tdesroch/dbuyukya/AidaCarneyProject/outputs/pysindy/raw_grid/simulations/config_0215_summary.json
