## SLURM PROLOG ###############################################################
##    Job ID : 3684044
##  Job Name : lfp_grid_sim
##  Nodelist : node2339
##      CPUs : 
##  Mem/Node : 4096 MB
## Directory : /oscar/data/tdesroch/dbuyukya/AidaCarneyProject
##   Job Started : Mon Jul  6 04:17:25 PM EDT 2026
###############################################################################
[1/1] configuration=139 degree=1 lowpass=80.0
config=139 trial=4 status=success reached=14.03/14.03s x0_rmse=31.49439761928401 uV runtime=58.2s
config=139 trial=1088 status=success reached=14.14/14.14s x0_rmse=72.49661447303116 uV runtime=33.5s
config=139 trial=622 status=success reached=14.14/14.14s x0_rmse=46.43666818223729 uV runtime=56.3s
config=139 trial=620 status=success reached=14.14/14.14s x0_rmse=65.56866081089214 uV runtime=36.6s
config=139 trial=2 status=success reached=14.14/14.14s x0_rmse=73.04576844828117 uV runtime=36.5s
config=139 trial=3 status=success reached=14.14/14.14s x0_rmse=53.76449736246999 uV runtime=42.4s
config=139 trial=1244 status=success reached=14.03/14.03s x0_rmse=68.61110791437137 uV runtime=54.1s
config=139 trial=778 status=success reached=14.14/14.14s x0_rmse=86.12529161837433 uV runtime=33.5s
config=139 trial=312 status=success reached=14.14/14.14s x0_rmse=48.97502417739814 uV runtime=43.7s
saved: outputs/pysindy/raw_grid_threshold1000/simulations/config_0139_summary.json
