## SLURM PROLOG ###############################################################
##    Job ID : 3683381
##  Job Name : lfp_grid_sim
##  Nodelist : node2301
##      CPUs : 
##  Mem/Node : 4096 MB
## Directory : /oscar/data/tdesroch/dbuyukya/AidaCarneyProject
##   Job Started : Mon Jul  6 03:43:11 PM EDT 2026
###############################################################################
[1/1] configuration=80 degree=3 lowpass=35.0
config=80 trial=4 status=success reached=14.07/14.07s x0_rmse=28.495537691317224 uV runtime=14.1s
config=80 trial=1088 status=success reached=14.18/14.18s x0_rmse=59.40114704519748 uV runtime=17.8s
config=80 trial=622 status=success reached=14.18/14.18s x0_rmse=61.39267026457484 uV runtime=18.1s
config=80 trial=620 status=success reached=14.18/14.18s x0_rmse=40.13241391622731 uV runtime=13.5s
config=80 trial=2 status=success reached=14.18/14.18s x0_rmse=69.26526711749669 uV runtime=18.5s
config=80 trial=3 status=success reached=14.18/14.18s x0_rmse=52.56226272927752 uV runtime=17.3s
config=80 trial=1244 status=success reached=14.07/14.07s x0_rmse=66.12736863247342 uV runtime=18.1s
config=80 trial=778 status=success reached=14.18/14.18s x0_rmse=50.83022005466806 uV runtime=17.1s
config=80 trial=312 status=success reached=14.18/14.18s x0_rmse=44.84271581931433 uV runtime=16.7s
saved: outputs/pysindy/raw_grid_threshold1000/simulations/config_0080_summary.json
