## SLURM PROLOG ###############################################################
##    Job ID : 3684493
##  Job Name : lfp_grid_sim
##  Nodelist : node2335
##      CPUs : 
##  Mem/Node : 4096 MB
## Directory : /oscar/data/tdesroch/dbuyukya/AidaCarneyProject
##   Job Started : Mon Jul  6 08:58:08 PM EDT 2026
###############################################################################
[1/1] configuration=213 degree=3 lowpass=80.0
config=213 trial=4 status=failed reached=0.50/14.03s x0_rmse= uV runtime=438.0s
config=213 trial=1088 status=failed reached=0.16/14.14s x0_rmse= uV runtime=244.6s
config=213 trial=622 status=failed reached=0.07/14.14s x0_rmse= uV runtime=241.1s
config=213 trial=620 status=failed reached=0.08/14.14s x0_rmse= uV runtime=239.7s
config=213 trial=2 status=failed reached=0.05/14.14s x0_rmse= uV runtime=239.1s
config=213 trial=3 status=failed reached=0.05/14.14s x0_rmse= uV runtime=237.7s
config=213 trial=1244 status=failed reached=0.01/14.03s x0_rmse= uV runtime=233.3s
config=213 trial=778 status=success reached=14.14/14.14s x0_rmse=38.77793952836171 uV runtime=940.3s
config=213 trial=312 status=success reached=14.14/14.14s x0_rmse=39.07018799682153 uV runtime=930.3s
saved: outputs/pysindy/raw_grid_threshold1000/simulations/config_0213_summary.json
