## SLURM PROLOG ###############################################################
##    Job ID : 3683556
##  Job Name : lfp_grid_sim
##  Nodelist : node2335
##      CPUs : 
##  Mem/Node : 4096 MB
## Directory : /oscar/data/tdesroch/dbuyukya/AidaCarneyProject
##   Job Started : Mon Jul  6 03:47:01 PM EDT 2026
###############################################################################
[1/1] configuration=90 degree=3 lowpass=35.0
config=90 trial=4 status=failed reached=13.32/14.03s x0_rmse= uV runtime=182.4s
config=90 trial=1088 status=failed reached=10.80/14.14s x0_rmse= uV runtime=177.0s
config=90 trial=622 status=failed reached=4.39/14.14s x0_rmse= uV runtime=116.1s
config=90 trial=620 status=failed reached=12.91/14.14s x0_rmse= uV runtime=179.9s
config=90 trial=2 status=failed reached=4.65/14.14s x0_rmse= uV runtime=85.8s
config=90 trial=3 status=failed reached=4.59/14.14s x0_rmse= uV runtime=88.2s
config=90 trial=1244 status=failed reached=1.32/14.03s x0_rmse= uV runtime=76.6s
config=90 trial=778 status=failed reached=6.60/14.14s x0_rmse= uV runtime=96.5s
config=90 trial=312 status=failed reached=1.29/14.14s x0_rmse= uV runtime=72.8s
saved: outputs/pysindy/raw_grid_threshold1000/simulations/config_0090_summary.json
