## SLURM PROLOG ###############################################################
##    Job ID : 3610615
##  Job Name : lfp_grid_sim
##  Nodelist : node2342
##      CPUs : 
##  Mem/Node : 16384 MB
## Directory : /oscar/data/tdesroch/dbuyukya/AidaCarneyProject
##   Job Started : Wed Jul  1 04:56:37 PM EDT 2026
###############################################################################
[1/1] configuration=113 degree=1 lowpass=80.0
config=113 trial=4 status=success reached=14.08/14.08s runtime=6.1s
config=113 trial=1088 status=success reached=14.19/14.19s runtime=6.9s
config=113 trial=622 status=success reached=14.19/14.19s runtime=6.7s
config=113 trial=620 status=success reached=14.19/14.19s runtime=6.6s
config=113 trial=2 status=success reached=14.19/14.19s runtime=6.8s
config=113 trial=3 status=success reached=14.19/14.19s runtime=6.7s
config=113 trial=1244 status=success reached=14.08/14.08s runtime=6.5s
config=113 trial=778 status=success reached=14.19/14.19s runtime=6.6s
config=113 trial=312 status=success reached=14.19/14.19s runtime=6.4s
saved: /oscar/data/tdesroch/dbuyukya/AidaCarneyProject/outputs/pysindy/raw_grid/simulations/config_0113_summary.json
