## SLURM PROLOG ###############################################################
##    Job ID : 3631095
##  Job Name : lfp_grid_sim
##  Nodelist : node2335
##      CPUs : 
##  Mem/Node : 16384 MB
## Directory : /oscar/data/tdesroch/dbuyukya/AidaCarneyProject
##   Job Started : Fri Jul  3 12:22:36 AM EDT 2026
###############################################################################
[1/1] configuration=31 degree=1 lowpass=35.0
config=31 trial=4 status=success reached=14.03/14.03s x0_rmse=28.141883657439468 uV runtime=86.7s
config=31 trial=1088 status=success reached=14.14/14.14s x0_rmse=69.20091144427971 uV runtime=68.4s
config=31 trial=622 status=success reached=14.14/14.14s x0_rmse=48.14194680667821 uV runtime=86.2s
config=31 trial=620 status=success reached=14.14/14.14s x0_rmse=43.5416355973264 uV runtime=69.1s
config=31 trial=2 status=success reached=14.14/14.14s x0_rmse=64.11067291701997 uV runtime=57.5s
config=31 trial=3 status=success reached=14.14/14.14s x0_rmse=51.01828905301795 uV runtime=77.3s
config=31 trial=1244 status=success reached=14.03/14.03s x0_rmse=69.21923242807564 uV runtime=72.5s
config=31 trial=778 status=success reached=14.14/14.14s x0_rmse=58.03676185631741 uV runtime=63.0s
config=31 trial=312 status=success reached=14.14/14.14s x0_rmse=58.82625433307857 uV runtime=49.5s
saved: outputs/pysindy/raw_grid_threshold100/simulations/config_0031_summary.json
