## SLURM PROLOG ###############################################################
##    Job ID : 3683086
##  Job Name : lfp_grid_sim
##  Nodelist : node2315
##      CPUs : 
##  Mem/Node : 4096 MB
## Directory : /oscar/data/tdesroch/dbuyukya/AidaCarneyProject
##   Job Started : Mon Jul  6 03:30:52 PM EDT 2026
###############################################################################
[1/1] configuration=43 degree=2 lowpass=35.0
config=43 trial=4 status=success reached=14.07/14.07s x0_rmse=28.167299191140263 uV runtime=10.0s
config=43 trial=1088 status=success reached=14.18/14.18s x0_rmse=53.38638893528949 uV runtime=10.8s
config=43 trial=622 status=success reached=14.18/14.18s x0_rmse=46.92484676929604 uV runtime=11.0s
config=43 trial=620 status=success reached=14.18/14.18s x0_rmse=39.88289553094207 uV runtime=8.8s
config=43 trial=2 status=success reached=14.18/14.18s x0_rmse=50.947828899484435 uV runtime=11.4s
config=43 trial=3 status=success reached=14.18/14.18s x0_rmse=40.64820964768008 uV runtime=11.0s
config=43 trial=1244 status=success reached=14.07/14.07s x0_rmse=52.03048399206081 uV runtime=10.7s
config=43 trial=778 status=success reached=14.18/14.18s x0_rmse=42.157019780944964 uV runtime=10.6s
config=43 trial=312 status=success reached=14.18/14.18s x0_rmse=40.64273127882815 uV runtime=10.9s
saved: outputs/pysindy/raw_grid_threshold1000/simulations/config_0043_summary.json
