## SLURM PROLOG ###############################################################
##    Job ID : 3684157
##  Job Name : lfp_grid_sim
##  Nodelist : node2339
##      CPUs : 
##  Mem/Node : 4096 MB
## Directory : /oscar/data/tdesroch/dbuyukya/AidaCarneyProject
##   Job Started : Mon Jul  6 04:25:32 PM EDT 2026
###############################################################################
[1/1] configuration=162 degree=2 lowpass=80.0
config=162 trial=4 status=success reached=14.03/14.03s x0_rmse=42.35810740702739 uV runtime=47.9s
config=162 trial=1088 status=success reached=14.14/14.14s x0_rmse=69.61966906999686 uV runtime=42.8s
config=162 trial=622 status=success reached=14.14/14.14s x0_rmse=63.61382693908724 uV runtime=44.8s
config=162 trial=620 status=success reached=14.14/14.14s x0_rmse=54.313226516211614 uV runtime=49.8s
config=162 trial=2 status=success reached=14.14/14.14s x0_rmse=52.736170033111286 uV runtime=43.2s
config=162 trial=3 status=success reached=14.14/14.14s x0_rmse=58.341331191564635 uV runtime=44.4s
config=162 trial=1244 status=failed reached=1.73/14.03s x0_rmse= uV runtime=27.8s
config=162 trial=778 status=success reached=14.14/14.14s x0_rmse=62.002160573289856 uV runtime=41.2s
config=162 trial=312 status=success reached=14.14/14.14s x0_rmse=68.33992535212762 uV runtime=34.2s
saved: outputs/pysindy/raw_grid_threshold1000/simulations/config_0162_summary.json
