## SLURM PROLOG ###############################################################
##    Job ID : 3684349
##  Job Name : lfp_grid_sim
##  Nodelist : node2335
##      CPUs : 
##  Mem/Node : 4096 MB
## Directory : /oscar/data/tdesroch/dbuyukya/AidaCarneyProject
##   Job Started : Mon Jul  6 04:33:08 PM EDT 2026
###############################################################################
[1/1] configuration=176 degree=2 lowpass=80.0
config=176 trial=4 status=success reached=14.03/14.03s x0_rmse=35.90557205432439 uV runtime=308.5s
config=176 trial=1088 status=success reached=14.14/14.14s x0_rmse=80.5343404646055 uV runtime=203.2s
config=176 trial=622 status=success reached=14.14/14.14s x0_rmse=48.18137963832604 uV runtime=252.5s
config=176 trial=620 status=success reached=14.14/14.14s x0_rmse=85.55330253443395 uV runtime=206.2s
config=176 trial=2 status=success reached=14.14/14.14s x0_rmse=104.4372134779494 uV runtime=192.2s
config=176 trial=3 status=success reached=14.14/14.14s x0_rmse=61.05068897808032 uV runtime=257.8s
config=176 trial=1244 status=failed reached=11.05/14.03s x0_rmse= uV runtime=282.6s
config=176 trial=778 status=success reached=14.14/14.14s x0_rmse=96.30406461294027 uV runtime=216.8s
config=176 trial=312 status=failed reached=10.13/14.14s x0_rmse= uV runtime=258.6s
saved: outputs/pysindy/raw_grid_threshold1000/simulations/config_0176_summary.json
