## SLURM PROLOG ###############################################################
##    Job ID : 3684477
##  Job Name : lfp_grid_sim
##  Nodelist : node2335
##      CPUs : 
##  Mem/Node : 4096 MB
## Directory : /oscar/data/tdesroch/dbuyukya/AidaCarneyProject
##   Job Started : Mon Jul  6 04:44:41 PM EDT 2026
###############################################################################
[1/1] configuration=202 degree=3 lowpass=80.0
config=202 trial=4 status=success reached=14.05/14.05s x0_rmse=30.317546073248263 uV runtime=509.2s
config=202 trial=1088 status=success reached=14.16/14.16s x0_rmse=58.09145538166941 uV runtime=442.0s
config=202 trial=622 status=success reached=14.16/14.16s x0_rmse=43.019205106743016 uV runtime=505.6s
config=202 trial=620 status=success reached=14.16/14.16s x0_rmse=41.93431422518139 uV runtime=533.6s
config=202 trial=2 status=success reached=14.16/14.16s x0_rmse=50.61005510680249 uV runtime=433.9s
config=202 trial=3 status=success reached=14.16/14.16s x0_rmse=46.326913519534806 uV runtime=429.0s
config=202 trial=1244 status=success reached=14.05/14.05s x0_rmse=45.12928131776217 uV runtime=502.9s
config=202 trial=778 status=success reached=14.16/14.16s x0_rmse=44.1026964340541 uV runtime=488.1s
config=202 trial=312 status=success reached=14.16/14.16s x0_rmse=39.90886832462586 uV runtime=490.0s
saved: outputs/pysindy/raw_grid_threshold1000/simulations/config_0202_summary.json
