## SLURM PROLOG ###############################################################
##    Job ID : 3611261
##  Job Name : lfp_grid_sim
##  Nodelist : node2340
##      CPUs : 
##  Mem/Node : 16384 MB
## Directory : /oscar/data/tdesroch/dbuyukya/AidaCarneyProject
##   Job Started : Wed Jul  1 05:50:41 PM EDT 2026
###############################################################################
[1/1] configuration=143 degree=1 lowpass=80.0
config=143 trial=4 status=success reached=13.95/13.95s runtime=23.1s
config=143 trial=1088 status=success reached=14.06/14.06s runtime=23.3s
config=143 trial=622 status=success reached=14.06/14.06s runtime=24.3s
config=143 trial=620 status=success reached=14.06/14.06s runtime=22.3s
config=143 trial=2 status=success reached=14.06/14.06s runtime=18.4s
config=143 trial=3 status=success reached=14.06/14.06s runtime=24.0s
config=143 trial=1244 status=success reached=13.95/13.95s runtime=24.0s
config=143 trial=778 status=success reached=14.06/14.06s runtime=21.2s
config=143 trial=312 status=success reached=14.06/14.06s runtime=23.7s
saved: /oscar/data/tdesroch/dbuyukya/AidaCarneyProject/outputs/pysindy/raw_grid/simulations/config_0143_summary.json
