## SLURM PROLOG ###############################################################
##    Job ID : 3611535
##  Job Name : lfp_grid_sim
##  Nodelist : node2335
##      CPUs : 
##  Mem/Node : 16384 MB
## Directory : /oscar/data/tdesroch/dbuyukya/AidaCarneyProject
##   Job Started : Wed Jul  1 06:13:57 PM EDT 2026
###############################################################################
[1/1] configuration=166 degree=2 lowpass=80.0
config=166 trial=4 status=success reached=14.05/14.05s runtime=150.7s
config=166 trial=1088 status=failed reached=8.71/14.16s runtime=91.2s
config=166 trial=622 status=success reached=14.16/14.16s runtime=134.6s
config=166 trial=620 status=success reached=14.16/14.16s runtime=166.1s
config=166 trial=2 status=failed reached=13.33/14.16s runtime=123.6s
config=166 trial=3 status=failed reached=7.72/14.16s runtime=81.3s
config=166 trial=1244 status=success reached=14.05/14.05s runtime=113.5s
config=166 trial=778 status=failed reached=9.08/14.16s runtime=90.4s
config=166 trial=312 status=success reached=14.16/14.16s runtime=126.9s
saved: /oscar/data/tdesroch/dbuyukya/AidaCarneyProject/outputs/pysindy/raw_grid/simulations/config_0166_summary.json
