## SLURM PROLOG ###############################################################
##    Job ID : 3611853
##  Job Name : lfp_grid_sim
##  Nodelist : node2335
##      CPUs : 
##  Mem/Node : 16384 MB
## Directory : /oscar/data/tdesroch/dbuyukya/AidaCarneyProject
##   Job Started : Wed Jul  1 06:56:23 PM EDT 2026
###############################################################################
[1/1] configuration=200 degree=3 lowpass=80.0
config=200 trial=4 status=success reached=14.07/14.07s runtime=1065.6s
config=200 trial=1088 status=success reached=14.18/14.18s runtime=664.6s
config=200 trial=622 status=success reached=14.18/14.18s runtime=697.2s
config=200 trial=620 status=success reached=14.18/14.18s runtime=703.7s
config=200 trial=2 status=success reached=14.18/14.18s runtime=937.6s
config=200 trial=3 status=success reached=14.18/14.18s runtime=914.5s
config=200 trial=1244 status=success reached=14.07/14.07s runtime=437.1s
config=200 trial=778 status=success reached=14.18/14.18s runtime=541.8s
config=200 trial=312 status=success reached=14.18/14.18s runtime=921.9s
saved: /oscar/data/tdesroch/dbuyukya/AidaCarneyProject/outputs/pysindy/raw_grid/simulations/config_0200_summary.json
