## SLURM PROLOG ###############################################################
##    Job ID : 3684353
##  Job Name : lfp_grid_sim
##  Nodelist : node2335
##      CPUs : 
##  Mem/Node : 4096 MB
## Directory : /oscar/data/tdesroch/dbuyukya/AidaCarneyProject
##   Job Started : Mon Jul  6 04:33:09 PM EDT 2026
###############################################################################
[1/1] configuration=177 degree=2 lowpass=80.0
config=177 trial=4 status=success reached=14.03/14.03s x0_rmse=192.94325069140274 uV runtime=178.6s
config=177 trial=1088 status=failed reached=11.32/14.14s x0_rmse= uV runtime=218.5s
config=177 trial=622 status=success reached=14.14/14.14s x0_rmse=180.5488907699442 uV runtime=180.1s
config=177 trial=620 status=failed reached=9.35/14.14s x0_rmse= uV runtime=210.0s
config=177 trial=2 status=failed reached=3.13/14.14s x0_rmse= uV runtime=129.6s
config=177 trial=3 status=failed reached=5.42/14.14s x0_rmse= uV runtime=155.1s
config=177 trial=1244 status=success reached=14.03/14.03s x0_rmse=178.1888574813851 uV runtime=177.9s
config=177 trial=778 status=success reached=14.14/14.14s x0_rmse=208.12389454813467 uV runtime=177.7s
config=177 trial=312 status=success reached=14.14/14.14s x0_rmse=172.60784610004484 uV runtime=193.7s
saved: outputs/pysindy/raw_grid_threshold1000/simulations/config_0177_summary.json
