## SLURM PROLOG ###############################################################
##    Job ID : 3632315
##  Job Name : lfp_grid_sim
##  Nodelist : node2334
##      CPUs : 
##  Mem/Node : 16384 MB
## Directory : /oscar/data/tdesroch/dbuyukya/AidaCarneyProject
##   Job Started : Fri Jul  3 03:14:10 AM EDT 2026
###############################################################################
[1/1] configuration=199 degree=3 lowpass=80.0
config=199 trial=4 status=success reached=14.07/14.07s x0_rmse=41.115346411225474 uV runtime=655.6s
config=199 trial=1088 status=success reached=14.18/14.18s x0_rmse=54.968530222549894 uV runtime=621.4s
config=199 trial=622 status=success reached=14.18/14.18s x0_rmse=50.51310102475329 uV runtime=605.8s
config=199 trial=620 status=success reached=14.18/14.18s x0_rmse=56.69827810177483 uV runtime=617.6s
config=199 trial=2 status=success reached=14.18/14.18s x0_rmse=47.362606111670566 uV runtime=675.2s
config=199 trial=3 status=success reached=14.18/14.18s x0_rmse=42.33581244436116 uV runtime=671.4s
config=199 trial=1244 status=success reached=14.07/14.07s x0_rmse=54.20937117382075 uV runtime=507.8s
config=199 trial=778 status=success reached=14.18/14.18s x0_rmse=48.52570141662953 uV runtime=622.8s
config=199 trial=312 status=success reached=14.18/14.18s x0_rmse=45.09328182776421 uV runtime=649.0s
saved: outputs/pysindy/raw_grid_threshold100/simulations/config_0199_summary.json
