## SLURM PROLOG ###############################################################
##    Job ID : 3683167
##  Job Name : lfp_grid_sim
##  Nodelist : node2335
##      CPUs : 
##  Mem/Node : 4096 MB
## Directory : /oscar/data/tdesroch/dbuyukya/AidaCarneyProject
##   Job Started : Mon Jul  6 03:35:00 PM EDT 2026
###############################################################################
[1/1] configuration=67 degree=2 lowpass=35.0
config=67 trial=4 status=success reached=14.03/14.03s x0_rmse=33.99634332898489 uV runtime=366.0s
config=67 trial=1088 status=failed reached=11.31/14.14s x0_rmse= uV runtime=221.1s
config=67 trial=622 status=success reached=14.14/14.14s x0_rmse=43.61243144560284 uV runtime=372.4s
config=67 trial=620 status=success reached=14.14/14.14s x0_rmse=56.83475191494611 uV runtime=269.2s
config=67 trial=2 status=failed reached=10.48/14.14s x0_rmse= uV runtime=214.2s
config=67 trial=3 status=failed reached=13.05/14.14s x0_rmse= uV runtime=305.1s
config=67 trial=1244 status=failed reached=10.43/14.03s x0_rmse= uV runtime=268.5s
config=67 trial=778 status=failed reached=11.31/14.14s x0_rmse= uV runtime=215.5s
config=67 trial=312 status=failed reached=11.26/14.14s x0_rmse= uV runtime=251.2s
saved: outputs/pysindy/raw_grid_threshold1000/simulations/config_0067_summary.json
