## SLURM PROLOG ###############################################################
##    Job ID : 3631683
##  Job Name : lfp_grid_sim
##  Nodelist : node2333
##      CPUs : 
##  Mem/Node : 16384 MB
## Directory : /oscar/data/tdesroch/dbuyukya/AidaCarneyProject
##   Job Started : Fri Jul  3 01:18:54 AM EDT 2026
###############################################################################
[1/1] configuration=87 degree=3 lowpass=35.0
config=87 trial=4 status=failed reached=4.58/14.06s x0_rmse= uV runtime=100.8s
config=87 trial=1088 status=failed reached=2.56/14.18s x0_rmse= uV runtime=73.2s
config=87 trial=622 status=failed reached=3.00/14.17s x0_rmse= uV runtime=77.3s
config=87 trial=620 status=failed reached=5.80/14.17s x0_rmse= uV runtime=115.1s
config=87 trial=2 status=failed reached=3.24/14.17s x0_rmse= uV runtime=80.6s
config=87 trial=3 status=failed reached=4.20/14.17s x0_rmse= uV runtime=89.2s
config=87 trial=1244 status=failed reached=0.19/14.06s x0_rmse= uV runtime=52.1s
config=87 trial=778 status=failed reached=2.74/14.17s x0_rmse= uV runtime=75.7s
config=87 trial=312 status=failed reached=3.63/14.17s x0_rmse= uV runtime=86.0s
saved: outputs/pysindy/raw_grid_threshold100/simulations/config_0087_summary.json
