## SLURM PROLOG ###############################################################
##    Job ID : 3683026
##  Job Name : lfp_grid_sim
##  Nodelist : node2323
##      CPUs : 
##  Mem/Node : 4096 MB
## Directory : /oscar/data/tdesroch/dbuyukya/AidaCarneyProject
##   Job Started : Mon Jul  6 03:27:22 PM EDT 2026
###############################################################################
[1/1] configuration=27 degree=1 lowpass=35.0
config=27 trial=4 status=success reached=13.99/13.99s x0_rmse=32.53997897207348 uV runtime=23.4s
config=27 trial=1088 status=success reached=14.10/14.10s x0_rmse=53.8515548720086 uV runtime=24.7s
config=27 trial=622 status=success reached=14.10/14.10s x0_rmse=43.14838522824644 uV runtime=25.1s
config=27 trial=620 status=success reached=14.10/14.10s x0_rmse=51.64843593122597 uV runtime=16.9s
config=27 trial=2 status=success reached=14.10/14.10s x0_rmse=57.431781452085254 uV runtime=16.6s
config=27 trial=3 status=success reached=14.10/14.10s x0_rmse=49.80554290174578 uV runtime=22.6s
config=27 trial=1244 status=success reached=13.99/13.99s x0_rmse=62.340151347424516 uV runtime=25.6s
config=27 trial=778 status=success reached=14.10/14.10s x0_rmse=56.07262223538769 uV runtime=17.5s
config=27 trial=312 status=success reached=14.10/14.10s x0_rmse=49.22283720581017 uV runtime=23.6s
saved: outputs/pysindy/raw_grid_threshold1000/simulations/config_0027_summary.json
