## SLURM PROLOG ###############################################################
##    Job ID : 3684096
##  Job Name : lfp_grid_sim
##  Nodelist : node2333
##      CPUs : 
##  Mem/Node : 4096 MB
## Directory : /oscar/data/tdesroch/dbuyukya/AidaCarneyProject
##   Job Started : Mon Jul  6 04:21:27 PM EDT 2026
###############################################################################
[1/1] configuration=148 degree=2 lowpass=80.0
config=148 trial=4 status=success reached=14.08/14.08s x0_rmse=27.986819141698707 uV runtime=8.5s
config=148 trial=1088 status=success reached=14.19/14.19s x0_rmse=74.7694772869467 uV runtime=20.5s
config=148 trial=622 status=success reached=14.19/14.19s x0_rmse=59.866543705491246 uV runtime=19.9s
config=148 trial=620 status=success reached=14.19/14.19s x0_rmse=42.23954139032395 uV runtime=17.3s
config=148 trial=2 status=failed reached=10.94/14.19s x0_rmse= uV runtime=29.5s
config=148 trial=3 status=success reached=14.19/14.19s x0_rmse=43.334028296380126 uV runtime=16.8s
config=148 trial=1244 status=success reached=14.08/14.08s x0_rmse=52.48587284964366 uV runtime=16.5s
config=148 trial=778 status=success reached=14.19/14.19s x0_rmse=45.23987149672619 uV runtime=15.9s
config=148 trial=312 status=success reached=14.19/14.19s x0_rmse=40.85301754685299 uV runtime=15.4s
saved: outputs/pysindy/raw_grid_threshold1000/simulations/config_0148_summary.json
