## SLURM PROLOG ###############################################################
##    Job ID : 3683370
##  Job Name : lfp_grid_sim
##  Nodelist : node2301
##      CPUs : 
##  Mem/Node : 4096 MB
## Directory : /oscar/data/tdesroch/dbuyukya/AidaCarneyProject
##   Job Started : Mon Jul  6 03:42:40 PM EDT 2026
###############################################################################
[1/1] configuration=78 degree=3 lowpass=35.0
config=78 trial=4 status=success reached=14.08/14.08s x0_rmse=31.90930739986037 uV runtime=22.9s
config=78 trial=1088 status=success reached=14.19/14.19s x0_rmse=83.2225137736119 uV runtime=31.3s
config=78 trial=622 status=success reached=14.19/14.19s x0_rmse=77.28897597604784 uV runtime=30.6s
config=78 trial=620 status=success reached=14.19/14.19s x0_rmse=41.21057520144584 uV runtime=21.3s
config=78 trial=2 status=success reached=14.19/14.19s x0_rmse=83.08170723089077 uV runtime=32.4s
config=78 trial=3 status=success reached=14.19/14.19s x0_rmse=66.86750931903596 uV runtime=29.6s
config=78 trial=1244 status=success reached=14.08/14.08s x0_rmse=68.02322814431736 uV runtime=29.7s
config=78 trial=778 status=success reached=14.19/14.19s x0_rmse=55.60281695366134 uV runtime=27.6s
config=78 trial=312 status=success reached=14.19/14.19s x0_rmse=56.27028795511246 uV runtime=28.7s
saved: outputs/pysindy/raw_grid_threshold1000/simulations/config_0078_summary.json
