## SLURM PROLOG ###############################################################
##    Job ID : 3684474
##  Job Name : lfp_grid_sim
##  Nodelist : node2334
##      CPUs : 
##  Mem/Node : 4096 MB
## Directory : /oscar/data/tdesroch/dbuyukya/AidaCarneyProject
##   Job Started : Mon Jul  6 04:44:33 PM EDT 2026
###############################################################################
[1/1] configuration=200 degree=3 lowpass=80.0
config=200 trial=4 status=failed reached=0.51/14.07s x0_rmse= uV runtime=216.3s
config=200 trial=1088 status=success reached=14.18/14.18s x0_rmse=61.571976314877205 uV runtime=493.4s
config=200 trial=622 status=success reached=14.18/14.18s x0_rmse=57.95601330318152 uV runtime=499.4s
config=200 trial=620 status=success reached=14.18/14.18s x0_rmse=59.43369740972017 uV runtime=526.4s
config=200 trial=2 status=success reached=14.18/14.18s x0_rmse=56.00350920609865 uV runtime=498.0s
config=200 trial=3 status=success reached=14.18/14.18s x0_rmse=50.73420284253383 uV runtime=475.0s
config=200 trial=1244 status=success reached=14.07/14.07s x0_rmse=53.393042764976805 uV runtime=453.6s
config=200 trial=778 status=success reached=14.18/14.18s x0_rmse=56.27646052896004 uV runtime=478.6s
config=200 trial=312 status=success reached=14.18/14.18s x0_rmse=55.56330207865643 uV runtime=493.9s
saved: outputs/pysindy/raw_grid_threshold1000/simulations/config_0200_summary.json
