## SLURM PROLOG ###############################################################
##    Job ID : 3683059
##  Job Name : lfp_grid_sim
##  Nodelist : node2315
##      CPUs : 
##  Mem/Node : 4096 MB
## Directory : /oscar/data/tdesroch/dbuyukya/AidaCarneyProject
##   Job Started : Mon Jul  6 03:29:32 PM EDT 2026
###############################################################################
[1/1] configuration=36 degree=1 lowpass=35.0
config=36 trial=4 status=success reached=13.95/13.95s x0_rmse=30.391725619811567 uV runtime=33.9s
config=36 trial=1088 status=success reached=14.06/14.06s x0_rmse=59.691576802708575 uV runtime=31.2s
config=36 trial=622 status=success reached=14.06/14.06s x0_rmse=46.95740568293943 uV runtime=36.2s
config=36 trial=620 status=success reached=14.06/14.06s x0_rmse=50.189565727356324 uV runtime=40.9s
config=36 trial=2 status=success reached=14.06/14.06s x0_rmse=56.83180992371818 uV runtime=34.0s
config=36 trial=3 status=success reached=14.06/14.06s x0_rmse=46.76476511544929 uV runtime=30.2s
config=36 trial=1244 status=success reached=13.95/13.95s x0_rmse=72.18571693612553 uV runtime=32.0s
config=36 trial=778 status=success reached=14.06/14.06s x0_rmse=55.68132037548077 uV runtime=26.0s
config=36 trial=312 status=success reached=14.06/14.06s x0_rmse=54.145519536815904 uV runtime=29.8s
saved: outputs/pysindy/raw_grid_threshold1000/simulations/config_0036_summary.json
