## SLURM PROLOG ###############################################################
##    Job ID : 3632276
##  Job Name : lfp_grid_sim
##  Nodelist : node2339
##      CPUs : 
##  Mem/Node : 16384 MB
## Directory : /oscar/data/tdesroch/dbuyukya/AidaCarneyProject
##   Job Started : Fri Jul  3 03:03:37 AM EDT 2026
###############################################################################
[1/1] configuration=187 degree=3 lowpass=80.0
config=187 trial=4 status=success reached=14.07/14.07s x0_rmse=27.838538291891854 uV runtime=10.5s
config=187 trial=1088 status=success reached=14.18/14.18s x0_rmse=49.06296438880085 uV runtime=13.2s
config=187 trial=622 status=success reached=14.18/14.18s x0_rmse=44.19828992986359 uV runtime=14.2s
config=187 trial=620 status=success reached=14.18/14.18s x0_rmse=40.64581561457769 uV runtime=10.5s
config=187 trial=2 status=success reached=14.18/14.18s x0_rmse=48.801651100200864 uV runtime=14.4s
config=187 trial=3 status=success reached=14.18/14.18s x0_rmse=36.36203992871601 uV runtime=13.6s
config=187 trial=1244 status=success reached=14.07/14.07s x0_rmse=44.07885101026002 uV runtime=14.0s
config=187 trial=778 status=success reached=14.18/14.18s x0_rmse=40.954250155668994 uV runtime=13.6s
config=187 trial=312 status=success reached=14.18/14.18s x0_rmse=37.582008957065064 uV runtime=12.9s
saved: outputs/pysindy/raw_grid_threshold100/simulations/config_0187_summary.json
