## SLURM PROLOG ###############################################################
##    Job ID : 3683016
##  Job Name : lfp_grid_sim
##  Nodelist : node2322
##      CPUs : 
##  Mem/Node : 4096 MB
## Directory : /oscar/data/tdesroch/dbuyukya/AidaCarneyProject
##   Job Started : Mon Jul  6 03:27:25 PM EDT 2026
###############################################################################
[1/1] configuration=17 degree=1 lowpass=35.0
config=17 trial=4 status=success reached=14.03/14.03s x0_rmse=34.28853547617648 uV runtime=12.9s
config=17 trial=1088 status=success reached=14.14/14.14s x0_rmse=55.63652559276144 uV runtime=14.8s
config=17 trial=622 status=success reached=14.14/14.14s x0_rmse=44.04341053044232 uV runtime=20.3s
config=17 trial=620 status=success reached=14.14/14.14s x0_rmse=48.35409088459259 uV runtime=13.4s
config=17 trial=2 status=success reached=14.14/14.14s x0_rmse=61.86241213304222 uV runtime=11.0s
config=17 trial=3 status=success reached=14.14/14.14s x0_rmse=50.31595616112741 uV runtime=13.1s
config=17 trial=1244 status=success reached=14.03/14.03s x0_rmse=76.16265473721653 uV runtime=17.6s
config=17 trial=778 status=success reached=14.14/14.14s x0_rmse=55.247620964710116 uV runtime=12.9s
config=17 trial=312 status=success reached=14.14/14.14s x0_rmse=63.51194662159506 uV runtime=11.2s
saved: outputs/pysindy/raw_grid_threshold1000/simulations/config_0017_summary.json
