## SLURM PROLOG ###############################################################
##    Job ID : 3683025
##  Job Name : lfp_grid_sim
##  Nodelist : node2323
##      CPUs : 
##  Mem/Node : 4096 MB
## Directory : /oscar/data/tdesroch/dbuyukya/AidaCarneyProject
##   Job Started : Mon Jul  6 03:27:22 PM EDT 2026
###############################################################################
[1/1] configuration=26 degree=1 lowpass=35.0
config=26 trial=4 status=success reached=13.99/13.99s x0_rmse=32.308624603935904 uV runtime=20.8s
config=26 trial=1088 status=success reached=14.10/14.10s x0_rmse=56.638927099783515 uV runtime=22.2s
config=26 trial=622 status=success reached=14.10/14.10s x0_rmse=42.05862907707867 uV runtime=24.0s
config=26 trial=620 status=success reached=14.10/14.10s x0_rmse=49.81393577277348 uV runtime=15.7s
config=26 trial=2 status=success reached=14.10/14.10s x0_rmse=57.37446135543299 uV runtime=14.6s
config=26 trial=3 status=success reached=14.10/14.10s x0_rmse=49.47811296254147 uV runtime=21.3s
config=26 trial=1244 status=success reached=13.99/13.99s x0_rmse=64.1268543713087 uV runtime=23.0s
config=26 trial=778 status=success reached=14.10/14.10s x0_rmse=54.91272212774967 uV runtime=16.7s
config=26 trial=312 status=success reached=14.10/14.10s x0_rmse=48.39491115387418 uV runtime=20.7s
saved: outputs/pysindy/raw_grid_threshold1000/simulations/config_0026_summary.json
