## SLURM PROLOG ###############################################################
##    Job ID : 3684144
##  Job Name : lfp_grid_sim
##  Nodelist : node2340
##      CPUs : 
##  Mem/Node : 4096 MB
## Directory : /oscar/data/tdesroch/dbuyukya/AidaCarneyProject
##   Job Started : Mon Jul  6 04:24:55 PM EDT 2026
###############################################################################
[1/1] configuration=158 degree=2 lowpass=80.0
config=158 trial=4 status=failed reached=0.64/14.06s x0_rmse= uV runtime=25.4s
config=158 trial=1088 status=failed reached=0.73/14.18s x0_rmse= uV runtime=25.4s
config=158 trial=622 status=failed reached=0.78/14.17s x0_rmse= uV runtime=25.4s
config=158 trial=620 status=failed reached=0.64/14.17s x0_rmse= uV runtime=25.4s
config=158 trial=2 status=failed reached=0.97/14.17s x0_rmse= uV runtime=25.9s
config=158 trial=3 status=failed reached=0.92/14.17s x0_rmse= uV runtime=26.2s
config=158 trial=1244 status=failed reached=0.72/14.06s x0_rmse= uV runtime=25.0s
config=158 trial=778 status=failed reached=0.55/14.17s x0_rmse= uV runtime=25.9s
config=158 trial=312 status=failed reached=0.82/14.17s x0_rmse= uV runtime=25.6s
saved: outputs/pysindy/raw_grid_threshold1000/simulations/config_0158_summary.json
