## SLURM PROLOG ###############################################################
##    Job ID : 3632229
##  Job Name : lfp_grid_sim
##  Nodelist : node2334
##      CPUs : 
##  Mem/Node : 16384 MB
## Directory : /oscar/data/tdesroch/dbuyukya/AidaCarneyProject
##   Job Started : Fri Jul  3 02:58:05 AM EDT 2026
###############################################################################
[1/1] configuration=181 degree=3 lowpass=80.0
config=181 trial=4 status=success reached=14.08/14.08s x0_rmse=30.72093792054299 uV runtime=28.0s
config=181 trial=1088 status=success reached=14.20/14.20s x0_rmse=49.53066013567199 uV runtime=30.6s
config=181 trial=622 status=success reached=14.19/14.19s x0_rmse=1953.9014929941725 uV runtime=12.5s
config=181 trial=620 status=success reached=14.19/14.19s x0_rmse=41.469461131904964 uV runtime=26.0s
config=181 trial=2 status=success reached=14.19/14.19s x0_rmse=49.649263690498174 uV runtime=34.1s
config=181 trial=3 status=success reached=14.19/14.19s x0_rmse=34.196928043275726 uV runtime=29.0s
config=181 trial=1244 status=success reached=14.08/14.08s x0_rmse=43.84277879736631 uV runtime=30.5s
config=181 trial=778 status=success reached=14.19/14.19s x0_rmse=38.18748320651656 uV runtime=28.1s
config=181 trial=312 status=success reached=14.19/14.19s x0_rmse=37.87501957699503 uV runtime=27.7s
saved: outputs/pysindy/raw_grid_threshold100/simulations/config_0181_summary.json
