## SLURM PROLOG ###############################################################
##    Job ID : 3684060
##  Job Name : lfp_grid_sim
##  Nodelist : node2334
##      CPUs : 
##  Mem/Node : 4096 MB
## Directory : /oscar/data/tdesroch/dbuyukya/AidaCarneyProject
##   Job Started : Mon Jul  6 04:17:49 PM EDT 2026
###############################################################################
[1/1] configuration=142 degree=1 lowpass=80.0
config=142 trial=4 status=success reached=13.95/13.95s x0_rmse=32.22924040155233 uV runtime=23.7s
config=142 trial=1088 status=success reached=14.06/14.06s x0_rmse=59.00415590764617 uV runtime=24.7s
config=142 trial=622 status=success reached=14.06/14.06s x0_rmse=46.29985513357738 uV runtime=25.4s
config=142 trial=620 status=success reached=14.06/14.06s x0_rmse=46.20005771979827 uV runtime=23.7s
config=142 trial=2 status=success reached=14.06/14.06s x0_rmse=57.27227061650283 uV runtime=19.5s
config=142 trial=3 status=success reached=14.06/14.06s x0_rmse=42.68202478458793 uV runtime=25.5s
config=142 trial=1244 status=success reached=13.95/13.95s x0_rmse=66.74677737087005 uV runtime=25.7s
config=142 trial=778 status=success reached=14.06/14.06s x0_rmse=47.31477532724874 uV runtime=24.4s
config=142 trial=312 status=success reached=14.06/14.06s x0_rmse=52.242279524640786 uV runtime=23.9s
saved: outputs/pysindy/raw_grid_threshold1000/simulations/config_0142_summary.json
