## SLURM PROLOG ###############################################################
##    Job ID : 3683141
##  Job Name : lfp_grid_sim
##  Nodelist : node2339
##      CPUs : 
##  Mem/Node : 4096 MB
## Directory : /oscar/data/tdesroch/dbuyukya/AidaCarneyProject
##   Job Started : Mon Jul  6 03:33:14 PM EDT 2026
###############################################################################
[1/1] configuration=57 degree=2 lowpass=35.0
config=57 trial=4 status=failed reached=0.51/14.07s x0_rmse= uV runtime=65.9s
config=57 trial=1088 status=failed reached=0.26/14.18s x0_rmse= uV runtime=58.4s
config=57 trial=622 status=failed reached=0.61/14.18s x0_rmse= uV runtime=67.2s
config=57 trial=620 status=failed reached=0.36/14.18s x0_rmse= uV runtime=60.6s
config=57 trial=2 status=failed reached=0.30/14.18s x0_rmse= uV runtime=57.9s
config=57 trial=3 status=failed reached=3.61/14.18s x0_rmse= uV runtime=160.6s
config=57 trial=1244 status=failed reached=0.11/14.07s x0_rmse= uV runtime=42.4s
config=57 trial=778 status=failed reached=0.19/14.18s x0_rmse= uV runtime=57.1s
config=57 trial=312 status=failed reached=3.75/14.18s x0_rmse= uV runtime=120.2s
saved: outputs/pysindy/raw_grid_threshold1000/simulations/config_0057_summary.json
