## SLURM PROLOG ###############################################################
##    Job ID : 3632118
##  Job Name : lfp_grid_sim
##  Nodelist : node2342
##      CPUs : 
##  Mem/Node : 16384 MB
## Directory : /oscar/data/tdesroch/dbuyukya/AidaCarneyProject
##   Job Started : Fri Jul  3 02:31:23 AM EDT 2026
###############################################################################
[1/1] configuration=170 degree=2 lowpass=80.0
config=170 trial=4 status=success reached=13.99/13.99s x0_rmse=35.63160235725674 uV runtime=89.8s
config=170 trial=1088 status=success reached=14.10/14.10s x0_rmse=52.06763834143778 uV runtime=86.9s
config=170 trial=622 status=success reached=14.10/14.10s x0_rmse=46.037790416651845 uV runtime=88.4s
config=170 trial=620 status=success reached=14.10/14.10s x0_rmse=55.31291469765317 uV runtime=82.9s
config=170 trial=2 status=success reached=14.10/14.10s x0_rmse=61.427564368226854 uV runtime=76.5s
config=170 trial=3 status=success reached=14.10/14.10s x0_rmse=36.39019828064387 uV runtime=84.4s
config=170 trial=1244 status=success reached=13.99/13.99s x0_rmse=80.31493927062746 uV runtime=61.7s
config=170 trial=778 status=success reached=14.10/14.10s x0_rmse=61.931081513108296 uV runtime=74.9s
config=170 trial=312 status=success reached=14.10/14.10s x0_rmse=62.618478601130164 uV runtime=74.9s
saved: outputs/pysindy/raw_grid_threshold100/simulations/config_0170_summary.json
