## SLURM PROLOG ###############################################################
##    Job ID : 3630998
##  Job Name : lfp_grid_sim
##  Nodelist : node2334
##      CPUs : 
##  Mem/Node : 16384 MB
## Directory : /oscar/data/tdesroch/dbuyukya/AidaCarneyProject
##   Job Started : Fri Jul  3 04:33:39 AM EDT 2026
###############################################################################
[1/1] configuration=216 degree=3 lowpass=80.0
config=216 trial=4 status=success reached=13.95/13.95s x0_rmse=34.34820693986973 uV runtime=603.5s
config=216 trial=1088 status=success reached=14.06/14.06s x0_rmse=52.31595082383457 uV runtime=654.1s
config=216 trial=622 status=success reached=14.06/14.06s x0_rmse=44.44194628541801 uV runtime=652.2s
config=216 trial=620 status=success reached=14.06/14.06s x0_rmse=45.34194293936175 uV runtime=678.5s
config=216 trial=2 status=failed reached=4.36/14.06s x0_rmse= uV runtime=680.2s
config=216 trial=3 status=success reached=14.06/14.06s x0_rmse=38.324840839700805 uV runtime=640.3s
config=216 trial=1244 status=failed reached=1.56/13.95s x0_rmse= uV runtime=395.0s
config=216 trial=778 status=success reached=14.06/14.06s x0_rmse=45.52362657194772 uV runtime=655.8s
config=216 trial=312 status=failed reached=0.49/14.06s x0_rmse= uV runtime=311.4s
saved: outputs/pysindy/raw_grid_threshold100/simulations/config_0216_summary.json
