## SLURM PROLOG ###############################################################
##    Job ID : 3683058
##  Job Name : lfp_grid_sim
##  Nodelist : node2304
##      CPUs : 
##  Mem/Node : 4096 MB
## Directory : /oscar/data/tdesroch/dbuyukya/AidaCarneyProject
##   Job Started : Mon Jul  6 03:29:33 PM EDT 2026
###############################################################################
[1/1] configuration=35 degree=1 lowpass=35.0
config=35 trial=4 status=success reached=13.95/13.95s x0_rmse=30.088300451472154 uV runtime=30.6s
config=35 trial=1088 status=success reached=14.06/14.06s x0_rmse=58.763424174880534 uV runtime=28.9s
config=35 trial=622 status=success reached=14.06/14.06s x0_rmse=46.20943987503555 uV runtime=31.4s
config=35 trial=620 status=success reached=14.06/14.06s x0_rmse=48.77339636078861 uV runtime=29.9s
config=35 trial=2 status=success reached=14.06/14.06s x0_rmse=53.49234894884535 uV runtime=23.8s
config=35 trial=3 status=success reached=14.06/14.06s x0_rmse=46.20467605168845 uV runtime=26.9s
config=35 trial=1244 status=success reached=13.95/13.95s x0_rmse=66.46337844441753 uV runtime=28.8s
config=35 trial=778 status=success reached=14.06/14.06s x0_rmse=51.053387214972645 uV runtime=24.6s
config=35 trial=312 status=success reached=14.06/14.06s x0_rmse=49.90710704302407 uV runtime=29.3s
saved: outputs/pysindy/raw_grid_threshold1000/simulations/config_0035_summary.json
