## SLURM PROLOG ###############################################################
##    Job ID : 3609164
##  Job Name : lfp_grid_sim
##  Nodelist : node2303
##      CPUs : 
##  Mem/Node : 16384 MB
## Directory : /oscar/data/tdesroch/dbuyukya/AidaCarneyProject
##   Job Started : Thu Jul  2 12:03:56 AM EDT 2026
###############################################################################
[1/1] configuration=68 degree=2 lowpass=35.0
config=68 trial=4 status=success reached=14.03/14.03s runtime=455.8s
config=68 trial=1088 status=success reached=14.14/14.14s runtime=226.2s
config=68 trial=622 status=success reached=14.14/14.14s runtime=368.2s
config=68 trial=620 status=success reached=14.14/14.14s runtime=353.1s
config=68 trial=2 status=success reached=14.14/14.14s runtime=215.6s
config=68 trial=3 status=success reached=14.14/14.14s runtime=332.7s
config=68 trial=1244 status=success reached=14.03/14.03s runtime=328.9s
config=68 trial=778 status=success reached=14.14/14.14s runtime=220.0s
config=68 trial=312 status=success reached=14.14/14.14s runtime=320.4s
saved: /oscar/data/tdesroch/dbuyukya/AidaCarneyProject/outputs/pysindy/raw_grid/simulations/config_0068_summary.json
