## SLURM PROLOG ###############################################################
##    Job ID : 3683864
##  Job Name : lfp_grid_sim
##  Nodelist : node2339
##      CPUs : 
##  Mem/Node : 4096 MB
## Directory : /oscar/data/tdesroch/dbuyukya/AidaCarneyProject
##   Job Started : Mon Jul  6 04:06:23 PM EDT 2026
###############################################################################
[1/1] configuration=114 degree=1 lowpass=80.0
config=114 trial=4 status=success reached=14.08/14.08s x0_rmse=27.8167347003831 uV runtime=6.2s
config=114 trial=1088 status=success reached=14.19/14.19s x0_rmse=83.50284511514644 uV runtime=6.8s
config=114 trial=622 status=success reached=14.19/14.19s x0_rmse=75.3662565281033 uV runtime=6.7s
config=114 trial=620 status=success reached=14.19/14.19s x0_rmse=47.24116942358784 uV runtime=6.7s
config=114 trial=2 status=success reached=14.19/14.19s x0_rmse=77.19266771618577 uV runtime=6.6s
config=114 trial=3 status=success reached=14.19/14.19s x0_rmse=62.83703739069045 uV runtime=6.5s
config=114 trial=1244 status=success reached=14.08/14.08s x0_rmse=67.14494364500406 uV runtime=6.7s
config=114 trial=778 status=success reached=14.19/14.19s x0_rmse=53.242184038573534 uV runtime=6.6s
config=114 trial=312 status=success reached=14.19/14.19s x0_rmse=45.13289765781136 uV runtime=6.6s
saved: outputs/pysindy/raw_grid_threshold1000/simulations/config_0114_summary.json
