## SLURM PROLOG ###############################################################
##    Job ID : 3631861
##  Job Name : lfp_grid_sim
##  Nodelist : node2333
##      CPUs : 
##  Mem/Node : 16384 MB
## Directory : /oscar/data/tdesroch/dbuyukya/AidaCarneyProject
##   Job Started : Sat Jul  4 02:27:29 PM EDT 2026
###############################################################################
[1/1] configuration=130 degree=1 lowpass=80.0
config=130 trial=4 status=success reached=14.05/14.05s x0_rmse=33.24693565789641 uV runtime=37.2s
config=130 trial=1088 status=success reached=14.16/14.16s x0_rmse=68.09206857205652 uV runtime=27.2s
config=130 trial=622 status=success reached=14.16/14.16s x0_rmse=55.62402042570547 uV runtime=33.0s
config=130 trial=620 status=success reached=14.16/14.16s x0_rmse=42.91734647019112 uV runtime=44.6s
config=130 trial=2 status=success reached=14.16/14.16s x0_rmse=81.9558671121828 uV runtime=28.8s
config=130 trial=3 status=success reached=14.16/14.16s x0_rmse=59.18917636979232 uV runtime=25.9s
config=130 trial=1244 status=success reached=14.05/14.05s x0_rmse=101.90671247245919 uV runtime=30.2s
config=130 trial=778 status=success reached=14.16/14.16s x0_rmse=78.8707253309598 uV runtime=30.5s
config=130 trial=312 status=success reached=14.16/14.16s x0_rmse=43.26811224470789 uV runtime=29.9s
saved: outputs/pysindy/raw_grid_threshold100/simulations/config_0130_summary.json
