## SLURM PROLOG ###############################################################
##    Job ID : 3684498
##  Job Name : lfp_grid_sim
##  Nodelist : node2333
##      CPUs : 
##  Mem/Node : 4096 MB
## Directory : /oscar/data/tdesroch/dbuyukya/AidaCarneyProject
##   Job Started : Tue Jul  7 09:11:42 AM EDT 2026
###############################################################################
[1/1] configuration=215 degree=3 lowpass=80.0
config=215 trial=4 status=failed reached=9.19/13.95s x0_rmse= uV runtime=893.7s
config=215 trial=1088 status=failed reached=9.96/14.06s x0_rmse= uV runtime=942.6s
config=215 trial=622 status=failed reached=10.34/14.06s x0_rmse= uV runtime=653.3s
config=215 trial=620 status=failed reached=12.86/14.06s x0_rmse= uV runtime=1005.5s
config=215 trial=2 status=failed reached=3.69/14.06s x0_rmse= uV runtime=719.7s
config=215 trial=3 status=failed reached=10.97/14.06s x0_rmse= uV runtime=621.2s
config=215 trial=1244 status=success reached=13.95/13.95s x0_rmse=42.70090832331744 uV runtime=461.9s
config=215 trial=778 status=failed reached=3.93/14.06s x0_rmse= uV runtime=428.3s
config=215 trial=312 status=failed reached=0.57/14.06s x0_rmse= uV runtime=340.5s
saved: outputs/pysindy/raw_grid_threshold1000/simulations/config_0215_summary.json
