## SLURM PROLOG ###############################################################
##    Job ID : 3684126
##  Job Name : lfp_grid_sim
##  Nodelist : node2335
##      CPUs : 
##  Mem/Node : 4096 MB
## Directory : /oscar/data/tdesroch/dbuyukya/AidaCarneyProject
##   Job Started : Mon Jul  6 04:23:32 PM EDT 2026
###############################################################################
[1/1] configuration=154 degree=2 lowpass=80.0
config=154 trial=4 status=failed reached=2.21/14.08s x0_rmse= uV runtime=68.6s
config=154 trial=1088 status=success reached=14.19/14.19s x0_rmse=69.00129296840777 uV runtime=65.6s
config=154 trial=622 status=failed reached=2.45/14.18s x0_rmse= uV runtime=69.0s
config=154 trial=620 status=success reached=14.18/14.18s x0_rmse=42.13890311000473 uV runtime=80.5s
config=154 trial=2 status=failed reached=7.90/14.18s x0_rmse= uV runtime=86.7s
config=154 trial=3 status=failed reached=11.32/14.18s x0_rmse= uV runtime=99.5s
config=154 trial=1244 status=failed reached=5.86/14.08s x0_rmse= uV runtime=75.5s
config=154 trial=778 status=success reached=14.18/14.18s x0_rmse=40.34606487813337 uV runtime=75.3s
config=154 trial=312 status=failed reached=8.67/14.18s x0_rmse= uV runtime=86.4s
saved: outputs/pysindy/raw_grid_threshold1000/simulations/config_0154_summary.json
