## SLURM PROLOG ###############################################################
##    Job ID : 3632374
##  Job Name : lfp_grid_sim
##  Nodelist : node2335
##      CPUs : 
##  Mem/Node : 16384 MB
## Directory : /oscar/data/tdesroch/dbuyukya/AidaCarneyProject
##   Job Started : Fri Jul  3 03:30:46 AM EDT 2026
###############################################################################
[1/1] configuration=209 degree=3 lowpass=80.0
config=209 trial=4 status=failed reached=0.10/14.06s x0_rmse= uV runtime=245.7s
config=209 trial=1088 status=success reached=14.17/14.17s x0_rmse=51.12975924404553 uV runtime=768.5s
config=209 trial=622 status=failed reached=0.24/14.17s x0_rmse= uV runtime=256.5s
config=209 trial=620 status=failed reached=2.92/14.17s x0_rmse= uV runtime=694.9s
config=209 trial=2 status=failed reached=0.38/14.17s x0_rmse= uV runtime=284.8s
config=209 trial=3 status=failed reached=0.93/14.17s x0_rmse= uV runtime=284.5s
config=209 trial=1244 status=failed reached=0.11/14.06s x0_rmse= uV runtime=237.6s
config=209 trial=778 status=failed reached=0.09/14.17s x0_rmse= uV runtime=239.8s
config=209 trial=312 status=success reached=14.17/14.17s x0_rmse=41.45432105938053 uV runtime=729.5s
saved: outputs/pysindy/raw_grid_threshold100/simulations/config_0209_summary.json
