## SLURM PROLOG ###############################################################
##    Job ID : 3684447
##  Job Name : lfp_grid_sim
##  Nodelist : node2333
##      CPUs : 
##  Mem/Node : 4096 MB
## Directory : /oscar/data/tdesroch/dbuyukya/AidaCarneyProject
##   Job Started : Mon Jul  6 04:42:12 PM EDT 2026
###############################################################################
[1/1] configuration=191 degree=3 lowpass=80.0
config=191 trial=4 status=failed reached=1.15/14.08s x0_rmse= uV runtime=94.6s
config=191 trial=1088 status=failed reached=2.08/14.19s x0_rmse= uV runtime=109.9s
config=191 trial=622 status=failed reached=0.22/14.18s x0_rmse= uV runtime=74.1s
config=191 trial=620 status=failed reached=3.77/14.18s x0_rmse= uV runtime=159.5s
config=191 trial=2 status=failed reached=2.27/14.18s x0_rmse= uV runtime=110.0s
config=191 trial=3 status=failed reached=3.67/14.18s x0_rmse= uV runtime=144.2s
config=191 trial=1244 status=failed reached=2.76/14.08s x0_rmse= uV runtime=116.9s
config=191 trial=778 status=failed reached=1.15/14.18s x0_rmse= uV runtime=90.6s
config=191 trial=312 status=failed reached=3.54/14.18s x0_rmse= uV runtime=138.4s
saved: outputs/pysindy/raw_grid_threshold1000/simulations/config_0191_summary.json
