## SLURM PROLOG ###############################################################
##    Job ID : 3631270
##  Job Name : lfp_grid_sim
##  Nodelist : node2333
##      CPUs : 
##  Mem/Node : 16384 MB
## Directory : /oscar/data/tdesroch/dbuyukya/AidaCarneyProject
##   Job Started : Fri Jul  3 12:43:42 AM EDT 2026
###############################################################################
[1/1] configuration=63 degree=2 lowpass=35.0
config=63 trial=4 status=success reached=13.99/13.99s x0_rmse=34.450677662403166 uV runtime=126.4s
config=63 trial=1088 status=success reached=14.10/14.10s x0_rmse=57.60193169741887 uV runtime=111.8s
config=63 trial=622 status=success reached=14.10/14.10s x0_rmse=44.778666993497666 uV runtime=127.3s
config=63 trial=620 status=success reached=14.10/14.10s x0_rmse=49.684564014188 uV runtime=122.4s
config=63 trial=2 status=success reached=14.10/14.10s x0_rmse=52.5406790406897 uV runtime=122.1s
config=63 trial=3 status=failed reached=3.70/14.10s x0_rmse= uV runtime=72.6s
config=63 trial=1244 status=success reached=13.99/13.99s x0_rmse=76.2244064267728 uV runtime=128.3s
config=63 trial=778 status=success reached=14.10/14.10s x0_rmse=47.35404816092178 uV runtime=111.5s
config=63 trial=312 status=success reached=14.10/14.10s x0_rmse=50.2305757703735 uV runtime=130.0s
saved: outputs/pysindy/raw_grid_threshold100/simulations/config_0063_summary.json
