## SLURM PROLOG ###############################################################
##    Job ID : 3683587
##  Job Name : lfp_grid_sim
##  Nodelist : node2339
##      CPUs : 
##  Mem/Node : 4096 MB
## Directory : /oscar/data/tdesroch/dbuyukya/AidaCarneyProject
##   Job Started : Mon Jul  6 03:48:33 PM EDT 2026
###############################################################################
[1/1] configuration=97 degree=3 lowpass=35.0
config=97 trial=4 status=failed reached=5.36/13.99s x0_rmse= uV runtime=234.0s
config=97 trial=1088 status=success reached=14.10/14.10s x0_rmse=56.79660465685537 uV runtime=283.5s
config=97 trial=622 status=failed reached=5.90/14.10s x0_rmse= uV runtime=247.6s
config=97 trial=620 status=failed reached=3.72/14.10s x0_rmse= uV runtime=185.1s
config=97 trial=2 status=failed reached=2.84/14.10s x0_rmse= uV runtime=169.1s
config=97 trial=3 status=success reached=14.10/14.10s x0_rmse=41.25527034576242 uV runtime=278.8s
config=97 trial=1244 status=failed reached=3.97/13.99s x0_rmse= uV runtime=206.2s
config=97 trial=778 status=failed reached=2.61/14.10s x0_rmse= uV runtime=160.8s
config=97 trial=312 status=failed reached=2.32/14.10s x0_rmse= uV runtime=170.9s
saved: outputs/pysindy/raw_grid_threshold1000/simulations/config_0097_summary.json
