## SLURM PROLOG ###############################################################
##    Job ID : 3683673
##  Job Name : lfp_grid_sim
##  Nodelist : node2333
##      CPUs : 
##  Mem/Node : 4096 MB
## Directory : /oscar/data/tdesroch/dbuyukya/AidaCarneyProject
##   Job Started : Mon Jul  6 03:56:51 PM EDT 2026
###############################################################################
[1/1] configuration=103 degree=3 lowpass=35.0
config=103 trial=4 status=failed reached=6.41/14.03s x0_rmse= uV runtime=788.8s
config=103 trial=1088 status=failed reached=11.72/14.14s x0_rmse= uV runtime=1011.8s
config=103 trial=622 status=failed reached=5.83/14.14s x0_rmse= uV runtime=679.2s
config=103 trial=620 status=failed reached=6.52/14.14s x0_rmse= uV runtime=772.2s
config=103 trial=2 status=failed reached=5.65/14.14s x0_rmse= uV runtime=590.1s
config=103 trial=3 status=failed reached=2.57/14.14s x0_rmse= uV runtime=471.6s
config=103 trial=1244 status=failed reached=0.22/14.03s x0_rmse= uV runtime=281.7s
config=103 trial=778 status=failed reached=4.49/14.14s x0_rmse= uV runtime=564.1s
config=103 trial=312 status=failed reached=2.11/14.14s x0_rmse= uV runtime=414.5s
saved: outputs/pysindy/raw_grid_threshold1000/simulations/config_0103_summary.json
