## SLURM PROLOG ###############################################################
##    Job ID : 3631008
##  Job Name : lfp_grid_sim
##  Nodelist : node2308
##      CPUs : 
##  Mem/Node : 16384 MB
## Directory : /oscar/data/tdesroch/dbuyukya/AidaCarneyProject
##   Job Started : Fri Jul  3 12:12:31 AM EDT 2026
###############################################################################
[1/1] configuration=9 degree=1 lowpass=35.0
config=9 trial=4 status=success reached=14.07/14.07s x0_rmse=28.149578382830278 uV runtime=4.4s
config=9 trial=1088 status=success reached=14.18/14.18s x0_rmse=60.19046715687412 uV runtime=4.4s
config=9 trial=622 status=success reached=14.18/14.18s x0_rmse=57.742042769814326 uV runtime=4.6s
config=9 trial=620 status=success reached=14.18/14.18s x0_rmse=40.14065219860456 uV runtime=4.3s
config=9 trial=2 status=success reached=14.18/14.18s x0_rmse=58.21065990882868 uV runtime=4.2s
config=9 trial=3 status=success reached=14.18/14.18s x0_rmse=48.94154496924336 uV runtime=4.4s
config=9 trial=1244 status=success reached=14.07/14.07s x0_rmse=59.91055710396027 uV runtime=4.0s
config=9 trial=778 status=success reached=14.18/14.18s x0_rmse=46.51471030335725 uV runtime=4.3s
config=9 trial=312 status=success reached=14.18/14.18s x0_rmse=42.18831838780441 uV runtime=4.0s
saved: outputs/pysindy/raw_grid_threshold100/simulations/config_0009_summary.json
