## SLURM PROLOG ###############################################################
##    Job ID : 3631885
##  Job Name : lfp_grid_sim
##  Nodelist : node2335
##      CPUs : 
##  Mem/Node : 16384 MB
## Directory : /oscar/data/tdesroch/dbuyukya/AidaCarneyProject
##   Job Started : Fri Jul  3 01:54:08 AM EDT 2026
###############################################################################
[1/1] configuration=138 degree=1 lowpass=80.0
config=138 trial=4 status=success reached=14.06/14.06s x0_rmse=5609.209613590242 uV runtime=173.9s
config=138 trial=1088 status=success reached=14.17/14.17s x0_rmse=3342.802089894775 uV runtime=171.4s
config=138 trial=622 status=success reached=14.17/14.17s x0_rmse=4465.701274611196 uV runtime=165.5s
config=138 trial=620 status=success reached=14.17/14.17s x0_rmse=3313.5416815793137 uV runtime=151.7s
config=138 trial=2 status=success reached=14.17/14.17s x0_rmse=4663.344505446427 uV runtime=157.0s
config=138 trial=3 status=success reached=14.17/14.17s x0_rmse=3290.797218859775 uV runtime=144.5s
config=138 trial=1244 status=success reached=14.06/14.06s x0_rmse=1922.6639000280588 uV runtime=139.7s
config=138 trial=778 status=success reached=14.17/14.17s x0_rmse=8458.872673442444 uV runtime=160.2s
config=138 trial=312 status=success reached=14.17/14.17s x0_rmse=1946.814343462294 uV runtime=158.5s
saved: outputs/pysindy/raw_grid_threshold100/simulations/config_0138_summary.json
