## SLURM PROLOG ###############################################################
##    Job ID : 3684175
##  Job Name : lfp_grid_sim
##  Nodelist : node2338
##      CPUs : 
##  Mem/Node : 4096 MB
## Directory : /oscar/data/tdesroch/dbuyukya/AidaCarneyProject
##   Job Started : Mon Jul  6 04:25:57 PM EDT 2026
###############################################################################
[1/1] configuration=164 degree=2 lowpass=80.0
config=164 trial=4 status=success reached=14.07/14.07s x0_rmse=32.98948978388524 uV runtime=236.7s
config=164 trial=1088 status=success reached=14.18/14.18s x0_rmse=57800.542913361496 uV runtime=179.0s
config=164 trial=622 status=success reached=14.18/14.18s x0_rmse=61.302085538833836 uV runtime=164.7s
config=164 trial=620 status=success reached=14.18/14.18s x0_rmse=47.35214407301341 uV runtime=196.2s
config=164 trial=2 status=success reached=14.18/14.18s x0_rmse=149.86068453140356 uV runtime=131.8s
config=164 trial=3 status=success reached=14.18/14.18s x0_rmse=146.66479942398476 uV runtime=129.6s
config=164 trial=1244 status=success reached=14.07/14.07s x0_rmse=164.3944457995252 uV runtime=123.3s
config=164 trial=778 status=success reached=14.18/14.18s x0_rmse=48.55367249642899 uV runtime=193.3s
config=164 trial=312 status=success reached=14.18/14.18s x0_rmse=109.67233694032304 uV runtime=139.6s
saved: outputs/pysindy/raw_grid_threshold1000/simulations/config_0164_summary.json
