## SLURM PROLOG ###############################################################
##    Job ID : 3631272
##  Job Name : lfp_grid_sim
##  Nodelist : node2342
##      CPUs : 
##  Mem/Node : 16384 MB
## Directory : /oscar/data/tdesroch/dbuyukya/AidaCarneyProject
##   Job Started : Fri Jul  3 12:44:12 AM EDT 2026
###############################################################################
[1/1] configuration=64 degree=2 lowpass=35.0
config=64 trial=4 status=failed reached=14.06/14.06s x0_rmse= uV runtime=344.6s
config=64 trial=1088 status=failed reached=6.30/14.17s x0_rmse= uV runtime=184.4s
config=64 trial=622 status=failed reached=7.02/14.17s x0_rmse= uV runtime=192.8s
config=64 trial=620 status=failed reached=11.44/14.17s x0_rmse= uV runtime=261.0s
config=64 trial=2 status=failed reached=4.73/14.17s x0_rmse= uV runtime=142.2s
config=64 trial=3 status=failed reached=4.92/14.17s x0_rmse= uV runtime=136.4s
config=64 trial=1244 status=failed reached=2.84/14.06s x0_rmse= uV runtime=108.5s
config=64 trial=778 status=failed reached=6.31/14.17s x0_rmse= uV runtime=169.4s
config=64 trial=312 status=failed reached=8.86/14.17s x0_rmse= uV runtime=210.1s
saved: outputs/pysindy/raw_grid_threshold100/simulations/config_0064_summary.json
