## SLURM PROLOG ###############################################################
##    Job ID : 3666369
##  Job Name : lfp_raw_grid
##  Nodelist : node2337
##      CPUs : 
##  Mem/Node : 16384 MB
## Directory : /oscar/data/tdesroch/dbuyukya/AidaCarneyProject
##   Job Started : Mon Jul  6 10:22:43 AM EDT 2026
###############################################################################
[1/36] status=success lowpass=80.0 degree=3 delays=2 delay=1 smooth=0 terms=20 runtime=0.6s
[2/36] status=success lowpass=80.0 degree=3 delays=2 delay=1 smooth=5 terms=20 runtime=0.3s
[3/36] status=success lowpass=80.0 degree=3 delays=2 delay=1 smooth=9 terms=20 runtime=0.3s
[4/36] status=success lowpass=80.0 degree=3 delays=2 delay=2 smooth=0 terms=20 runtime=0.2s
[5/36] status=success lowpass=80.0 degree=3 delays=2 delay=2 smooth=5 terms=19 runtime=0.3s
[6/36] status=success lowpass=80.0 degree=3 delays=2 delay=2 smooth=9 terms=20 runtime=0.3s
[7/36] status=success lowpass=80.0 degree=3 delays=2 delay=5 smooth=0 terms=19 runtime=0.3s
[8/36] status=success lowpass=80.0 degree=3 delays=2 delay=5 smooth=5 terms=20 runtime=0.2s
[9/36] status=success lowpass=80.0 degree=3 delays=2 delay=5 smooth=9 terms=19 runtime=0.3s
[10/36] status=success lowpass=80.0 degree=3 delays=4 delay=1 smooth=0 terms=135 runtime=2.2s
[11/36] status=success lowpass=80.0 degree=3 delays=4 delay=1 smooth=5 terms=132 runtime=2.0s
[12/36] status=success lowpass=80.0 degree=3 delays=4 delay=1 smooth=9 terms=137 runtime=2.0s
[13/36] status=success lowpass=80.0 degree=3 delays=4 delay=2 smooth=0 terms=139 runtime=2.1s
[14/36] status=success lowpass=80.0 degree=3 delays=4 delay=2 smooth=5 terms=135 runtime=2.0s
[15/36] status=success lowpass=80.0 degree=3 delays=4 delay=2 smooth=9 terms=136 runtime=2.0s
[16/36] status=success lowpass=80.0 degree=3 delays=4 delay=5 smooth=0 terms=139 runtime=1.9s
[17/36] status=success lowpass=80.0 degree=3 delays=4 delay=5 smooth=5 terms=137 runtime=1.6s
[18/36] status=success lowpass=80.0 degree=3 delays=4 delay=5 smooth=9 terms=138 runtime=1.7s
[19/36] status=success lowpass=80.0 degree=3 delays=6 delay=1 smooth=0 terms=478 runtime=11.1s
[20/36] status=success lowpass=80.0 degree=3 delays=6 delay=1 smooth=5 terms=475 runtime=13.6s
[21/36] status=success lowpass=80.0 degree=3 delays=6 delay=1 smooth=9 terms=471 runtime=12.1s
[22/36] status=success lowpass=80.0 degree=3 delays=6 delay=2 smooth=0 terms=478 runtime=13.6s
[23/36] status=success lowpass=80.0 degree=3 delays=6 delay=2 smooth=5 terms=476 runtime=12.5s
[24/36] status=success lowpass=80.0 degree=3 delays=6 delay=2 smooth=9 terms=484 runtime=11.6s
[25/36] status=success lowpass=80.0 degree=3 delays=6 delay=5 smooth=0 terms=466 runtime=12.9s
[26/36] status=success lowpass=80.0 degree=3 delays=6 delay=5 smooth=5 terms=469 runtime=11.2s
[27/36] status=success lowpass=80.0 degree=3 delays=6 delay=5 smooth=9 terms=472 runtime=12.7s
[28/36] status=success lowpass=80.0 degree=3 delays=8 delay=1 smooth=0 terms=1240 runtime=37.5s
[29/36] status=success lowpass=80.0 degree=3 delays=8 delay=1 smooth=5 terms=1238 runtime=43.8s
[30/36] status=success lowpass=80.0 degree=3 delays=8 delay=1 smooth=9 terms=1222 runtime=35.0s
[31/36] status=success lowpass=80.0 degree=3 delays=8 delay=2 smooth=0 terms=1213 runtime=36.9s
[32/36] status=success lowpass=80.0 degree=3 delays=8 delay=2 smooth=5 terms=1205 runtime=37.1s
[33/36] status=success lowpass=80.0 degree=3 delays=8 delay=2 smooth=9 terms=1216 runtime=35.6s
[34/36] status=success lowpass=80.0 degree=3 delays=8 delay=5 smooth=0 terms=1203 runtime=34.7s
[35/36] status=success lowpass=80.0 degree=3 delays=8 delay=5 smooth=5 terms=1201 runtime=42.1s
[36/36] status=success lowpass=80.0 degree=3 delays=8 delay=5 smooth=9 terms=1202 runtime=36.0s
saved: outputs/pysindy/raw_grid_threshold1000/parts/part_lp80_degree3.csv
saved: outputs/pysindy/raw_grid_threshold1000/parts/part_lp80_degree3_equations.txt
saved: outputs/pysindy/raw_grid_threshold1000/parts/part_lp80_degree3_metadata.json
successful fits: 36/36
