## SLURM PROLOG ###############################################################
##    Job ID : 3650935
##  Job Name : lfp_grid_sim
##  Nodelist : node2337
##      CPUs : 
##  Mem/Node : 16384 MB
## Directory : /oscar/data/tdesroch/dbuyukya/AidaCarneyProject
##   Job Started : Sun Jul  5 12:46:35 AM EDT 2026
###############################################################################
[1/1] configuration=119 degree=1 lowpass=80.0
config=119 trial=4 status=success reached=14.08/14.08s x0_rmse=35.27180329789313 uV runtime=46.3s
config=119 trial=1088 status=success reached=14.19/14.19s x0_rmse=51.536298396270496 uV runtime=29.9s
config=119 trial=622 status=success reached=14.18/14.18s x0_rmse=75.1800985368759 uV runtime=26.5s
config=119 trial=620 status=success reached=14.18/14.18s x0_rmse=42.01967462645983 uV runtime=38.0s
config=119 trial=2 status=success reached=14.18/14.18s x0_rmse=53.86922595587435 uV runtime=25.5s
config=119 trial=3 status=success reached=14.18/14.18s x0_rmse=37.85452727904419 uV runtime=25.7s
config=119 trial=1244 status=success reached=14.08/14.08s x0_rmse=58.79015770552219 uV runtime=24.8s
config=119 trial=778 status=success reached=14.18/14.18s x0_rmse=48.69502630160369 uV runtime=28.3s
config=119 trial=312 status=success reached=14.18/14.18s x0_rmse=42.36572888291549 uV runtime=25.2s
saved: outputs/pysindy/raw_grid_threshold100/simulations/config_0119_summary.json
