## SLURM PROLOG ###############################################################
##    Job ID : 3611806
##  Job Name : lfp_grid_sim
##  Nodelist : node2334
##      CPUs : 
##  Mem/Node : 16384 MB
## Directory : /oscar/data/tdesroch/dbuyukya/AidaCarneyProject
##   Job Started : Wed Jul  1 06:46:46 PM EDT 2026
###############################################################################
[1/1] configuration=186 degree=3 lowpass=80.0
config=186 trial=4 status=success reached=14.08/14.08s runtime=19.7s
config=186 trial=1088 status=success reached=14.19/14.19s runtime=36.5s
config=186 trial=622 status=success reached=14.19/14.19s runtime=35.8s
config=186 trial=620 status=success reached=14.19/14.19s runtime=28.6s
config=186 trial=2 status=success reached=14.19/14.19s runtime=34.8s
config=186 trial=3 status=success reached=14.19/14.19s runtime=30.3s
config=186 trial=1244 status=success reached=14.08/14.08s runtime=30.2s
config=186 trial=778 status=success reached=14.19/14.19s runtime=29.1s
config=186 trial=312 status=success reached=14.19/14.19s runtime=30.6s
saved: /oscar/data/tdesroch/dbuyukya/AidaCarneyProject/outputs/pysindy/raw_grid/simulations/config_0186_summary.json
