## SLURM PROLOG ###############################################################
##    Job ID : 3609074
##  Job Name : lfp_grid_sim
##  Nodelist : node2307
##      CPUs : 
##  Mem/Node : 16384 MB
## Directory : /oscar/data/tdesroch/dbuyukya/AidaCarneyProject
##   Job Started : Wed Jul  1 11:49:18 PM EDT 2026
###############################################################################
[1/1] configuration=35 degree=1 lowpass=35.0
config=35 trial=4 status=success reached=13.95/13.95s runtime=30.8s
config=35 trial=1088 status=success reached=14.06/14.06s runtime=29.8s
config=35 trial=622 status=success reached=14.06/14.06s runtime=30.8s
config=35 trial=620 status=success reached=14.06/14.06s runtime=28.4s
config=35 trial=2 status=success reached=14.06/14.06s runtime=22.5s
config=35 trial=3 status=success reached=14.06/14.06s runtime=28.3s
config=35 trial=1244 status=success reached=13.95/13.95s runtime=28.3s
config=35 trial=778 status=success reached=14.06/14.06s runtime=26.1s
config=35 trial=312 status=success reached=14.06/14.06s runtime=27.8s
saved: /oscar/data/tdesroch/dbuyukya/AidaCarneyProject/outputs/pysindy/raw_grid/simulations/config_0035_summary.json
