## SLURM PROLOG ###############################################################
##    Job ID : 3631958
##  Job Name : lfp_grid_sim
##  Nodelist : node2334
##      CPUs : 
##  Mem/Node : 16384 MB
## Directory : /oscar/data/tdesroch/dbuyukya/AidaCarneyProject
##   Job Started : Fri Jul  3 02:02:42 AM EDT 2026
###############################################################################
[1/1] configuration=142 degree=1 lowpass=80.0
config=142 trial=4 status=success reached=13.95/13.95s x0_rmse=32.29327116185169 uV runtime=26.5s
config=142 trial=1088 status=success reached=14.06/14.06s x0_rmse=59.158050900060324 uV runtime=26.6s
config=142 trial=622 status=success reached=14.06/14.06s x0_rmse=46.41357865986258 uV runtime=28.7s
config=142 trial=620 status=success reached=14.06/14.06s x0_rmse=46.29811039351804 uV runtime=27.7s
config=142 trial=2 status=success reached=14.06/14.06s x0_rmse=57.39402651945063 uV runtime=21.4s
config=142 trial=3 status=success reached=14.06/14.06s x0_rmse=42.80927231507369 uV runtime=27.9s
config=142 trial=1244 status=success reached=13.95/13.95s x0_rmse=67.08520834311442 uV runtime=29.2s
config=142 trial=778 status=success reached=14.06/14.06s x0_rmse=47.45138511628373 uV runtime=25.6s
config=142 trial=312 status=success reached=14.06/14.06s x0_rmse=52.39526318382592 uV runtime=26.9s
saved: outputs/pysindy/raw_grid_threshold100/simulations/config_0142_summary.json
