## SLURM PROLOG ###############################################################
##    Job ID : 3611804
##  Job Name : lfp_grid_sim
##  Nodelist : node2334
##      CPUs : 
##  Mem/Node : 16384 MB
## Directory : /oscar/data/tdesroch/dbuyukya/AidaCarneyProject
##   Job Started : Wed Jul  1 06:45:45 PM EDT 2026
###############################################################################
[1/1] configuration=184 degree=3 lowpass=80.0
config=184 trial=4 status=success reached=14.08/14.08s runtime=9.6s
config=184 trial=1088 status=success reached=14.19/14.19s runtime=23.9s
config=184 trial=622 status=success reached=14.19/14.19s runtime=23.3s
config=184 trial=620 status=success reached=14.19/14.19s runtime=21.6s
config=184 trial=2 status=success reached=14.19/14.19s runtime=30.7s
config=184 trial=3 status=success reached=14.19/14.19s runtime=24.9s
config=184 trial=1244 status=success reached=14.08/14.08s runtime=25.1s
config=184 trial=778 status=success reached=14.19/14.19s runtime=24.0s
config=184 trial=312 status=success reached=14.19/14.19s runtime=23.5s
saved: /oscar/data/tdesroch/dbuyukya/AidaCarneyProject/outputs/pysindy/raw_grid/simulations/config_0184_summary.json
