## SLURM PROLOG ###############################################################
##    Job ID : 3609248
##  Job Name : lfp_grid_sim
##  Nodelist : node2342
##      CPUs : 
##  Mem/Node : 16384 MB
## Directory : /oscar/data/tdesroch/dbuyukya/AidaCarneyProject
##   Job Started : Thu Jul  2 12:17:02 AM EDT 2026
###############################################################################
[1/1] configuration=81 degree=3 lowpass=35.0
config=81 trial=4 status=success reached=14.07/14.07s runtime=13.8s
config=81 trial=1088 status=success reached=14.18/14.18s runtime=17.3s
config=81 trial=622 status=success reached=14.18/14.18s runtime=18.0s
config=81 trial=620 status=success reached=14.18/14.18s runtime=12.5s
config=81 trial=2 status=success reached=14.18/14.18s runtime=18.2s
config=81 trial=3 status=success reached=14.18/14.18s runtime=17.8s
config=81 trial=1244 status=success reached=14.07/14.07s runtime=17.8s
config=81 trial=778 status=success reached=14.18/14.18s runtime=17.2s
config=81 trial=312 status=success reached=14.18/14.18s runtime=16.0s
saved: /oscar/data/tdesroch/dbuyukya/AidaCarneyProject/outputs/pysindy/raw_grid/simulations/config_0081_summary.json
