## SLURM PROLOG ###############################################################
##    Job ID : 3683312
##  Job Name : lfp_grid_sim
##  Nodelist : node2334
##      CPUs : 
##  Mem/Node : 4096 MB
## Directory : /oscar/data/tdesroch/dbuyukya/AidaCarneyProject
##   Job Started : Mon Jul  6 03:39:46 PM EDT 2026
###############################################################################
[1/1] configuration=71 degree=2 lowpass=35.0
config=71 trial=4 status=success reached=13.95/13.95s x0_rmse=36.88117068320849 uV runtime=180.5s
config=71 trial=1088 status=success reached=14.06/14.06s x0_rmse=56.09616237738673 uV runtime=198.0s
config=71 trial=622 status=failed reached=6.46/14.06s x0_rmse= uV runtime=140.7s
config=71 trial=620 status=success reached=14.06/14.06s x0_rmse=54.28516097817235 uV runtime=170.4s
config=71 trial=2 status=success reached=14.06/14.06s x0_rmse=45.749607543618964 uV runtime=148.6s
config=71 trial=3 status=success reached=14.06/14.06s x0_rmse=55.81321195348817 uV runtime=154.7s
config=71 trial=1244 status=failed reached=5.31/13.95s x0_rmse= uV runtime=120.7s
config=71 trial=778 status=success reached=14.06/14.06s x0_rmse=48.889590609250924 uV runtime=156.0s
config=71 trial=312 status=failed reached=5.85/14.06s x0_rmse= uV runtime=124.3s
saved: outputs/pysindy/raw_grid_threshold1000/simulations/config_0071_summary.json
