## SLURM PROLOG ###############################################################
##    Job ID : 3609080
##  Job Name : lfp_grid_sim
##  Nodelist : node2342
##      CPUs : 
##  Mem/Node : 16384 MB
## Directory : /oscar/data/tdesroch/dbuyukya/AidaCarneyProject
##   Job Started : Wed Jul  1 11:53:20 PM EDT 2026
###############################################################################
[1/1] configuration=39 degree=2 lowpass=35.0
config=39 trial=4 status=success reached=14.08/14.08s runtime=12.8s
config=39 trial=1088 status=success reached=14.20/14.20s runtime=15.3s
config=39 trial=622 status=success reached=14.19/14.19s runtime=15.1s
config=39 trial=620 status=success reached=14.19/14.19s runtime=12.8s
config=39 trial=2 status=success reached=14.19/14.19s runtime=15.0s
config=39 trial=3 status=success reached=14.19/14.19s runtime=14.4s
config=39 trial=1244 status=success reached=14.08/14.08s runtime=14.3s
config=39 trial=778 status=success reached=14.19/14.19s runtime=14.2s
config=39 trial=312 status=success reached=14.19/14.19s runtime=14.0s
saved: /oscar/data/tdesroch/dbuyukya/AidaCarneyProject/outputs/pysindy/raw_grid/simulations/config_0039_summary.json
