## SLURM PROLOG ###############################################################
##    Job ID : 3610775
##  Job Name : lfp_grid_sim
##  Nodelist : node2340
##      CPUs : 
##  Mem/Node : 16384 MB
## Directory : /oscar/data/tdesroch/dbuyukya/AidaCarneyProject
##   Job Started : Wed Jul  1 05:02:40 PM EDT 2026
###############################################################################
[1/1] configuration=120 degree=1 lowpass=80.0
config=120 trial=4 status=success reached=14.08/14.08s runtime=37.3s
config=120 trial=1088 status=success reached=14.19/14.19s runtime=40.8s
config=120 trial=622 status=success reached=14.18/14.18s runtime=33.1s
config=120 trial=620 status=success reached=14.18/14.18s runtime=37.2s
config=120 trial=2 status=success reached=14.18/14.18s runtime=34.7s
config=120 trial=3 status=success reached=14.18/14.18s runtime=43.5s
config=120 trial=1244 status=success reached=14.08/14.08s runtime=27.3s
config=120 trial=778 status=success reached=14.18/14.18s runtime=35.1s
config=120 trial=312 status=success reached=14.18/14.18s runtime=31.3s
saved: /oscar/data/tdesroch/dbuyukya/AidaCarneyProject/outputs/pysindy/raw_grid/simulations/config_0120_summary.json
