## SLURM PROLOG ###############################################################
##    Job ID : 3683412
##  Job Name : lfp_grid_sim
##  Nodelist : node2339
##      CPUs : 
##  Mem/Node : 4096 MB
## Directory : /oscar/data/tdesroch/dbuyukya/AidaCarneyProject
##   Job Started : Mon Jul  6 03:44:48 PM EDT 2026
###############################################################################
[1/1] configuration=85 degree=3 lowpass=35.0
config=85 trial=4 status=success reached=14.06/14.06s x0_rmse=62.932244063103276 uV runtime=145.0s
config=85 trial=1088 status=success reached=14.18/14.18s x0_rmse=76.80670884022878 uV runtime=135.9s
config=85 trial=622 status=success reached=14.17/14.17s x0_rmse=78.98641216602083 uV runtime=136.7s
config=85 trial=620 status=success reached=14.17/14.17s x0_rmse=68.65838222769318 uV runtime=148.5s
config=85 trial=2 status=success reached=14.17/14.17s x0_rmse=75.42565257995545 uV runtime=134.6s
config=85 trial=3 status=success reached=14.17/14.17s x0_rmse=67.3894909785989 uV runtime=134.6s
config=85 trial=1244 status=failed reached=0.23/14.06s x0_rmse= uV runtime=72.7s
config=85 trial=778 status=success reached=14.17/14.17s x0_rmse=75.51173339537753 uV runtime=135.3s
config=85 trial=312 status=success reached=14.17/14.17s x0_rmse=77.30640064210827 uV runtime=137.4s
saved: outputs/pysindy/raw_grid_threshold1000/simulations/config_0085_summary.json
