## SLURM PROLOG ###############################################################
##    Job ID : 3609078
##  Job Name : lfp_grid_sim
##  Nodelist : node2301
##      CPUs : 
##  Mem/Node : 16384 MB
## Directory : /oscar/data/tdesroch/dbuyukya/AidaCarneyProject
##   Job Started : Wed Jul  1 11:52:51 PM EDT 2026
###############################################################################
[1/1] configuration=38 degree=2 lowpass=35.0
config=38 trial=4 status=success reached=14.08/14.08s runtime=13.9s
config=38 trial=1088 status=success reached=14.20/14.20s runtime=16.3s
config=38 trial=622 status=success reached=14.19/14.19s runtime=16.2s
config=38 trial=620 status=success reached=14.19/14.19s runtime=13.9s
config=38 trial=2 status=success reached=14.19/14.19s runtime=16.4s
config=38 trial=3 status=success reached=14.19/14.19s runtime=16.2s
config=38 trial=1244 status=success reached=14.08/14.08s runtime=16.0s
config=38 trial=778 status=success reached=14.19/14.19s runtime=15.3s
config=38 trial=312 status=success reached=14.19/14.19s runtime=15.5s
saved: /oscar/data/tdesroch/dbuyukya/AidaCarneyProject/outputs/pysindy/raw_grid/simulations/config_0038_summary.json
