## SLURM PROLOG ###############################################################
##    Job ID : 3611341
##  Job Name : lfp_grid_sim
##  Nodelist : node2338
##      CPUs : 
##  Mem/Node : 16384 MB
## Directory : /oscar/data/tdesroch/dbuyukya/AidaCarneyProject
##   Job Started : Wed Jul  1 06:00:48 PM EDT 2026
###############################################################################
[1/1] configuration=156 degree=2 lowpass=80.0
config=156 trial=4 status=failed reached=1.72/14.08s runtime=29.2s
config=156 trial=1088 status=failed reached=2.97/14.19s runtime=33.4s
config=156 trial=622 status=failed reached=1.02/14.18s runtime=25.7s
config=156 trial=620 status=failed reached=4.04/14.18s runtime=39.3s
config=156 trial=2 status=failed reached=4.58/14.18s runtime=40.6s
config=156 trial=3 status=failed reached=4.63/14.18s runtime=44.6s
config=156 trial=1244 status=failed reached=6.36/14.08s runtime=48.4s
config=156 trial=778 status=failed reached=3.35/14.18s runtime=35.6s
config=156 trial=312 status=failed reached=4.57/14.18s runtime=41.1s
saved: /oscar/data/tdesroch/dbuyukya/AidaCarneyProject/outputs/pysindy/raw_grid/simulations/config_0156_summary.json
