## SLURM PROLOG ###############################################################
##    Job ID : 3683856
##  Job Name : lfp_grid_sim
##  Nodelist : node2350
##      CPUs : 
##  Mem/Node : 4096 MB
## Directory : /oscar/data/tdesroch/dbuyukya/AidaCarneyProject
##   Job Started : Mon Jul  6 04:05:58 PM EDT 2026
###############################################################################
[1/1] configuration=113 degree=1 lowpass=80.0
config=113 trial=4 status=success reached=14.08/14.08s x0_rmse=27.832777399069997 uV runtime=6.2s
config=113 trial=1088 status=success reached=14.19/14.19s x0_rmse=67.94661743490252 uV runtime=6.7s
config=113 trial=622 status=success reached=14.19/14.19s x0_rmse=59.33090057828053 uV runtime=6.6s
config=113 trial=620 status=success reached=14.19/14.19s x0_rmse=43.79357620926756 uV runtime=6.6s
config=113 trial=2 status=success reached=14.19/14.19s x0_rmse=65.52420955417571 uV runtime=6.7s
config=113 trial=3 status=success reached=14.19/14.19s x0_rmse=48.18578381159432 uV runtime=6.6s
config=113 trial=1244 status=success reached=14.08/14.08s x0_rmse=55.385510710583354 uV runtime=6.7s
config=113 trial=778 status=success reached=14.19/14.19s x0_rmse=46.83262650625128 uV runtime=6.8s
config=113 trial=312 status=success reached=14.19/14.19s x0_rmse=41.16752424817449 uV runtime=6.5s
saved: outputs/pysindy/raw_grid_threshold1000/simulations/config_0113_summary.json
