## SLURM PROLOG ###############################################################
##    Job ID : 3632155
##  Job Name : lfp_grid_sim
##  Nodelist : node2333
##      CPUs : 
##  Mem/Node : 16384 MB
## Directory : /oscar/data/tdesroch/dbuyukya/AidaCarneyProject
##   Job Started : Fri Jul  3 02:41:27 AM EDT 2026
###############################################################################
[1/1] configuration=173 degree=2 lowpass=80.0
config=173 trial=4 status=failed reached=0.84/14.06s x0_rmse= uV runtime=85.8s
config=173 trial=1088 status=failed reached=1.37/14.17s x0_rmse= uV runtime=95.6s
config=173 trial=622 status=failed reached=1.10/14.17s x0_rmse= uV runtime=127.7s
config=173 trial=620 status=failed reached=1.58/14.17s x0_rmse= uV runtime=102.3s
config=173 trial=2 status=failed reached=0.79/14.17s x0_rmse= uV runtime=134.8s
config=173 trial=3 status=failed reached=0.92/14.17s x0_rmse= uV runtime=137.7s
config=173 trial=1244 status=failed reached=1.12/14.06s x0_rmse= uV runtime=91.6s
config=173 trial=778 status=failed reached=0.10/14.17s x0_rmse= uV runtime=70.4s
config=173 trial=312 status=failed reached=3.13/14.17s x0_rmse= uV runtime=137.0s
saved: outputs/pysindy/raw_grid_threshold100/simulations/config_0173_summary.json
