## SLURM PROLOG ###############################################################
##    Job ID : 3683656
##  Job Name : lfp_grid_sim
##  Nodelist : node2333
##      CPUs : 
##  Mem/Node : 4096 MB
## Directory : /oscar/data/tdesroch/dbuyukya/AidaCarneyProject
##   Job Started : Mon Jul  6 03:55:51 PM EDT 2026
###############################################################################
[1/1] configuration=102 degree=3 lowpass=35.0
config=102 trial=4 status=failed reached=0.06/14.06s x0_rmse= uV runtime=274.5s
config=102 trial=1088 status=failed reached=0.01/14.17s x0_rmse= uV runtime=318.1s
config=102 trial=622 status=failed reached=0.02/14.17s x0_rmse= uV runtime=267.5s
config=102 trial=620 status=failed reached=0.03/14.17s x0_rmse= uV runtime=241.1s
config=102 trial=2 status=failed reached=0.01/14.17s x0_rmse= uV runtime=309.6s
config=102 trial=3 status=failed reached=0.04/14.17s x0_rmse= uV runtime=267.7s
config=102 trial=1244 status=failed reached=0.04/14.06s x0_rmse= uV runtime=241.5s
config=102 trial=778 status=failed reached=0.02/14.17s x0_rmse= uV runtime=237.8s
config=102 trial=312 status=failed reached=0.03/14.17s x0_rmse= uV runtime=241.9s
saved: outputs/pysindy/raw_grid_threshold1000/simulations/config_0102_summary.json
