## SLURM PROLOG ###############################################################
##    Job ID : 3610675
##  Job Name : lfp_grid_sim
##  Nodelist : node2349
##      CPUs : 
##  Mem/Node : 16384 MB
## Directory : /oscar/data/tdesroch/dbuyukya/AidaCarneyProject
##   Job Started : Wed Jul  1 05:00:39 PM EDT 2026
###############################################################################
[1/1] configuration=118 degree=1 lowpass=80.0
config=118 trial=4 status=success reached=14.08/14.08s runtime=51.0s
config=118 trial=1088 status=success reached=14.19/14.19s runtime=25.2s
config=118 trial=622 status=success reached=14.18/14.18s runtime=25.5s
config=118 trial=620 status=success reached=14.18/14.18s runtime=35.6s
config=118 trial=2 status=success reached=14.18/14.18s runtime=24.7s
config=118 trial=3 status=success reached=14.18/14.18s runtime=24.7s
config=118 trial=1244 status=success reached=14.08/14.08s runtime=23.4s
config=118 trial=778 status=success reached=14.18/14.18s runtime=25.5s
config=118 trial=312 status=success reached=14.18/14.18s runtime=24.4s
saved: /oscar/data/tdesroch/dbuyukya/AidaCarneyProject/outputs/pysindy/raw_grid/simulations/config_0118_summary.json
