## SLURM PROLOG ###############################################################
##    Job ID : 3632434
##  Job Name : lfp_grid_sim
##  Nodelist : node2334
##      CPUs : 
##  Mem/Node : 16384 MB
## Directory : /oscar/data/tdesroch/dbuyukya/AidaCarneyProject
##   Job Started : Fri Jul  3 03:57:26 AM EDT 2026
###############################################################################
[1/1] configuration=212 degree=3 lowpass=80.0
config=212 trial=4 status=failed reached=3.07/14.03s x0_rmse= uV runtime=462.8s
config=212 trial=1088 status=failed reached=8.30/14.14s x0_rmse= uV runtime=839.0s
config=212 trial=622 status=failed reached=7.52/14.14s x0_rmse= uV runtime=802.6s
config=212 trial=620 status=failed reached=7.24/14.14s x0_rmse= uV runtime=747.9s
config=212 trial=2 status=success reached=14.14/14.14s x0_rmse=43.964076586588256 uV runtime=1382.3s
config=212 trial=3 status=failed reached=12.39/14.14s x0_rmse= uV runtime=1206.5s
config=212 trial=1244 status=failed reached=7.14/14.03s x0_rmse= uV runtime=805.7s
config=212 trial=778 status=failed reached=12.46/14.14s x0_rmse= uV runtime=1397.0s
config=212 trial=312 status=failed reached=9.71/14.14s x0_rmse= uV runtime=768.5s
saved: outputs/pysindy/raw_grid_threshold100/simulations/config_0212_summary.json
