## SLURM PROLOG ###############################################################
##    Job ID : 3609088
##  Job Name : lfp_grid_sim
##  Nodelist : node2301
##      CPUs : 
##  Mem/Node : 16384 MB
## Directory : /oscar/data/tdesroch/dbuyukya/AidaCarneyProject
##   Job Started : Wed Jul  1 11:53:50 PM EDT 2026
###############################################################################
[1/1] configuration=42 degree=2 lowpass=35.0
config=42 trial=4 status=success reached=14.08/14.08s runtime=12.5s
config=42 trial=1088 status=success reached=14.19/14.19s runtime=13.8s
config=42 trial=622 status=success reached=14.19/14.19s runtime=13.7s
config=42 trial=620 status=success reached=14.19/14.19s runtime=11.5s
config=42 trial=2 status=success reached=14.19/14.19s runtime=13.6s
config=42 trial=3 status=success reached=14.19/14.19s runtime=13.0s
config=42 trial=1244 status=success reached=14.08/14.08s runtime=12.9s
config=42 trial=778 status=success reached=14.19/14.19s runtime=13.2s
config=42 trial=312 status=success reached=14.19/14.19s runtime=13.4s
saved: /oscar/data/tdesroch/dbuyukya/AidaCarneyProject/outputs/pysindy/raw_grid/simulations/config_0042_summary.json
