## SLURM PROLOG ###############################################################
##    Job ID : 3683904
##  Job Name : lfp_grid_sim
##  Nodelist : node2307
##      CPUs : 
##  Mem/Node : 4096 MB
## Directory : /oscar/data/tdesroch/dbuyukya/AidaCarneyProject
##   Job Started : Mon Jul  6 04:08:58 PM EDT 2026
###############################################################################
[1/1] configuration=124 degree=1 lowpass=80.0
config=124 trial=4 status=success reached=14.03/14.03s x0_rmse=34.333598355824485 uV runtime=9.9s
config=124 trial=1088 status=success reached=14.14/14.14s x0_rmse=53.853653555360204 uV runtime=13.4s
config=124 trial=622 status=success reached=14.14/14.14s x0_rmse=44.76532755834764 uV runtime=15.5s
config=124 trial=620 status=success reached=14.14/14.14s x0_rmse=44.822305499513725 uV runtime=12.5s
config=124 trial=2 status=success reached=14.14/14.14s x0_rmse=64.18349355169914 uV runtime=8.3s
config=124 trial=3 status=success reached=14.14/14.14s x0_rmse=50.04173837526105 uV runtime=9.7s
config=124 trial=1244 status=success reached=14.03/14.03s x0_rmse=83.21095419467356 uV runtime=13.3s
config=124 trial=778 status=success reached=14.14/14.14s x0_rmse=54.01371401382772 uV runtime=9.9s
config=124 trial=312 status=success reached=14.14/14.14s x0_rmse=67.79415848515568 uV runtime=8.5s
saved: outputs/pysindy/raw_grid_threshold1000/simulations/config_0124_summary.json
