## SLURM PROLOG ###############################################################
##    Job ID : 3683020
##  Job Name : lfp_grid_sim
##  Nodelist : node2323
##      CPUs : 
##  Mem/Node : 4096 MB
## Directory : /oscar/data/tdesroch/dbuyukya/AidaCarneyProject
##   Job Started : Mon Jul  6 03:27:22 PM EDT 2026
###############################################################################
[1/1] configuration=21 degree=1 lowpass=35.0
config=21 trial=4 status=success reached=14.07/14.07s x0_rmse=164.364124812022 uV runtime=80.4s
config=21 trial=1088 status=success reached=14.18/14.18s x0_rmse=121.49237285034503 uV runtime=76.1s
config=21 trial=622 status=success reached=14.18/14.18s x0_rmse=138.73827379451973 uV runtime=88.1s
config=21 trial=620 status=success reached=14.18/14.18s x0_rmse=171.6596113152975 uV runtime=77.8s
config=21 trial=2 status=success reached=14.18/14.18s x0_rmse=116.11962711667468 uV runtime=75.4s
config=21 trial=3 status=success reached=14.18/14.18s x0_rmse=71.93493768232732 uV runtime=73.2s
config=21 trial=1244 status=success reached=14.07/14.07s x0_rmse=221.98144746050394 uV runtime=66.5s
config=21 trial=778 status=success reached=14.18/14.18s x0_rmse=89.23769970755231 uV runtime=70.3s
config=21 trial=312 status=success reached=14.18/14.18s x0_rmse=92.89266881433224 uV runtime=84.0s
saved: outputs/pysindy/raw_grid_threshold1000/simulations/config_0021_summary.json
