## SLURM PROLOG ###############################################################
##    Job ID : 3611843
##  Job Name : lfp_grid_sim
##  Nodelist : node2333
##      CPUs : 
##  Mem/Node : 16384 MB
## Directory : /oscar/data/tdesroch/dbuyukya/AidaCarneyProject
##   Job Started : Wed Jul  1 06:54:21 PM EDT 2026
###############################################################################
[1/1] configuration=198 degree=3 lowpass=80.0
config=198 trial=4 status=success reached=14.03/14.03s runtime=117.7s
config=198 trial=1088 status=success reached=14.14/14.14s runtime=127.8s
config=198 trial=622 status=success reached=14.14/14.14s runtime=131.5s
config=198 trial=620 status=success reached=14.14/14.14s runtime=121.8s
config=198 trial=2 status=failed reached=3.48/14.14s runtime=113.1s
config=198 trial=3 status=failed reached=4.40/14.14s runtime=100.4s
config=198 trial=1244 status=failed reached=1.44/14.03s runtime=82.8s
config=198 trial=778 status=failed reached=5.52/14.14s runtime=107.5s
config=198 trial=312 status=failed reached=0.94/14.14s runtime=103.8s
saved: /oscar/data/tdesroch/dbuyukya/AidaCarneyProject/outputs/pysindy/raw_grid/simulations/config_0198_summary.json
