## SLURM PROLOG ###############################################################
##    Job ID : 3684249
##  Job Name : lfp_grid_sim
##  Nodelist : node2346
##      CPUs : 
##  Mem/Node : 4096 MB
## Directory : /oscar/data/tdesroch/dbuyukya/AidaCarneyProject
##   Job Started : Mon Jul  6 04:29:45 PM EDT 2026
###############################################################################
[1/1] configuration=168 degree=2 lowpass=80.0
config=168 trial=4 status=failed reached=2.17/14.05s x0_rmse= uV runtime=53.7s
config=168 trial=1088 status=failed reached=1.69/14.16s x0_rmse= uV runtime=49.0s
config=168 trial=622 status=failed reached=1.95/14.16s x0_rmse= uV runtime=51.3s
config=168 trial=620 status=failed reached=2.61/14.16s x0_rmse= uV runtime=83.2s
config=168 trial=2 status=failed reached=0.08/14.16s x0_rmse= uV runtime=57.9s
config=168 trial=3 status=failed reached=1.23/14.16s x0_rmse= uV runtime=45.2s
config=168 trial=1244 status=failed reached=4.31/14.05s x0_rmse= uV runtime=71.5s
config=168 trial=778 status=failed reached=0.07/14.16s x0_rmse= uV runtime=36.9s
config=168 trial=312 status=failed reached=3.07/14.16s x0_rmse= uV runtime=63.6s
saved: outputs/pysindy/raw_grid_threshold1000/simulations/config_0168_summary.json
