## SLURM PROLOG ###############################################################
##    Job ID : 3631173
##  Job Name : lfp_grid_sim
##  Nodelist : node2339
##      CPUs : 
##  Mem/Node : 16384 MB
## Directory : /oscar/data/tdesroch/dbuyukya/AidaCarneyProject
##   Job Started : Fri Jul  3 12:32:08 AM EDT 2026
###############################################################################
[1/1] configuration=48 degree=2 lowpass=35.0
config=48 trial=4 status=success reached=14.08/14.08s x0_rmse=31.609859444186135 uV runtime=73.5s
config=48 trial=1088 status=success reached=14.19/14.19s x0_rmse=62.197107920686555 uV runtime=58.2s
config=48 trial=622 status=success reached=14.18/14.18s x0_rmse=60.28580845679998 uV runtime=50.1s
config=48 trial=620 status=success reached=14.18/14.18s x0_rmse=42.720414086955444 uV runtime=89.5s
config=48 trial=2 status=success reached=14.18/14.18s x0_rmse=59.913763605540495 uV runtime=45.1s
config=48 trial=3 status=success reached=14.18/14.18s x0_rmse=54.139730195050596 uV runtime=48.4s
config=48 trial=1244 status=success reached=14.08/14.08s x0_rmse=66.27236238357143 uV runtime=51.7s
config=48 trial=778 status=success reached=14.18/14.18s x0_rmse=47.13483135584201 uV runtime=68.1s
config=48 trial=312 status=success reached=14.18/14.18s x0_rmse=46.05295435436375 uV runtime=54.5s
saved: outputs/pysindy/raw_grid_threshold100/simulations/config_0048_summary.json
