## SLURM PROLOG ###############################################################
##    Job ID : 3684252
##  Job Name : lfp_grid_sim
##  Nodelist : node2340
##      CPUs : 
##  Mem/Node : 4096 MB
## Directory : /oscar/data/tdesroch/dbuyukya/AidaCarneyProject
##   Job Started : Mon Jul  6 04:29:59 PM EDT 2026
###############################################################################
[1/1] configuration=169 degree=2 lowpass=80.0
config=169 trial=4 status=success reached=13.99/13.99s x0_rmse=34.63356474436398 uV runtime=89.4s
config=169 trial=1088 status=success reached=14.10/14.10s x0_rmse=53.53709787743667 uV runtime=87.1s
config=169 trial=622 status=success reached=14.10/14.10s x0_rmse=44.805271314405275 uV runtime=87.9s
config=169 trial=620 status=success reached=14.10/14.10s x0_rmse=51.9452049254793 uV runtime=83.8s
config=169 trial=2 status=success reached=14.10/14.10s x0_rmse=57.57917614174107 uV runtime=78.0s
config=169 trial=3 status=success reached=14.10/14.10s x0_rmse=35.84190364460948 uV runtime=85.8s
config=169 trial=1244 status=success reached=13.99/13.99s x0_rmse=78.34139856319688 uV runtime=62.9s
config=169 trial=778 status=success reached=14.10/14.10s x0_rmse=57.56491054350911 uV runtime=77.1s
config=169 trial=312 status=success reached=14.10/14.10s x0_rmse=63.52733312306874 uV runtime=70.8s
saved: outputs/pysindy/raw_grid_threshold1000/simulations/config_0169_summary.json
