## SLURM PROLOG ###############################################################
##    Job ID : 3631184
##  Job Name : lfp_grid_sim
##  Nodelist : node2346
##      CPUs : 
##  Mem/Node : 16384 MB
## Directory : /oscar/data/tdesroch/dbuyukya/AidaCarneyProject
##   Job Started : Fri Jul  3 12:34:09 AM EDT 2026
###############################################################################
[1/1] configuration=52 degree=2 lowpass=35.0
config=52 trial=4 status=success reached=14.03/14.03s x0_rmse=41.002111250778746 uV runtime=45.5s
config=52 trial=1088 status=success reached=14.14/14.14s x0_rmse=66.81495240397835 uV runtime=40.6s
config=52 trial=622 status=success reached=14.14/14.14s x0_rmse=56.710709459289 uV runtime=44.9s
config=52 trial=620 status=success reached=14.14/14.14s x0_rmse=55.011540599712696 uV runtime=44.5s
config=52 trial=2 status=success reached=14.14/14.14s x0_rmse=54.688754038208366 uV runtime=41.9s
config=52 trial=3 status=success reached=14.14/14.14s x0_rmse=61.47124690652831 uV runtime=37.1s
config=52 trial=1244 status=failed reached=2.20/14.03s x0_rmse= uV runtime=24.4s
config=52 trial=778 status=success reached=14.14/14.14s x0_rmse=60.826842127851435 uV runtime=38.7s
config=52 trial=312 status=success reached=14.14/14.14s x0_rmse=64.52067497416594 uV runtime=34.7s
saved: outputs/pysindy/raw_grid_threshold100/simulations/config_0052_summary.json
