## SLURM PROLOG ###############################################################
##    Job ID : 3631063
##  Job Name : lfp_grid_sim
##  Nodelist : node2335
##      CPUs : 
##  Mem/Node : 16384 MB
## Directory : /oscar/data/tdesroch/dbuyukya/AidaCarneyProject
##   Job Started : Fri Jul  3 12:18:04 AM EDT 2026
###############################################################################
[1/1] configuration=25 degree=1 lowpass=35.0
config=25 trial=4 status=success reached=13.99/13.99s x0_rmse=31.672000745103258 uV runtime=20.1s
config=25 trial=1088 status=success reached=14.10/14.10s x0_rmse=55.74903602568924 uV runtime=22.3s
config=25 trial=622 status=success reached=14.10/14.10s x0_rmse=42.74472387731395 uV runtime=23.2s
config=25 trial=620 status=success reached=14.10/14.10s x0_rmse=49.35275317403969 uV runtime=15.6s
config=25 trial=2 status=success reached=14.10/14.10s x0_rmse=57.54090226492809 uV runtime=15.3s
config=25 trial=3 status=success reached=14.10/14.10s x0_rmse=49.47590669729286 uV runtime=20.6s
config=25 trial=1244 status=success reached=13.99/13.99s x0_rmse=62.625036475733296 uV runtime=23.7s
config=25 trial=778 status=success reached=14.10/14.10s x0_rmse=55.055148173962394 uV runtime=17.0s
config=25 trial=312 status=success reached=14.10/14.10s x0_rmse=49.41654669570378 uV runtime=21.3s
saved: outputs/pysindy/raw_grid_threshold100/simulations/config_0025_summary.json
