## SLURM PROLOG ###############################################################
##    Job ID : 3684459
##  Job Name : lfp_grid_sim
##  Nodelist : node2340
##      CPUs : 
##  Mem/Node : 4096 MB
## Directory : /oscar/data/tdesroch/dbuyukya/AidaCarneyProject
##   Job Started : Mon Jul  6 04:43:13 PM EDT 2026
###############################################################################
[1/1] configuration=194 degree=3 lowpass=80.0
config=194 trial=4 status=success reached=14.06/14.06s x0_rmse=75.43758168879071 uV runtime=130.1s
config=194 trial=1088 status=success reached=14.18/14.18s x0_rmse=85.48786290566163 uV runtime=122.8s
config=194 trial=622 status=success reached=14.17/14.17s x0_rmse=83.47110614785625 uV runtime=121.7s
config=194 trial=620 status=success reached=14.17/14.17s x0_rmse=81.35777952210267 uV runtime=128.5s
config=194 trial=2 status=success reached=14.17/14.17s x0_rmse=89.2338394388116 uV runtime=109.9s
config=194 trial=3 status=success reached=14.17/14.17s x0_rmse=82.55027679620564 uV runtime=107.8s
config=194 trial=1244 status=success reached=14.06/14.06s x0_rmse=80.10453092839042 uV runtime=120.1s
config=194 trial=778 status=success reached=14.17/14.17s x0_rmse=80.96691622649803 uV runtime=121.9s
config=194 trial=312 status=success reached=14.17/14.17s x0_rmse=78.47125289875027 uV runtime=122.9s
saved: outputs/pysindy/raw_grid_threshold1000/simulations/config_0194_summary.json
