## SLURM PROLOG ###############################################################
##    Job ID : 3631848
##  Job Name : lfp_grid_sim
##  Nodelist : node2334
##      CPUs : 
##  Mem/Node : 16384 MB
## Directory : /oscar/data/tdesroch/dbuyukya/AidaCarneyProject
##   Job Started : Fri Jul  3 01:48:06 AM EDT 2026
###############################################################################
[1/1] configuration=120 degree=1 lowpass=80.0
config=120 trial=4 status=success reached=14.08/14.08s x0_rmse=74.1336712470528 uV runtime=40.6s
config=120 trial=1088 status=success reached=14.19/14.19s x0_rmse=58.008067181994946 uV runtime=46.3s
config=120 trial=622 status=success reached=14.18/14.18s x0_rmse=101.49300482599172 uV runtime=39.6s
config=120 trial=620 status=success reached=14.18/14.18s x0_rmse=49.19387613964123 uV runtime=44.9s
config=120 trial=2 status=success reached=14.18/14.18s x0_rmse=51.18961131282425 uV runtime=36.7s
config=120 trial=3 status=success reached=14.18/14.18s x0_rmse=35.67526303880341 uV runtime=45.4s
config=120 trial=1244 status=success reached=14.08/14.08s x0_rmse=56.11048306259114 uV runtime=31.1s
config=120 trial=778 status=success reached=14.18/14.18s x0_rmse=71.1513152543906 uV runtime=41.2s
config=120 trial=312 status=success reached=14.18/14.18s x0_rmse=47.527844463602875 uV runtime=38.2s
saved: outputs/pysindy/raw_grid_threshold100/simulations/config_0120_summary.json
