## SLURM PROLOG ###############################################################
##    Job ID : 3609041
##  Job Name : lfp_grid_sim
##  Nodelist : node2337
##      CPUs : 
##  Mem/Node : 16384 MB
## Directory : /oscar/data/tdesroch/dbuyukya/AidaCarneyProject
##   Job Started : Wed Jul  1 11:49:18 PM EDT 2026
###############################################################################
[1/1] configuration=13 degree=1 lowpass=35.0
config=13 trial=4 status=success reached=14.06/14.06s runtime=29.6s
config=13 trial=1088 status=success reached=14.18/14.18s runtime=19.6s
config=13 trial=622 status=success reached=14.17/14.17s runtime=19.7s
config=13 trial=620 status=success reached=14.17/14.17s runtime=21.1s
config=13 trial=2 status=success reached=14.17/14.17s runtime=18.8s
config=13 trial=3 status=success reached=14.17/14.17s runtime=19.3s
config=13 trial=1244 status=success reached=14.06/14.06s runtime=19.4s
config=13 trial=778 status=success reached=14.17/14.17s runtime=19.4s
config=13 trial=312 status=success reached=14.17/14.17s runtime=19.1s
saved: /oscar/data/tdesroch/dbuyukya/AidaCarneyProject/outputs/pysindy/raw_grid/simulations/config_0013_summary.json
