## SLURM PROLOG ###############################################################
##    Job ID : 3632117
##  Job Name : lfp_grid_sim
##  Nodelist : node2333
##      CPUs : 
##  Mem/Node : 16384 MB
## Directory : /oscar/data/tdesroch/dbuyukya/AidaCarneyProject
##   Job Started : Fri Jul  3 02:31:24 AM EDT 2026
###############################################################################
[1/1] configuration=169 degree=2 lowpass=80.0
config=169 trial=4 status=success reached=13.99/13.99s x0_rmse=41.663159125342894 uV runtime=98.9s
config=169 trial=1088 status=success reached=14.10/14.10s x0_rmse=58.34061187029177 uV runtime=98.5s
config=169 trial=622 status=success reached=14.10/14.10s x0_rmse=53.01622582279316 uV runtime=101.9s
config=169 trial=620 status=success reached=14.10/14.10s x0_rmse=65.6203139676139 uV runtime=87.8s
config=169 trial=2 status=success reached=14.10/14.10s x0_rmse=70.62819846503139 uV runtime=84.6s
config=169 trial=3 status=success reached=14.10/14.10s x0_rmse=39.504329314177944 uV runtime=88.2s
config=169 trial=1244 status=success reached=13.99/13.99s x0_rmse=84.96343752665989 uV runtime=68.2s
config=169 trial=778 status=success reached=14.10/14.10s x0_rmse=70.48062961475705 uV runtime=84.1s
config=169 trial=312 status=success reached=14.10/14.10s x0_rmse=70.54453400840049 uV runtime=81.3s
saved: outputs/pysindy/raw_grid_threshold100/simulations/config_0169_summary.json
