## SLURM PROLOG ###############################################################
##    Job ID : 3683943
##  Job Name : lfp_grid_sim
##  Nodelist : node2338
##      CPUs : 
##  Mem/Node : 4096 MB
## Directory : /oscar/data/tdesroch/dbuyukya/AidaCarneyProject
##   Job Started : Mon Jul  6 04:12:00 PM EDT 2026
###############################################################################
[1/1] configuration=128 degree=1 lowpass=80.0
config=128 trial=4 status=success reached=14.07/14.07s x0_rmse=32.07171274986323 uV runtime=90.1s
config=128 trial=1088 status=success reached=14.18/14.18s x0_rmse=65.37266628812748 uV runtime=43.6s
config=128 trial=622 status=success reached=14.18/14.18s x0_rmse=79.64304796927215 uV runtime=45.9s
config=128 trial=620 status=success reached=14.18/14.18s x0_rmse=46.76220210964717 uV runtime=59.3s
config=128 trial=2 status=success reached=14.18/14.18s x0_rmse=67.85527042120269 uV runtime=43.1s
config=128 trial=3 status=success reached=14.18/14.18s x0_rmse=56.1908928054596 uV runtime=40.4s
config=128 trial=1244 status=success reached=14.07/14.07s x0_rmse=86.38427159403356 uV runtime=36.8s
config=128 trial=778 status=success reached=14.18/14.18s x0_rmse=58.69812954443888 uV runtime=54.0s
config=128 trial=312 status=success reached=14.18/14.18s x0_rmse=43.61239398284114 uV runtime=44.2s
saved: outputs/pysindy/raw_grid_threshold1000/simulations/config_0128_summary.json
