## SLURM PROLOG ###############################################################
##    Job ID : 3684486
##  Job Name : lfp_grid_sim
##  Nodelist : node2335
##      CPUs : 
##  Mem/Node : 4096 MB
## Directory : /oscar/data/tdesroch/dbuyukya/AidaCarneyProject
##   Job Started : Mon Jul  6 08:58:08 PM EDT 2026
###############################################################################
[1/1] configuration=209 degree=3 lowpass=80.0
config=209 trial=4 status=failed reached=0.16/14.06s x0_rmse= uV runtime=299.0s
config=209 trial=1088 status=failed reached=4.12/14.17s x0_rmse= uV runtime=578.9s
config=209 trial=622 status=failed reached=0.35/14.17s x0_rmse= uV runtime=309.7s
config=209 trial=620 status=failed reached=0.69/14.17s x0_rmse= uV runtime=349.5s
config=209 trial=2 status=failed reached=0.38/14.17s x0_rmse= uV runtime=298.8s
config=209 trial=3 status=failed reached=0.23/14.17s x0_rmse= uV runtime=253.1s
config=209 trial=1244 status=failed reached=0.12/14.06s x0_rmse= uV runtime=245.7s
config=209 trial=778 status=failed reached=0.11/14.17s x0_rmse= uV runtime=277.8s
config=209 trial=312 status=failed reached=4.44/14.17s x0_rmse= uV runtime=571.0s
saved: outputs/pysindy/raw_grid_threshold1000/simulations/config_0209_summary.json
