## SLURM PROLOG ###############################################################
##    Job ID : 3650941
##  Job Name : lfp_grid_sim
##  Nodelist : node2339
##      CPUs : 
##  Mem/Node : 16384 MB
## Directory : /oscar/data/tdesroch/dbuyukya/AidaCarneyProject
##   Job Started : Sun Jul  5 12:46:34 AM EDT 2026
###############################################################################
[1/1] configuration=127 degree=1 lowpass=80.0
config=127 trial=4 status=success reached=14.07/14.07s x0_rmse=30.39007411507968 uV runtime=67.8s
config=127 trial=1088 status=success reached=14.18/14.18s x0_rmse=56.1347555618333 uV runtime=39.6s
config=127 trial=622 status=success reached=14.18/14.18s x0_rmse=65.36941412547893 uV runtime=43.8s
config=127 trial=620 status=success reached=14.18/14.18s x0_rmse=41.659697383571526 uV runtime=64.2s
config=127 trial=2 status=success reached=14.18/14.18s x0_rmse=56.9343416333648 uV runtime=39.3s
config=127 trial=3 status=success reached=14.18/14.18s x0_rmse=46.64757679774349 uV runtime=41.6s
config=127 trial=1244 status=success reached=14.07/14.07s x0_rmse=62.6538581651665 uV runtime=38.2s
config=127 trial=778 status=success reached=14.18/14.18s x0_rmse=45.872981469343905 uV runtime=49.1s
config=127 trial=312 status=success reached=14.18/14.18s x0_rmse=41.142133257673194 uV runtime=41.7s
saved: outputs/pysindy/raw_grid_threshold100/simulations/config_0127_summary.json
