## SLURM PROLOG ###############################################################
##    Job ID : 3683866
##  Job Name : lfp_grid_sim
##  Nodelist : node2333
##      CPUs : 
##  Mem/Node : 4096 MB
## Directory : /oscar/data/tdesroch/dbuyukya/AidaCarneyProject
##   Job Started : Mon Jul  6 04:06:42 PM EDT 2026
###############################################################################
[1/1] configuration=115 degree=1 lowpass=80.0
config=115 trial=4 status=success reached=14.07/14.07s x0_rmse=28.270912179911598 uV runtime=5.6s
config=115 trial=1088 status=success reached=14.18/14.18s x0_rmse=56.82319730529566 uV runtime=5.8s
config=115 trial=622 status=success reached=14.18/14.18s x0_rmse=57.06970791741299 uV runtime=5.6s
config=115 trial=620 status=success reached=14.18/14.18s x0_rmse=41.26936033260298 uV runtime=5.6s
config=115 trial=2 status=success reached=14.18/14.18s x0_rmse=59.71460499656045 uV runtime=5.5s
config=115 trial=3 status=success reached=14.18/14.18s x0_rmse=47.79366023501586 uV runtime=5.7s
config=115 trial=1244 status=success reached=14.07/14.07s x0_rmse=55.692562639617044 uV runtime=5.7s
config=115 trial=778 status=success reached=14.18/14.18s x0_rmse=49.15562198146178 uV runtime=5.5s
config=115 trial=312 status=success reached=14.18/14.18s x0_rmse=45.38127783855135 uV runtime=6.0s
saved: outputs/pysindy/raw_grid_threshold1000/simulations/config_0115_summary.json
