## SLURM PROLOG ###############################################################
##    Job ID : 3611807
##  Job Name : lfp_grid_sim
##  Nodelist : node2337
##      CPUs : 
##  Mem/Node : 16384 MB
## Directory : /oscar/data/tdesroch/dbuyukya/AidaCarneyProject
##   Job Started : Wed Jul  1 06:47:47 PM EDT 2026
###############################################################################
[1/1] configuration=187 degree=3 lowpass=80.0
config=187 trial=4 status=success reached=14.07/14.07s runtime=10.3s
config=187 trial=1088 status=success reached=14.18/14.18s runtime=13.1s
config=187 trial=622 status=success reached=14.18/14.18s runtime=14.4s
config=187 trial=620 status=success reached=14.18/14.18s runtime=10.7s
config=187 trial=2 status=success reached=14.18/14.18s runtime=14.4s
config=187 trial=3 status=success reached=14.18/14.18s runtime=13.3s
config=187 trial=1244 status=success reached=14.07/14.07s runtime=13.9s
config=187 trial=778 status=success reached=14.18/14.18s runtime=13.4s
config=187 trial=312 status=success reached=14.18/14.18s runtime=12.8s
saved: /oscar/data/tdesroch/dbuyukya/AidaCarneyProject/outputs/pysindy/raw_grid/simulations/config_0187_summary.json
