## SLURM PROLOG ###############################################################
##    Job ID : 3683945
##  Job Name : lfp_grid_sim
##  Nodelist : node2339
##      CPUs : 
##  Mem/Node : 4096 MB
## Directory : /oscar/data/tdesroch/dbuyukya/AidaCarneyProject
##   Job Started : Mon Jul  6 04:12:00 PM EDT 2026
###############################################################################
[1/1] configuration=130 degree=1 lowpass=80.0
config=130 trial=4 status=success reached=14.05/14.05s x0_rmse=34.264406822093356 uV runtime=30.9s
config=130 trial=1088 status=success reached=14.16/14.16s x0_rmse=67.31885777229894 uV runtime=23.4s
config=130 trial=622 status=success reached=14.16/14.16s x0_rmse=56.11858586750246 uV runtime=29.6s
config=130 trial=620 status=success reached=14.16/14.16s x0_rmse=43.77520557573832 uV runtime=37.2s
config=130 trial=2 status=success reached=14.16/14.16s x0_rmse=79.92911990989673 uV runtime=25.6s
config=130 trial=3 status=success reached=14.16/14.16s x0_rmse=56.04811080894681 uV runtime=23.1s
config=130 trial=1244 status=success reached=14.05/14.05s x0_rmse=89.86770224120832 uV runtime=28.5s
config=130 trial=778 status=success reached=14.16/14.16s x0_rmse=79.58900133674832 uV runtime=26.1s
config=130 trial=312 status=success reached=14.16/14.16s x0_rmse=43.252750232302915 uV runtime=26.8s
saved: outputs/pysindy/raw_grid_threshold1000/simulations/config_0130_summary.json
