## SLURM PROLOG ###############################################################
##    Job ID : 3630899
##  Job Name : lfp_raw_grid
##  Nodelist : node2347
##      CPUs : 
##  Mem/Node : 16384 MB
## Directory : /oscar/data/tdesroch/dbuyukya/AidaCarneyProject
##   Job Started : Thu Jul  2 11:58:56 PM EDT 2026
###############################################################################
[1/36] status=success lowpass=35.0 degree=2 delays=2 delay=1 smooth=0 terms=12 runtime=0.5s
[2/36] status=success lowpass=35.0 degree=2 delays=2 delay=1 smooth=5 terms=12 runtime=0.1s
[3/36] status=success lowpass=35.0 degree=2 delays=2 delay=1 smooth=9 terms=12 runtime=0.1s
[4/36] status=success lowpass=35.0 degree=2 delays=2 delay=2 smooth=0 terms=12 runtime=0.1s
[5/36] status=success lowpass=35.0 degree=2 delays=2 delay=2 smooth=5 terms=12 runtime=0.1s
[6/36] status=success lowpass=35.0 degree=2 delays=2 delay=2 smooth=9 terms=12 runtime=0.1s
[7/36] status=success lowpass=35.0 degree=2 delays=2 delay=5 smooth=0 terms=12 runtime=0.1s
[8/36] status=success lowpass=35.0 degree=2 delays=2 delay=5 smooth=5 terms=12 runtime=0.1s
[9/36] status=success lowpass=35.0 degree=2 delays=2 delay=5 smooth=9 terms=12 runtime=0.1s
[10/36] status=success lowpass=35.0 degree=2 delays=4 delay=1 smooth=0 terms=60 runtime=0.4s
[11/36] status=success lowpass=35.0 degree=2 delays=4 delay=1 smooth=5 terms=59 runtime=0.5s
[12/36] status=success lowpass=35.0 degree=2 delays=4 delay=1 smooth=9 terms=60 runtime=0.4s
[13/36] status=success lowpass=35.0 degree=2 delays=4 delay=2 smooth=0 terms=59 runtime=0.4s
[14/36] status=success lowpass=35.0 degree=2 delays=4 delay=2 smooth=5 terms=59 runtime=0.4s
[15/36] status=success lowpass=35.0 degree=2 delays=4 delay=2 smooth=9 terms=60 runtime=0.4s
[16/36] status=success lowpass=35.0 degree=2 delays=4 delay=5 smooth=0 terms=60 runtime=0.4s
[17/36] status=success lowpass=35.0 degree=2 delays=4 delay=5 smooth=5 terms=60 runtime=0.4s
[18/36] status=success lowpass=35.0 degree=2 delays=4 delay=5 smooth=9 terms=60 runtime=0.4s
[19/36] status=success lowpass=35.0 degree=2 delays=6 delay=1 smooth=0 terms=167 runtime=1.4s
[20/36] status=success lowpass=35.0 degree=2 delays=6 delay=1 smooth=5 terms=167 runtime=1.3s
[21/36] status=success lowpass=35.0 degree=2 delays=6 delay=1 smooth=9 terms=168 runtime=1.1s
[22/36] status=success lowpass=35.0 degree=2 delays=6 delay=2 smooth=0 terms=167 runtime=1.2s
[23/36] status=success lowpass=35.0 degree=2 delays=6 delay=2 smooth=5 terms=168 runtime=1.0s
[24/36] status=success lowpass=35.0 degree=2 delays=6 delay=2 smooth=9 terms=168 runtime=1.0s
[25/36] status=success lowpass=35.0 degree=2 delays=6 delay=5 smooth=0 terms=168 runtime=1.0s
[26/36] status=success lowpass=35.0 degree=2 delays=6 delay=5 smooth=5 terms=168 runtime=1.0s
[27/36] status=success lowpass=35.0 degree=2 delays=6 delay=5 smooth=9 terms=167 runtime=1.2s
[28/36] status=success lowpass=35.0 degree=2 delays=8 delay=1 smooth=0 terms=360 runtime=2.8s
[29/36] status=success lowpass=35.0 degree=2 delays=8 delay=1 smooth=5 terms=360 runtime=2.8s
[30/36] status=success lowpass=35.0 degree=2 delays=8 delay=1 smooth=9 terms=359 runtime=3.3s
[31/36] status=success lowpass=35.0 degree=2 delays=8 delay=2 smooth=0 terms=359 runtime=3.3s
[32/36] status=success lowpass=35.0 degree=2 delays=8 delay=2 smooth=5 terms=357 runtime=3.3s
[33/36] status=success lowpass=35.0 degree=2 delays=8 delay=2 smooth=9 terms=359 runtime=3.4s
[34/36] status=success lowpass=35.0 degree=2 delays=8 delay=5 smooth=0 terms=360 runtime=2.8s
[35/36] status=success lowpass=35.0 degree=2 delays=8 delay=5 smooth=5 terms=360 runtime=2.8s
[36/36] status=success lowpass=35.0 degree=2 delays=8 delay=5 smooth=9 terms=358 runtime=3.3s
saved: outputs/pysindy/raw_grid_threshold100/parts/part_lp35_degree2.csv
saved: outputs/pysindy/raw_grid_threshold100/parts/part_lp35_degree2_equations.txt
saved: outputs/pysindy/raw_grid_threshold100/parts/part_lp35_degree2_metadata.json
successful fits: 36/36
