## SLURM PROLOG ###############################################################
##    Job ID : 3684154
##  Job Name : lfp_grid_sim
##  Nodelist : node2333
##      CPUs : 
##  Mem/Node : 4096 MB
## Directory : /oscar/data/tdesroch/dbuyukya/AidaCarneyProject
##   Job Started : Mon Jul  6 04:25:33 PM EDT 2026
###############################################################################
[1/1] configuration=159 degree=2 lowpass=80.0
config=159 trial=4 status=success reached=14.06/14.06s x0_rmse=71.1616145917977 uV runtime=101.1s
config=159 trial=1088 status=success reached=14.18/14.18s x0_rmse=84.7662286427199 uV runtime=99.0s
config=159 trial=622 status=success reached=14.17/14.17s x0_rmse=80.8279358252254 uV runtime=97.4s
config=159 trial=620 status=success reached=14.17/14.17s x0_rmse=78.49152018475603 uV runtime=101.8s
config=159 trial=2 status=success reached=14.17/14.17s x0_rmse=81.3395438883274 uV runtime=97.7s
config=159 trial=3 status=success reached=14.17/14.17s x0_rmse=76.89274987584969 uV runtime=97.1s
config=159 trial=1244 status=success reached=14.06/14.06s x0_rmse=82.40312964231863 uV runtime=80.0s
config=159 trial=778 status=success reached=14.17/14.17s x0_rmse=76.5746247943675 uV runtime=93.2s
config=159 trial=312 status=success reached=14.17/14.17s x0_rmse=72.46508354275274 uV runtime=93.6s
saved: outputs/pysindy/raw_grid_threshold1000/simulations/config_0159_summary.json
