## SLURM PROLOG ###############################################################
##    Job ID : 3683708
##  Job Name : lfp_grid_sim
##  Nodelist : node2335
##      CPUs : 
##  Mem/Node : 4096 MB
## Directory : /oscar/data/tdesroch/dbuyukya/AidaCarneyProject
##   Job Started : Mon Jul  6 04:00:15 PM EDT 2026
###############################################################################
[1/1] configuration=107 degree=3 lowpass=35.0
config=107 trial=4 status=success reached=13.95/13.95s x0_rmse=37.43645351398761 uV runtime=583.2s
config=107 trial=1088 status=success reached=14.06/14.06s x0_rmse=55.53997654023304 uV runtime=582.0s
config=107 trial=622 status=success reached=14.06/14.06s x0_rmse=45.55019569183123 uV runtime=549.8s
config=107 trial=620 status=success reached=14.06/14.06s x0_rmse=49.40680813226463 uV runtime=599.0s
config=107 trial=2 status=failed reached=7.18/14.06s x0_rmse= uV runtime=469.0s
config=107 trial=3 status=failed reached=8.14/14.06s x0_rmse= uV runtime=737.8s
config=107 trial=1244 status=failed reached=2.52/13.95s x0_rmse= uV runtime=391.9s
config=107 trial=778 status=failed reached=4.53/14.06s x0_rmse= uV runtime=464.8s
config=107 trial=312 status=failed reached=0.76/14.06s x0_rmse= uV runtime=328.4s
saved: outputs/pysindy/raw_grid_threshold1000/simulations/config_0107_summary.json
