## SLURM PROLOG ###############################################################
##    Job ID : 3684483
##  Job Name : lfp_grid_sim
##  Nodelist : node2334
##      CPUs : 
##  Mem/Node : 4096 MB
## Directory : /oscar/data/tdesroch/dbuyukya/AidaCarneyProject
##   Job Started : Mon Jul  6 04:45:01 PM EDT 2026
###############################################################################
[1/1] configuration=206 degree=3 lowpass=80.0
config=206 trial=4 status=success reached=13.99/13.99s x0_rmse=40.34868389603534 uV runtime=270.8s
config=206 trial=1088 status=success reached=14.10/14.10s x0_rmse=50.891429440190336 uV runtime=260.2s
config=206 trial=622 status=success reached=14.10/14.10s x0_rmse=44.87784701697469 uV runtime=266.3s
config=206 trial=620 status=failed reached=4.66/14.10s x0_rmse= uV runtime=261.2s
config=206 trial=2 status=failed reached=5.73/14.10s x0_rmse= uV runtime=288.4s
config=206 trial=3 status=success reached=14.10/14.10s x0_rmse=40.92759286354282 uV runtime=270.4s
config=206 trial=1244 status=failed reached=1.61/13.99s x0_rmse= uV runtime=191.8s
config=206 trial=778 status=failed reached=4.26/14.10s x0_rmse= uV runtime=299.1s
config=206 trial=312 status=success reached=14.10/14.10s x0_rmse=44.60666771082695 uV runtime=292.4s
saved: outputs/pysindy/raw_grid_threshold1000/simulations/config_0206_summary.json
