## SLURM PROLOG ###############################################################
##    Job ID : 3684471
##  Job Name : lfp_grid_sim
##  Nodelist : node2334
##      CPUs : 
##  Mem/Node : 4096 MB
## Directory : /oscar/data/tdesroch/dbuyukya/AidaCarneyProject
##   Job Started : Mon Jul  6 08:58:09 PM EDT 2026
###############################################################################
[1/1] configuration=197 degree=3 lowpass=80.0
config=197 trial=4 status=failed reached=9.78/14.03s x0_rmse= uV runtime=142.4s
config=197 trial=1088 status=failed reached=5.96/14.14s x0_rmse= uV runtime=118.8s
config=197 trial=622 status=failed reached=2.44/14.14s x0_rmse= uV runtime=89.9s
config=197 trial=620 status=failed reached=7.33/14.14s x0_rmse= uV runtime=125.9s
config=197 trial=2 status=failed reached=13.69/14.14s x0_rmse= uV runtime=155.1s
config=197 trial=3 status=failed reached=11.56/14.14s x0_rmse= uV runtime=146.9s
config=197 trial=1244 status=failed reached=1.14/14.03s x0_rmse= uV runtime=76.4s
config=197 trial=778 status=failed reached=10.31/14.14s x0_rmse= uV runtime=138.5s
config=197 trial=312 status=failed reached=1.09/14.14s x0_rmse= uV runtime=73.3s
saved: outputs/pysindy/raw_grid_threshold1000/simulations/config_0197_summary.json
