## SLURM PROLOG ###############################################################
##    Job ID : 3631075
##  Job Name : lfp_grid_sim
##  Nodelist : node2306
##      CPUs : 
##  Mem/Node : 16384 MB
## Directory : /oscar/data/tdesroch/dbuyukya/AidaCarneyProject
##   Job Started : Fri Jul  3 12:19:03 AM EDT 2026
###############################################################################
[1/1] configuration=29 degree=1 lowpass=35.0
config=29 trial=4 status=success reached=14.06/14.06s x0_rmse=38.71267807851639 uV runtime=109.1s
config=29 trial=1088 status=success reached=14.17/14.17s x0_rmse=67.70084326969219 uV runtime=72.0s
config=29 trial=622 status=success reached=14.17/14.17s x0_rmse=55.272302690278636 uV runtime=87.5s
config=29 trial=620 status=success reached=14.17/14.17s x0_rmse=40.1690861766257 uV runtime=141.3s
config=29 trial=2 status=success reached=14.17/14.17s x0_rmse=73.90883098150958 uV runtime=76.6s
config=29 trial=3 status=success reached=14.17/14.17s x0_rmse=76.93814051987047 uV runtime=68.2s
config=29 trial=1244 status=success reached=14.06/14.06s x0_rmse=83.99060881272186 uV runtime=73.0s
config=29 trial=778 status=success reached=14.17/14.17s x0_rmse=55.11830979662328 uV runtime=87.3s
config=29 trial=312 status=success reached=14.17/14.17s x0_rmse=42.66432063636181 uV runtime=85.4s
saved: outputs/pysindy/raw_grid_threshold100/simulations/config_0029_summary.json
