## SLURM PROLOG ###############################################################
##    Job ID : 3611144
##  Job Name : lfp_grid_sim
##  Nodelist : node2335
##      CPUs : 
##  Mem/Node : 16384 MB
## Directory : /oscar/data/tdesroch/dbuyukya/AidaCarneyProject
##   Job Started : Wed Jul  1 05:26:25 PM EDT 2026
###############################################################################
[1/1] configuration=132 degree=1 lowpass=80.0
config=132 trial=4 status=success reached=14.05/14.05s runtime=27.2s
config=132 trial=1088 status=success reached=14.16/14.16s runtime=26.0s
config=132 trial=622 status=success reached=14.16/14.16s runtime=26.2s
config=132 trial=620 status=success reached=14.16/14.16s runtime=27.4s
config=132 trial=2 status=success reached=14.16/14.16s runtime=25.8s
config=132 trial=3 status=success reached=14.16/14.16s runtime=26.2s
config=132 trial=1244 status=success reached=14.05/14.05s runtime=31.3s
config=132 trial=778 status=success reached=14.16/14.16s runtime=25.4s
config=132 trial=312 status=success reached=14.16/14.16s runtime=26.8s
saved: /oscar/data/tdesroch/dbuyukya/AidaCarneyProject/outputs/pysindy/raw_grid/simulations/config_0132_summary.json
