## SLURM PROLOG ###############################################################
##    Job ID : 3683126
##  Job Name : lfp_grid_sim
##  Nodelist : node2313
##      CPUs : 
##  Mem/Node : 4096 MB
## Directory : /oscar/data/tdesroch/dbuyukya/AidaCarneyProject
##   Job Started : Mon Jul  6 03:32:22 PM EDT 2026
###############################################################################
[1/1] configuration=49 degree=2 lowpass=35.0
config=49 trial=4 status=success reached=14.06/14.06s x0_rmse=32.40028361240376 uV runtime=87.7s
config=49 trial=1088 status=success reached=14.18/14.18s x0_rmse=71.28944314634768 uV runtime=55.0s
config=49 trial=622 status=success reached=14.17/14.17s x0_rmse=56.685800157582705 uV runtime=59.6s
config=49 trial=620 status=success reached=14.17/14.17s x0_rmse=43.08697074968246 uV runtime=76.2s
config=49 trial=2 status=success reached=14.17/14.17s x0_rmse=59.16029532304613 uV runtime=58.2s
config=49 trial=3 status=success reached=14.17/14.17s x0_rmse=54.189113851333374 uV runtime=52.0s
config=49 trial=1244 status=success reached=14.06/14.06s x0_rmse=93.57347790179342 uV runtime=56.6s
config=49 trial=778 status=success reached=14.17/14.17s x0_rmse=54.28810320908672 uV runtime=60.9s
config=49 trial=312 status=success reached=14.17/14.17s x0_rmse=45.92745748790883 uV runtime=65.2s
saved: outputs/pysindy/raw_grid_threshold1000/simulations/config_0049_summary.json
