## SLURM PROLOG ###############################################################
##    Job ID : 3684260
##  Job Name : lfp_grid_sim
##  Nodelist : node2334
##      CPUs : 
##  Mem/Node : 4096 MB
## Directory : /oscar/data/tdesroch/dbuyukya/AidaCarneyProject
##   Job Started : Mon Jul  6 04:30:33 PM EDT 2026
###############################################################################
[1/1] configuration=170 degree=2 lowpass=80.0
config=170 trial=4 status=success reached=13.99/13.99s x0_rmse=35.03426031458016 uV runtime=91.9s
config=170 trial=1088 status=success reached=14.10/14.10s x0_rmse=51.75447822401821 uV runtime=88.8s
config=170 trial=622 status=success reached=14.10/14.10s x0_rmse=46.00932946608106 uV runtime=95.4s
config=170 trial=620 status=success reached=14.10/14.10s x0_rmse=54.5710257302084 uV runtime=85.2s
config=170 trial=2 status=success reached=14.10/14.10s x0_rmse=60.84920541257498 uV runtime=78.4s
config=170 trial=3 status=success reached=14.10/14.10s x0_rmse=36.216489330973076 uV runtime=85.5s
config=170 trial=1244 status=success reached=13.99/13.99s x0_rmse=84.15009831641224 uV runtime=63.0s
config=170 trial=778 status=success reached=14.10/14.10s x0_rmse=62.228523269718714 uV runtime=79.9s
config=170 trial=312 status=success reached=14.10/14.10s x0_rmse=64.82155304065756 uV runtime=75.3s
saved: outputs/pysindy/raw_grid_threshold1000/simulations/config_0170_summary.json
