## SLURM PROLOG ###############################################################
##    Job ID : 3683010
##  Job Name : lfp_grid_sim
##  Nodelist : node2322
##      CPUs : 
##  Mem/Node : 4096 MB
## Directory : /oscar/data/tdesroch/dbuyukya/AidaCarneyProject
##   Job Started : Mon Jul  6 03:27:24 PM EDT 2026
###############################################################################
[1/1] configuration=11 degree=1 lowpass=35.0
config=11 trial=4 status=success reached=14.08/14.08s x0_rmse=28.29947976868643 uV runtime=24.8s
config=11 trial=1088 status=success reached=14.19/14.19s x0_rmse=64.55755277423572 uV runtime=24.4s
config=11 trial=622 status=success reached=14.18/14.18s x0_rmse=60.518560587151995 uV runtime=22.1s
config=11 trial=620 status=success reached=14.18/14.18s x0_rmse=40.18677636065274 uV runtime=42.8s
config=11 trial=2 status=success reached=14.18/14.18s x0_rmse=60.06553679110597 uV runtime=23.4s
config=11 trial=3 status=success reached=14.18/14.18s x0_rmse=51.07646976397771 uV runtime=20.8s
config=11 trial=1244 status=success reached=14.08/14.08s x0_rmse=61.96151677686893 uV runtime=23.0s
config=11 trial=778 status=success reached=14.18/14.18s x0_rmse=46.854428740834514 uV runtime=26.3s
config=11 trial=312 status=success reached=14.18/14.18s x0_rmse=41.83310124123137 uV runtime=23.1s
saved: outputs/pysindy/raw_grid_threshold1000/simulations/config_0011_summary.json
