## SLURM PROLOG ###############################################################
##    Job ID : 3611689
##  Job Name : lfp_grid_sim
##  Nodelist : node2337
##      CPUs : 
##  Mem/Node : 16384 MB
## Directory : /oscar/data/tdesroch/dbuyukya/AidaCarneyProject
##   Job Started : Wed Jul  1 06:30:09 PM EDT 2026
###############################################################################
[1/1] configuration=174 degree=2 lowpass=80.0
config=174 trial=4 status=failed reached=0.33/14.06s runtime=65.4s
config=174 trial=1088 status=failed reached=2.52/14.17s runtime=112.9s
config=174 trial=622 status=failed reached=1.31/14.17s runtime=116.3s
config=174 trial=620 status=failed reached=3.10/14.17s runtime=162.9s
config=174 trial=2 status=failed reached=0.16/14.17s runtime=60.3s
config=174 trial=3 status=failed reached=0.82/14.17s runtime=107.0s
config=174 trial=1244 status=failed reached=3.65/14.06s runtime=138.4s
config=174 trial=778 status=failed reached=0.13/14.17s runtime=60.2s
config=174 trial=312 status=failed reached=1.47/14.17s runtime=144.5s
saved: /oscar/data/tdesroch/dbuyukya/AidaCarneyProject/outputs/pysindy/raw_grid/simulations/config_0174_summary.json
