## SLURM PROLOG ###############################################################
##    Job ID : 3631010
##  Job Name : lfp_grid_sim
##  Nodelist : node2309
##      CPUs : 
##  Mem/Node : 16384 MB
## Directory : /oscar/data/tdesroch/dbuyukya/AidaCarneyProject
##   Job Started : Fri Jul  3 12:12:32 AM EDT 2026
###############################################################################
[1/1] configuration=11 degree=1 lowpass=35.0
config=11 trial=4 status=success reached=14.08/14.08s x0_rmse=28.29947976868643 uV runtime=20.5s
config=11 trial=1088 status=success reached=14.19/14.19s x0_rmse=64.55755277423572 uV runtime=20.2s
config=11 trial=622 status=success reached=14.18/14.18s x0_rmse=60.518560587151995 uV runtime=18.3s
config=11 trial=620 status=success reached=14.18/14.18s x0_rmse=40.18677636065274 uV runtime=35.0s
config=11 trial=2 status=success reached=14.18/14.18s x0_rmse=60.06553679110597 uV runtime=19.1s
config=11 trial=3 status=success reached=14.18/14.18s x0_rmse=51.07646976397771 uV runtime=17.0s
config=11 trial=1244 status=success reached=14.08/14.08s x0_rmse=61.96151677686893 uV runtime=18.9s
config=11 trial=778 status=success reached=14.18/14.18s x0_rmse=46.854428740834514 uV runtime=21.6s
config=11 trial=312 status=success reached=14.18/14.18s x0_rmse=41.83310124123137 uV runtime=18.6s
saved: outputs/pysindy/raw_grid_threshold100/simulations/config_0011_summary.json
