## SLURM PROLOG ###############################################################
##    Job ID : 3610009
##  Job Name : lfp_grid_sim
##  Nodelist : node2338
##      CPUs : 
##  Mem/Node : 16384 MB
## Directory : /oscar/data/tdesroch/dbuyukya/AidaCarneyProject
##   Job Started : Wed Jul  1 04:10:13 PM EDT 2026
###############################################################################
[1/1] configuration=102 degree=3 lowpass=35.0
config=102 trial=4 status=failed reached=0.64/14.06s runtime=689.9s
config=102 trial=1088 status=failed reached=0.10/14.17s runtime=398.0s
config=102 trial=622 status=failed reached=0.11/14.17s runtime=393.4s
config=102 trial=620 status=failed reached=0.09/14.17s runtime=620.8s
config=102 trial=2 status=failed reached=0.09/14.17s runtime=393.1s
config=102 trial=3 status=failed reached=0.15/14.17s runtime=652.8s
config=102 trial=1244 status=failed reached=0.09/14.06s runtime=395.8s
config=102 trial=778 status=failed reached=0.13/14.17s runtime=664.2s
config=102 trial=312 status=failed reached=0.53/14.17s runtime=416.4s
saved: /oscar/data/tdesroch/dbuyukya/AidaCarneyProject/outputs/pysindy/raw_grid/simulations/config_0102_summary.json
