## SLURM PROLOG ###############################################################
##    Job ID : 3609252
##  Job Name : lfp_grid_sim
##  Nodelist : node2335
##      CPUs : 
##  Mem/Node : 16384 MB
## Directory : /oscar/data/tdesroch/dbuyukya/AidaCarneyProject
##   Job Started : Thu Jul  2 12:18:33 AM EDT 2026
###############################################################################
[1/1] configuration=84 degree=3 lowpass=35.0
config=84 trial=4 status=success reached=14.08/14.08s runtime=128.5s
config=84 trial=1088 status=success reached=14.19/14.19s runtime=116.6s
config=84 trial=622 status=success reached=14.18/14.18s runtime=114.9s
config=84 trial=620 status=success reached=14.18/14.18s runtime=143.0s
config=84 trial=2 status=success reached=14.18/14.18s runtime=114.2s
config=84 trial=3 status=success reached=14.18/14.18s runtime=111.9s
config=84 trial=1244 status=success reached=14.08/14.08s runtime=114.3s
config=84 trial=778 status=success reached=14.18/14.18s runtime=116.0s
config=84 trial=312 status=success reached=14.18/14.18s runtime=116.0s
saved: /oscar/data/tdesroch/dbuyukya/AidaCarneyProject/outputs/pysindy/raw_grid/simulations/config_0084_summary.json
