## SLURM PROLOG ###############################################################
##    Job ID : 3684261
##  Job Name : lfp_grid_sim
##  Nodelist : node2338
##      CPUs : 
##  Mem/Node : 4096 MB
## Directory : /oscar/data/tdesroch/dbuyukya/AidaCarneyProject
##   Job Started : Mon Jul  6 04:30:33 PM EDT 2026
###############################################################################
[1/1] configuration=171 degree=2 lowpass=80.0
config=171 trial=4 status=success reached=13.99/13.99s x0_rmse=37.36410932830986 uV runtime=106.1s
config=171 trial=1088 status=failed reached=3.71/14.10s x0_rmse= uV runtime=59.4s
config=171 trial=622 status=success reached=14.10/14.10s x0_rmse=43.532737173622 uV runtime=105.5s
config=171 trial=620 status=success reached=14.10/14.10s x0_rmse=50.830294612087215 uV runtime=105.7s
config=171 trial=2 status=success reached=14.10/14.10s x0_rmse=58.87313054041374 uV runtime=95.7s
config=171 trial=3 status=failed reached=2.17/14.10s x0_rmse= uV runtime=50.3s
config=171 trial=1244 status=success reached=13.99/13.99s x0_rmse=75.11583485817428 uV runtime=82.0s
config=171 trial=778 status=success reached=14.10/14.10s x0_rmse=51.39945157610745 uV runtime=99.6s
config=171 trial=312 status=success reached=14.10/14.10s x0_rmse=49.75332938110295 uV runtime=89.9s
saved: outputs/pysindy/raw_grid_threshold1000/simulations/config_0171_summary.json
