## SLURM PROLOG ###############################################################
##    Job ID : 3632032
##  Job Name : lfp_grid_sim
##  Nodelist : node2334
##      CPUs : 
##  Mem/Node : 16384 MB
## Directory : /oscar/data/tdesroch/dbuyukya/AidaCarneyProject
##   Job Started : Fri Jul  3 02:17:48 AM EDT 2026
###############################################################################
[1/1] configuration=159 degree=2 lowpass=80.0
config=159 trial=4 status=success reached=14.06/14.06s x0_rmse=76.64933800680143 uV runtime=67.2s
config=159 trial=1088 status=success reached=14.18/14.18s x0_rmse=88.40661512923415 uV runtime=66.6s
config=159 trial=622 status=success reached=14.17/14.17s x0_rmse=85.74247891763368 uV runtime=66.7s
config=159 trial=620 status=success reached=14.17/14.17s x0_rmse=82.10993855819122 uV runtime=69.2s
config=159 trial=2 status=success reached=14.17/14.17s x0_rmse=87.9931193783504 uV runtime=71.2s
config=159 trial=3 status=success reached=14.17/14.17s x0_rmse=82.85118815926528 uV runtime=66.9s
config=159 trial=1244 status=success reached=14.06/14.06s x0_rmse=87.11043197667115 uV runtime=65.4s
config=159 trial=778 status=success reached=14.17/14.17s x0_rmse=84.04360039041376 uV runtime=67.4s
config=159 trial=312 status=success reached=14.17/14.17s x0_rmse=77.60273475371734 uV runtime=65.3s
saved: outputs/pysindy/raw_grid_threshold100/simulations/config_0159_summary.json
