## SLURM PROLOG ###############################################################
##    Job ID : 3609371
##  Job Name : lfp_grid_sim
##  Nodelist : node2335
##      CPUs : 
##  Mem/Node : 16384 MB
## Directory : /oscar/data/tdesroch/dbuyukya/AidaCarneyProject
##   Job Started : Wed Jul  1 03:48:34 PM EDT 2026
###############################################################################
[1/1] configuration=92 degree=3 lowpass=35.0
config=92 trial=4 status=failed reached=3.44/14.07s runtime=253.4s
config=92 trial=1088 status=failed reached=3.68/14.18s runtime=221.5s
config=92 trial=622 status=failed reached=8.76/14.18s runtime=382.9s
config=92 trial=620 status=failed reached=3.46/14.18s runtime=241.9s
config=92 trial=2 status=failed reached=5.16/14.18s runtime=277.0s
config=92 trial=3 status=failed reached=7.82/14.18s runtime=341.5s
config=92 trial=1244 status=failed reached=0.20/14.07s runtime=200.7s
config=92 trial=778 status=failed reached=9.81/14.18s runtime=394.5s
config=92 trial=312 status=failed reached=6.30/14.18s runtime=326.5s
saved: /oscar/data/tdesroch/dbuyukya/AidaCarneyProject/outputs/pysindy/raw_grid/simulations/config_0092_summary.json
