## SLURM PROLOG ###############################################################
##    Job ID : 3632368
##  Job Name : lfp_grid_sim
##  Nodelist : node2334
##      CPUs : 
##  Mem/Node : 16384 MB
## Directory : /oscar/data/tdesroch/dbuyukya/AidaCarneyProject
##   Job Started : Fri Jul  3 03:28:15 AM EDT 2026
###############################################################################
[1/1] configuration=204 degree=3 lowpass=80.0
config=204 trial=4 status=failed reached=0.03/14.05s x0_rmse= uV runtime=126.3s
config=204 trial=1088 status=success reached=14.16/14.16s x0_rmse=48.827977515498254 uV runtime=331.9s
config=204 trial=622 status=failed reached=0.29/14.16s x0_rmse= uV runtime=133.7s
config=204 trial=620 status=failed reached=0.03/14.16s x0_rmse= uV runtime=165.9s
config=204 trial=2 status=failed reached=0.01/14.16s x0_rmse= uV runtime=138.7s
config=204 trial=3 status=failed reached=0.14/14.16s x0_rmse= uV runtime=127.1s
config=204 trial=1244 status=failed reached=0.18/14.05s x0_rmse= uV runtime=129.3s
config=204 trial=778 status=failed reached=0.03/14.16s x0_rmse= uV runtime=126.3s
config=204 trial=312 status=success reached=14.16/14.16s x0_rmse=40.32225100010659 uV runtime=392.1s
saved: outputs/pysindy/raw_grid_threshold100/simulations/config_0204_summary.json
