## SLURM PROLOG ###############################################################
##    Job ID : 3683557
##  Job Name : lfp_grid_sim
##  Nodelist : node2335
##      CPUs : 
##  Mem/Node : 4096 MB
## Directory : /oscar/data/tdesroch/dbuyukya/AidaCarneyProject
##   Job Started : Mon Jul  6 03:47:01 PM EDT 2026
###############################################################################
[1/1] configuration=91 degree=3 lowpass=35.0
config=91 trial=4 status=failed reached=5.57/14.07s x0_rmse= uV runtime=600.3s
config=91 trial=1088 status=failed reached=5.76/14.18s x0_rmse= uV runtime=558.3s
config=91 trial=622 status=failed reached=8.01/14.18s x0_rmse= uV runtime=633.5s
config=91 trial=620 status=failed reached=5.57/14.18s x0_rmse= uV runtime=591.4s
config=91 trial=2 status=failed reached=6.61/14.18s x0_rmse= uV runtime=571.0s
config=91 trial=3 status=failed reached=8.80/14.18s x0_rmse= uV runtime=624.6s
config=91 trial=1244 status=failed reached=0.26/14.07s x0_rmse= uV runtime=381.8s
config=91 trial=778 status=failed reached=10.08/14.18s x0_rmse= uV runtime=670.2s
config=91 trial=312 status=failed reached=7.73/14.18s x0_rmse= uV runtime=643.8s
saved: outputs/pysindy/raw_grid_threshold1000/simulations/config_0091_summary.json
