## SLURM PROLOG ###############################################################
##    Job ID : 3611340
##  Job Name : lfp_grid_sim
##  Nodelist : node2337
##      CPUs : 
##  Mem/Node : 16384 MB
## Directory : /oscar/data/tdesroch/dbuyukya/AidaCarneyProject
##   Job Started : Wed Jul  1 06:00:48 PM EDT 2026
###############################################################################
[1/1] configuration=155 degree=2 lowpass=80.0
config=155 trial=4 status=failed reached=1.08/14.08s runtime=46.9s
config=155 trial=1088 status=failed reached=13.58/14.19s runtime=151.4s
config=155 trial=622 status=failed reached=0.97/14.18s runtime=44.3s
config=155 trial=620 status=success reached=14.18/14.18s runtime=75.7s
config=155 trial=2 status=failed reached=7.25/14.18s runtime=71.6s
config=155 trial=3 status=failed reached=9.65/14.18s runtime=70.6s
config=155 trial=1244 status=failed reached=8.62/14.08s runtime=82.2s
config=155 trial=778 status=failed reached=3.74/14.18s runtime=54.1s
config=155 trial=312 status=failed reached=7.98/14.18s runtime=73.0s
saved: /oscar/data/tdesroch/dbuyukya/AidaCarneyProject/outputs/pysindy/raw_grid/simulations/config_0155_summary.json
