## SLURM PROLOG ###############################################################
##    Job ID : 3683138
##  Job Name : lfp_grid_sim
##  Nodelist : node2333
##      CPUs : 
##  Mem/Node : 4096 MB
## Directory : /oscar/data/tdesroch/dbuyukya/AidaCarneyProject
##   Job Started : Mon Jul  6 03:33:06 PM EDT 2026
###############################################################################
[1/1] configuration=54 degree=2 lowpass=35.0
config=54 trial=4 status=success reached=14.03/14.03s x0_rmse=35.751018081714484 uV runtime=66.0s
config=54 trial=1088 status=success reached=14.14/14.14s x0_rmse=53.38174167897015 uV runtime=66.8s
config=54 trial=622 status=success reached=14.14/14.14s x0_rmse=46.56437665389528 uV runtime=73.0s
config=54 trial=620 status=success reached=14.14/14.14s x0_rmse=46.62705983600758 uV runtime=67.3s
config=54 trial=2 status=success reached=14.14/14.14s x0_rmse=45.854596963711025 uV runtime=58.3s
config=54 trial=3 status=success reached=14.14/14.14s x0_rmse=44.87859250443597 uV runtime=61.9s
config=54 trial=1244 status=failed reached=5.21/14.03s x0_rmse= uV runtime=41.9s
config=54 trial=778 status=success reached=14.14/14.14s x0_rmse=46.13361337044099 uV runtime=62.1s
config=54 trial=312 status=success reached=14.14/14.14s x0_rmse=56.25219802874126 uV runtime=55.0s
saved: outputs/pysindy/raw_grid_threshold1000/simulations/config_0054_summary.json
