## SLURM PROLOG ###############################################################
##    Job ID : 3611555
##  Job Name : lfp_grid_sim
##  Nodelist : node2335
##      CPUs : 
##  Mem/Node : 16384 MB
## Directory : /oscar/data/tdesroch/dbuyukya/AidaCarneyProject
##   Job Started : Wed Jul  1 06:15:59 PM EDT 2026
###############################################################################
[1/1] configuration=168 degree=2 lowpass=80.0
config=168 trial=4 status=success reached=14.05/14.05s runtime=96.0s
config=168 trial=1088 status=success reached=14.16/14.16s runtime=97.4s
config=168 trial=622 status=success reached=14.16/14.16s runtime=95.4s
config=168 trial=620 status=success reached=14.16/14.16s runtime=95.5s
config=168 trial=2 status=success reached=14.16/14.16s runtime=94.1s
config=168 trial=3 status=success reached=14.16/14.16s runtime=95.4s
config=168 trial=1244 status=success reached=14.05/14.05s runtime=91.1s
config=168 trial=778 status=failed reached=0.22/14.16s runtime=62.3s
config=168 trial=312 status=success reached=14.16/14.16s runtime=101.6s
saved: /oscar/data/tdesroch/dbuyukya/AidaCarneyProject/outputs/pysindy/raw_grid/simulations/config_0168_summary.json
