## SLURM PROLOG ###############################################################
##    Job ID : 3611269
##  Job Name : lfp_grid_sim
##  Nodelist : node2335
##      CPUs : 
##  Mem/Node : 16384 MB
## Directory : /oscar/data/tdesroch/dbuyukya/AidaCarneyProject
##   Job Started : Wed Jul  1 05:51:42 PM EDT 2026
###############################################################################
[1/1] configuration=144 degree=1 lowpass=80.0
config=144 trial=4 status=success reached=13.95/13.95s runtime=28.6s
config=144 trial=1088 status=success reached=14.06/14.06s runtime=29.0s
config=144 trial=622 status=success reached=14.06/14.06s runtime=27.7s
config=144 trial=620 status=success reached=14.06/14.06s runtime=28.4s
config=144 trial=2 status=success reached=14.06/14.06s runtime=22.1s
config=144 trial=3 status=success reached=14.06/14.06s runtime=29.1s
config=144 trial=1244 status=success reached=13.95/13.95s runtime=28.8s
config=144 trial=778 status=success reached=14.06/14.06s runtime=23.3s
config=144 trial=312 status=success reached=14.06/14.06s runtime=28.1s
saved: /oscar/data/tdesroch/dbuyukya/AidaCarneyProject/outputs/pysindy/raw_grid/simulations/config_0144_summary.json
