## SLURM PROLOG ###############################################################
##    Job ID : 3683017
##  Job Name : lfp_grid_sim
##  Nodelist : node2323
##      CPUs : 
##  Mem/Node : 4096 MB
## Directory : /oscar/data/tdesroch/dbuyukya/AidaCarneyProject
##   Job Started : Mon Jul  6 03:27:22 PM EDT 2026
###############################################################################
[1/1] configuration=18 degree=1 lowpass=35.0
config=18 trial=4 status=success reached=14.03/14.03s x0_rmse=35.38427391690992 uV runtime=11.7s
config=18 trial=1088 status=success reached=14.14/14.14s x0_rmse=55.71201627171323 uV runtime=12.4s
config=18 trial=622 status=success reached=14.14/14.14s x0_rmse=43.87245363158983 uV runtime=18.1s
config=18 trial=620 status=success reached=14.14/14.14s x0_rmse=48.761568715876344 uV runtime=11.5s
config=18 trial=2 status=success reached=14.14/14.14s x0_rmse=60.609653781450334 uV runtime=9.8s
config=18 trial=3 status=success reached=14.14/14.14s x0_rmse=50.76467566744384 uV runtime=11.0s
config=18 trial=1244 status=success reached=14.03/14.03s x0_rmse=76.8124667444239 uV runtime=15.5s
config=18 trial=778 status=success reached=14.14/14.14s x0_rmse=56.90648962484721 uV runtime=11.0s
config=18 trial=312 status=success reached=14.14/14.14s x0_rmse=66.63422661520185 uV runtime=9.7s
saved: outputs/pysindy/raw_grid_threshold1000/simulations/config_0018_summary.json
