## SLURM PROLOG ###############################################################
##    Job ID : 3683006
##  Job Name : lfp_grid_sim
##  Nodelist : node2319
##      CPUs : 
##  Mem/Node : 4096 MB
## Directory : /oscar/data/tdesroch/dbuyukya/AidaCarneyProject
##   Job Started : Mon Jul  6 03:27:22 PM EDT 2026
###############################################################################
[1/1] configuration=7 degree=1 lowpass=35.0
config=7 trial=4 status=success reached=14.07/14.07s x0_rmse=28.223063276828228 uV runtime=4.2s
config=7 trial=1088 status=success reached=14.18/14.18s x0_rmse=58.08960854030513 uV runtime=4.5s
config=7 trial=622 status=success reached=14.18/14.18s x0_rmse=55.51756865819971 uV runtime=4.6s
config=7 trial=620 status=success reached=14.18/14.18s x0_rmse=40.01749760393189 uV runtime=4.4s
config=7 trial=2 status=success reached=14.18/14.18s x0_rmse=59.62050054307639 uV runtime=4.4s
config=7 trial=3 status=success reached=14.18/14.18s x0_rmse=47.84379468727949 uV runtime=4.4s
config=7 trial=1244 status=success reached=14.07/14.07s x0_rmse=58.60517303968128 uV runtime=4.6s
config=7 trial=778 status=success reached=14.18/14.18s x0_rmse=46.42120637533755 uV runtime=4.6s
config=7 trial=312 status=success reached=14.18/14.18s x0_rmse=42.851230755901646 uV runtime=4.5s
saved: outputs/pysindy/raw_grid_threshold1000/simulations/config_0007_summary.json
