## SLURM PROLOG ###############################################################
##    Job ID : 3683897
##  Job Name : lfp_grid_sim
##  Nodelist : node2339
##      CPUs : 
##  Mem/Node : 4096 MB
## Directory : /oscar/data/tdesroch/dbuyukya/AidaCarneyProject
##   Job Started : Mon Jul  6 04:08:31 PM EDT 2026
###############################################################################
[1/1] configuration=122 degree=1 lowpass=80.0
config=122 trial=4 status=success reached=14.06/14.06s x0_rmse=41.08177562776067 uV runtime=18.8s
config=122 trial=1088 status=success reached=14.18/14.18s x0_rmse=78.65218351345263 uV runtime=14.7s
config=122 trial=622 status=success reached=14.17/14.17s x0_rmse=77.39753000989776 uV runtime=14.1s
config=122 trial=620 status=success reached=14.17/14.17s x0_rmse=54.69601452026507 uV runtime=17.0s
config=122 trial=2 status=success reached=14.17/14.17s x0_rmse=79.09063981578444 uV runtime=14.4s
config=122 trial=3 status=success reached=14.17/14.17s x0_rmse=66.87539477546254 uV runtime=13.8s
config=122 trial=1244 status=success reached=14.06/14.06s x0_rmse=86.74617604352981 uV runtime=14.3s
config=122 trial=778 status=success reached=14.17/14.17s x0_rmse=65.12690429558761 uV runtime=16.1s
config=122 trial=312 status=success reached=14.17/14.17s x0_rmse=43.37548076983618 uV runtime=15.5s
saved: outputs/pysindy/raw_grid_threshold1000/simulations/config_0122_summary.json
