## SLURM PROLOG ###############################################################
##    Job ID : 3631984
##  Job Name : lfp_grid_sim
##  Nodelist : node2333
##      CPUs : 
##  Mem/Node : 16384 MB
## Directory : /oscar/data/tdesroch/dbuyukya/AidaCarneyProject
##   Job Started : Fri Jul  3 02:11:46 AM EDT 2026
###############################################################################
[1/1] configuration=148 degree=2 lowpass=80.0
config=148 trial=4 status=success reached=14.08/14.08s x0_rmse=27.986819141698707 uV runtime=6.9s
config=148 trial=1088 status=success reached=14.19/14.19s x0_rmse=74.7694772869467 uV runtime=16.9s
config=148 trial=622 status=success reached=14.19/14.19s x0_rmse=59.866543705491246 uV runtime=16.3s
config=148 trial=620 status=success reached=14.19/14.19s x0_rmse=42.23954139032395 uV runtime=14.2s
config=148 trial=2 status=failed reached=10.94/14.19s x0_rmse= uV runtime=27.4s
config=148 trial=3 status=success reached=14.19/14.19s x0_rmse=43.334028296380126 uV runtime=16.3s
config=148 trial=1244 status=success reached=14.08/14.08s x0_rmse=52.48587284964366 uV runtime=16.6s
config=148 trial=778 status=success reached=14.19/14.19s x0_rmse=45.23987149672619 uV runtime=15.7s
config=148 trial=312 status=success reached=14.19/14.19s x0_rmse=40.85301754685299 uV runtime=14.9s
saved: outputs/pysindy/raw_grid_threshold100/simulations/config_0148_summary.json
