Loading /Users/aida_abkenova/Downloads/CQSA/lfp-symreg/raw_data/trialdata_v03_buzz_20231106_pre-0.100_post0.100.mat ...
training pool: 28 trials, held-out: 9 trials (fixed)

=== case nd4 (deg=3, nd=4, delay=2, thr=20000) -- 31 fits ===
/Users/aida_abkenova/Downloads/CQSA/lfp-symreg/.venv/lib/python3.14/site-packages/scipy/integrate/_ivp/lsoda.py:161: UserWarning: lsoda: Repeated convergence failures (perhaps bad Jacobian or tolerances).
  solver._y, solver.t = integrator.run(
/Users/aida_abkenova/Downloads/CQSA/lfp-symreg/.venv/lib/python3.14/site-packages/scipy/integrate/_ivp/lsoda.py:161: UserWarning: lsoda: Repeated convergence failures (perhaps bad Jacobian or tolerances).
  solver._y, solver.t = integrator.run(
/Users/aida_abkenova/Downloads/CQSA/lfp-symreg/.venv/lib/python3.14/site-packages/scipy/integrate/_ivp/lsoda.py:161: UserWarning: lsoda: Repeated convergence failures (perhaps bad Jacobian or tolerances).
  solver._y, solver.t = integrator.run(
  [  1/31] n_train=  4 rep=0 terms=  30 done=6/9 psd=+0.153 corr=-0.000 rmse=42.7
  [  2/31] n_train=  4 rep=1 terms=  37 done=9/9 psd=+0.135 corr=+0.001 rmse=62.5
  [  3/31] n_train=  4 rep=2 terms=  35 done=9/9 psd=+0.134 corr=+0.001 rmse=56.0
/Users/aida_abkenova/Downloads/CQSA/lfp-symreg/.venv/lib/python3.14/site-packages/pysindy/utils/_axes.py:389: RuntimeWarning: overflow encountered in reduce
  results = super().__array_ufunc__(ufunc, method, *args, **kwargs)
  [  4/31] n_train=  4 rep=3 terms=  39 done=8/9 psd=+0.119 corr=-0.004 rmse=46.6
  [  5/31] n_train=  4 rep=4 terms=  28 done=9/9 psd=+0.129 corr=+0.018 rmse=46.2
/Users/aida_abkenova/Downloads/CQSA/lfp-symreg/.venv/lib/python3.14/site-packages/pysindy/utils/_axes.py:389: RuntimeWarning: overflow encountered in reduce
  results = super().__array_ufunc__(ufunc, method, *args, **kwargs)
/Users/aida_abkenova/Downloads/CQSA/lfp-symreg/.venv/lib/python3.14/site-packages/pysindy/utils/_axes.py:389: RuntimeWarning: overflow encountered in reduce
  results = super().__array_ufunc__(ufunc, method, *args, **kwargs)
/Users/aida_abkenova/Downloads/CQSA/lfp-symreg/.venv/lib/python3.14/site-packages/pysindy/utils/_axes.py:389: RuntimeWarning: overflow encountered in reduce
  results = super().__array_ufunc__(ufunc, method, *args, **kwargs)
/Users/aida_abkenova/Downloads/CQSA/lfp-symreg/.venv/lib/python3.14/site-packages/pysindy/utils/_axes.py:389: RuntimeWarning: overflow encountered in reduce
  results = super().__array_ufunc__(ufunc, method, *args, **kwargs)
/Users/aida_abkenova/Downloads/CQSA/lfp-symreg/.venv/lib/python3.14/site-packages/pysindy/utils/_axes.py:389: RuntimeWarning: overflow encountered in reduce
  results = super().__array_ufunc__(ufunc, method, *args, **kwargs)
/Users/aida_abkenova/Downloads/CQSA/lfp-symreg/.venv/lib/python3.14/site-packages/pysindy/utils/_axes.py:389: RuntimeWarning: overflow encountered in reduce
  results = super().__array_ufunc__(ufunc, method, *args, **kwargs)
/Users/aida_abkenova/Downloads/CQSA/lfp-symreg/.venv/lib/python3.14/site-packages/pysindy/utils/_axes.py:389: RuntimeWarning: overflow encountered in reduce
  results = super().__array_ufunc__(ufunc, method, *args, **kwargs)
/Users/aida_abkenova/Downloads/CQSA/lfp-symreg/.venv/lib/python3.14/site-packages/pysindy/utils/_axes.py:389: RuntimeWarning: overflow encountered in reduce
  results = super().__array_ufunc__(ufunc, method, *args, **kwargs)
/Users/aida_abkenova/Downloads/CQSA/lfp-symreg/.venv/lib/python3.14/site-packages/pysindy/utils/_axes.py:389: RuntimeWarning: overflow encountered in reduce
  results = super().__array_ufunc__(ufunc, method, *args, **kwargs)
  [  6/31] n_train=  8 rep=0 terms=  49 done=0/9 psd=+nan corr=+nan rmse=nan
  [  7/31] n_train=  8 rep=1 terms=  39 done=9/9 psd=+0.128 corr=-0.036 rmse=46.3
  [  8/31] n_train=  8 rep=2 terms=  51 done=9/9 psd=+0.193 corr=-0.017 rmse=51.4
  [  9/31] n_train=  8 rep=3 terms=  44 done=9/9 psd=+0.122 corr=-0.021 rmse=67.9
  [ 10/31] n_train=  8 rep=4 terms=  47 done=9/9 psd=+0.129 corr=-0.004 rmse=43.1
/Users/aida_abkenova/Downloads/CQSA/lfp-symreg/.venv/lib/python3.14/site-packages/pysindy/utils/_axes.py:389: RuntimeWarning: overflow encountered in reduce
  results = super().__array_ufunc__(ufunc, method, *args, **kwargs)
/Users/aida_abkenova/Downloads/CQSA/lfp-symreg/.venv/lib/python3.14/site-packages/pysindy/utils/_axes.py:389: RuntimeWarning: overflow encountered in reduce
  results = super().__array_ufunc__(ufunc, method, *args, **kwargs)
/Users/aida_abkenova/Downloads/CQSA/lfp-symreg/.venv/lib/python3.14/site-packages/pysindy/utils/_axes.py:389: RuntimeWarning: overflow encountered in reduce
  results = super().__array_ufunc__(ufunc, method, *args, **kwargs)
/Users/aida_abkenova/Downloads/CQSA/lfp-symreg/.venv/lib/python3.14/site-packages/pysindy/utils/_axes.py:389: RuntimeWarning: overflow encountered in reduce
  results = super().__array_ufunc__(ufunc, method, *args, **kwargs)
/Users/aida_abkenova/Downloads/CQSA/lfp-symreg/.venv/lib/python3.14/site-packages/pysindy/utils/_axes.py:389: RuntimeWarning: overflow encountered in reduce
  results = super().__array_ufunc__(ufunc, method, *args, **kwargs)
/Users/aida_abkenova/Downloads/CQSA/lfp-symreg/.venv/lib/python3.14/site-packages/pysindy/utils/_axes.py:389: RuntimeWarning: overflow encountered in reduce
  results = super().__array_ufunc__(ufunc, method, *args, **kwargs)
/Users/aida_abkenova/Downloads/CQSA/lfp-symreg/.venv/lib/python3.14/site-packages/pysindy/utils/_axes.py:389: RuntimeWarning: overflow encountered in reduce
  results = super().__array_ufunc__(ufunc, method, *args, **kwargs)
/Users/aida_abkenova/Downloads/CQSA/lfp-symreg/.venv/lib/python3.14/site-packages/pysindy/utils/_axes.py:389: RuntimeWarning: overflow encountered in reduce
  results = super().__array_ufunc__(ufunc, method, *args, **kwargs)
/Users/aida_abkenova/Downloads/CQSA/lfp-symreg/.venv/lib/python3.14/site-packages/pysindy/utils/_axes.py:389: RuntimeWarning: overflow encountered in reduce
  results = super().__array_ufunc__(ufunc, method, *args, **kwargs)
  [ 11/31] n_train= 12 rep=0 terms=  57 done=0/9 psd=+nan corr=+nan rmse=nan
/Users/aida_abkenova/Downloads/CQSA/lfp-symreg/.venv/lib/python3.14/site-packages/pysindy/utils/_axes.py:389: RuntimeWarning: overflow encountered in reduce
  results = super().__array_ufunc__(ufunc, method, *args, **kwargs)
/Users/aida_abkenova/Downloads/CQSA/lfp-symreg/.venv/lib/python3.14/site-packages/numpy/_core/fromnumeric.py:83: RuntimeWarning: invalid value encountered in reduce
  return ufunc.reduce(obj, axis, dtype, out, **passkwargs)
  [ 12/31] n_train= 12 rep=1 terms=  52 done=7/9 psd=+0.121 corr=-0.028 rmse=45.1
/Users/aida_abkenova/Downloads/CQSA/lfp-symreg/.venv/lib/python3.14/site-packages/pysindy/utils/_axes.py:389: RuntimeWarning: overflow encountered in reduce
  results = super().__array_ufunc__(ufunc, method, *args, **kwargs)
/Users/aida_abkenova/Downloads/CQSA/lfp-symreg/.venv/lib/python3.14/site-packages/pysindy/utils/_axes.py:389: RuntimeWarning: overflow encountered in reduce
  results = super().__array_ufunc__(ufunc, method, *args, **kwargs)
/Users/aida_abkenova/Downloads/CQSA/lfp-symreg/.venv/lib/python3.14/site-packages/pysindy/utils/_axes.py:389: RuntimeWarning: overflow encountered in reduce
  results = super().__array_ufunc__(ufunc, method, *args, **kwargs)
/Users/aida_abkenova/Downloads/CQSA/lfp-symreg/.venv/lib/python3.14/site-packages/pysindy/utils/_axes.py:389: RuntimeWarning: overflow encountered in reduce
  results = super().__array_ufunc__(ufunc, method, *args, **kwargs)
/Users/aida_abkenova/Downloads/CQSA/lfp-symreg/.venv/lib/python3.14/site-packages/pysindy/utils/_axes.py:389: RuntimeWarning: overflow encountered in reduce
  results = super().__array_ufunc__(ufunc, method, *args, **kwargs)
/Users/aida_abkenova/Downloads/CQSA/lfp-symreg/.venv/lib/python3.14/site-packages/pysindy/utils/_axes.py:389: RuntimeWarning: overflow encountered in reduce
  results = super().__array_ufunc__(ufunc, method, *args, **kwargs)
  [ 13/31] n_train= 12 rep=2 terms=  56 done=3/9 psd=+0.148 corr=-0.053 rmse=59.5
  [ 14/31] n_train= 12 rep=3 terms=  55 done=9/9 psd=+0.184 corr=+0.003 rmse=54.0
  [ 15/31] n_train= 12 rep=4 terms=  57 done=9/9 psd=+0.103 corr=+0.003 rmse=48.0
/Users/aida_abkenova/Downloads/CQSA/lfp-symreg/.venv/lib/python3.14/site-packages/pysindy/utils/_axes.py:389: RuntimeWarning: overflow encountered in reduce
  results = super().__array_ufunc__(ufunc, method, *args, **kwargs)
  [ 16/31] n_train= 16 rep=0 terms=  62 done=8/9 psd=+0.117 corr=+0.003 rmse=47.4
/Users/aida_abkenova/Downloads/CQSA/lfp-symreg/.venv/lib/python3.14/site-packages/pysindy/utils/_axes.py:389: RuntimeWarning: overflow encountered in reduce
  results = super().__array_ufunc__(ufunc, method, *args, **kwargs)
  [ 17/31] n_train= 16 rep=1 terms=  60 done=8/9 psd=+0.118 corr=+0.015 rmse=44.2
/Users/aida_abkenova/Downloads/CQSA/lfp-symreg/.venv/lib/python3.14/site-packages/pysindy/utils/_axes.py:389: RuntimeWarning: overflow encountered in reduce
  results = super().__array_ufunc__(ufunc, method, *args, **kwargs)
/Users/aida_abkenova/Downloads/CQSA/lfp-symreg/.venv/lib/python3.14/site-packages/pysindy/utils/_axes.py:389: RuntimeWarning: overflow encountered in reduce
  results = super().__array_ufunc__(ufunc, method, *args, **kwargs)
/Users/aida_abkenova/Downloads/CQSA/lfp-symreg/.venv/lib/python3.14/site-packages/pysindy/utils/_axes.py:389: RuntimeWarning: overflow encountered in reduce
  results = super().__array_ufunc__(ufunc, method, *args, **kwargs)
  [ 18/31] n_train= 16 rep=2 terms=  63 done=6/9 psd=+0.119 corr=+0.023 rmse=64.8
/Users/aida_abkenova/Downloads/CQSA/lfp-symreg/.venv/lib/python3.14/site-packages/pysindy/utils/_axes.py:389: RuntimeWarning: overflow encountered in reduce
  results = super().__array_ufunc__(ufunc, method, *args, **kwargs)
/Users/aida_abkenova/Downloads/CQSA/lfp-symreg/.venv/lib/python3.14/site-packages/pysindy/utils/_axes.py:389: RuntimeWarning: overflow encountered in reduce
  results = super().__array_ufunc__(ufunc, method, *args, **kwargs)
/Users/aida_abkenova/Downloads/CQSA/lfp-symreg/.venv/lib/python3.14/site-packages/pysindy/utils/_axes.py:389: RuntimeWarning: overflow encountered in reduce
  results = super().__array_ufunc__(ufunc, method, *args, **kwargs)
/Users/aida_abkenova/Downloads/CQSA/lfp-symreg/.venv/lib/python3.14/site-packages/pysindy/utils/_axes.py:389: RuntimeWarning: overflow encountered in reduce
  results = super().__array_ufunc__(ufunc, method, *args, **kwargs)
/Users/aida_abkenova/Downloads/CQSA/lfp-symreg/.venv/lib/python3.14/site-packages/pysindy/utils/_axes.py:389: RuntimeWarning: overflow encountered in reduce
  results = super().__array_ufunc__(ufunc, method, *args, **kwargs)
/Users/aida_abkenova/Downloads/CQSA/lfp-symreg/.venv/lib/python3.14/site-packages/pysindy/utils/_axes.py:389: RuntimeWarning: overflow encountered in reduce
  results = super().__array_ufunc__(ufunc, method, *args, **kwargs)
/Users/aida_abkenova/Downloads/CQSA/lfp-symreg/.venv/lib/python3.14/site-packages/pysindy/utils/_axes.py:389: RuntimeWarning: overflow encountered in reduce
  results = super().__array_ufunc__(ufunc, method, *args, **kwargs)
  [ 19/31] n_train= 16 rep=3 terms=  60 done=2/9 psd=+0.144 corr=-0.027 rmse=60.8
/Users/aida_abkenova/Downloads/CQSA/lfp-symreg/.venv/lib/python3.14/site-packages/pysindy/utils/_axes.py:389: RuntimeWarning: overflow encountered in reduce
  results = super().__array_ufunc__(ufunc, method, *args, **kwargs)
/Users/aida_abkenova/Downloads/CQSA/lfp-symreg/.venv/lib/python3.14/site-packages/pysindy/utils/_axes.py:389: RuntimeWarning: overflow encountered in reduce
  results = super().__array_ufunc__(ufunc, method, *args, **kwargs)
/Users/aida_abkenova/Downloads/CQSA/lfp-symreg/.venv/lib/python3.14/site-packages/pysindy/utils/_axes.py:389: RuntimeWarning: overflow encountered in reduce
  results = super().__array_ufunc__(ufunc, method, *args, **kwargs)
/Users/aida_abkenova/Downloads/CQSA/lfp-symreg/.venv/lib/python3.14/site-packages/pysindy/utils/_axes.py:389: RuntimeWarning: overflow encountered in reduce
  results = super().__array_ufunc__(ufunc, method, *args, **kwargs)
/Users/aida_abkenova/Downloads/CQSA/lfp-symreg/.venv/lib/python3.14/site-packages/pysindy/utils/_axes.py:389: RuntimeWarning: overflow encountered in reduce
  results = super().__array_ufunc__(ufunc, method, *args, **kwargs)
  [ 20/31] n_train= 16 rep=4 terms=  59 done=4/9 psd=+0.107 corr=-0.025 rmse=46.2
/Users/aida_abkenova/Downloads/CQSA/lfp-symreg/.venv/lib/python3.14/site-packages/pysindy/utils/_axes.py:389: RuntimeWarning: overflow encountered in reduce
  results = super().__array_ufunc__(ufunc, method, *args, **kwargs)
/Users/aida_abkenova/Downloads/CQSA/lfp-symreg/.venv/lib/python3.14/site-packages/pysindy/utils/_axes.py:389: RuntimeWarning: overflow encountered in reduce
  results = super().__array_ufunc__(ufunc, method, *args, **kwargs)
/Users/aida_abkenova/Downloads/CQSA/lfp-symreg/.venv/lib/python3.14/site-packages/pysindy/utils/_axes.py:389: RuntimeWarning: overflow encountered in reduce
  results = super().__array_ufunc__(ufunc, method, *args, **kwargs)
  [ 21/31] n_train= 20 rep=0 terms=  66 done=6/9 psd=+0.118 corr=+0.047 rmse=57.2
/Users/aida_abkenova/Downloads/CQSA/lfp-symreg/.venv/lib/python3.14/site-packages/pysindy/utils/_axes.py:389: RuntimeWarning: overflow encountered in reduce
  results = super().__array_ufunc__(ufunc, method, *args, **kwargs)
  [ 22/31] n_train= 20 rep=1 terms=  66 done=8/9 psd=+0.125 corr=-0.003 rmse=61.5
/Users/aida_abkenova/Downloads/CQSA/lfp-symreg/.venv/lib/python3.14/site-packages/pysindy/utils/_axes.py:389: RuntimeWarning: overflow encountered in reduce
  results = super().__array_ufunc__(ufunc, method, *args, **kwargs)
  [ 23/31] n_train= 20 rep=2 terms=  64 done=8/9 psd=+0.115 corr=+0.020 rmse=60.4
/Users/aida_abkenova/Downloads/CQSA/lfp-symreg/.venv/lib/python3.14/site-packages/pysindy/utils/_axes.py:389: RuntimeWarning: overflow encountered in reduce
  results = super().__array_ufunc__(ufunc, method, *args, **kwargs)
  [ 24/31] n_train= 20 rep=3 terms=  68 done=8/9 psd=+0.112 corr=-0.005 rmse=57.8
/Users/aida_abkenova/Downloads/CQSA/lfp-symreg/.venv/lib/python3.14/site-packages/pysindy/utils/_axes.py:389: RuntimeWarning: overflow encountered in reduce
  results = super().__array_ufunc__(ufunc, method, *args, **kwargs)
/Users/aida_abkenova/Downloads/CQSA/lfp-symreg/.venv/lib/python3.14/site-packages/pysindy/utils/_axes.py:389: RuntimeWarning: overflow encountered in reduce
  results = super().__array_ufunc__(ufunc, method, *args, **kwargs)
  [ 25/31] n_train= 20 rep=4 terms=  67 done=7/9 psd=+0.130 corr=+0.025 rmse=60.6
  [ 26/31] n_train= 24 rep=0 terms=  70 done=9/9 psd=+0.128 corr=-0.005 rmse=57.7
  [ 27/31] n_train= 24 rep=1 terms=  73 done=9/9 psd=+0.099 corr=-0.014 rmse=56.7
  [ 28/31] n_train= 24 rep=2 terms=  72 done=9/9 psd=+0.133 corr=+0.023 rmse=57.2
/Users/aida_abkenova/Downloads/CQSA/lfp-symreg/.venv/lib/python3.14/site-packages/pysindy/utils/_axes.py:389: RuntimeWarning: overflow encountered in reduce
  results = super().__array_ufunc__(ufunc, method, *args, **kwargs)
  [ 29/31] n_train= 24 rep=3 terms=  72 done=8/9 psd=+0.119 corr=+0.004 rmse=58.9
/Users/aida_abkenova/Downloads/CQSA/lfp-symreg/.venv/lib/python3.14/site-packages/pysindy/utils/_axes.py:389: RuntimeWarning: overflow encountered in reduce
  results = super().__array_ufunc__(ufunc, method, *args, **kwargs)
  [ 30/31] n_train= 24 rep=4 terms=  72 done=8/9 psd=+0.115 corr=+0.001 rmse=59.4
/Users/aida_abkenova/Downloads/CQSA/lfp-symreg/.venv/lib/python3.14/site-packages/pysindy/utils/_axes.py:389: RuntimeWarning: overflow encountered in reduce
  results = super().__array_ufunc__(ufunc, method, *args, **kwargs)
  [ 31/31] n_train= 28 rep=0 terms=  74 done=8/9 psd=+0.116 corr=+0.029 rmse=56.4

wrote /Users/aida_abkenova/Downloads/CQSA/lfp-symreg/outputs/pysindy/learning_curve/learning_curve.csv

===== learning curve, case nd4 =====

 n_train  reps   done   terms   psd_similari   x0_correlati   collapse_std        x0_rmse
       4     5    8.2    33.8   +0.134±0.011   +0.003±0.008   +0.992±0.257  +50.794±7.320
       8     5    7.2    46.0   +0.143±0.029   -0.020±0.011   +1.015±0.559  +52.189±9.553
      12     5    5.6    55.4   +0.139±0.030   -0.019±0.023   +1.040±0.330  +51.641±5.560
      16     5    5.6    60.8   +0.121±0.012   -0.002±0.021   +1.086±0.477  +52.678±8.446
      20     5    7.4    66.2   +0.120±0.007   +0.017±0.019   +1.461±0.107  +59.488±1.692
      24     5    8.6    71.8   +0.119±0.012   +0.002±0.012   +1.376±0.053  +57.998±1.006
      28     1    8.0    74.0   +0.116±0.000   +0.029±0.000   +1.385±0.000  +56.441±0.000

change from smallest to largest training set:
        psd_similarity: +0.134 -> +0.116 (worsens by 0.018; replicate sd at n=28 is 0.000, ratio inf)
        x0_correlation: +0.003 -> +0.029 (improves by 0.026; replicate sd at n=28 is 0.000, ratio inf)
    collapse_std_ratio: +0.992 -> +1.385 (improves by 0.393; replicate sd at n=28 is 0.000, ratio inf)
               x0_rmse: +50.794 -> +56.441 (worsens by 5.646; replicate sd at n=28 is 0.000, ratio inf)
wrote /Users/aida_abkenova/Downloads/CQSA/lfp-symreg/outputs/pysindy/learning_curve/learning_curve_summary_nd4.csv
wrote /Users/aida_abkenova/Downloads/CQSA/lfp-symreg/outputs/pysindy/learning_curve/learning_curve_nd4.png
