## SLURM PROLOG ###############################################################
##    Job ID : 3609251
##  Job Name : lfp_grid_sim
##  Nodelist : node2301
##      CPUs : 
##  Mem/Node : 16384 MB
## Directory : /oscar/data/tdesroch/dbuyukya/AidaCarneyProject
##   Job Started : Thu Jul  2 12:17:33 AM EDT 2026
###############################################################################
[1/1] configuration=83 degree=3 lowpass=35.0
config=83 trial=4 status=success reached=14.08/14.08s runtime=147.9s
config=83 trial=1088 status=success reached=14.19/14.19s runtime=135.0s
config=83 trial=622 status=success reached=14.18/14.18s runtime=142.7s
config=83 trial=620 status=success reached=14.18/14.18s runtime=182.3s
config=83 trial=2 status=success reached=14.18/14.18s runtime=140.1s
config=83 trial=3 status=success reached=14.18/14.18s runtime=140.6s
config=83 trial=1244 status=success reached=14.08/14.08s runtime=135.7s
config=83 trial=778 status=success reached=14.18/14.18s runtime=143.6s
config=83 trial=312 status=success reached=14.18/14.18s runtime=154.0s
saved: /oscar/data/tdesroch/dbuyukya/AidaCarneyProject/outputs/pysindy/raw_grid/simulations/config_0083_summary.json
