## SLURM PROLOG ###############################################################
##    Job ID : 3631846
##  Job Name : lfp_grid_sim
##  Nodelist : node2337
##      CPUs : 
##  Mem/Node : 16384 MB
## Directory : /oscar/data/tdesroch/dbuyukya/AidaCarneyProject
##   Job Started : Sat Jul  4 02:19:58 PM EDT 2026
###############################################################################
[1/1] configuration=118 degree=1 lowpass=80.0
config=118 trial=4 status=success reached=14.08/14.08s x0_rmse=30.52063523349372 uV runtime=57.0s
config=118 trial=1088 status=success reached=14.19/14.19s x0_rmse=55.41831107157753 uV runtime=28.2s
config=118 trial=622 status=success reached=14.18/14.18s x0_rmse=64.03385112676642 uV runtime=28.6s
config=118 trial=620 status=success reached=14.18/14.18s x0_rmse=41.029082123512666 uV runtime=40.1s
config=118 trial=2 status=success reached=14.18/14.18s x0_rmse=57.048581320210374 uV runtime=27.3s
config=118 trial=3 status=success reached=14.18/14.18s x0_rmse=39.95676870992046 uV runtime=28.2s
config=118 trial=1244 status=success reached=14.08/14.08s x0_rmse=57.40137154841997 uV runtime=26.1s
config=118 trial=778 status=success reached=14.18/14.18s x0_rmse=45.32350749260306 uV runtime=28.5s
config=118 trial=312 status=success reached=14.18/14.18s x0_rmse=44.85653911345984 uV runtime=27.7s
saved: outputs/pysindy/raw_grid_threshold100/simulations/config_0118_summary.json
