## SLURM PROLOG ###############################################################
##    Job ID : 3611778
##  Job Name : lfp_grid_sim
##  Nodelist : node2334
##      CPUs : 
##  Mem/Node : 16384 MB
## Directory : /oscar/data/tdesroch/dbuyukya/AidaCarneyProject
##   Job Started : Wed Jul  1 06:39:44 PM EDT 2026
###############################################################################
[1/1] configuration=181 degree=3 lowpass=80.0
config=181 trial=4 status=success reached=14.08/14.08s runtime=27.2s
config=181 trial=1088 status=success reached=14.20/14.20s runtime=32.9s
config=181 trial=622 status=success reached=14.19/14.19s runtime=13.5s
config=181 trial=620 status=success reached=14.19/14.19s runtime=27.7s
config=181 trial=2 status=success reached=14.19/14.19s runtime=36.0s
config=181 trial=3 status=success reached=14.19/14.19s runtime=30.7s
config=181 trial=1244 status=success reached=14.08/14.08s runtime=31.9s
config=181 trial=778 status=success reached=14.19/14.19s runtime=28.9s
config=181 trial=312 status=success reached=14.19/14.19s runtime=28.5s
saved: /oscar/data/tdesroch/dbuyukya/AidaCarneyProject/outputs/pysindy/raw_grid/simulations/config_0181_summary.json
