## SLURM PROLOG ###############################################################
##    Job ID : 3631267
##  Job Name : lfp_grid_sim
##  Nodelist : node2339
##      CPUs : 
##  Mem/Node : 16384 MB
## Directory : /oscar/data/tdesroch/dbuyukya/AidaCarneyProject
##   Job Started : Fri Jul  3 12:42:41 AM EDT 2026
###############################################################################
[1/1] configuration=62 degree=2 lowpass=35.0
config=62 trial=4 status=success reached=13.99/13.99s x0_rmse=34.934257499029634 uV runtime=100.3s
config=62 trial=1088 status=failed reached=13.27/14.10s x0_rmse= uV runtime=127.4s
config=62 trial=622 status=success reached=14.10/14.10s x0_rmse=43.82384216887252 uV runtime=105.8s
config=62 trial=620 status=success reached=14.10/14.10s x0_rmse=53.357069480768324 uV runtime=99.5s
config=62 trial=2 status=success reached=14.10/14.10s x0_rmse=63.01089692255442 uV runtime=93.9s
config=62 trial=3 status=failed reached=3.12/14.10s x0_rmse= uV runtime=61.5s
config=62 trial=1244 status=success reached=13.99/13.99s x0_rmse=83.25543216531365 uV runtime=73.9s
config=62 trial=778 status=success reached=14.10/14.10s x0_rmse=55.214969981688064 uV runtime=96.3s
config=62 trial=312 status=success reached=14.10/14.10s x0_rmse=54.82222555589865 uV runtime=95.5s
saved: outputs/pysindy/raw_grid_threshold100/simulations/config_0062_summary.json
