## SLURM PROLOG ###############################################################
##    Job ID : 3631838
##  Job Name : lfp_grid_sim
##  Nodelist : node2335
##      CPUs : 
##  Mem/Node : 16384 MB
## Directory : /oscar/data/tdesroch/dbuyukya/AidaCarneyProject
##   Job Started : Fri Jul  3 01:45:36 AM EDT 2026
###############################################################################
[1/1] configuration=113 degree=1 lowpass=80.0
config=113 trial=4 status=success reached=14.08/14.08s x0_rmse=27.831822975244027 uV runtime=6.3s
config=113 trial=1088 status=success reached=14.19/14.19s x0_rmse=67.93932950935283 uV runtime=6.8s
config=113 trial=622 status=success reached=14.19/14.19s x0_rmse=59.32879263707586 uV runtime=7.1s
config=113 trial=620 status=success reached=14.19/14.19s x0_rmse=43.79183569902292 uV runtime=6.9s
config=113 trial=2 status=success reached=14.19/14.19s x0_rmse=65.51293316359612 uV runtime=6.7s
config=113 trial=3 status=success reached=14.19/14.19s x0_rmse=48.1871854174715 uV runtime=6.7s
config=113 trial=1244 status=success reached=14.08/14.08s x0_rmse=55.38818915726736 uV runtime=6.5s
config=113 trial=778 status=success reached=14.19/14.19s x0_rmse=46.82384086273213 uV runtime=6.6s
config=113 trial=312 status=success reached=14.19/14.19s x0_rmse=41.173727985611656 uV runtime=6.9s
saved: outputs/pysindy/raw_grid_threshold100/simulations/config_0113_summary.json
