## SLURM PROLOG ###############################################################
##    Job ID : 3632279
##  Job Name : lfp_grid_sim
##  Nodelist : node2334
##      CPUs : 
##  Mem/Node : 16384 MB
## Directory : /oscar/data/tdesroch/dbuyukya/AidaCarneyProject
##   Job Started : Fri Jul  3 03:04:36 AM EDT 2026
###############################################################################
[1/1] configuration=188 degree=3 lowpass=80.0
config=188 trial=4 status=success reached=14.07/14.07s x0_rmse=27.850146483422893 uV runtime=10.6s
config=188 trial=1088 status=success reached=14.18/14.18s x0_rmse=50.13344943422291 uV runtime=14.4s
config=188 trial=622 status=success reached=14.18/14.18s x0_rmse=47.47587362433047 uV runtime=15.4s
config=188 trial=620 status=success reached=14.18/14.18s x0_rmse=40.6963253362242 uV runtime=11.0s
config=188 trial=2 status=success reached=14.18/14.18s x0_rmse=52.30891268320671 uV runtime=16.9s
config=188 trial=3 status=success reached=14.18/14.18s x0_rmse=38.47698092811336 uV runtime=14.7s
config=188 trial=1244 status=success reached=14.07/14.07s x0_rmse=46.7713415334636 uV runtime=15.2s
config=188 trial=778 status=success reached=14.18/14.18s x0_rmse=42.39979964854475 uV runtime=14.5s
config=188 trial=312 status=success reached=14.18/14.18s x0_rmse=38.57558323388475 uV runtime=13.9s
saved: outputs/pysindy/raw_grid_threshold100/simulations/config_0188_summary.json
