## SLURM PROLOG ###############################################################
##    Job ID : 3631845
##  Job Name : lfp_grid_sim
##  Nodelist : node2334
##      CPUs : 
##  Mem/Node : 16384 MB
## Directory : /oscar/data/tdesroch/dbuyukya/AidaCarneyProject
##   Job Started : Fri Jul  3 01:47:06 AM EDT 2026
###############################################################################
[1/1] configuration=117 degree=1 lowpass=80.0
config=117 trial=4 status=success reached=14.07/14.07s x0_rmse=28.277520443639865 uV runtime=4.6s
config=117 trial=1088 status=success reached=14.18/14.18s x0_rmse=57.57906166525543 uV runtime=4.9s
config=117 trial=622 status=success reached=14.18/14.18s x0_rmse=58.31301901293689 uV runtime=4.5s
config=117 trial=620 status=success reached=14.18/14.18s x0_rmse=41.127828701956325 uV runtime=4.6s
config=117 trial=2 status=success reached=14.18/14.18s x0_rmse=59.34477783105389 uV runtime=4.8s
config=117 trial=3 status=success reached=14.18/14.18s x0_rmse=47.054204550947325 uV runtime=4.8s
config=117 trial=1244 status=success reached=14.07/14.07s x0_rmse=56.65375560115554 uV runtime=4.5s
config=117 trial=778 status=success reached=14.18/14.18s x0_rmse=48.10867470449764 uV runtime=4.7s
config=117 trial=312 status=success reached=14.18/14.18s x0_rmse=44.2642340656287 uV runtime=4.4s
saved: outputs/pysindy/raw_grid_threshold100/simulations/config_0117_summary.json
