## SLURM PROLOG ###############################################################
##    Job ID : 3610833
##  Job Name : lfp_grid_sim
##  Nodelist : node2351
##      CPUs : 
##  Mem/Node : 16384 MB
## Directory : /oscar/data/tdesroch/dbuyukya/AidaCarneyProject
##   Job Started : Thu Jul  2 12:18:32 AM EDT 2026
###############################################################################
[1/1] configuration=122 degree=1 lowpass=80.0
config=122 trial=4 status=success reached=14.06/14.06s runtime=24.3s
config=122 trial=1088 status=success reached=14.18/14.18s runtime=17.7s
config=122 trial=622 status=success reached=14.17/14.17s runtime=16.5s
config=122 trial=620 status=success reached=14.17/14.17s runtime=22.0s
config=122 trial=2 status=success reached=14.17/14.17s runtime=17.2s
config=122 trial=3 status=success reached=14.17/14.17s runtime=16.0s
config=122 trial=1244 status=success reached=14.06/14.06s runtime=16.9s
config=122 trial=778 status=success reached=14.17/14.17s runtime=19.3s
config=122 trial=312 status=success reached=14.17/14.17s runtime=17.7s
saved: /oscar/data/tdesroch/dbuyukya/AidaCarneyProject/outputs/pysindy/raw_grid/simulations/config_0122_summary.json
