## SLURM PROLOG ###############################################################
##    Job ID : 3631698
##  Job Name : lfp_grid_sim
##  Nodelist : node2334
##      CPUs : 
##  Mem/Node : 16384 MB
## Directory : /oscar/data/tdesroch/dbuyukya/AidaCarneyProject
##   Job Started : Fri Jul  3 01:26:58 AM EDT 2026
###############################################################################
[1/1] configuration=90 degree=3 lowpass=35.0
config=90 trial=4 status=success reached=14.03/14.03s x0_rmse=43.51437653702035 uV runtime=152.4s
config=90 trial=1088 status=success reached=14.14/14.14s x0_rmse=58.26855539240929 uV runtime=166.1s
config=90 trial=622 status=success reached=14.14/14.14s x0_rmse=58.062893775355626 uV runtime=181.7s
config=90 trial=620 status=success reached=14.14/14.14s x0_rmse=52.81497337140797 uV runtime=155.4s
config=90 trial=2 status=failed reached=3.28/14.14s x0_rmse= uV runtime=94.3s
config=90 trial=3 status=failed reached=3.72/14.14s x0_rmse= uV runtime=99.1s
config=90 trial=1244 status=failed reached=1.36/14.03s x0_rmse= uV runtime=87.6s
config=90 trial=778 status=failed reached=4.42/14.14s x0_rmse= uV runtime=98.9s
config=90 trial=312 status=failed reached=1.32/14.14s x0_rmse= uV runtime=83.1s
saved: outputs/pysindy/raw_grid_threshold100/simulations/config_0090_summary.json
