## SLURM PROLOG ###############################################################
##    Job ID : 3632369
##  Job Name : lfp_grid_sim
##  Nodelist : node2333
##      CPUs : 
##  Mem/Node : 16384 MB
## Directory : /oscar/data/tdesroch/dbuyukya/AidaCarneyProject
##   Job Started : Fri Jul  3 03:28:45 AM EDT 2026
###############################################################################
[1/1] configuration=205 degree=3 lowpass=80.0
config=205 trial=4 status=failed reached=4.87/13.99s x0_rmse= uV runtime=279.5s
config=205 trial=1088 status=success reached=14.10/14.10s x0_rmse=50.914017352188004 uV runtime=237.7s
config=205 trial=622 status=success reached=14.10/14.10s x0_rmse=45.66197735229608 uV runtime=251.3s
config=205 trial=620 status=success reached=14.10/14.10s x0_rmse=54.14432265093723 uV runtime=226.1s
config=205 trial=2 status=success reached=14.10/14.10s x0_rmse=57.61329782094734 uV runtime=210.3s
config=205 trial=3 status=failed reached=8.88/14.10s x0_rmse= uV runtime=320.9s
config=205 trial=1244 status=failed reached=3.28/13.99s x0_rmse= uV runtime=191.3s
config=205 trial=778 status=success reached=14.10/14.10s x0_rmse=55.36908874587706 uV runtime=225.9s
config=205 trial=312 status=success reached=14.10/14.10s x0_rmse=45.24844117947607 uV runtime=259.0s
saved: outputs/pysindy/raw_grid_threshold100/simulations/config_0205_summary.json
