## SLURM PROLOG ###############################################################
##    Job ID : 3632064
##  Job Name : lfp_grid_sim
##  Nodelist : node2334
##      CPUs : 
##  Mem/Node : 16384 MB
## Directory : /oscar/data/tdesroch/dbuyukya/AidaCarneyProject
##   Job Started : Fri Jul  3 02:27:23 AM EDT 2026
###############################################################################
[1/1] configuration=164 degree=2 lowpass=80.0
config=164 trial=4 status=success reached=14.07/14.07s x0_rmse=32.44706905000377 uV runtime=308.7s
config=164 trial=1088 status=success reached=14.18/14.18s x0_rmse=121.4051761644582 uV runtime=162.1s
config=164 trial=622 status=success reached=14.18/14.18s x0_rmse=85.9818706060648 uV runtime=173.6s
config=164 trial=620 status=success reached=14.18/14.18s x0_rmse=47.797620372257256 uV runtime=229.2s
config=164 trial=2 status=failed reached=13.13/14.18s x0_rmse= uV runtime=263.5s
config=164 trial=3 status=success reached=14.18/14.18s x0_rmse=206.17172779216207 uV runtime=159.3s
config=164 trial=1244 status=failed reached=11.60/14.07s x0_rmse= uV runtime=232.1s
config=164 trial=778 status=success reached=14.18/14.18s x0_rmse=60.67947762249284 uV runtime=166.7s
config=164 trial=312 status=success reached=14.18/14.18s x0_rmse=76.33359168780355 uV runtime=157.4s
saved: outputs/pysindy/raw_grid_threshold100/simulations/config_0164_summary.json
