## SLURM PROLOG ###############################################################
##    Job ID : 3631793
##  Job Name : lfp_grid_sim
##  Nodelist : node2304
##      CPUs : 
##  Mem/Node : 16384 MB
## Directory : /oscar/data/tdesroch/dbuyukya/AidaCarneyProject
##   Job Started : Sat Jul  4 02:08:16 PM EDT 2026
###############################################################################
[1/1] configuration=103 degree=3 lowpass=35.0
config=103 trial=4 status=failed reached=10.42/14.03s x0_rmse= uV runtime=1038.1s
config=103 trial=1088 status=failed reached=11.33/14.14s x0_rmse= uV runtime=978.0s
config=103 trial=622 status=failed reached=4.66/14.14s x0_rmse= uV runtime=599.5s
config=103 trial=620 status=failed reached=6.75/14.14s x0_rmse= uV runtime=794.8s
config=103 trial=2 status=failed reached=13.24/14.14s x0_rmse= uV runtime=1288.4s
config=103 trial=3 status=failed reached=2.99/14.14s x0_rmse= uV runtime=407.5s
config=103 trial=1244 status=failed reached=1.66/14.03s x0_rmse= uV runtime=332.9s
config=103 trial=778 status=success reached=14.14/14.14s x0_rmse=50.89696008100466 uV runtime=1155.9s
config=103 trial=312 status=failed reached=2.68/14.14s x0_rmse= uV runtime=359.1s
saved: outputs/pysindy/raw_grid_threshold100/simulations/config_0103_summary.json
