## SLURM PROLOG ###############################################################
##    Job ID : 3631034
##  Job Name : lfp_grid_sim
##  Nodelist : node2348
##      CPUs : 
##  Mem/Node : 16384 MB
## Directory : /oscar/data/tdesroch/dbuyukya/AidaCarneyProject
##   Job Started : Fri Jul  3 12:14:33 AM EDT 2026
###############################################################################
[1/1] configuration=13 degree=1 lowpass=35.0
config=13 trial=4 status=success reached=14.06/14.06s x0_rmse=30.41297861472628 uV runtime=28.6s
config=13 trial=1088 status=success reached=14.18/14.18s x0_rmse=75.61349711385601 uV runtime=17.8s
config=13 trial=622 status=success reached=14.17/14.17s x0_rmse=55.9855302792858 uV runtime=18.7s
config=13 trial=620 status=success reached=14.17/14.17s x0_rmse=41.862958079258284 uV runtime=21.6s
config=13 trial=2 status=success reached=14.17/14.17s x0_rmse=59.58329593543959 uV runtime=20.5s
config=13 trial=3 status=success reached=14.17/14.17s x0_rmse=52.443140025709035 uV runtime=18.9s
config=13 trial=1244 status=success reached=14.06/14.06s x0_rmse=112.29385918137818 uV runtime=18.7s
config=13 trial=778 status=success reached=14.17/14.17s x0_rmse=52.53640059578565 uV runtime=19.1s
config=13 trial=312 status=success reached=14.17/14.17s x0_rmse=42.92230915286659 uV runtime=18.8s
saved: outputs/pysindy/raw_grid_threshold100/simulations/config_0013_summary.json
