## SLURM PROLOG ###############################################################
##    Job ID : 3617554
##  Job Name : lfp_c216_thresholds
##  Nodelist : node2308
##      CPUs : 
##  Mem/Node : 16384 MB
## Directory : /oscar/data/tdesroch/dbuyukya/AidaCarneyProject
##   Job Started : Thu Jul  2 12:08:01 PM EDT 2026
###############################################################################
threshold=10000 trial=4 status=success reached=13.95/13.95s runtime=521.2s
threshold=10000 trial=1088 status=success reached=14.06/14.06s runtime=510.5s
threshold=10000 trial=622 status=success reached=14.06/14.06s runtime=537.7s
threshold=10000 trial=620 status=success reached=14.06/14.06s runtime=520.7s
threshold=10000 trial=2 status=success reached=14.06/14.06s runtime=455.5s
threshold=10000 trial=3 status=success reached=14.06/14.06s runtime=537.8s
threshold=10000 trial=1244 status=failed reached=0.78/13.95s runtime=950.8s
threshold=10000 trial=778 status=success reached=14.06/14.06s runtime=496.5s
threshold=10000 trial=312 status=success reached=14.06/14.06s runtime=541.1s
saved: /oscar/data/tdesroch/dbuyukya/AidaCarneyProject/outputs/pysindy/raw_grid/analysis/configuration_0216_threshold_simulations/threshold_10000_status.csv
saved: /oscar/data/tdesroch/dbuyukya/AidaCarneyProject/outputs/pysindy/raw_grid/analysis/configuration_0216_threshold_simulations/threshold_10000_simulations.png
saved: /oscar/data/tdesroch/dbuyukya/AidaCarneyProject/outputs/pysindy/raw_grid/analysis/configuration_0216_threshold_simulations/threshold_10000_summary.json
