## SLURM PROLOG ###############################################################
##    Job ID : 3611146
##  Job Name : lfp_grid_sim
##  Nodelist : node2341
##      CPUs : 
##  Mem/Node : 16384 MB
## Directory : /oscar/data/tdesroch/dbuyukya/AidaCarneyProject
##   Job Started : Wed Jul  1 05:27:57 PM EDT 2026
###############################################################################
[1/1] configuration=133 degree=1 lowpass=80.0
config=133 trial=4 status=success reached=13.99/13.99s runtime=16.4s
config=133 trial=1088 status=success reached=14.10/14.10s runtime=16.9s
config=133 trial=622 status=success reached=14.10/14.10s runtime=18.8s
config=133 trial=620 status=success reached=14.10/14.10s runtime=13.8s
config=133 trial=2 status=success reached=14.10/14.10s runtime=12.0s
config=133 trial=3 status=success reached=14.10/14.10s runtime=16.9s
config=133 trial=1244 status=success reached=13.99/13.99s runtime=19.7s
config=133 trial=778 status=success reached=14.10/14.10s runtime=15.6s
config=133 trial=312 status=success reached=14.10/14.10s runtime=18.2s
saved: /oscar/data/tdesroch/dbuyukya/AidaCarneyProject/outputs/pysindy/raw_grid/simulations/config_0133_summary.json
