## SLURM PROLOG ###############################################################
##    Job ID : 3631350
##  Job Name : lfp_grid_sim
##  Nodelist : node2334
##      CPUs : 
##  Mem/Node : 16384 MB
## Directory : /oscar/data/tdesroch/dbuyukya/AidaCarneyProject
##   Job Started : Fri Jul  3 12:59:17 AM EDT 2026
###############################################################################
[1/1] configuration=70 degree=2 lowpass=35.0
config=70 trial=4 status=success reached=13.95/13.95s x0_rmse=34.712459153337946 uV runtime=200.7s
config=70 trial=1088 status=success reached=14.06/14.06s x0_rmse=60.74680278256445 uV runtime=188.1s
config=70 trial=622 status=failed reached=5.44/14.06s x0_rmse= uV runtime=141.5s
config=70 trial=620 status=success reached=14.06/14.06s x0_rmse=58.49288644939697 uV runtime=181.6s
config=70 trial=2 status=success reached=14.06/14.06s x0_rmse=46.79715377468893 uV runtime=173.4s
config=70 trial=3 status=success reached=14.06/14.06s x0_rmse=59.63940671706801 uV runtime=174.0s
config=70 trial=1244 status=failed reached=4.52/13.95s x0_rmse= uV runtime=127.8s
config=70 trial=778 status=success reached=14.06/14.06s x0_rmse=54.39200563772224 uV runtime=190.6s
config=70 trial=312 status=failed reached=7.77/14.06s x0_rmse= uV runtime=168.1s
saved: outputs/pysindy/raw_grid_threshold100/simulations/config_0070_summary.json
