## SLURM PROLOG ###############################################################
##    Job ID : 3610553
##  Job Name : lfp_grid_sim
##  Nodelist : node2334
##      CPUs : 
##  Mem/Node : 16384 MB
## Directory : /oscar/data/tdesroch/dbuyukya/AidaCarneyProject
##   Job Started : Wed Jul  1 04:53:34 PM EDT 2026
###############################################################################
[1/1] configuration=110 degree=1 lowpass=80.0
config=110 trial=4 status=success reached=14.08/14.08s runtime=9.2s
config=110 trial=1088 status=success reached=14.20/14.20s runtime=9.3s
config=110 trial=622 status=success reached=14.19/14.19s runtime=9.2s
config=110 trial=620 status=success reached=14.19/14.19s runtime=8.9s
config=110 trial=2 status=success reached=14.19/14.19s runtime=9.3s
config=110 trial=3 status=success reached=14.19/14.19s runtime=9.4s
config=110 trial=1244 status=success reached=14.08/14.08s runtime=9.2s
config=110 trial=778 status=success reached=14.19/14.19s runtime=9.5s
config=110 trial=312 status=success reached=14.19/14.19s runtime=9.2s
saved: /oscar/data/tdesroch/dbuyukya/AidaCarneyProject/outputs/pysindy/raw_grid/simulations/config_0110_summary.json
