## SLURM PROLOG ###############################################################
##    Job ID : 3632370
##  Job Name : lfp_grid_sim
##  Nodelist : node2335
##      CPUs : 
##  Mem/Node : 16384 MB
## Directory : /oscar/data/tdesroch/dbuyukya/AidaCarneyProject
##   Job Started : Fri Jul  3 03:28:45 AM EDT 2026
###############################################################################
[1/1] configuration=206 degree=3 lowpass=80.0
config=206 trial=4 status=success reached=13.99/13.99s x0_rmse=40.78942946697646 uV runtime=246.8s
config=206 trial=1088 status=success reached=14.10/14.10s x0_rmse=50.847394595099026 uV runtime=254.6s
config=206 trial=622 status=success reached=14.10/14.10s x0_rmse=45.68683892088891 uV runtime=252.4s
config=206 trial=620 status=failed reached=12.72/14.10s x0_rmse= uV runtime=321.9s
config=206 trial=2 status=failed reached=4.94/14.10s x0_rmse= uV runtime=185.1s
config=206 trial=3 status=failed reached=9.50/14.10s x0_rmse= uV runtime=281.7s
config=206 trial=1244 status=success reached=13.99/13.99s x0_rmse=58.262528342632706 uV runtime=219.6s
config=206 trial=778 status=failed reached=3.54/14.10s x0_rmse= uV runtime=212.9s
config=206 trial=312 status=success reached=14.10/14.10s x0_rmse=46.11010978430652 uV runtime=237.7s
saved: outputs/pysindy/raw_grid_threshold100/simulations/config_0206_summary.json
