## SLURM PROLOG ###############################################################
##    Job ID : 3611148
##  Job Name : lfp_grid_sim
##  Nodelist : node2340
##      CPUs : 
##  Mem/Node : 16384 MB
## Directory : /oscar/data/tdesroch/dbuyukya/AidaCarneyProject
##   Job Started : Wed Jul  1 05:28:27 PM EDT 2026
###############################################################################
[1/1] configuration=134 degree=1 lowpass=80.0
config=134 trial=4 status=success reached=13.99/13.99s runtime=17.3s
config=134 trial=1088 status=success reached=14.10/14.10s runtime=17.3s
config=134 trial=622 status=success reached=14.10/14.10s runtime=20.3s
config=134 trial=620 status=success reached=14.10/14.10s runtime=14.1s
config=134 trial=2 status=success reached=14.10/14.10s runtime=13.0s
config=134 trial=3 status=success reached=14.10/14.10s runtime=17.3s
config=134 trial=1244 status=success reached=13.99/13.99s runtime=19.7s
config=134 trial=778 status=success reached=14.10/14.10s runtime=15.3s
config=134 trial=312 status=success reached=14.10/14.10s runtime=18.0s
saved: /oscar/data/tdesroch/dbuyukya/AidaCarneyProject/outputs/pysindy/raw_grid/simulations/config_0134_summary.json
