## SLURM PROLOG ###############################################################
##    Job ID : 3631042
##  Job Name : lfp_grid_sim
##  Nodelist : node2303
##      CPUs : 
##  Mem/Node : 16384 MB
## Directory : /oscar/data/tdesroch/dbuyukya/AidaCarneyProject
##   Job Started : Fri Jul  3 12:15:03 AM EDT 2026
###############################################################################
[1/1] configuration=19 degree=1 lowpass=35.0
config=19 trial=4 status=success reached=14.07/14.07s x0_rmse=30.2457417939601 uV runtime=55.4s
config=19 trial=1088 status=success reached=14.18/14.18s x0_rmse=63.5635108874598 uV runtime=45.4s
config=19 trial=622 status=success reached=14.18/14.18s x0_rmse=46.07728389672611 uV runtime=67.8s
config=19 trial=620 status=success reached=14.18/14.18s x0_rmse=43.1148520752738 uV runtime=49.7s
config=19 trial=2 status=success reached=14.18/14.18s x0_rmse=55.1196852398212 uV runtime=47.1s
config=19 trial=3 status=success reached=14.18/14.18s x0_rmse=42.894350785854876 uV runtime=46.3s
config=19 trial=1244 status=success reached=14.07/14.07s x0_rmse=93.04307867757753 uV runtime=46.4s
config=19 trial=778 status=success reached=14.18/14.18s x0_rmse=52.55545077559863 uV runtime=42.8s
config=19 trial=312 status=success reached=14.18/14.18s x0_rmse=38.861421790715646 uV runtime=50.8s
saved: outputs/pysindy/raw_grid_threshold100/simulations/config_0019_summary.json
