## SLURM PROLOG ###############################################################
##    Job ID : 3609104
##  Job Name : lfp_grid_sim
##  Nodelist : node2305
##      CPUs : 
##  Mem/Node : 16384 MB
## Directory : /oscar/data/tdesroch/dbuyukya/AidaCarneyProject
##   Job Started : Wed Jul  1 11:54:52 PM EDT 2026
###############################################################################
[1/1] configuration=46 degree=2 lowpass=35.0
config=46 trial=4 status=success reached=14.08/14.08s runtime=52.6s
config=46 trial=1088 status=success reached=14.19/14.19s runtime=51.0s
config=46 trial=622 status=success reached=14.18/14.18s runtime=46.0s
config=46 trial=620 status=success reached=14.18/14.18s runtime=67.0s
config=46 trial=2 status=success reached=14.18/14.18s runtime=43.8s
config=46 trial=3 status=success reached=14.18/14.18s runtime=44.2s
config=46 trial=1244 status=success reached=14.08/14.08s runtime=47.2s
config=46 trial=778 status=success reached=14.18/14.18s runtime=53.1s
config=46 trial=312 status=success reached=14.18/14.18s runtime=47.6s
saved: /oscar/data/tdesroch/dbuyukya/AidaCarneyProject/outputs/pysindy/raw_grid/simulations/config_0046_summary.json
