## SLURM PROLOG ###############################################################
##    Job ID : 3609403
##  Job Name : lfp_grid_sim
##  Nodelist : node2337
##      CPUs : 
##  Mem/Node : 16384 MB
## Directory : /oscar/data/tdesroch/dbuyukya/AidaCarneyProject
##   Job Started : Wed Jul  1 03:53:06 PM EDT 2026
###############################################################################
[1/1] configuration=94 degree=3 lowpass=35.0
config=94 trial=4 status=failed reached=4.05/14.05s runtime=283.6s
config=94 trial=1088 status=success reached=14.16/14.16s runtime=514.3s
config=94 trial=622 status=success reached=14.16/14.16s runtime=449.5s
config=94 trial=620 status=failed reached=5.95/14.16s runtime=341.3s
config=94 trial=2 status=failed reached=6.79/14.16s runtime=316.8s
config=94 trial=3 status=failed reached=6.37/14.16s runtime=308.9s
config=94 trial=1244 status=failed reached=0.88/14.05s runtime=145.3s
config=94 trial=778 status=success reached=14.16/14.16s runtime=445.2s
config=94 trial=312 status=failed reached=6.31/14.16s runtime=308.6s
saved: /oscar/data/tdesroch/dbuyukya/AidaCarneyProject/outputs/pysindy/raw_grid/simulations/config_0094_summary.json
