## SLURM PROLOG ###############################################################
##    Job ID : 3609126
##  Job Name : lfp_grid_sim
##  Nodelist : node2342
##      CPUs : 
##  Mem/Node : 16384 MB
## Directory : /oscar/data/tdesroch/dbuyukya/AidaCarneyProject
##   Job Started : Wed Jul  1 11:56:52 PM EDT 2026
###############################################################################
[1/1] configuration=57 degree=2 lowpass=35.0
config=57 trial=4 status=success reached=14.07/14.07s runtime=103.1s
config=57 trial=1088 status=success reached=14.18/14.18s runtime=91.9s
config=57 trial=622 status=success reached=14.18/14.18s runtime=126.9s
config=57 trial=620 status=success reached=14.18/14.18s runtime=98.4s
config=57 trial=2 status=success reached=14.18/14.18s runtime=90.4s
config=57 trial=3 status=success reached=14.18/14.18s runtime=99.7s
config=57 trial=1244 status=success reached=14.07/14.07s runtime=75.2s
config=57 trial=778 status=success reached=14.18/14.18s runtime=86.9s
config=57 trial=312 status=success reached=14.18/14.18s runtime=131.3s
saved: /oscar/data/tdesroch/dbuyukya/AidaCarneyProject/outputs/pysindy/raw_grid/simulations/config_0057_summary.json
