## SLURM PROLOG ###############################################################
##    Job ID : 3609142
##  Job Name : lfp_grid_sim
##  Nodelist : node2335
##      CPUs : 
##  Mem/Node : 16384 MB
## Directory : /oscar/data/tdesroch/dbuyukya/AidaCarneyProject
##   Job Started : Wed Jul  1 11:57:53 PM EDT 2026
###############################################################################
[1/1] configuration=61 degree=2 lowpass=35.0
config=61 trial=4 status=success reached=13.99/13.99s runtime=99.8s
config=61 trial=1088 status=success reached=14.10/14.10s runtime=87.1s
config=61 trial=622 status=success reached=14.10/14.10s runtime=102.4s
config=61 trial=620 status=success reached=14.10/14.10s runtime=96.7s
config=61 trial=2 status=success reached=14.10/14.10s runtime=90.9s
config=61 trial=3 status=failed reached=3.13/14.10s runtime=55.0s
config=61 trial=1244 status=success reached=13.99/13.99s runtime=70.4s
config=61 trial=778 status=success reached=14.10/14.10s runtime=91.0s
config=61 trial=312 status=success reached=14.10/14.10s runtime=90.4s
saved: /oscar/data/tdesroch/dbuyukya/AidaCarneyProject/outputs/pysindy/raw_grid/simulations/config_0061_summary.json
