## SLURM PROLOG ###############################################################
##    Job ID : 3631007
##  Job Name : lfp_grid_sim
##  Nodelist : node2306
##      CPUs : 
##  Mem/Node : 16384 MB
## Directory : /oscar/data/tdesroch/dbuyukya/AidaCarneyProject
##   Job Started : Fri Jul  3 12:12:32 AM EDT 2026
###############################################################################
[1/1] configuration=8 degree=1 lowpass=35.0
config=8 trial=4 status=success reached=14.07/14.07s x0_rmse=28.36313429605779 uV runtime=4.7s
config=8 trial=1088 status=success reached=14.18/14.18s x0_rmse=57.08466764027434 uV runtime=4.8s
config=8 trial=622 status=success reached=14.18/14.18s x0_rmse=54.40460412290956 uV runtime=4.8s
config=8 trial=620 status=success reached=14.18/14.18s x0_rmse=40.07848723209256 uV runtime=4.7s
config=8 trial=2 status=success reached=14.18/14.18s x0_rmse=58.722597565389364 uV runtime=4.8s
config=8 trial=3 status=success reached=14.18/14.18s x0_rmse=48.71439425492958 uV runtime=4.7s
config=8 trial=1244 status=success reached=14.07/14.07s x0_rmse=58.392129024328256 uV runtime=4.9s
config=8 trial=778 status=success reached=14.18/14.18s x0_rmse=46.692858355341656 uV runtime=4.7s
config=8 trial=312 status=success reached=14.18/14.18s x0_rmse=43.58387169961669 uV runtime=4.9s
saved: outputs/pysindy/raw_grid_threshold100/simulations/config_0008_summary.json
