## SLURM PROLOG ###############################################################
##    Job ID : 3611299
##  Job Name : lfp_grid_sim
##  Nodelist : node2335
##      CPUs : 
##  Mem/Node : 16384 MB
## Directory : /oscar/data/tdesroch/dbuyukya/AidaCarneyProject
##   Job Started : Wed Jul  1 05:57:45 PM EDT 2026
###############################################################################
[1/1] configuration=150 degree=2 lowpass=80.0
config=150 trial=4 status=success reached=14.08/14.08s runtime=6.0s
config=150 trial=1088 status=success reached=14.19/14.19s runtime=14.5s
config=150 trial=622 status=success reached=14.19/14.19s runtime=14.2s
config=150 trial=620 status=success reached=14.19/14.19s runtime=12.8s
config=150 trial=2 status=success reached=14.19/14.19s runtime=14.1s
config=150 trial=3 status=success reached=14.19/14.19s runtime=13.6s
config=150 trial=1244 status=success reached=14.08/14.08s runtime=13.7s
config=150 trial=778 status=success reached=14.19/14.19s runtime=12.8s
config=150 trial=312 status=success reached=14.19/14.19s runtime=12.7s
saved: /oscar/data/tdesroch/dbuyukya/AidaCarneyProject/outputs/pysindy/raw_grid/simulations/config_0150_summary.json
