## SLURM PROLOG ###############################################################
##    Job ID : 3688917
##  Job Name : lfp_raw_grid_deg57
##  Nodelist : node2337
##      CPUs : 
##  Mem/Node : 16384 MB
## Directory : /oscar/data/tdesroch/dbuyukya/AidaCarneyProject
##   Job Started : Mon Jul  6 09:36:13 PM EDT 2026
###############################################################################
[1/36] status=success lowpass=80.0 degree=7 delays=2 delay=1 smooth=0 terms=72 runtime=2.0s
[2/36] status=success lowpass=80.0 degree=7 delays=2 delay=1 smooth=5 terms=72 runtime=1.1s
[3/36] status=success lowpass=80.0 degree=7 delays=2 delay=1 smooth=9 terms=71 runtime=1.2s
[4/36] status=success lowpass=80.0 degree=7 delays=2 delay=2 smooth=0 terms=72 runtime=1.1s
[5/36] status=success lowpass=80.0 degree=7 delays=2 delay=2 smooth=5 terms=72 runtime=1.0s
[6/36] status=success lowpass=80.0 degree=7 delays=2 delay=2 smooth=9 terms=72 runtime=0.9s
[7/36] status=success lowpass=80.0 degree=7 delays=2 delay=5 smooth=0 terms=69 runtime=1.0s
[8/36] status=success lowpass=80.0 degree=7 delays=2 delay=5 smooth=5 terms=69 runtime=1.1s
[9/36] status=success lowpass=80.0 degree=7 delays=2 delay=5 smooth=9 terms=72 runtime=0.9s
[10/36] status=success lowpass=80.0 degree=7 delays=4 delay=1 smooth=0 terms=1285 runtime=48.1s
[11/36] status=success lowpass=80.0 degree=7 delays=4 delay=1 smooth=5 terms=1296 runtime=40.4s
[12/36] status=success lowpass=80.0 degree=7 delays=4 delay=1 smooth=9 terms=1261 runtime=64.8s
[13/36] status=success lowpass=80.0 degree=7 delays=4 delay=2 smooth=0 terms=1287 runtime=45.1s
[14/36] status=success lowpass=80.0 degree=7 delays=4 delay=2 smooth=5 terms=1294 runtime=37.2s
[15/36] status=success lowpass=80.0 degree=7 delays=4 delay=2 smooth=9 terms=1287 runtime=35.2s
[16/36] status=success lowpass=80.0 degree=7 delays=4 delay=5 smooth=0 terms=1269 runtime=33.1s
[17/36] status=success lowpass=80.0 degree=7 delays=4 delay=5 smooth=5 terms=1277 runtime=36.9s
[18/36] status=success lowpass=80.0 degree=7 delays=4 delay=5 smooth=9 terms=1255 runtime=36.5s
[19/36] status=success lowpass=80.0 degree=7 delays=6 delay=1 smooth=0 terms=9445 runtime=761.9s
[20/36] status=success lowpass=80.0 degree=7 delays=6 delay=1 smooth=5 terms=9488 runtime=677.9s
[21/36] status=success lowpass=80.0 degree=7 delays=6 delay=1 smooth=9 terms=8991 runtime=755.5s
[22/36] status=success lowpass=80.0 degree=7 delays=6 delay=2 smooth=0 terms=9569 runtime=692.6s
[23/36] status=success lowpass=80.0 degree=7 delays=6 delay=2 smooth=5 terms=9640 runtime=839.1s
[24/36] status=success lowpass=80.0 degree=7 delays=6 delay=2 smooth=9 terms=9472 runtime=945.4s
[25/36] status=success lowpass=80.0 degree=7 delays=6 delay=5 smooth=0 terms=9739 runtime=786.5s
[26/36] status=success lowpass=80.0 degree=7 delays=6 delay=5 smooth=5 terms=9715 runtime=520.5s
[27/36] status=success lowpass=80.0 degree=7 delays=6 delay=5 smooth=9 terms=9536 runtime=555.3s
