## SLURM PROLOG ###############################################################
##    Job ID : 3609043
##  Job Name : lfp_grid_sim
##  Nodelist : node2342
##      CPUs : 
##  Mem/Node : 16384 MB
## Directory : /oscar/data/tdesroch/dbuyukya/AidaCarneyProject
##   Job Started : Wed Jul  1 11:49:18 PM EDT 2026
###############################################################################
[1/1] configuration=14 degree=1 lowpass=35.0
config=14 trial=4 status=success reached=14.06/14.06s runtime=26.5s
config=14 trial=1088 status=success reached=14.18/14.18s runtime=17.3s
config=14 trial=622 status=success reached=14.17/14.17s runtime=18.6s
config=14 trial=620 status=success reached=14.17/14.17s runtime=20.8s
config=14 trial=2 status=success reached=14.17/14.17s runtime=18.1s
config=14 trial=3 status=success reached=14.17/14.17s runtime=17.2s
config=14 trial=1244 status=success reached=14.06/14.06s runtime=17.1s
config=14 trial=778 status=success reached=14.17/14.17s runtime=18.8s
config=14 trial=312 status=success reached=14.17/14.17s runtime=18.6s
saved: /oscar/data/tdesroch/dbuyukya/AidaCarneyProject/outputs/pysindy/raw_grid/simulations/config_0014_summary.json
