## SLURM PROLOG ###############################################################
##    Job ID : 3609028
##  Job Name : lfp_grid_sim
##  Nodelist : node2335
##      CPUs : 
##  Mem/Node : 16384 MB
## Directory : /oscar/data/tdesroch/dbuyukya/AidaCarneyProject
##   Job Started : Wed Jul  1 11:49:19 PM EDT 2026
###############################################################################
[1/1] configuration=1 degree=1 lowpass=35.0
config=1 trial=4 status=success reached=14.08/14.08s runtime=8.1s
config=1 trial=1088 status=success reached=14.20/14.20s runtime=7.9s
config=1 trial=622 status=success reached=14.19/14.19s runtime=7.6s
config=1 trial=620 status=success reached=14.19/14.19s runtime=7.9s
config=1 trial=2 status=success reached=14.19/14.19s runtime=8.6s
config=1 trial=3 status=success reached=14.19/14.19s runtime=8.6s
config=1 trial=1244 status=success reached=14.08/14.08s runtime=7.6s
config=1 trial=778 status=success reached=14.19/14.19s runtime=7.7s
config=1 trial=312 status=success reached=14.19/14.19s runtime=7.8s
saved: /oscar/data/tdesroch/dbuyukya/AidaCarneyProject/outputs/pysindy/raw_grid/simulations/config_0001_summary.json
