## SLURM PROLOG ###############################################################
##    Job ID : 3611173
##  Job Name : lfp_grid_sim
##  Nodelist : node2335
##      CPUs : 
##  Mem/Node : 16384 MB
## Directory : /oscar/data/tdesroch/dbuyukya/AidaCarneyProject
##   Job Started : Wed Jul  1 05:32:29 PM EDT 2026
###############################################################################
[1/1] configuration=138 degree=1 lowpass=80.0
config=138 trial=4 status=success reached=14.06/14.06s runtime=172.9s
config=138 trial=1088 status=success reached=14.17/14.17s runtime=173.9s
config=138 trial=622 status=success reached=14.17/14.17s runtime=163.4s
config=138 trial=620 status=success reached=14.17/14.17s runtime=155.7s
config=138 trial=2 status=success reached=14.17/14.17s runtime=160.6s
config=138 trial=3 status=success reached=14.17/14.17s runtime=151.6s
config=138 trial=1244 status=success reached=14.06/14.06s runtime=138.6s
config=138 trial=778 status=success reached=14.17/14.17s runtime=164.8s
config=138 trial=312 status=success reached=14.17/14.17s runtime=166.3s
saved: /oscar/data/tdesroch/dbuyukya/AidaCarneyProject/outputs/pysindy/raw_grid/simulations/config_0138_summary.json
