## SLURM PROLOG ###############################################################
##    Job ID : 3609077
##  Job Name : lfp_grid_sim
##  Nodelist : node2335
##      CPUs : 
##  Mem/Node : 16384 MB
## Directory : /oscar/data/tdesroch/dbuyukya/AidaCarneyProject
##   Job Started : Wed Jul  1 11:52:19 PM EDT 2026
###############################################################################
[1/1] configuration=37 degree=2 lowpass=35.0
config=37 trial=4 status=success reached=14.08/14.08s runtime=14.5s
config=37 trial=1088 status=success reached=14.20/14.20s runtime=16.5s
config=37 trial=622 status=success reached=14.19/14.19s runtime=15.8s
config=37 trial=620 status=success reached=14.19/14.19s runtime=14.1s
config=37 trial=2 status=success reached=14.19/14.19s runtime=16.2s
config=37 trial=3 status=success reached=14.19/14.19s runtime=16.1s
config=37 trial=1244 status=success reached=14.08/14.08s runtime=16.0s
config=37 trial=778 status=success reached=14.19/14.19s runtime=15.1s
config=37 trial=312 status=success reached=14.19/14.19s runtime=15.1s
saved: /oscar/data/tdesroch/dbuyukya/AidaCarneyProject/outputs/pysindy/raw_grid/simulations/config_0037_summary.json
