## SLURM PROLOG ###############################################################
##    Job ID : 3631229
##  Job Name : lfp_grid_sim
##  Nodelist : node2335
##      CPUs : 
##  Mem/Node : 16384 MB
## Directory : /oscar/data/tdesroch/dbuyukya/AidaCarneyProject
##   Job Started : Fri Jul  3 12:38:40 AM EDT 2026
###############################################################################
[1/1] configuration=56 degree=2 lowpass=35.0
config=56 trial=4 status=success reached=14.07/14.07s x0_rmse=39.12859762819814 uV runtime=179.6s
config=56 trial=1088 status=success reached=14.18/14.18s x0_rmse=123.66647751636633 uV runtime=125.1s
config=56 trial=622 status=success reached=14.18/14.18s x0_rmse=49.28223767339259 uV runtime=188.8s
config=56 trial=620 status=success reached=14.18/14.18s x0_rmse=48.72806634265529 uV runtime=167.1s
config=56 trial=2 status=success reached=14.18/14.18s x0_rmse=85.27353410310113 uV runtime=135.2s
config=56 trial=3 status=success reached=14.18/14.18s x0_rmse=72.06626515242408 uV runtime=131.2s
config=56 trial=1244 status=failed reached=6.14/14.07s x0_rmse= uV runtime=85.6s
config=56 trial=778 status=success reached=14.18/14.18s x0_rmse=99.46187288303204 uV runtime=131.3s
config=56 trial=312 status=success reached=14.18/14.18s x0_rmse=49.05942166021359 uV runtime=157.5s
saved: outputs/pysindy/raw_grid_threshold100/simulations/config_0056_summary.json
