## SLURM PROLOG ###############################################################
##    Job ID : 3632070
##  Job Name : lfp_grid_sim
##  Nodelist : node2339
##      CPUs : 
##  Mem/Node : 16384 MB
## Directory : /oscar/data/tdesroch/dbuyukya/AidaCarneyProject
##   Job Started : Fri Jul  3 02:28:23 AM EDT 2026
###############################################################################
[1/1] configuration=165 degree=2 lowpass=80.0
config=165 trial=4 status=success reached=14.07/14.07s x0_rmse=56.623046460055384 uV runtime=227.3s
config=165 trial=1088 status=success reached=14.18/14.18s x0_rmse=65.87295386763793 uV runtime=234.1s
config=165 trial=622 status=success reached=14.18/14.18s x0_rmse=72.97146893767153 uV runtime=220.9s
config=165 trial=620 status=success reached=14.18/14.18s x0_rmse=68.15849317131693 uV runtime=228.5s
config=165 trial=2 status=success reached=14.18/14.18s x0_rmse=64.87532609957695 uV runtime=220.9s
config=165 trial=3 status=success reached=14.18/14.18s x0_rmse=56.06123964116334 uV runtime=220.4s
config=165 trial=1244 status=success reached=14.07/14.07s x0_rmse=69.8169519773827 uV runtime=225.8s
config=165 trial=778 status=success reached=14.18/14.18s x0_rmse=67.16927900021969 uV runtime=220.4s
config=165 trial=312 status=success reached=14.18/14.18s x0_rmse=60.07753677347473 uV runtime=235.7s
saved: outputs/pysindy/raw_grid_threshold100/simulations/config_0165_summary.json
