## SLURM PROLOG ###############################################################
##    Job ID : 3611802
##  Job Name : lfp_grid_sim
##  Nodelist : node2337
##      CPUs : 
##  Mem/Node : 16384 MB
## Directory : /oscar/data/tdesroch/dbuyukya/AidaCarneyProject
##   Job Started : Wed Jul  1 06:43:46 PM EDT 2026
###############################################################################
[1/1] configuration=183 degree=3 lowpass=80.0
config=183 trial=4 status=success reached=14.08/14.08s runtime=29.1s
config=183 trial=1088 status=success reached=14.20/14.20s runtime=23.1s
config=183 trial=622 status=success reached=14.19/14.19s runtime=6.1s
config=183 trial=620 status=success reached=14.19/14.19s runtime=26.3s
config=183 trial=2 status=success reached=14.19/14.19s runtime=19.7s
config=183 trial=3 status=success reached=14.19/14.19s runtime=33.0s
config=183 trial=1244 status=success reached=14.08/14.08s runtime=17.9s
config=183 trial=778 status=success reached=14.19/14.19s runtime=28.1s
config=183 trial=312 status=success reached=14.19/14.19s runtime=27.4s
saved: /oscar/data/tdesroch/dbuyukya/AidaCarneyProject/outputs/pysindy/raw_grid/simulations/config_0183_summary.json
