## SLURM PROLOG ###############################################################
##    Job ID : 3611701
##  Job Name : lfp_grid_sim
##  Nodelist : node2335
##      CPUs : 
##  Mem/Node : 16384 MB
## Directory : /oscar/data/tdesroch/dbuyukya/AidaCarneyProject
##   Job Started : Wed Jul  1 06:31:09 PM EDT 2026
###############################################################################
[1/1] configuration=175 degree=2 lowpass=80.0
config=175 trial=4 status=success reached=14.03/14.03s runtime=302.3s
config=175 trial=1088 status=failed reached=11.33/14.14s runtime=206.5s
config=175 trial=622 status=success reached=14.14/14.14s runtime=292.9s
config=175 trial=620 status=success reached=14.14/14.14s runtime=210.4s
config=175 trial=2 status=failed reached=6.45/14.14s runtime=145.1s
config=175 trial=3 status=success reached=14.14/14.14s runtime=241.7s
config=175 trial=1244 status=failed reached=9.05/14.03s runtime=203.4s
config=175 trial=778 status=failed reached=5.29/14.14s runtime=119.2s
config=175 trial=312 status=failed reached=12.69/14.14s runtime=291.0s
saved: /oscar/data/tdesroch/dbuyukya/AidaCarneyProject/outputs/pysindy/raw_grid/simulations/config_0175_summary.json
