## SLURM PROLOG ###############################################################
##    Job ID : 3611204
##  Job Name : lfp_grid_sim
##  Nodelist : node2340
##      CPUs : 
##  Mem/Node : 16384 MB
## Directory : /oscar/data/tdesroch/dbuyukya/AidaCarneyProject
##   Job Started : Wed Jul  1 05:41:35 PM EDT 2026
###############################################################################
[1/1] configuration=140 degree=1 lowpass=80.0
config=140 trial=4 status=success reached=14.03/14.03s runtime=65.8s
config=140 trial=1088 status=success reached=14.14/14.14s runtime=42.7s
config=140 trial=622 status=success reached=14.14/14.14s runtime=66.1s
config=140 trial=620 status=success reached=14.14/14.14s runtime=43.7s
config=140 trial=2 status=success reached=14.14/14.14s runtime=47.0s
config=140 trial=3 status=success reached=14.14/14.14s runtime=48.6s
config=140 trial=1244 status=success reached=14.03/14.03s runtime=63.4s
config=140 trial=778 status=success reached=14.14/14.14s runtime=43.4s
config=140 trial=312 status=success reached=14.14/14.14s runtime=48.0s
saved: /oscar/data/tdesroch/dbuyukya/AidaCarneyProject/outputs/pysindy/raw_grid/simulations/config_0140_summary.json
