## SLURM PROLOG ###############################################################
##    Job ID : 3610881
##  Job Name : lfp_grid_sim
##  Nodelist : node2319
##      CPUs : 
##  Mem/Node : 16384 MB
## Directory : /oscar/data/tdesroch/dbuyukya/AidaCarneyProject
##   Job Started : Wed Jul  1 05:10:45 PM EDT 2026
###############################################################################
[1/1] configuration=126 degree=1 lowpass=80.0
config=126 trial=4 status=success reached=14.03/14.03s runtime=10.4s
config=126 trial=1088 status=success reached=14.14/14.14s runtime=12.6s
config=126 trial=622 status=success reached=14.14/14.14s runtime=16.1s
config=126 trial=620 status=success reached=14.14/14.14s runtime=11.8s
config=126 trial=2 status=success reached=14.14/14.14s runtime=8.8s
config=126 trial=3 status=success reached=14.14/14.14s runtime=9.4s
config=126 trial=1244 status=success reached=14.03/14.03s runtime=13.8s
config=126 trial=778 status=success reached=14.14/14.14s runtime=9.9s
config=126 trial=312 status=success reached=14.14/14.14s runtime=8.9s
saved: /oscar/data/tdesroch/dbuyukya/AidaCarneyProject/outputs/pysindy/raw_grid/simulations/config_0126_summary.json
