## SLURM PROLOG ###############################################################
##    Job ID : 3631971
##  Job Name : lfp_grid_sim
##  Nodelist : node2334
##      CPUs : 
##  Mem/Node : 16384 MB
## Directory : /oscar/data/tdesroch/dbuyukya/AidaCarneyProject
##   Job Started : Fri Jul  3 02:08:14 AM EDT 2026
###############################################################################
[1/1] configuration=145 degree=2 lowpass=80.0
config=145 trial=4 status=success reached=14.08/14.08s x0_rmse=35.161049442184435 uV runtime=17.5s
config=145 trial=1088 status=success reached=14.20/14.20s x0_rmse=65.41820405696508 uV runtime=18.9s
config=145 trial=622 status=failed reached=2.59/14.19s x0_rmse= uV runtime=16.4s
config=145 trial=620 status=success reached=14.19/14.19s x0_rmse=42.12916677122953 uV runtime=16.6s
config=145 trial=2 status=failed reached=6.80/14.19s x0_rmse= uV runtime=23.5s
config=145 trial=3 status=success reached=14.19/14.19s x0_rmse=40.906971009421866 uV runtime=19.5s
config=145 trial=1244 status=success reached=14.08/14.08s x0_rmse=60.6838556620529 uV runtime=19.5s
config=145 trial=778 status=success reached=14.19/14.19s x0_rmse=42.36885606829149 uV runtime=17.9s
config=145 trial=312 status=success reached=14.19/14.19s x0_rmse=41.595036574920655 uV runtime=17.4s
saved: outputs/pysindy/raw_grid_threshold100/simulations/config_0145_summary.json
