## SLURM PROLOG ###############################################################
##    Job ID : 3610950
##  Job Name : lfp_grid_sim
##  Nodelist : node2352
##      CPUs : 
##  Mem/Node : 16384 MB
## Directory : /oscar/data/tdesroch/dbuyukya/AidaCarneyProject
##   Job Started : Wed Jul  1 05:13:48 PM EDT 2026
###############################################################################
[1/1] configuration=129 degree=1 lowpass=80.0
config=129 trial=4 status=success reached=14.07/14.07s runtime=104.1s
config=129 trial=1088 status=success reached=14.18/14.18s runtime=84.5s
config=129 trial=622 status=success reached=14.18/14.18s runtime=85.7s
config=129 trial=620 status=success reached=14.18/14.18s runtime=87.8s
config=129 trial=2 status=success reached=14.18/14.18s runtime=81.9s
config=129 trial=3 status=success reached=14.18/14.18s runtime=79.6s
config=129 trial=1244 status=success reached=14.07/14.07s runtime=54.0s
config=129 trial=778 status=success reached=14.18/14.18s runtime=90.3s
config=129 trial=312 status=success reached=14.18/14.18s runtime=87.4s
saved: /oscar/data/tdesroch/dbuyukya/AidaCarneyProject/outputs/pysindy/raw_grid/simulations/config_0129_summary.json
