## SLURM PROLOG ###############################################################
##    Job ID : 3610636
##  Job Name : lfp_grid_sim
##  Nodelist : node2334
##      CPUs : 
##  Mem/Node : 16384 MB
## Directory : /oscar/data/tdesroch/dbuyukya/AidaCarneyProject
##   Job Started : Wed Jul  1 04:58:07 PM EDT 2026
###############################################################################
[1/1] configuration=114 degree=1 lowpass=80.0
config=114 trial=4 status=success reached=14.08/14.08s runtime=7.0s
config=114 trial=1088 status=success reached=14.19/14.19s runtime=7.5s
config=114 trial=622 status=success reached=14.19/14.19s runtime=7.4s
config=114 trial=620 status=success reached=14.19/14.19s runtime=7.0s
config=114 trial=2 status=success reached=14.19/14.19s runtime=7.0s
config=114 trial=3 status=success reached=14.19/14.19s runtime=7.0s
config=114 trial=1244 status=success reached=14.08/14.08s runtime=7.6s
config=114 trial=778 status=success reached=14.19/14.19s runtime=7.2s
config=114 trial=312 status=success reached=14.19/14.19s runtime=6.9s
saved: /oscar/data/tdesroch/dbuyukya/AidaCarneyProject/outputs/pysindy/raw_grid/simulations/config_0114_summary.json
