## SLURM PROLOG ###############################################################
##    Job ID : 3631991
##  Job Name : lfp_grid_sim
##  Nodelist : node2334
##      CPUs : 
##  Mem/Node : 16384 MB
## Directory : /oscar/data/tdesroch/dbuyukya/AidaCarneyProject
##   Job Started : Fri Jul  3 02:12:46 AM EDT 2026
###############################################################################
[1/1] configuration=150 degree=2 lowpass=80.0
config=150 trial=4 status=success reached=14.08/14.08s x0_rmse=27.869693387334966 uV runtime=6.4s
config=150 trial=1088 status=success reached=14.19/14.19s x0_rmse=68.13924004811506 uV runtime=15.3s
config=150 trial=622 status=success reached=14.19/14.19s x0_rmse=62.69055519721251 uV runtime=15.7s
config=150 trial=620 status=success reached=14.19/14.19s x0_rmse=45.65544969778777 uV runtime=14.8s
config=150 trial=2 status=success reached=14.19/14.19s x0_rmse=61.72648736310663 uV runtime=15.9s
config=150 trial=3 status=success reached=14.19/14.19s x0_rmse=51.733423352319825 uV runtime=15.6s
config=150 trial=1244 status=success reached=14.08/14.08s x0_rmse=59.877466972829026 uV runtime=15.6s
config=150 trial=778 status=success reached=14.19/14.19s x0_rmse=49.57884783827173 uV runtime=13.9s
config=150 trial=312 status=success reached=14.19/14.19s x0_rmse=45.08596563909282 uV runtime=13.6s
saved: outputs/pysindy/raw_grid_threshold100/simulations/config_0150_summary.json
