## SLURM PROLOG ###############################################################
##    Job ID : 3631761
##  Job Name : lfp_grid_sim
##  Nodelist : node2339
##      CPUs : 
##  Mem/Node : 16384 MB
## Directory : /oscar/data/tdesroch/dbuyukya/AidaCarneyProject
##   Job Started : Fri Jul  3 01:36:03 AM EDT 2026
###############################################################################
[1/1] configuration=95 degree=3 lowpass=35.0
config=95 trial=4 status=failed reached=4.02/14.05s x0_rmse= uV runtime=277.9s
config=95 trial=1088 status=failed reached=7.86/14.16s x0_rmse= uV runtime=361.3s
config=95 trial=622 status=failed reached=13.19/14.16s x0_rmse= uV runtime=499.9s
config=95 trial=620 status=failed reached=5.70/14.16s x0_rmse= uV runtime=324.6s
config=95 trial=2 status=failed reached=6.85/14.16s x0_rmse= uV runtime=302.1s
config=95 trial=3 status=failed reached=4.59/14.16s x0_rmse= uV runtime=238.5s
config=95 trial=1244 status=failed reached=0.46/14.05s x0_rmse= uV runtime=131.6s
config=95 trial=778 status=success reached=14.16/14.16s x0_rmse=48.48825993286393 uV runtime=446.5s
config=95 trial=312 status=success reached=14.16/14.16s x0_rmse=52.34267977618393 uV runtime=498.9s
saved: outputs/pysindy/raw_grid_threshold100/simulations/config_0095_summary.json
