## SLURM PROLOG ###############################################################
##    Job ID : 3609386
##  Job Name : lfp_grid_sim
##  Nodelist : node2337
##      CPUs : 
##  Mem/Node : 16384 MB
## Directory : /oscar/data/tdesroch/dbuyukya/AidaCarneyProject
##   Job Started : Wed Jul  1 03:50:35 PM EDT 2026
###############################################################################
[1/1] configuration=93 degree=3 lowpass=35.0
config=93 trial=4 status=failed reached=0.72/14.07s runtime=220.3s
config=93 trial=1088 status=failed reached=1.44/14.18s runtime=228.3s
config=93 trial=622 status=failed reached=3.44/14.18s runtime=317.5s
config=93 trial=620 status=failed reached=0.69/14.18s runtime=213.4s
config=93 trial=2 status=failed reached=2.25/14.18s runtime=245.6s
config=93 trial=3 status=failed reached=4.04/14.18s runtime=295.6s
config=93 trial=1244 status=failed reached=0.13/14.07s runtime=126.9s
config=93 trial=778 status=failed reached=1.69/14.18s runtime=234.9s
config=93 trial=312 status=failed reached=2.14/14.18s runtime=273.3s
saved: /oscar/data/tdesroch/dbuyukya/AidaCarneyProject/outputs/pysindy/raw_grid/simulations/config_0093_summary.json
