## SLURM PROLOG ###############################################################
##    Job ID : 3611717
##  Job Name : lfp_grid_sim
##  Nodelist : node2333
##      CPUs : 
##  Mem/Node : 16384 MB
## Directory : /oscar/data/tdesroch/dbuyukya/AidaCarneyProject
##   Job Started : Wed Jul  1 06:34:11 PM EDT 2026
###############################################################################
[1/1] configuration=177 degree=2 lowpass=80.0
config=177 trial=4 status=failed reached=1.17/14.03s runtime=111.0s
config=177 trial=1088 status=failed reached=2.13/14.14s runtime=135.0s
config=177 trial=622 status=failed reached=1.34/14.14s runtime=126.5s
config=177 trial=620 status=failed reached=1.86/14.14s runtime=119.2s
config=177 trial=2 status=failed reached=3.71/14.14s runtime=132.6s
config=177 trial=3 status=failed reached=0.52/14.14s runtime=112.1s
config=177 trial=1244 status=failed reached=2.94/14.03s runtime=131.5s
config=177 trial=778 status=failed reached=1.42/14.14s runtime=124.0s
config=177 trial=312 status=failed reached=2.30/14.14s runtime=124.4s
saved: /oscar/data/tdesroch/dbuyukya/AidaCarneyProject/outputs/pysindy/raw_grid/simulations/config_0177_summary.json
