## SLURM PROLOG ###############################################################
##    Job ID : 3631002
##  Job Name : lfp_grid_sim
##  Nodelist : node2303
##      CPUs : 
##  Mem/Node : 16384 MB
## Directory : /oscar/data/tdesroch/dbuyukya/AidaCarneyProject
##   Job Started : Fri Jul  3 12:12:33 AM EDT 2026
###############################################################################
[1/1] configuration=3 degree=1 lowpass=35.0
config=3 trial=4 status=success reached=14.08/14.08s x0_rmse=29.201134673830396 uV runtime=7.6s
config=3 trial=1088 status=success reached=14.20/14.20s x0_rmse=78.23386514541389 uV runtime=8.4s
config=3 trial=622 status=success reached=14.19/14.19s x0_rmse=69.1216585501249 uV runtime=8.3s
config=3 trial=620 status=success reached=14.19/14.19s x0_rmse=41.58736332786717 uV runtime=8.1s
config=3 trial=2 status=success reached=14.19/14.19s x0_rmse=76.53985755760532 uV runtime=8.0s
config=3 trial=3 status=success reached=14.19/14.19s x0_rmse=56.05908704705471 uV runtime=7.8s
config=3 trial=1244 status=success reached=14.08/14.08s x0_rmse=58.075803660696174 uV runtime=7.9s
config=3 trial=778 status=success reached=14.19/14.19s x0_rmse=50.44016393456681 uV runtime=7.9s
config=3 trial=312 status=success reached=14.19/14.19s x0_rmse=44.7722630164406 uV runtime=7.7s
saved: outputs/pysindy/raw_grid_threshold100/simulations/config_0003_summary.json
