## SLURM PROLOG ###############################################################
##    Job ID : 3632190
##  Job Name : lfp_grid_sim
##  Nodelist : node2333
##      CPUs : 
##  Mem/Node : 16384 MB
## Directory : /oscar/data/tdesroch/dbuyukya/AidaCarneyProject
##   Job Started : Fri Jul  3 02:45:59 AM EDT 2026
###############################################################################
[1/1] configuration=176 degree=2 lowpass=80.0
config=176 trial=4 status=failed reached=2.04/14.03s x0_rmse= uV runtime=110.3s
config=176 trial=1088 status=failed reached=0.82/14.14s x0_rmse= uV runtime=81.6s
config=176 trial=622 status=failed reached=1.53/14.14s x0_rmse= uV runtime=96.8s
config=176 trial=620 status=failed reached=0.98/14.14s x0_rmse= uV runtime=91.3s
config=176 trial=2 status=failed reached=0.87/14.14s x0_rmse= uV runtime=81.7s
config=176 trial=3 status=failed reached=0.94/14.14s x0_rmse= uV runtime=84.5s
config=176 trial=1244 status=failed reached=0.88/14.03s x0_rmse= uV runtime=83.9s
config=176 trial=778 status=failed reached=0.52/14.14s x0_rmse= uV runtime=76.2s
config=176 trial=312 status=failed reached=1.12/14.14s x0_rmse= uV runtime=73.0s
saved: outputs/pysindy/raw_grid_threshold100/simulations/config_0176_summary.json
