## SLURM PROLOG ###############################################################
##    Job ID : 3610734
##  Job Name : lfp_grid_sim
##  Nodelist : node2324
##      CPUs : 
##  Mem/Node : 16384 MB
## Directory : /oscar/data/tdesroch/dbuyukya/AidaCarneyProject
##   Job Started : Wed Jul  1 05:01:10 PM EDT 2026
###############################################################################
[1/1] configuration=119 degree=1 lowpass=80.0
config=119 trial=4 status=success reached=14.08/14.08s runtime=55.5s
config=119 trial=1088 status=success reached=14.19/14.19s runtime=36.6s
config=119 trial=622 status=success reached=14.18/14.18s runtime=32.8s
config=119 trial=620 status=success reached=14.18/14.18s runtime=44.9s
config=119 trial=2 status=success reached=14.18/14.18s runtime=31.5s
config=119 trial=3 status=success reached=14.18/14.18s runtime=31.9s
config=119 trial=1244 status=success reached=14.08/14.08s runtime=30.6s
config=119 trial=778 status=success reached=14.18/14.18s runtime=36.1s
config=119 trial=312 status=success reached=14.18/14.18s runtime=30.2s
saved: /oscar/data/tdesroch/dbuyukya/AidaCarneyProject/outputs/pysindy/raw_grid/simulations/config_0119_summary.json
