## SLURM PROLOG ###############################################################
##    Job ID : 3609067
##  Job Name : lfp_grid_sim
##  Nodelist : node2303
##      CPUs : 
##  Mem/Node : 16384 MB
## Directory : /oscar/data/tdesroch/dbuyukya/AidaCarneyProject
##   Job Started : Wed Jul  1 11:49:18 PM EDT 2026
###############################################################################
[1/1] configuration=29 degree=1 lowpass=35.0
config=29 trial=4 status=success reached=14.06/14.06s runtime=95.9s
config=29 trial=1088 status=success reached=14.17/14.17s runtime=65.9s
config=29 trial=622 status=success reached=14.17/14.17s runtime=79.0s
config=29 trial=620 status=success reached=14.17/14.17s runtime=108.7s
config=29 trial=2 status=success reached=14.17/14.17s runtime=66.0s
config=29 trial=3 status=success reached=14.17/14.17s runtime=63.8s
config=29 trial=1244 status=success reached=14.06/14.06s runtime=74.6s
config=29 trial=778 status=success reached=14.17/14.17s runtime=78.4s
config=29 trial=312 status=success reached=14.17/14.17s runtime=76.3s
saved: /oscar/data/tdesroch/dbuyukya/AidaCarneyProject/outputs/pysindy/raw_grid/simulations/config_0029_summary.json
