## SLURM PROLOG ###############################################################
##    Job ID : 3632359
##  Job Name : lfp_grid_sim
##  Nodelist : node2333
##      CPUs : 
##  Mem/Node : 16384 MB
## Directory : /oscar/data/tdesroch/dbuyukya/AidaCarneyProject
##   Job Started : Fri Jul  3 03:22:43 AM EDT 2026
###############################################################################
[1/1] configuration=203 degree=3 lowpass=80.0
config=203 trial=4 status=success reached=14.05/14.05s x0_rmse=30.094519991290234 uV runtime=622.9s
config=203 trial=1088 status=success reached=14.16/14.16s x0_rmse=50.572773384070715 uV runtime=575.3s
config=203 trial=622 status=success reached=14.16/14.16s x0_rmse=42.880319766528324 uV runtime=596.9s
config=203 trial=620 status=success reached=14.16/14.16s x0_rmse=42.18961325558954 uV runtime=617.4s
config=203 trial=2 status=success reached=14.16/14.16s x0_rmse=43.84921953515225 uV runtime=602.7s
config=203 trial=3 status=success reached=14.16/14.16s x0_rmse=37.87471503458941 uV runtime=563.3s
config=203 trial=1244 status=success reached=14.05/14.05s x0_rmse=46.339763082235095 uV runtime=578.6s
config=203 trial=778 status=success reached=14.16/14.16s x0_rmse=43.665751283974174 uV runtime=634.4s
config=203 trial=312 status=success reached=14.16/14.16s x0_rmse=38.37794325540238 uV runtime=677.4s
saved: outputs/pysindy/raw_grid_threshold100/simulations/config_0203_summary.json
