## SLURM PROLOG ###############################################################
##    Job ID : 3631170
##  Job Name : lfp_grid_sim
##  Nodelist : node2303
##      CPUs : 
##  Mem/Node : 16384 MB
## Directory : /oscar/data/tdesroch/dbuyukya/AidaCarneyProject
##   Job Started : Fri Jul  3 12:31:38 AM EDT 2026
###############################################################################
[1/1] configuration=45 degree=2 lowpass=35.0
config=45 trial=4 status=success reached=14.07/14.07s x0_rmse=28.461175991497274 uV runtime=7.7s
config=45 trial=1088 status=success reached=14.18/14.18s x0_rmse=55.574195676934124 uV runtime=8.6s
config=45 trial=622 status=success reached=14.18/14.18s x0_rmse=51.58533240572396 uV runtime=8.5s
config=45 trial=620 status=success reached=14.18/14.18s x0_rmse=39.96817088184712 uV runtime=7.0s
config=45 trial=2 status=success reached=14.18/14.18s x0_rmse=54.16671902362225 uV runtime=8.8s
config=45 trial=3 status=success reached=14.18/14.18s x0_rmse=44.62344468433866 uV runtime=8.7s
config=45 trial=1244 status=success reached=14.07/14.07s x0_rmse=52.56921911535718 uV runtime=8.5s
config=45 trial=778 status=success reached=14.18/14.18s x0_rmse=44.90394158938612 uV runtime=8.5s
config=45 trial=312 status=success reached=14.18/14.18s x0_rmse=43.349957989034785 uV runtime=8.1s
saved: outputs/pysindy/raw_grid_threshold100/simulations/config_0045_summary.json
