## SLURM PROLOG ###############################################################
##    Job ID : 3609065
##  Job Name : lfp_grid_sim
##  Nodelist : node2303
##      CPUs : 
##  Mem/Node : 16384 MB
## Directory : /oscar/data/tdesroch/dbuyukya/AidaCarneyProject
##   Job Started : Wed Jul  1 11:49:18 PM EDT 2026
###############################################################################
[1/1] configuration=28 degree=1 lowpass=35.0
config=28 trial=4 status=success reached=14.06/14.06s runtime=92.1s
config=28 trial=1088 status=success reached=14.17/14.17s runtime=61.9s
config=28 trial=622 status=success reached=14.17/14.17s runtime=76.3s
config=28 trial=620 status=success reached=14.17/14.17s runtime=88.1s
config=28 trial=2 status=success reached=14.17/14.17s runtime=59.4s
config=28 trial=3 status=success reached=14.17/14.17s runtime=63.7s
config=28 trial=1244 status=success reached=14.06/14.06s runtime=76.1s
config=28 trial=778 status=success reached=14.17/14.17s runtime=72.5s
config=28 trial=312 status=success reached=14.17/14.17s runtime=72.6s
saved: /oscar/data/tdesroch/dbuyukya/AidaCarneyProject/outputs/pysindy/raw_grid/simulations/config_0028_summary.json
