## SLURM PROLOG ###############################################################
##    Job ID : 3611329
##  Job Name : lfp_grid_sim
##  Nodelist : node2335
##      CPUs : 
##  Mem/Node : 16384 MB
## Directory : /oscar/data/tdesroch/dbuyukya/AidaCarneyProject
##   Job Started : Wed Jul  1 06:00:17 PM EDT 2026
###############################################################################
[1/1] configuration=152 degree=2 lowpass=80.0
config=152 trial=4 status=success reached=14.07/14.07s runtime=6.1s
config=152 trial=1088 status=success reached=14.18/14.18s runtime=7.4s
config=152 trial=622 status=success reached=14.18/14.18s runtime=7.4s
config=152 trial=620 status=success reached=14.18/14.18s runtime=6.8s
config=152 trial=2 status=success reached=14.18/14.18s runtime=7.8s
config=152 trial=3 status=success reached=14.18/14.18s runtime=7.3s
config=152 trial=1244 status=success reached=14.07/14.07s runtime=7.7s
config=152 trial=778 status=success reached=14.18/14.18s runtime=7.6s
config=152 trial=312 status=success reached=14.18/14.18s runtime=7.2s
saved: /oscar/data/tdesroch/dbuyukya/AidaCarneyProject/outputs/pysindy/raw_grid/simulations/config_0152_summary.json
