## SLURM PROLOG ###############################################################
##    Job ID : 3631258
##  Job Name : lfp_grid_sim
##  Nodelist : node2333
##      CPUs : 
##  Mem/Node : 16384 MB
## Directory : /oscar/data/tdesroch/dbuyukya/AidaCarneyProject
##   Job Started : Fri Jul  3 12:41:12 AM EDT 2026
###############################################################################
[1/1] configuration=58 degree=2 lowpass=35.0
config=58 trial=4 status=success reached=14.05/14.05s x0_rmse=40.64519677281899 uV runtime=178.4s
config=58 trial=1088 status=success reached=14.16/14.16s x0_rmse=62.081254534291176 uV runtime=181.8s
config=58 trial=622 status=success reached=14.16/14.16s x0_rmse=56.84826884018932 uV runtime=170.3s
config=58 trial=620 status=success reached=14.16/14.16s x0_rmse=49.57353041275601 uV runtime=201.5s
config=58 trial=2 status=success reached=14.16/14.16s x0_rmse=61.224121083216936 uV runtime=160.1s
config=58 trial=3 status=success reached=14.16/14.16s x0_rmse=80.55259834017274 uV runtime=145.3s
config=58 trial=1244 status=failed reached=8.94/14.05s x0_rmse= uV runtime=157.4s
config=58 trial=778 status=success reached=14.16/14.16s x0_rmse=61.66799088429404 uV runtime=125.6s
config=58 trial=312 status=success reached=14.16/14.16s x0_rmse=52.31810237442516 uV runtime=183.9s
saved: outputs/pysindy/raw_grid_threshold100/simulations/config_0058_summary.json
