## SLURM PROLOG ###############################################################
##    Job ID : 3666370
##  Job Name : lfp_raw_grid
##  Nodelist : node2333
##      CPUs : 
##  Mem/Node : 16384 MB
## Directory : /oscar/data/tdesroch/dbuyukya/AidaCarneyProject
##   Job Started : Sun Jul  5 07:29:40 PM EDT 2026
###############################################################################
[1/36] status=success lowpass=35.0 degree=1 delays=2 delay=1 smooth=0 terms=4 runtime=0.4s
[2/36] status=success lowpass=35.0 degree=1 delays=2 delay=1 smooth=5 terms=4 runtime=0.1s
[3/36] status=success lowpass=35.0 degree=1 delays=2 delay=1 smooth=9 terms=4 runtime=0.1s
[4/36] status=success lowpass=35.0 degree=1 delays=2 delay=2 smooth=0 terms=4 runtime=0.1s
[5/36] status=success lowpass=35.0 degree=1 delays=2 delay=2 smooth=5 terms=4 runtime=0.1s
[6/36] status=success lowpass=35.0 degree=1 delays=2 delay=2 smooth=9 terms=4 runtime=0.1s
[7/36] status=success lowpass=35.0 degree=1 delays=2 delay=5 smooth=0 terms=4 runtime=0.1s
[8/36] status=success lowpass=35.0 degree=1 delays=2 delay=5 smooth=5 terms=4 runtime=0.1s
[9/36] status=success lowpass=35.0 degree=1 delays=2 delay=5 smooth=9 terms=4 runtime=0.1s
[10/36] status=success lowpass=35.0 degree=1 delays=4 delay=1 smooth=0 terms=16 runtime=0.2s
[11/36] status=success lowpass=35.0 degree=1 delays=4 delay=1 smooth=5 terms=16 runtime=0.2s
[12/36] status=success lowpass=35.0 degree=1 delays=4 delay=1 smooth=9 terms=16 runtime=0.2s
[13/36] status=success lowpass=35.0 degree=1 delays=4 delay=2 smooth=0 terms=16 runtime=0.2s
[14/36] status=success lowpass=35.0 degree=1 delays=4 delay=2 smooth=5 terms=16 runtime=0.2s
[15/36] status=success lowpass=35.0 degree=1 delays=4 delay=2 smooth=9 terms=16 runtime=0.2s
[16/36] status=success lowpass=35.0 degree=1 delays=4 delay=5 smooth=0 terms=16 runtime=0.2s
[17/36] status=success lowpass=35.0 degree=1 delays=4 delay=5 smooth=5 terms=16 runtime=0.2s
[18/36] status=success lowpass=35.0 degree=1 delays=4 delay=5 smooth=9 terms=16 runtime=0.2s
[19/36] status=success lowpass=35.0 degree=1 delays=6 delay=1 smooth=0 terms=36 runtime=0.5s
[20/36] status=success lowpass=35.0 degree=1 delays=6 delay=1 smooth=5 terms=36 runtime=0.3s
[21/36] status=success lowpass=35.0 degree=1 delays=6 delay=1 smooth=9 terms=36 runtime=0.3s
[22/36] status=success lowpass=35.0 degree=1 delays=6 delay=2 smooth=0 terms=36 runtime=0.3s
[23/36] status=success lowpass=35.0 degree=1 delays=6 delay=2 smooth=5 terms=36 runtime=0.3s
[24/36] status=success lowpass=35.0 degree=1 delays=6 delay=2 smooth=9 terms=34 runtime=0.3s
[25/36] status=success lowpass=35.0 degree=1 delays=6 delay=5 smooth=0 terms=36 runtime=0.3s
[26/36] status=success lowpass=35.0 degree=1 delays=6 delay=5 smooth=5 terms=36 runtime=0.4s
[27/36] status=success lowpass=35.0 degree=1 delays=6 delay=5 smooth=9 terms=36 runtime=0.4s
[28/36] status=success lowpass=35.0 degree=1 delays=8 delay=1 smooth=0 terms=64 runtime=0.6s
[29/36] status=success lowpass=35.0 degree=1 delays=8 delay=1 smooth=5 terms=64 runtime=0.6s
[30/36] status=success lowpass=35.0 degree=1 delays=8 delay=1 smooth=9 terms=64 runtime=0.5s
[31/36] status=success lowpass=35.0 degree=1 delays=8 delay=2 smooth=0 terms=64 runtime=0.5s
[32/36] status=success lowpass=35.0 degree=1 delays=8 delay=2 smooth=5 terms=64 runtime=0.5s
[33/36] status=success lowpass=35.0 degree=1 delays=8 delay=2 smooth=9 terms=64 runtime=0.5s
[34/36] status=success lowpass=35.0 degree=1 delays=8 delay=5 smooth=0 terms=64 runtime=0.5s
[35/36] status=success lowpass=35.0 degree=1 delays=8 delay=5 smooth=5 terms=64 runtime=0.5s
[36/36] status=success lowpass=35.0 degree=1 delays=8 delay=5 smooth=9 terms=62 runtime=0.5s
saved: outputs/pysindy/raw_grid_threshold1000/parts/part_lp35_degree1.csv
saved: outputs/pysindy/raw_grid_threshold1000/parts/part_lp35_degree1_equations.txt
saved: outputs/pysindy/raw_grid_threshold1000/parts/part_lp35_degree1_metadata.json
successful fits: 36/36
