## SLURM PROLOG ###############################################################
##    Job ID : 3609132
##  Job Name : lfp_grid_sim
##  Nodelist : node2301
##      CPUs : 
##  Mem/Node : 16384 MB
## Directory : /oscar/data/tdesroch/dbuyukya/AidaCarneyProject
##   Job Started : Wed Jul  1 11:57:23 PM EDT 2026
###############################################################################
[1/1] configuration=59 degree=2 lowpass=35.0
config=59 trial=4 status=success reached=14.05/14.05s runtime=175.5s
config=59 trial=1088 status=success reached=14.16/14.16s runtime=151.5s
config=59 trial=622 status=success reached=14.16/14.16s runtime=140.4s
config=59 trial=620 status=success reached=14.16/14.16s runtime=174.0s
config=59 trial=2 status=success reached=14.16/14.16s runtime=140.1s
config=59 trial=3 status=failed reached=14.14/14.16s runtime=143.1s
config=59 trial=1244 status=failed reached=7.49/14.05s runtime=118.5s
config=59 trial=778 status=success reached=14.16/14.16s runtime=129.4s
config=59 trial=312 status=success reached=14.16/14.16s runtime=157.8s
saved: /oscar/data/tdesroch/dbuyukya/AidaCarneyProject/outputs/pysindy/raw_grid/simulations/config_0059_summary.json
