## SLURM PROLOG ###############################################################
##    Job ID : 3632297
##  Job Name : lfp_grid_sim
##  Nodelist : node2333
##      CPUs : 
##  Mem/Node : 16384 MB
## Directory : /oscar/data/tdesroch/dbuyukya/AidaCarneyProject
##   Job Started : Fri Jul  3 03:09:38 AM EDT 2026
###############################################################################
[1/1] configuration=195 degree=3 lowpass=80.0
config=195 trial=4 status=failed reached=0.16/14.06s x0_rmse= uV runtime=56.0s
config=195 trial=1088 status=failed reached=0.29/14.18s x0_rmse= uV runtime=56.2s
config=195 trial=622 status=failed reached=0.29/14.17s x0_rmse= uV runtime=61.9s
config=195 trial=620 status=failed reached=0.32/14.17s x0_rmse= uV runtime=98.8s
config=195 trial=2 status=failed reached=0.15/14.17s x0_rmse= uV runtime=55.3s
config=195 trial=3 status=failed reached=0.22/14.17s x0_rmse= uV runtime=55.2s
config=195 trial=1244 status=failed reached=0.31/14.06s x0_rmse= uV runtime=97.5s
config=195 trial=778 status=failed reached=0.28/14.17s x0_rmse= uV runtime=96.9s
config=195 trial=312 status=success reached=14.17/14.17s x0_rmse=36.05475854847332 uV runtime=112.6s
saved: outputs/pysindy/raw_grid_threshold100/simulations/config_0195_summary.json
