## SLURM PROLOG ###############################################################
##    Job ID : 3609076
##  Job Name : lfp_grid_sim
##  Nodelist : node2335
##      CPUs : 
##  Mem/Node : 16384 MB
## Directory : /oscar/data/tdesroch/dbuyukya/AidaCarneyProject
##   Job Started : Wed Jul  1 11:51:49 PM EDT 2026
###############################################################################
[1/1] configuration=36 degree=1 lowpass=35.0
config=36 trial=4 status=success reached=13.95/13.95s runtime=31.0s
config=36 trial=1088 status=success reached=14.06/14.06s runtime=29.5s
config=36 trial=622 status=success reached=14.06/14.06s runtime=29.5s
config=36 trial=620 status=success reached=14.06/14.06s runtime=31.3s
config=36 trial=2 status=success reached=14.06/14.06s runtime=25.0s
config=36 trial=3 status=success reached=14.06/14.06s runtime=29.4s
config=36 trial=1244 status=success reached=13.95/13.95s runtime=29.8s
config=36 trial=778 status=success reached=14.06/14.06s runtime=25.5s
config=36 trial=312 status=success reached=14.06/14.06s runtime=31.5s
saved: /oscar/data/tdesroch/dbuyukya/AidaCarneyProject/outputs/pysindy/raw_grid/simulations/config_0036_summary.json
