## SLURM PROLOG ###############################################################
##    Job ID : 3611298
##  Job Name : lfp_grid_sim
##  Nodelist : node2338
##      CPUs : 
##  Mem/Node : 16384 MB
## Directory : /oscar/data/tdesroch/dbuyukya/AidaCarneyProject
##   Job Started : Wed Jul  1 05:57:15 PM EDT 2026
###############################################################################
[1/1] configuration=149 degree=2 lowpass=80.0
config=149 trial=4 status=success reached=14.08/14.08s runtime=6.2s
config=149 trial=1088 status=success reached=14.19/14.19s runtime=15.6s
config=149 trial=622 status=success reached=14.19/14.19s runtime=15.2s
config=149 trial=620 status=success reached=14.19/14.19s runtime=12.7s
config=149 trial=2 status=failed reached=12.57/14.19s runtime=23.3s
config=149 trial=3 status=success reached=14.19/14.19s runtime=15.0s
config=149 trial=1244 status=success reached=14.08/14.08s runtime=14.7s
config=149 trial=778 status=success reached=14.19/14.19s runtime=14.1s
config=149 trial=312 status=success reached=14.19/14.19s runtime=13.8s
saved: /oscar/data/tdesroch/dbuyukya/AidaCarneyProject/outputs/pysindy/raw_grid/simulations/config_0149_summary.json
