## SLURM PROLOG ###############################################################
##    Job ID : 3609246
##  Job Name : lfp_grid_sim
##  Nodelist : node2342
##      CPUs : 
##  Mem/Node : 16384 MB
## Directory : /oscar/data/tdesroch/dbuyukya/AidaCarneyProject
##   Job Started : Thu Jul  2 12:13:30 AM EDT 2026
###############################################################################
[1/1] configuration=79 degree=3 lowpass=35.0
config=79 trial=4 status=success reached=14.07/14.07s runtime=13.5s
config=79 trial=1088 status=success reached=14.18/14.18s runtime=16.5s
config=79 trial=622 status=success reached=14.18/14.18s runtime=17.2s
config=79 trial=620 status=success reached=14.18/14.18s runtime=12.8s
config=79 trial=2 status=success reached=14.18/14.18s runtime=17.7s
config=79 trial=3 status=success reached=14.18/14.18s runtime=16.2s
config=79 trial=1244 status=success reached=14.07/14.07s runtime=17.1s
config=79 trial=778 status=success reached=14.18/14.18s runtime=16.4s
config=79 trial=312 status=success reached=14.18/14.18s runtime=15.5s
saved: /oscar/data/tdesroch/dbuyukya/AidaCarneyProject/outputs/pysindy/raw_grid/simulations/config_0079_summary.json
