## SLURM PROLOG ###############################################################
##    Job ID : 3632053
##  Job Name : lfp_grid_sim
##  Nodelist : node2334
##      CPUs : 
##  Mem/Node : 16384 MB
## Directory : /oscar/data/tdesroch/dbuyukya/AidaCarneyProject
##   Job Started : Fri Jul  3 02:23:51 AM EDT 2026
###############################################################################
[1/1] configuration=161 degree=2 lowpass=80.0
config=161 trial=4 status=success reached=14.03/14.03s x0_rmse=40.12052656103923 uV runtime=42.8s
config=161 trial=1088 status=failed reached=11.20/14.14s x0_rmse= uV runtime=53.7s
config=161 trial=622 status=success reached=14.14/14.14s x0_rmse=77.343371174871 uV runtime=39.9s
config=161 trial=620 status=success reached=14.14/14.14s x0_rmse=58.60908182412951 uV runtime=43.6s
config=161 trial=2 status=success reached=14.14/14.14s x0_rmse=67.33980107061085 uV runtime=38.1s
config=161 trial=3 status=failed reached=9.39/14.14s x0_rmse= uV runtime=48.8s
config=161 trial=1244 status=failed reached=1.49/14.03s x0_rmse= uV runtime=26.0s
config=161 trial=778 status=failed reached=9.80/14.14s x0_rmse= uV runtime=47.9s
config=161 trial=312 status=failed reached=10.90/14.14s x0_rmse= uV runtime=42.6s
saved: outputs/pysindy/raw_grid_threshold100/simulations/config_0161_summary.json
