## SLURM PROLOG ###############################################################
##    Job ID : 3632377
##  Job Name : lfp_grid_sim
##  Nodelist : node2333
##      CPUs : 
##  Mem/Node : 16384 MB
## Directory : /oscar/data/tdesroch/dbuyukya/AidaCarneyProject
##   Job Started : Fri Jul  3 03:32:17 AM EDT 2026
###############################################################################
[1/1] configuration=210 degree=3 lowpass=80.0
config=210 trial=4 status=failed reached=0.01/14.06s x0_rmse= uV runtime=253.2s
config=210 trial=1088 status=failed reached=0.01/14.17s x0_rmse= uV runtime=257.8s
config=210 trial=622 status=failed reached=0.01/14.17s x0_rmse= uV runtime=253.4s
config=210 trial=620 status=failed reached=0.01/14.17s x0_rmse= uV runtime=617.7s
config=210 trial=2 status=failed reached=0.00/14.17s x0_rmse= uV runtime=329.7s
config=210 trial=3 status=failed reached=0.03/14.17s x0_rmse= uV runtime=274.6s
config=210 trial=1244 status=failed reached=0.02/14.06s x0_rmse= uV runtime=575.9s
config=210 trial=778 status=failed reached=0.00/14.17s x0_rmse= uV runtime=603.7s
config=210 trial=312 status=failed reached=0.11/14.17s x0_rmse= uV runtime=623.7s
saved: outputs/pysindy/raw_grid_threshold100/simulations/config_0210_summary.json
