## SLURM PROLOG ###############################################################
##    Job ID : 3610905
##  Job Name : lfp_grid_sim
##  Nodelist : node2342
##      CPUs : 
##  Mem/Node : 16384 MB
## Directory : /oscar/data/tdesroch/dbuyukya/AidaCarneyProject
##   Job Started : Wed Jul  1 05:12:16 PM EDT 2026
###############################################################################
[1/1] configuration=128 degree=1 lowpass=80.0
config=128 trial=4 status=success reached=14.07/14.07s runtime=98.9s
config=128 trial=1088 status=success reached=14.18/14.18s runtime=43.6s
config=128 trial=622 status=success reached=14.18/14.18s runtime=50.9s
config=128 trial=620 status=success reached=14.18/14.18s runtime=62.6s
config=128 trial=2 status=success reached=14.18/14.18s runtime=43.6s
config=128 trial=3 status=success reached=14.18/14.18s runtime=44.7s
config=128 trial=1244 status=success reached=14.07/14.07s runtime=39.7s
config=128 trial=778 status=success reached=14.18/14.18s runtime=58.1s
config=128 trial=312 status=success reached=14.18/14.18s runtime=48.1s
saved: /oscar/data/tdesroch/dbuyukya/AidaCarneyProject/outputs/pysindy/raw_grid/simulations/config_0128_summary.json
