## SLURM PROLOG ###############################################################
##    Job ID : 3611274
##  Job Name : lfp_grid_sim
##  Nodelist : node2335
##      CPUs : 
##  Mem/Node : 16384 MB
## Directory : /oscar/data/tdesroch/dbuyukya/AidaCarneyProject
##   Job Started : Wed Jul  1 05:52:42 PM EDT 2026
###############################################################################
[1/1] configuration=145 degree=2 lowpass=80.0
config=145 trial=4 status=success reached=14.08/14.08s runtime=16.5s
config=145 trial=1088 status=success reached=14.20/14.20s runtime=17.8s
config=145 trial=622 status=failed reached=2.59/14.19s runtime=15.4s
config=145 trial=620 status=success reached=14.19/14.19s runtime=15.3s
config=145 trial=2 status=failed reached=6.80/14.19s runtime=21.0s
config=145 trial=3 status=success reached=14.19/14.19s runtime=17.2s
config=145 trial=1244 status=success reached=14.08/14.08s runtime=17.3s
config=145 trial=778 status=success reached=14.19/14.19s runtime=16.7s
config=145 trial=312 status=success reached=14.19/14.19s runtime=16.3s
saved: /oscar/data/tdesroch/dbuyukya/AidaCarneyProject/outputs/pysindy/raw_grid/simulations/config_0145_summary.json
