## SLURM PROLOG ###############################################################
##    Job ID : 3632238
##  Job Name : lfp_grid_sim
##  Nodelist : node2335
##      CPUs : 
##  Mem/Node : 16384 MB
## Directory : /oscar/data/tdesroch/dbuyukya/AidaCarneyProject
##   Job Started : Fri Jul  3 03:00:34 AM EDT 2026
###############################################################################
[1/1] configuration=185 degree=3 lowpass=80.0
config=185 trial=4 status=success reached=14.08/14.08s x0_rmse=27.793193519692327 uV runtime=10.8s
config=185 trial=1088 status=success reached=14.19/14.19s x0_rmse=60.05187119887003 uV runtime=27.7s
config=185 trial=622 status=success reached=14.19/14.19s x0_rmse=51.23142692358798 uV runtime=26.4s
config=185 trial=620 status=success reached=14.19/14.19s x0_rmse=41.20591367673801 uV runtime=21.4s
config=185 trial=2 status=success reached=14.19/14.19s x0_rmse=439.2183779642098 uV runtime=25.8s
config=185 trial=3 status=success reached=14.19/14.19s x0_rmse=37.28196796630713 uV runtime=24.7s
config=185 trial=1244 status=success reached=14.08/14.08s x0_rmse=45.225300523732336 uV runtime=25.1s
config=185 trial=778 status=success reached=14.19/14.19s x0_rmse=39.163854303533476 uV runtime=23.8s
config=185 trial=312 status=success reached=14.19/14.19s x0_rmse=37.6822343196152 uV runtime=23.0s
saved: outputs/pysindy/raw_grid_threshold100/simulations/config_0185_summary.json
