## SLURM PROLOG ###############################################################
##    Job ID : 3631185
##  Job Name : lfp_grid_sim
##  Nodelist : node2346
##      CPUs : 
##  Mem/Node : 16384 MB
## Directory : /oscar/data/tdesroch/dbuyukya/AidaCarneyProject
##   Job Started : Fri Jul  3 12:34:09 AM EDT 2026
###############################################################################
[1/1] configuration=53 degree=2 lowpass=35.0
config=53 trial=4 status=success reached=14.03/14.03s x0_rmse=41.036194441807005 uV runtime=45.0s
config=53 trial=1088 status=success reached=14.14/14.14s x0_rmse=64.40877803842646 uV runtime=40.7s
config=53 trial=622 status=success reached=14.14/14.14s x0_rmse=54.63623484993054 uV runtime=46.2s
config=53 trial=620 status=success reached=14.14/14.14s x0_rmse=55.10653405266798 uV runtime=46.3s
config=53 trial=2 status=success reached=14.14/14.14s x0_rmse=52.351175188034055 uV runtime=42.5s
config=53 trial=3 status=success reached=14.14/14.14s x0_rmse=60.14510117360999 uV runtime=38.5s
config=53 trial=1244 status=failed reached=2.20/14.03s x0_rmse= uV runtime=33.1s
config=53 trial=778 status=success reached=14.14/14.14s x0_rmse=61.03339001788317 uV runtime=39.0s
config=53 trial=312 status=success reached=14.14/14.14s x0_rmse=65.14656383498487 uV runtime=34.8s
saved: outputs/pysindy/raw_grid_threshold100/simulations/config_0053_summary.json
