## SLURM PROLOG ###############################################################
##    Job ID : 3611675
##  Job Name : lfp_grid_sim
##  Nodelist : node2333
##      CPUs : 
##  Mem/Node : 16384 MB
## Directory : /oscar/data/tdesroch/dbuyukya/AidaCarneyProject
##   Job Started : Wed Jul  1 06:28:08 PM EDT 2026
###############################################################################
[1/1] configuration=172 degree=2 lowpass=80.0
config=172 trial=4 status=success reached=14.06/14.06s runtime=317.4s
config=172 trial=1088 status=success reached=14.17/14.17s runtime=263.5s
config=172 trial=622 status=success reached=14.17/14.17s runtime=275.5s
config=172 trial=620 status=success reached=14.17/14.17s runtime=362.0s
config=172 trial=2 status=success reached=14.17/14.17s runtime=261.8s
config=172 trial=3 status=success reached=14.17/14.17s runtime=228.9s
config=172 trial=1244 status=success reached=14.06/14.06s runtime=288.7s
config=172 trial=778 status=success reached=14.17/14.17s runtime=248.5s
config=172 trial=312 status=success reached=14.17/14.17s runtime=248.5s
saved: /oscar/data/tdesroch/dbuyukya/AidaCarneyProject/outputs/pysindy/raw_grid/simulations/config_0172_summary.json
