## SLURM PROLOG ###############################################################
##    Job ID : 3611718
##  Job Name : lfp_grid_sim
##  Nodelist : node2337
##      CPUs : 
##  Mem/Node : 16384 MB
## Directory : /oscar/data/tdesroch/dbuyukya/AidaCarneyProject
##   Job Started : Wed Jul  1 06:34:11 PM EDT 2026
###############################################################################
[1/1] configuration=178 degree=2 lowpass=80.0
config=178 trial=4 status=success reached=13.95/13.95s runtime=141.6s
config=178 trial=1088 status=success reached=14.06/14.06s runtime=140.3s
config=178 trial=622 status=success reached=14.06/14.06s runtime=142.2s
config=178 trial=620 status=success reached=14.06/14.06s runtime=143.7s
config=178 trial=2 status=success reached=14.06/14.06s runtime=132.0s
config=178 trial=3 status=success reached=14.06/14.06s runtime=139.4s
config=178 trial=1244 status=success reached=13.95/13.95s runtime=134.4s
config=178 trial=778 status=success reached=14.06/14.06s runtime=138.1s
config=178 trial=312 status=success reached=14.06/14.06s runtime=135.2s
saved: /oscar/data/tdesroch/dbuyukya/AidaCarneyProject/outputs/pysindy/raw_grid/simulations/config_0178_summary.json
