## SLURM PROLOG ###############################################################
##    Job ID : 3610385
##  Job Name : lfp_grid_sim
##  Nodelist : node2337
##      CPUs : 
##  Mem/Node : 16384 MB
## Directory : /oscar/data/tdesroch/dbuyukya/AidaCarneyProject
##   Job Started : Wed Jul  1 04:27:48 PM EDT 2026
###############################################################################
[1/1] configuration=104 degree=3 lowpass=35.0
config=104 trial=4 status=failed reached=5.56/14.03s runtime=770.2s
config=104 trial=1088 status=success reached=14.14/14.14s runtime=1298.6s
config=104 trial=622 status=failed reached=4.88/14.14s runtime=638.2s
config=104 trial=620 status=failed reached=12.09/14.14s runtime=1398.2s
config=104 trial=2 status=failed reached=7.27/14.14s runtime=719.9s
config=104 trial=3 status=failed reached=4.35/14.14s runtime=510.7s
config=104 trial=1244 status=failed reached=1.06/14.03s runtime=322.9s
config=104 trial=778 status=success reached=14.14/14.14s runtime=1142.7s
config=104 trial=312 status=failed reached=4.25/14.14s runtime=472.0s
saved: /oscar/data/tdesroch/dbuyukya/AidaCarneyProject/outputs/pysindy/raw_grid/simulations/config_0104_summary.json
