## SLURM PROLOG ###############################################################
##    Job ID : 3631775
##  Job Name : lfp_grid_sim
##  Nodelist : node2349
##      CPUs : 
##  Mem/Node : 16384 MB
## Directory : /oscar/data/tdesroch/dbuyukya/AidaCarneyProject
##   Job Started : Sat Jul  4 02:08:15 PM EDT 2026
###############################################################################
[1/1] configuration=100 degree=3 lowpass=35.0
config=100 trial=4 status=failed reached=3.34/14.06s x0_rmse= uV runtime=1354.0s
config=100 trial=1088 status=failed reached=5.52/14.17s x0_rmse= uV runtime=1543.1s
config=100 trial=622 status=failed reached=4.26/14.17s x0_rmse= uV runtime=1440.3s
config=100 trial=620 status=failed reached=10.08/14.17s x0_rmse= uV runtime=1800.0s
config=100 trial=2 status=failed reached=6.96/14.17s x0_rmse= uV runtime=1615.3s
config=100 trial=3 status=failed reached=6.66/14.17s x0_rmse= uV runtime=1619.7s
config=100 trial=1244 status=failed reached=2.35/14.06s x0_rmse= uV runtime=1242.6s
config=100 trial=778 status=failed reached=5.96/14.17s x0_rmse= uV runtime=1595.0s
config=100 trial=312 status=failed reached=3.09/14.17s x0_rmse= uV runtime=1321.0s
saved: outputs/pysindy/raw_grid_threshold100/simulations/config_0100_summary.json
