## SLURM PROLOG ###############################################################
##    Job ID : 3611708
##  Job Name : lfp_grid_sim
##  Nodelist : node2335
##      CPUs : 
##  Mem/Node : 16384 MB
## Directory : /oscar/data/tdesroch/dbuyukya/AidaCarneyProject
##   Job Started : Wed Jul  1 06:33:10 PM EDT 2026
###############################################################################
[1/1] configuration=176 degree=2 lowpass=80.0
config=176 trial=4 status=success reached=14.03/14.03s runtime=260.6s
config=176 trial=1088 status=failed reached=10.72/14.14s runtime=196.5s
config=176 trial=622 status=success reached=14.14/14.14s runtime=275.1s
config=176 trial=620 status=failed reached=12.57/14.14s runtime=225.7s
config=176 trial=2 status=failed reached=5.72/14.14s runtime=129.7s
config=176 trial=3 status=failed reached=13.34/14.14s runtime=276.3s
config=176 trial=1244 status=failed reached=9.08/14.03s runtime=233.0s
config=176 trial=778 status=failed reached=7.99/14.14s runtime=157.1s
config=176 trial=312 status=failed reached=9.04/14.14s runtime=213.7s
saved: /oscar/data/tdesroch/dbuyukya/AidaCarneyProject/outputs/pysindy/raw_grid/simulations/config_0176_summary.json
