## SLURM PROLOG ###############################################################
##    Job ID : 3610647
##  Job Name : lfp_grid_sim
##  Nodelist : node2337
##      CPUs : 
##  Mem/Node : 16384 MB
## Directory : /oscar/data/tdesroch/dbuyukya/AidaCarneyProject
##   Job Started : Wed Jul  1 04:59:08 PM EDT 2026
###############################################################################
[1/1] configuration=116 degree=1 lowpass=80.0
config=116 trial=4 status=success reached=14.07/14.07s runtime=3.9s
config=116 trial=1088 status=success reached=14.18/14.18s runtime=4.3s
config=116 trial=622 status=success reached=14.18/14.18s runtime=4.3s
config=116 trial=620 status=success reached=14.18/14.18s runtime=4.0s
config=116 trial=2 status=success reached=14.18/14.18s runtime=4.1s
config=116 trial=3 status=success reached=14.18/14.18s runtime=4.2s
config=116 trial=1244 status=success reached=14.07/14.07s runtime=4.1s
config=116 trial=778 status=success reached=14.18/14.18s runtime=4.1s
config=116 trial=312 status=success reached=14.18/14.18s runtime=4.1s
saved: /oscar/data/tdesroch/dbuyukya/AidaCarneyProject/outputs/pysindy/raw_grid/simulations/config_0116_summary.json
