## SLURM PROLOG ###############################################################
##    Job ID : 3609432
##  Job Name : lfp_grid_sim
##  Nodelist : node2337
##      CPUs : 
##  Mem/Node : 16384 MB
## Directory : /oscar/data/tdesroch/dbuyukya/AidaCarneyProject
##   Job Started : Wed Jul  1 03:57:07 PM EDT 2026
###############################################################################
[1/1] configuration=100 degree=3 lowpass=35.0
config=100 trial=4 status=failed reached=4.83/14.06s runtime=832.1s
config=100 trial=1088 status=failed reached=8.87/14.17s runtime=1010.5s
config=100 trial=622 status=failed reached=4.44/14.17s runtime=775.8s
config=100 trial=620 status=failed reached=10.37/14.17s runtime=1584.6s
config=100 trial=2 status=failed reached=2.46/14.17s runtime=604.6s
config=100 trial=3 status=failed reached=3.58/14.17s runtime=673.0s
config=100 trial=1244 status=failed reached=0.20/14.06s runtime=336.0s
config=100 trial=778 status=failed reached=6.15/14.17s runtime=872.8s
config=100 trial=312 status=failed reached=3.84/14.17s runtime=696.4s
saved: /oscar/data/tdesroch/dbuyukya/AidaCarneyProject/outputs/pysindy/raw_grid/simulations/config_0100_summary.json
