## SLURM PROLOG ###############################################################
##    Job ID : 3631854
##  Job Name : lfp_grid_sim
##  Nodelist : node2334
##      CPUs : 
##  Mem/Node : 16384 MB
## Directory : /oscar/data/tdesroch/dbuyukya/AidaCarneyProject
##   Job Started : Fri Jul  3 01:49:07 AM EDT 2026
###############################################################################
[1/1] configuration=125 degree=1 lowpass=80.0
config=125 trial=4 status=success reached=14.03/14.03s x0_rmse=34.19185925698383 uV runtime=11.2s
config=125 trial=1088 status=success reached=14.14/14.14s x0_rmse=53.241423301620266 uV runtime=14.8s
config=125 trial=622 status=success reached=14.14/14.14s x0_rmse=45.04665452746714 uV runtime=16.7s
config=125 trial=620 status=success reached=14.14/14.14s x0_rmse=44.9867304212512 uV runtime=14.1s
config=125 trial=2 status=success reached=14.14/14.14s x0_rmse=64.89284660483374 uV runtime=9.1s
config=125 trial=3 status=success reached=14.14/14.14s x0_rmse=50.191370066609856 uV runtime=10.6s
config=125 trial=1244 status=success reached=14.03/14.03s x0_rmse=85.42745081368227 uV runtime=15.0s
config=125 trial=778 status=success reached=14.14/14.14s x0_rmse=54.715222719232564 uV runtime=11.1s
config=125 trial=312 status=success reached=14.14/14.14s x0_rmse=68.60642484061417 uV runtime=9.5s
saved: outputs/pysindy/raw_grid_threshold100/simulations/config_0125_summary.json
