## SLURM PROLOG ###############################################################
##    Job ID : 3611812
##  Job Name : lfp_grid_sim
##  Nodelist : node2337
##      CPUs : 
##  Mem/Node : 16384 MB
## Directory : /oscar/data/tdesroch/dbuyukya/AidaCarneyProject
##   Job Started : Wed Jul  1 06:48:47 PM EDT 2026
###############################################################################
[1/1] configuration=188 degree=3 lowpass=80.0
config=188 trial=4 status=success reached=14.07/14.07s runtime=10.5s
config=188 trial=1088 status=success reached=14.18/14.18s runtime=13.8s
config=188 trial=622 status=success reached=14.18/14.18s runtime=14.7s
config=188 trial=620 status=success reached=14.18/14.18s runtime=10.3s
config=188 trial=2 status=success reached=14.18/14.18s runtime=16.0s
config=188 trial=3 status=success reached=14.18/14.18s runtime=14.3s
config=188 trial=1244 status=success reached=14.07/14.07s runtime=15.4s
config=188 trial=778 status=success reached=14.18/14.18s runtime=14.8s
config=188 trial=312 status=success reached=14.18/14.18s runtime=14.0s
saved: /oscar/data/tdesroch/dbuyukya/AidaCarneyProject/outputs/pysindy/raw_grid/simulations/config_0188_summary.json
