## SLURM PROLOG ###############################################################
##    Job ID : 3631006
##  Job Name : lfp_grid_sim
##  Nodelist : node2306
##      CPUs : 
##  Mem/Node : 16384 MB
## Directory : /oscar/data/tdesroch/dbuyukya/AidaCarneyProject
##   Job Started : Fri Jul  3 12:12:31 AM EDT 2026
###############################################################################
[1/1] configuration=7 degree=1 lowpass=35.0
config=7 trial=4 status=success reached=14.07/14.07s x0_rmse=28.221433215856845 uV runtime=4.7s
config=7 trial=1088 status=success reached=14.18/14.18s x0_rmse=58.089524932760085 uV runtime=4.8s
config=7 trial=622 status=success reached=14.18/14.18s x0_rmse=55.513321262893506 uV runtime=5.1s
config=7 trial=620 status=success reached=14.18/14.18s x0_rmse=40.01801678660791 uV runtime=4.9s
config=7 trial=2 status=success reached=14.18/14.18s x0_rmse=59.62455546139536 uV runtime=4.9s
config=7 trial=3 status=success reached=14.18/14.18s x0_rmse=47.84942724014347 uV runtime=4.7s
config=7 trial=1244 status=success reached=14.07/14.07s x0_rmse=58.610974595795106 uV runtime=5.0s
config=7 trial=778 status=success reached=14.18/14.18s x0_rmse=46.42742665515245 uV runtime=4.9s
config=7 trial=312 status=success reached=14.18/14.18s x0_rmse=42.84568289867251 uV runtime=4.8s
saved: outputs/pysindy/raw_grid_threshold100/simulations/config_0007_summary.json
