## SLURM PROLOG ###############################################################
##    Job ID : 3609197
##  Job Name : lfp_grid_sim
##  Nodelist : node2335
##      CPUs : 
##  Mem/Node : 16384 MB
## Directory : /oscar/data/tdesroch/dbuyukya/AidaCarneyProject
##   Job Started : Thu Jul  2 12:12:30 AM EDT 2026
###############################################################################
[1/1] configuration=75 degree=3 lowpass=35.0
config=75 trial=4 status=success reached=14.08/14.08s runtime=23.7s
config=75 trial=1088 status=success reached=14.20/14.20s runtime=34.6s
config=75 trial=622 status=success reached=14.19/14.19s runtime=33.7s
config=75 trial=620 status=success reached=14.19/14.19s runtime=24.2s
config=75 trial=2 status=success reached=14.19/14.19s runtime=34.6s
config=75 trial=3 status=success reached=14.19/14.19s runtime=32.4s
config=75 trial=1244 status=success reached=14.08/14.08s runtime=32.5s
config=75 trial=778 status=success reached=14.19/14.19s runtime=30.7s
config=75 trial=312 status=success reached=14.19/14.19s runtime=29.0s
saved: /oscar/data/tdesroch/dbuyukya/AidaCarneyProject/outputs/pysindy/raw_grid/simulations/config_0075_summary.json
