## SLURM PROLOG ###############################################################
##    Job ID : 3632291
##  Job Name : lfp_grid_sim
##  Nodelist : node2334
##      CPUs : 
##  Mem/Node : 16384 MB
## Directory : /oscar/data/tdesroch/dbuyukya/AidaCarneyProject
##   Job Started : Fri Jul  3 03:08:08 AM EDT 2026
###############################################################################
[1/1] configuration=193 degree=3 lowpass=80.0
config=193 trial=4 status=success reached=14.06/14.06s x0_rmse=70.73376691882731 uV runtime=141.2s
config=193 trial=1088 status=success reached=14.18/14.18s x0_rmse=86.70205033941382 uV runtime=115.4s
config=193 trial=622 status=success reached=14.17/14.17s x0_rmse=84.59315627055523 uV runtime=111.3s
config=193 trial=620 status=success reached=14.17/14.17s x0_rmse=78.36264906393656 uV runtime=139.0s
config=193 trial=2 status=success reached=14.17/14.17s x0_rmse=84.44683754332988 uV runtime=117.7s
config=193 trial=3 status=success reached=14.17/14.17s x0_rmse=79.89674744622141 uV runtime=122.6s
config=193 trial=1244 status=success reached=14.06/14.06s x0_rmse=82.87097855601715 uV runtime=116.5s
config=193 trial=778 status=success reached=14.17/14.17s x0_rmse=81.31719789987082 uV runtime=124.4s
config=193 trial=312 status=success reached=14.17/14.17s x0_rmse=78.53805435631263 uV runtime=127.1s
saved: outputs/pysindy/raw_grid_threshold100/simulations/config_0193_summary.json
