## SLURM PROLOG ###############################################################
##    Job ID : 3609187
##  Job Name : lfp_grid_sim
##  Nodelist : node2335
##      CPUs : 
##  Mem/Node : 16384 MB
## Directory : /oscar/data/tdesroch/dbuyukya/AidaCarneyProject
##   Job Started : Thu Jul  2 12:06:57 AM EDT 2026
###############################################################################
[1/1] configuration=72 degree=2 lowpass=35.0
config=72 trial=4 status=success reached=13.95/13.95s runtime=174.9s
config=72 trial=1088 status=failed reached=10.47/14.06s runtime=190.5s
config=72 trial=622 status=failed reached=6.86/14.06s runtime=142.0s
config=72 trial=620 status=success reached=14.06/14.06s runtime=168.3s
config=72 trial=2 status=success reached=14.06/14.06s runtime=142.4s
config=72 trial=3 status=success reached=14.06/14.06s runtime=153.0s
config=72 trial=1244 status=failed reached=3.55/13.95s runtime=97.8s
config=72 trial=778 status=success reached=14.06/14.06s runtime=149.8s
config=72 trial=312 status=failed reached=7.60/14.06s runtime=149.7s
saved: /oscar/data/tdesroch/dbuyukya/AidaCarneyProject/outputs/pysindy/raw_grid/simulations/config_0072_summary.json
