## SLURM PROLOG ###############################################################
##    Job ID : 3609102
##  Job Name : lfp_grid_sim
##  Nodelist : node2302
##      CPUs : 
##  Mem/Node : 16384 MB
## Directory : /oscar/data/tdesroch/dbuyukya/AidaCarneyProject
##   Job Started : Wed Jul  1 11:54:51 PM EDT 2026
###############################################################################
[1/1] configuration=45 degree=2 lowpass=35.0
config=45 trial=4 status=success reached=14.07/14.07s runtime=7.7s
config=45 trial=1088 status=success reached=14.18/14.18s runtime=8.5s
config=45 trial=622 status=success reached=14.18/14.18s runtime=8.3s
config=45 trial=620 status=success reached=14.18/14.18s runtime=6.8s
config=45 trial=2 status=success reached=14.18/14.18s runtime=8.6s
config=45 trial=3 status=success reached=14.18/14.18s runtime=8.6s
config=45 trial=1244 status=success reached=14.07/14.07s runtime=8.5s
config=45 trial=778 status=success reached=14.18/14.18s runtime=8.4s
config=45 trial=312 status=success reached=14.18/14.18s runtime=8.1s
saved: /oscar/data/tdesroch/dbuyukya/AidaCarneyProject/outputs/pysindy/raw_grid/simulations/config_0045_summary.json
