## SLURM PROLOG ###############################################################
##    Job ID : 3609049
##  Job Name : lfp_grid_sim
##  Nodelist : node2301
##      CPUs : 
##  Mem/Node : 16384 MB
## Directory : /oscar/data/tdesroch/dbuyukya/AidaCarneyProject
##   Job Started : Wed Jul  1 11:49:19 PM EDT 2026
###############################################################################
[1/1] configuration=16 degree=1 lowpass=35.0
config=16 trial=4 status=success reached=14.03/14.03s runtime=11.3s
config=16 trial=1088 status=success reached=14.14/14.14s runtime=12.4s
config=16 trial=622 status=success reached=14.14/14.14s runtime=16.4s
config=16 trial=620 status=success reached=14.14/14.14s runtime=11.3s
config=16 trial=2 status=success reached=14.14/14.14s runtime=9.2s
config=16 trial=3 status=success reached=14.14/14.14s runtime=11.1s
config=16 trial=1244 status=success reached=14.03/14.03s runtime=14.8s
config=16 trial=778 status=success reached=14.14/14.14s runtime=10.8s
config=16 trial=312 status=success reached=14.14/14.14s runtime=9.4s
saved: /oscar/data/tdesroch/dbuyukya/AidaCarneyProject/outputs/pysindy/raw_grid/simulations/config_0016_summary.json
