## SLURM PROLOG ###############################################################
##    Job ID : 3611874
##  Job Name : lfp_grid_sim
##  Nodelist : node2351
##      CPUs : 
##  Mem/Node : 16384 MB
## Directory : /oscar/data/tdesroch/dbuyukya/AidaCarneyProject
##   Job Started : Thu Jul  2 12:32:40 AM EDT 2026
###############################################################################
[1/1] configuration=207 degree=3 lowpass=80.0
config=207 trial=4 status=failed reached=4.34/13.99s runtime=249.1s
config=207 trial=1088 status=success reached=14.10/14.10s runtime=289.1s
config=207 trial=622 status=success reached=14.10/14.10s runtime=291.5s
config=207 trial=620 status=failed reached=3.43/14.10s runtime=173.0s
config=207 trial=2 status=failed reached=2.71/14.10s runtime=153.2s
config=207 trial=3 status=failed reached=5.17/14.10s runtime=227.2s
config=207 trial=1244 status=failed reached=3.55/13.99s runtime=228.9s
config=207 trial=778 status=failed reached=2.87/14.10s runtime=201.1s
config=207 trial=312 status=failed reached=1.90/14.10s runtime=150.6s
saved: /oscar/data/tdesroch/dbuyukya/AidaCarneyProject/outputs/pysindy/raw_grid/simulations/config_0207_summary.json
