## SLURM PROLOG ###############################################################
##    Job ID : 3666373
##  Job Name : lfp_raw_grid
##  Nodelist : node2334
##      CPUs : 
##  Mem/Node : 16384 MB
## Directory : /oscar/data/tdesroch/dbuyukya/AidaCarneyProject
##   Job Started : Sun Jul  5 07:29:40 PM EDT 2026
###############################################################################
[1/36] status=success lowpass=80.0 degree=2 delays=2 delay=1 smooth=0 terms=12 runtime=0.7s
[2/36] status=success lowpass=80.0 degree=2 delays=2 delay=1 smooth=5 terms=12 runtime=0.1s
[3/36] status=success lowpass=80.0 degree=2 delays=2 delay=1 smooth=9 terms=12 runtime=0.1s
[4/36] status=success lowpass=80.0 degree=2 delays=2 delay=2 smooth=0 terms=12 runtime=0.1s
[5/36] status=success lowpass=80.0 degree=2 delays=2 delay=2 smooth=5 terms=12 runtime=0.1s
[6/36] status=success lowpass=80.0 degree=2 delays=2 delay=2 smooth=9 terms=12 runtime=0.1s
[7/36] status=success lowpass=80.0 degree=2 delays=2 delay=5 smooth=0 terms=12 runtime=0.1s
[8/36] status=success lowpass=80.0 degree=2 delays=2 delay=5 smooth=5 terms=11 runtime=0.1s
[9/36] status=success lowpass=80.0 degree=2 delays=2 delay=5 smooth=9 terms=11 runtime=0.1s
[10/36] status=success lowpass=80.0 degree=2 delays=4 delay=1 smooth=0 terms=60 runtime=0.5s
[11/36] status=success lowpass=80.0 degree=2 delays=4 delay=1 smooth=5 terms=59 runtime=0.5s
[12/36] status=success lowpass=80.0 degree=2 delays=4 delay=1 smooth=9 terms=58 runtime=0.5s
[13/36] status=success lowpass=80.0 degree=2 delays=4 delay=2 smooth=0 terms=59 runtime=0.5s
[14/36] status=success lowpass=80.0 degree=2 delays=4 delay=2 smooth=5 terms=57 runtime=0.5s
[15/36] status=success lowpass=80.0 degree=2 delays=4 delay=2 smooth=9 terms=57 runtime=0.5s
[16/36] status=success lowpass=80.0 degree=2 delays=4 delay=5 smooth=0 terms=59 runtime=0.5s
[17/36] status=success lowpass=80.0 degree=2 delays=4 delay=5 smooth=5 terms=60 runtime=0.4s
[18/36] status=success lowpass=80.0 degree=2 delays=4 delay=5 smooth=9 terms=59 runtime=0.5s
[19/36] status=success lowpass=80.0 degree=2 delays=6 delay=1 smooth=0 terms=162 runtime=1.6s
[20/36] status=success lowpass=80.0 degree=2 delays=6 delay=1 smooth=5 terms=163 runtime=1.5s
[21/36] status=success lowpass=80.0 degree=2 delays=6 delay=1 smooth=9 terms=156 runtime=1.5s
[22/36] status=success lowpass=80.0 degree=2 delays=6 delay=2 smooth=0 terms=160 runtime=1.4s
[23/36] status=success lowpass=80.0 degree=2 delays=6 delay=2 smooth=5 terms=156 runtime=1.4s
[24/36] status=success lowpass=80.0 degree=2 delays=6 delay=2 smooth=9 terms=161 runtime=1.4s
[25/36] status=success lowpass=80.0 degree=2 delays=6 delay=5 smooth=0 terms=161 runtime=1.4s
[26/36] status=success lowpass=80.0 degree=2 delays=6 delay=5 smooth=5 terms=163 runtime=1.4s
[27/36] status=success lowpass=80.0 degree=2 delays=6 delay=5 smooth=9 terms=156 runtime=1.5s
[28/36] status=success lowpass=80.0 degree=2 delays=8 delay=1 smooth=0 terms=338 runtime=3.6s
[29/36] status=success lowpass=80.0 degree=2 delays=8 delay=1 smooth=5 terms=344 runtime=3.7s
[30/36] status=success lowpass=80.0 degree=2 delays=8 delay=1 smooth=9 terms=337 runtime=3.6s
[31/36] status=success lowpass=80.0 degree=2 delays=8 delay=2 smooth=0 terms=331 runtime=4.0s
[32/36] status=success lowpass=80.0 degree=2 delays=8 delay=2 smooth=5 terms=326 runtime=3.5s
[33/36] status=success lowpass=80.0 degree=2 delays=8 delay=2 smooth=9 terms=340 runtime=4.2s
[34/36] status=success lowpass=80.0 degree=2 delays=8 delay=5 smooth=0 terms=337 runtime=3.6s
[35/36] status=success lowpass=80.0 degree=2 delays=8 delay=5 smooth=5 terms=339 runtime=3.6s
[36/36] status=success lowpass=80.0 degree=2 delays=8 delay=5 smooth=9 terms=337 runtime=4.0s
saved: outputs/pysindy/raw_grid_threshold1000/parts/part_lp80_degree2.csv
saved: outputs/pysindy/raw_grid_threshold1000/parts/part_lp80_degree2_equations.txt
saved: outputs/pysindy/raw_grid_threshold1000/parts/part_lp80_degree2_metadata.json
successful fits: 36/36
