## SLURM PROLOG ###############################################################
##    Job ID : 3632286
##  Job Name : lfp_grid_sim
##  Nodelist : node2333
##      CPUs : 
##  Mem/Node : 16384 MB
## Directory : /oscar/data/tdesroch/dbuyukya/AidaCarneyProject
##   Job Started : Fri Jul  3 03:06:07 AM EDT 2026
###############################################################################
[1/1] configuration=191 degree=3 lowpass=80.0
config=191 trial=4 status=failed reached=5.35/14.08s x0_rmse= uV runtime=136.9s
config=191 trial=1088 status=success reached=14.19/14.19s x0_rmse=73.94388731667429 uV runtime=186.0s
config=191 trial=622 status=failed reached=0.39/14.18s x0_rmse= uV runtime=57.8s
config=191 trial=620 status=success reached=14.18/14.18s x0_rmse=71.7127133600356 uV runtime=186.7s
config=191 trial=2 status=failed reached=2.46/14.18s x0_rmse= uV runtime=84.1s
config=191 trial=3 status=failed reached=8.19/14.18s x0_rmse= uV runtime=163.4s
config=191 trial=1244 status=failed reached=3.18/14.08s x0_rmse= uV runtime=93.6s
config=191 trial=778 status=success reached=14.18/14.18s x0_rmse=70.66722023504336 uV runtime=183.1s
config=191 trial=312 status=success reached=14.18/14.18s x0_rmse=66.51554257315249 uV runtime=177.6s
saved: outputs/pysindy/raw_grid_threshold100/simulations/config_0191_summary.json
