## SLURM PROLOG ###############################################################
##    Job ID : 3631096
##  Job Name : lfp_grid_sim
##  Nodelist : node2350
##      CPUs : 
##  Mem/Node : 16384 MB
## Directory : /oscar/data/tdesroch/dbuyukya/AidaCarneyProject
##   Job Started : Fri Jul  3 12:22:36 AM EDT 2026
###############################################################################
[1/1] configuration=32 degree=1 lowpass=35.0
config=32 trial=4 status=success reached=14.03/14.03s x0_rmse=28.247613493619067 uV runtime=89.9s
config=32 trial=1088 status=success reached=14.14/14.14s x0_rmse=69.17067452262978 uV runtime=56.0s
config=32 trial=622 status=success reached=14.14/14.14s x0_rmse=49.00348193681793 uV runtime=90.5s
config=32 trial=620 status=success reached=14.14/14.14s x0_rmse=43.72876441403849 uV runtime=74.5s
config=32 trial=2 status=success reached=14.14/14.14s x0_rmse=64.94730575692557 uV runtime=53.3s
config=32 trial=3 status=success reached=14.14/14.14s x0_rmse=50.269445570714 uV runtime=72.7s
config=32 trial=1244 status=success reached=14.03/14.03s x0_rmse=69.9131151510569 uV runtime=74.1s
config=32 trial=778 status=success reached=14.14/14.14s x0_rmse=59.23409346794845 uV runtime=55.7s
config=32 trial=312 status=success reached=14.14/14.14s x0_rmse=60.01256658598693 uV runtime=52.2s
saved: outputs/pysindy/raw_grid_threshold100/simulations/config_0032_summary.json
