## SLURM PROLOG ###############################################################
##    Job ID : 3632307
##  Job Name : lfp_grid_sim
##  Nodelist : node2335
##      CPUs : 
##  Mem/Node : 16384 MB
## Directory : /oscar/data/tdesroch/dbuyukya/AidaCarneyProject
##   Job Started : Fri Jul  3 03:12:09 AM EDT 2026
###############################################################################
[1/1] configuration=198 degree=3 lowpass=80.0
config=198 trial=4 status=success reached=14.03/14.03s x0_rmse=45.970029761027526 uV runtime=117.8s
config=198 trial=1088 status=success reached=14.14/14.14s x0_rmse=57.68865859526195 uV runtime=130.2s
config=198 trial=622 status=success reached=14.14/14.14s x0_rmse=54.498387718159194 uV runtime=132.0s
config=198 trial=620 status=success reached=14.14/14.14s x0_rmse=55.85398869410995 uV runtime=123.6s
config=198 trial=2 status=failed reached=3.48/14.14s x0_rmse= uV runtime=113.6s
config=198 trial=3 status=failed reached=4.40/14.14s x0_rmse= uV runtime=117.6s
config=198 trial=1244 status=failed reached=1.45/14.03s x0_rmse= uV runtime=86.5s
config=198 trial=778 status=failed reached=5.60/14.14s x0_rmse= uV runtime=124.3s
config=198 trial=312 status=failed reached=0.94/14.14s x0_rmse= uV runtime=86.3s
saved: outputs/pysindy/raw_grid_threshold100/simulations/config_0198_summary.json
