## SLURM PROLOG ###############################################################
##    Job ID : 3632275
##  Job Name : lfp_grid_sim
##  Nodelist : node2334
##      CPUs : 
##  Mem/Node : 16384 MB
## Directory : /oscar/data/tdesroch/dbuyukya/AidaCarneyProject
##   Job Started : Fri Jul  3 03:03:37 AM EDT 2026
###############################################################################
[1/1] configuration=186 degree=3 lowpass=80.0
config=186 trial=4 status=success reached=14.08/14.08s x0_rmse=27.687946393927923 uV runtime=18.7s
config=186 trial=1088 status=success reached=14.19/14.19s x0_rmse=100.36083032133348 uV runtime=35.0s
config=186 trial=622 status=success reached=14.19/14.19s x0_rmse=91.80472244013674 uV runtime=34.8s
config=186 trial=620 status=success reached=14.19/14.19s x0_rmse=47.01858776491265 uV runtime=27.7s
config=186 trial=2 status=success reached=14.19/14.19s x0_rmse=98.86293972133564 uV runtime=34.8s
config=186 trial=3 status=success reached=14.19/14.19s x0_rmse=80.38603815001886 uV runtime=33.4s
config=186 trial=1244 status=success reached=14.08/14.08s x0_rmse=85.59872007300045 uV runtime=33.5s
config=186 trial=778 status=success reached=14.19/14.19s x0_rmse=63.51962657017618 uV runtime=31.7s
config=186 trial=312 status=success reached=14.19/14.19s x0_rmse=50.463680527726055 uV runtime=30.0s
saved: outputs/pysindy/raw_grid_threshold100/simulations/config_0186_summary.json
