## SLURM PROLOG ###############################################################
##    Job ID : 3611297
##  Job Name : lfp_grid_sim
##  Nodelist : node2335
##      CPUs : 
##  Mem/Node : 16384 MB
## Directory : /oscar/data/tdesroch/dbuyukya/AidaCarneyProject
##   Job Started : Wed Jul  1 05:57:15 PM EDT 2026
###############################################################################
[1/1] configuration=148 degree=2 lowpass=80.0
config=148 trial=4 status=success reached=14.08/14.08s runtime=6.4s
config=148 trial=1088 status=success reached=14.19/14.19s runtime=15.0s
config=148 trial=622 status=success reached=14.19/14.19s runtime=14.5s
config=148 trial=620 status=success reached=14.19/14.19s runtime=12.5s
config=148 trial=2 status=failed reached=10.94/14.19s runtime=24.1s
config=148 trial=3 status=success reached=14.19/14.19s runtime=14.7s
config=148 trial=1244 status=success reached=14.08/14.08s runtime=14.9s
config=148 trial=778 status=success reached=14.19/14.19s runtime=14.1s
config=148 trial=312 status=success reached=14.19/14.19s runtime=13.5s
saved: /oscar/data/tdesroch/dbuyukya/AidaCarneyProject/outputs/pysindy/raw_grid/simulations/config_0148_summary.json
