## SLURM PROLOG ###############################################################
##    Job ID : 3610844
##  Job Name : lfp_grid_sim
##  Nodelist : node2340
##      CPUs : 
##  Mem/Node : 16384 MB
## Directory : /oscar/data/tdesroch/dbuyukya/AidaCarneyProject
##   Job Started : Wed Jul  1 05:09:14 PM EDT 2026
###############################################################################
[1/1] configuration=124 degree=1 lowpass=80.0
config=124 trial=4 status=success reached=14.03/14.03s runtime=9.3s
config=124 trial=1088 status=success reached=14.14/14.14s runtime=12.3s
config=124 trial=622 status=success reached=14.14/14.14s runtime=13.9s
config=124 trial=620 status=success reached=14.14/14.14s runtime=11.8s
config=124 trial=2 status=success reached=14.14/14.14s runtime=7.6s
config=124 trial=3 status=success reached=14.14/14.14s runtime=9.0s
config=124 trial=1244 status=success reached=14.03/14.03s runtime=12.4s
config=124 trial=778 status=success reached=14.14/14.14s runtime=9.3s
config=124 trial=312 status=success reached=14.14/14.14s runtime=7.9s
saved: /oscar/data/tdesroch/dbuyukya/AidaCarneyProject/outputs/pysindy/raw_grid/simulations/config_0124_summary.json
