## SLURM PROLOG ###############################################################
##    Job ID : 3688920
##  Job Name : lfp_raw_grid_deg57
##  Nodelist : node2337
##      CPUs : 
##  Mem/Node : 16384 MB
## Directory : /oscar/data/tdesroch/dbuyukya/AidaCarneyProject
##   Job Started : Mon Jul  6 09:36:13 PM EDT 2026
###############################################################################
[1/36] status=success lowpass=35.0 degree=7 delays=2 delay=1 smooth=0 terms=71 runtime=2.1s
[2/36] status=success lowpass=35.0 degree=7 delays=2 delay=1 smooth=5 terms=71 runtime=1.2s
[3/36] status=success lowpass=35.0 degree=7 delays=2 delay=1 smooth=9 terms=70 runtime=1.1s
[4/36] status=success lowpass=35.0 degree=7 delays=2 delay=2 smooth=0 terms=72 runtime=1.1s
[5/36] status=success lowpass=35.0 degree=7 delays=2 delay=2 smooth=5 terms=72 runtime=1.1s
[6/36] status=success lowpass=35.0 degree=7 delays=2 delay=2 smooth=9 terms=72 runtime=0.9s
[7/36] status=success lowpass=35.0 degree=7 delays=2 delay=5 smooth=0 terms=72 runtime=1.1s
[8/36] status=success lowpass=35.0 degree=7 delays=2 delay=5 smooth=5 terms=72 runtime=1.2s
[9/36] status=success lowpass=35.0 degree=7 delays=2 delay=5 smooth=9 terms=71 runtime=1.0s
[10/36] status=success lowpass=35.0 degree=7 delays=4 delay=1 smooth=0 terms=1234 runtime=50.0s
[11/36] status=success lowpass=35.0 degree=7 delays=4 delay=1 smooth=5 terms=1260 runtime=54.0s
[12/36] status=success lowpass=35.0 degree=7 delays=4 delay=1 smooth=9 terms=1255 runtime=50.7s
[13/36] status=success lowpass=35.0 degree=7 delays=4 delay=2 smooth=0 terms=1281 runtime=44.6s
[14/36] status=success lowpass=35.0 degree=7 delays=4 delay=2 smooth=5 terms=1279 runtime=43.7s
[15/36] status=success lowpass=35.0 degree=7 delays=4 delay=2 smooth=9 terms=1272 runtime=40.6s
[16/36] status=success lowpass=35.0 degree=7 delays=4 delay=5 smooth=0 terms=1265 runtime=36.2s
[17/36] status=success lowpass=35.0 degree=7 delays=4 delay=5 smooth=5 terms=1250 runtime=40.5s
[18/36] status=success lowpass=35.0 degree=7 delays=4 delay=5 smooth=9 terms=1259 runtime=35.8s
[19/36] status=success lowpass=35.0 degree=7 delays=6 delay=1 smooth=0 terms=7829 runtime=764.3s
[20/36] status=success lowpass=35.0 degree=7 delays=6 delay=1 smooth=5 terms=8078 runtime=753.2s
[21/36] status=success lowpass=35.0 degree=7 delays=6 delay=1 smooth=9 terms=8951 runtime=805.4s
[22/36] status=success lowpass=35.0 degree=7 delays=6 delay=2 smooth=0 terms=9220 runtime=875.4s
[23/36] status=success lowpass=35.0 degree=7 delays=6 delay=2 smooth=5 terms=9225 runtime=951.9s
[24/36] status=success lowpass=35.0 degree=7 delays=6 delay=2 smooth=9 terms=9306 runtime=797.3s
[25/36] status=success lowpass=35.0 degree=7 delays=6 delay=5 smooth=0 terms=9594 runtime=708.2s
[26/36] status=success lowpass=35.0 degree=7 delays=6 delay=5 smooth=5 terms=9576 runtime=558.2s
[27/36] status=success lowpass=35.0 degree=7 delays=6 delay=5 smooth=9 terms=9472 runtime=507.0s
