## SLURM PROLOG ###############################################################
##    Job ID : 3631670
##  Job Name : lfp_grid_sim
##  Nodelist : node2333
##      CPUs : 
##  Mem/Node : 16384 MB
## Directory : /oscar/data/tdesroch/dbuyukya/AidaCarneyProject
##   Job Started : Fri Jul  3 01:15:53 AM EDT 2026
###############################################################################
[1/1] configuration=84 degree=3 lowpass=35.0
config=84 trial=4 status=success reached=14.08/14.08s x0_rmse=57.14395250452826 uV runtime=141.3s
config=84 trial=1088 status=success reached=14.19/14.19s x0_rmse=69.95119358195085 uV runtime=117.6s
config=84 trial=622 status=success reached=14.18/14.18s x0_rmse=63.22330882291295 uV runtime=118.7s
config=84 trial=620 status=success reached=14.18/14.18s x0_rmse=60.27804300207148 uV runtime=146.6s
config=84 trial=2 status=success reached=14.18/14.18s x0_rmse=64.61974768413509 uV runtime=115.4s
config=84 trial=3 status=success reached=14.18/14.18s x0_rmse=58.12378433930737 uV runtime=116.3s
config=84 trial=1244 status=success reached=14.08/14.08s x0_rmse=64.65586241850843 uV runtime=113.7s
config=84 trial=778 status=success reached=14.18/14.18s x0_rmse=66.51979973495266 uV runtime=116.7s
config=84 trial=312 status=success reached=14.18/14.18s x0_rmse=62.98573879453859 uV runtime=117.2s
saved: outputs/pysindy/raw_grid_threshold100/simulations/config_0084_summary.json
