## SLURM PROLOG ###############################################################
##    Job ID : 3650945
##  Job Name : lfp_grid_sim
##  Nodelist : node2342
##      CPUs : 
##  Mem/Node : 16384 MB
## Directory : /oscar/data/tdesroch/dbuyukya/AidaCarneyProject
##   Job Started : Sun Jul  5 12:46:34 AM EDT 2026
###############################################################################
[1/1] configuration=134 degree=1 lowpass=80.0
config=134 trial=4 status=success reached=13.99/13.99s x0_rmse=32.36930895096173 uV runtime=17.8s
config=134 trial=1088 status=success reached=14.10/14.10s x0_rmse=56.43991851671717 uV runtime=19.1s
config=134 trial=622 status=success reached=14.10/14.10s x0_rmse=43.24163143526449 uV runtime=21.3s
config=134 trial=620 status=success reached=14.10/14.10s x0_rmse=47.26653561091168 uV runtime=15.0s
config=134 trial=2 status=success reached=14.10/14.10s x0_rmse=54.715909746451594 uV runtime=13.8s
config=134 trial=3 status=success reached=14.10/14.10s x0_rmse=47.84765165454781 uV runtime=18.5s
config=134 trial=1244 status=success reached=13.99/13.99s x0_rmse=65.46364037525085 uV runtime=20.6s
config=134 trial=778 status=success reached=14.10/14.10s x0_rmse=53.23491557497224 uV runtime=16.8s
config=134 trial=312 status=success reached=14.10/14.10s x0_rmse=52.704648378239 uV runtime=20.2s
saved: outputs/pysindy/raw_grid_threshold100/simulations/config_0134_summary.json
