## SLURM PROLOG ###############################################################
##    Job ID : 3632078
##  Job Name : lfp_grid_sim
##  Nodelist : node2334
##      CPUs : 
##  Mem/Node : 16384 MB
## Directory : /oscar/data/tdesroch/dbuyukya/AidaCarneyProject
##   Job Started : Fri Jul  3 02:29:23 AM EDT 2026
###############################################################################
[1/1] configuration=167 degree=2 lowpass=80.0
config=167 trial=4 status=failed reached=12.05/14.05s x0_rmse= uV runtime=184.2s
config=167 trial=1088 status=failed reached=10.89/14.16s x0_rmse= uV runtime=136.2s
config=167 trial=622 status=failed reached=8.20/14.16s x0_rmse= uV runtime=121.9s
config=167 trial=620 status=failed reached=12.78/14.16s x0_rmse= uV runtime=191.5s
config=167 trial=2 status=failed reached=10.44/14.16s x0_rmse= uV runtime=140.5s
config=167 trial=3 status=success reached=14.16/14.16s x0_rmse=101.11127212142682 uV runtime=112.5s
config=167 trial=1244 status=failed reached=6.41/14.05s x0_rmse= uV runtime=104.3s
config=167 trial=778 status=failed reached=9.33/14.16s x0_rmse= uV runtime=143.2s
config=167 trial=312 status=success reached=14.16/14.16s x0_rmse=76.61975413823983 uV runtime=133.5s
saved: outputs/pysindy/raw_grid_threshold100/simulations/config_0167_summary.json
