## SLURM PROLOG ###############################################################
##    Job ID : 3631174
##  Job Name : lfp_grid_sim
##  Nodelist : node2342
##      CPUs : 
##  Mem/Node : 16384 MB
## Directory : /oscar/data/tdesroch/dbuyukya/AidaCarneyProject
##   Job Started : Fri Jul  3 12:32:08 AM EDT 2026
###############################################################################
[1/1] configuration=49 degree=2 lowpass=35.0
config=49 trial=4 status=success reached=14.06/14.06s x0_rmse=32.58474300742654 uV runtime=88.5s
config=49 trial=1088 status=success reached=14.18/14.18s x0_rmse=62.94345033318035 uV runtime=59.2s
config=49 trial=622 status=success reached=14.17/14.17s x0_rmse=52.434592335529295 uV runtime=68.0s
config=49 trial=620 status=success reached=14.17/14.17s x0_rmse=42.165836378216504 uV runtime=77.7s
config=49 trial=2 status=success reached=14.17/14.17s x0_rmse=52.866257614331985 uV runtime=61.4s
config=49 trial=3 status=success reached=14.17/14.17s x0_rmse=47.05101132923115 uV runtime=54.8s
config=49 trial=1244 status=success reached=14.06/14.06s x0_rmse=75.00219797354248 uV runtime=66.1s
config=49 trial=778 status=success reached=14.17/14.17s x0_rmse=46.91955921554888 uV runtime=68.7s
config=49 trial=312 status=success reached=14.17/14.17s x0_rmse=44.16776848133436 uV runtime=68.9s
saved: outputs/pysindy/raw_grid_threshold100/simulations/config_0049_summary.json
