## SLURM PROLOG ###############################################################
##    Job ID : 3610904
##  Job Name : lfp_grid_sim
##  Nodelist : node2340
##      CPUs : 
##  Mem/Node : 16384 MB
## Directory : /oscar/data/tdesroch/dbuyukya/AidaCarneyProject
##   Job Started : Wed Jul  1 05:12:16 PM EDT 2026
###############################################################################
[1/1] configuration=127 degree=1 lowpass=80.0
config=127 trial=4 status=success reached=14.07/14.07s runtime=66.7s
config=127 trial=1088 status=success reached=14.18/14.18s runtime=39.0s
config=127 trial=622 status=success reached=14.18/14.18s runtime=39.8s
config=127 trial=620 status=success reached=14.18/14.18s runtime=63.4s
config=127 trial=2 status=success reached=14.18/14.18s runtime=37.9s
config=127 trial=3 status=success reached=14.18/14.18s runtime=36.6s
config=127 trial=1244 status=success reached=14.07/14.07s runtime=34.3s
config=127 trial=778 status=success reached=14.18/14.18s runtime=44.2s
config=127 trial=312 status=success reached=14.18/14.18s runtime=36.7s
saved: /oscar/data/tdesroch/dbuyukya/AidaCarneyProject/outputs/pysindy/raw_grid/simulations/config_0127_summary.json
