## SLURM PROLOG ###############################################################
##    Job ID : 3630901
##  Job Name : lfp_raw_grid
##  Nodelist : node2349
##      CPUs : 
##  Mem/Node : 16384 MB
## Directory : /oscar/data/tdesroch/dbuyukya/AidaCarneyProject
##   Job Started : Thu Jul  2 11:58:58 PM EDT 2026
###############################################################################
[1/36] status=success lowpass=35.0 degree=3 delays=2 delay=1 smooth=0 terms=20 runtime=0.7s
[2/36] status=success lowpass=35.0 degree=3 delays=2 delay=1 smooth=5 terms=20 runtime=0.2s
[3/36] status=success lowpass=35.0 degree=3 delays=2 delay=1 smooth=9 terms=20 runtime=0.2s
[4/36] status=success lowpass=35.0 degree=3 delays=2 delay=2 smooth=0 terms=20 runtime=0.2s
[5/36] status=success lowpass=35.0 degree=3 delays=2 delay=2 smooth=5 terms=20 runtime=0.2s
[6/36] status=success lowpass=35.0 degree=3 delays=2 delay=2 smooth=9 terms=20 runtime=0.2s
[7/36] status=success lowpass=35.0 degree=3 delays=2 delay=5 smooth=0 terms=20 runtime=0.2s
[8/36] status=success lowpass=35.0 degree=3 delays=2 delay=5 smooth=5 terms=20 runtime=0.2s
[9/36] status=success lowpass=35.0 degree=3 delays=2 delay=5 smooth=9 terms=20 runtime=0.2s
[10/36] status=success lowpass=35.0 degree=3 delays=4 delay=1 smooth=0 terms=140 runtime=1.1s
[11/36] status=success lowpass=35.0 degree=3 delays=4 delay=1 smooth=5 terms=140 runtime=1.1s
[12/36] status=success lowpass=35.0 degree=3 delays=4 delay=1 smooth=9 terms=139 runtime=1.2s
[13/36] status=success lowpass=35.0 degree=3 delays=4 delay=2 smooth=0 terms=140 runtime=1.0s
[14/36] status=success lowpass=35.0 degree=3 delays=4 delay=2 smooth=5 terms=140 runtime=1.1s
[15/36] status=success lowpass=35.0 degree=3 delays=4 delay=2 smooth=9 terms=137 runtime=1.2s
[16/36] status=success lowpass=35.0 degree=3 delays=4 delay=5 smooth=0 terms=140 runtime=1.1s
[17/36] status=success lowpass=35.0 degree=3 delays=4 delay=5 smooth=5 terms=140 runtime=1.1s
[18/36] status=success lowpass=35.0 degree=3 delays=4 delay=5 smooth=9 terms=139 runtime=1.3s
[19/36] status=success lowpass=35.0 degree=3 delays=6 delay=1 smooth=0 terms=502 runtime=7.0s
[20/36] status=success lowpass=35.0 degree=3 delays=6 delay=1 smooth=5 terms=501 runtime=7.1s
[21/36] status=success lowpass=35.0 degree=3 delays=6 delay=1 smooth=9 terms=501 runtime=7.0s
[22/36] status=success lowpass=35.0 degree=3 delays=6 delay=2 smooth=0 terms=503 runtime=6.9s
[23/36] status=success lowpass=35.0 degree=3 delays=6 delay=2 smooth=5 terms=502 runtime=7.0s
[24/36] status=success lowpass=35.0 degree=3 delays=6 delay=2 smooth=9 terms=504 runtime=6.3s
[25/36] status=success lowpass=35.0 degree=3 delays=6 delay=5 smooth=0 terms=501 runtime=6.9s
[26/36] status=success lowpass=35.0 degree=3 delays=6 delay=5 smooth=5 terms=501 runtime=6.9s
[27/36] status=success lowpass=35.0 degree=3 delays=6 delay=5 smooth=9 terms=504 runtime=6.2s
[28/36] status=success lowpass=35.0 degree=3 delays=8 delay=1 smooth=0 terms=1304 runtime=19.2s
[29/36] status=success lowpass=35.0 degree=3 delays=8 delay=1 smooth=5 terms=1305 runtime=17.2s
[30/36] status=success lowpass=35.0 degree=3 delays=8 delay=1 smooth=9 terms=1300 runtime=17.6s
[31/36] status=success lowpass=35.0 degree=3 delays=8 delay=2 smooth=0 terms=1311 runtime=17.4s
[32/36] status=success lowpass=35.0 degree=3 delays=8 delay=2 smooth=5 terms=1310 runtime=17.3s
[33/36] status=success lowpass=35.0 degree=3 delays=8 delay=2 smooth=9 terms=1312 runtime=17.4s
[34/36] status=success lowpass=35.0 degree=3 delays=8 delay=5 smooth=0 terms=1305 runtime=19.5s
[35/36] status=success lowpass=35.0 degree=3 delays=8 delay=5 smooth=5 terms=1309 runtime=17.6s
[36/36] status=success lowpass=35.0 degree=3 delays=8 delay=5 smooth=9 terms=1304 runtime=17.4s
saved: outputs/pysindy/raw_grid_threshold100/parts/part_lp35_degree3.csv
saved: outputs/pysindy/raw_grid_threshold100/parts/part_lp35_degree3_equations.txt
saved: outputs/pysindy/raw_grid_threshold100/parts/part_lp35_degree3_metadata.json
successful fits: 36/36
