## SLURM PROLOG ###############################################################
##    Job ID : 3631770
##  Job Name : lfp_grid_sim
##  Nodelist : node2333
##      CPUs : 
##  Mem/Node : 16384 MB
## Directory : /oscar/data/tdesroch/dbuyukya/AidaCarneyProject
##   Job Started : Fri Jul  3 01:36:32 AM EDT 2026
###############################################################################
[1/1] configuration=98 degree=3 lowpass=35.0
config=98 trial=4 status=failed reached=4.75/13.99s x0_rmse= uV runtime=219.6s
config=98 trial=1088 status=failed reached=10.23/14.10s x0_rmse= uV runtime=324.2s
config=98 trial=622 status=failed reached=6.91/14.10s x0_rmse= uV runtime=268.9s
config=98 trial=620 status=failed reached=3.60/14.10s x0_rmse= uV runtime=188.8s
config=98 trial=2 status=failed reached=3.03/14.10s x0_rmse= uV runtime=158.5s
config=98 trial=3 status=success reached=14.10/14.10s x0_rmse=43.4290407518972 uV runtime=278.1s
config=98 trial=1244 status=failed reached=6.25/13.99s x0_rmse= uV runtime=242.3s
config=98 trial=778 status=failed reached=2.71/14.10s x0_rmse= uV runtime=193.6s
config=98 trial=312 status=failed reached=2.26/14.10s x0_rmse= uV runtime=153.6s
saved: outputs/pysindy/raw_grid_threshold100/simulations/config_0098_summary.json
