## SLURM PROLOG ###############################################################
##    Job ID : 3632373
##  Job Name : lfp_grid_sim
##  Nodelist : node2334
##      CPUs : 
##  Mem/Node : 16384 MB
## Directory : /oscar/data/tdesroch/dbuyukya/AidaCarneyProject
##   Job Started : Fri Jul  3 03:29:47 AM EDT 2026
###############################################################################
[1/1] configuration=208 degree=3 lowpass=80.0
config=208 trial=4 status=failed reached=3.92/14.06s x0_rmse= uV runtime=774.8s
config=208 trial=1088 status=failed reached=7.22/14.17s x0_rmse= uV runtime=1091.2s
config=208 trial=622 status=failed reached=6.09/14.17s x0_rmse= uV runtime=1000.8s
config=208 trial=620 status=failed reached=4.29/14.17s x0_rmse= uV runtime=807.7s
config=208 trial=2 status=failed reached=5.30/14.17s x0_rmse= uV runtime=840.6s
config=208 trial=3 status=failed reached=9.69/14.17s x0_rmse= uV runtime=1278.5s
config=208 trial=1244 status=failed reached=10.81/14.06s x0_rmse= uV runtime=1265.3s
config=208 trial=778 status=failed reached=3.47/14.17s x0_rmse= uV runtime=659.0s
config=208 trial=312 status=failed reached=8.84/14.17s x0_rmse= uV runtime=1225.1s
saved: outputs/pysindy/raw_grid_threshold100/simulations/config_0208_summary.json
