## SLURM PROLOG ###############################################################
##    Job ID : 3631264
##  Job Name : lfp_grid_sim
##  Nodelist : node2347
##      CPUs : 
##  Mem/Node : 16384 MB
## Directory : /oscar/data/tdesroch/dbuyukya/AidaCarneyProject
##   Job Started : Fri Jul  3 12:41:41 AM EDT 2026
###############################################################################
[1/1] configuration=61 degree=2 lowpass=35.0
config=61 trial=4 status=success reached=13.99/13.99s x0_rmse=34.30845162881955 uV runtime=95.2s
config=61 trial=1088 status=success reached=14.10/14.10s x0_rmse=59.62730493115943 uV runtime=83.8s
config=61 trial=622 status=success reached=14.10/14.10s x0_rmse=43.75231757895904 uV runtime=98.4s
config=61 trial=620 status=success reached=14.10/14.10s x0_rmse=54.950822080390495 uV runtime=93.6s
config=61 trial=2 status=success reached=14.10/14.10s x0_rmse=64.91502403056354 uV runtime=87.2s
config=61 trial=3 status=failed reached=3.13/14.10s x0_rmse= uV runtime=52.4s
config=61 trial=1244 status=success reached=13.99/13.99s x0_rmse=83.99429723020783 uV runtime=68.3s
config=61 trial=778 status=success reached=14.10/14.10s x0_rmse=56.05748808559023 uV runtime=87.8s
config=61 trial=312 status=success reached=14.10/14.10s x0_rmse=53.647070735330935 uV runtime=87.4s
saved: outputs/pysindy/raw_grid_threshold100/simulations/config_0061_summary.json
