## SLURM PROLOG ###############################################################
##    Job ID : 3611294
##  Job Name : lfp_grid_sim
##  Nodelist : node2335
##      CPUs : 
##  Mem/Node : 16384 MB
## Directory : /oscar/data/tdesroch/dbuyukya/AidaCarneyProject
##   Job Started : Wed Jul  1 05:56:45 PM EDT 2026
###############################################################################
[1/1] configuration=147 degree=2 lowpass=80.0
config=147 trial=4 status=success reached=14.08/14.08s runtime=15.1s
config=147 trial=1088 status=success reached=14.20/14.20s runtime=15.2s
config=147 trial=622 status=success reached=14.19/14.19s runtime=16.2s
config=147 trial=620 status=success reached=14.19/14.19s runtime=14.4s
config=147 trial=2 status=success reached=14.19/14.19s runtime=15.8s
config=147 trial=3 status=success reached=14.19/14.19s runtime=15.4s
config=147 trial=1244 status=success reached=14.08/14.08s runtime=15.7s
config=147 trial=778 status=success reached=14.19/14.19s runtime=15.2s
config=147 trial=312 status=success reached=14.19/14.19s runtime=14.8s
saved: /oscar/data/tdesroch/dbuyukya/AidaCarneyProject/outputs/pysindy/raw_grid/simulations/config_0147_summary.json
