## SLURM PROLOG ###############################################################
##    Job ID : 3631111
##  Job Name : lfp_grid_sim
##  Nodelist : node2303
##      CPUs : 
##  Mem/Node : 16384 MB
## Directory : /oscar/data/tdesroch/dbuyukya/AidaCarneyProject
##   Job Started : Fri Jul  3 12:24:36 AM EDT 2026
###############################################################################
[1/1] configuration=38 degree=2 lowpass=35.0
config=38 trial=4 status=success reached=14.08/14.08s x0_rmse=28.40958920383697 uV runtime=13.2s
config=38 trial=1088 status=success reached=14.20/14.20s x0_rmse=61.28598319119959 uV runtime=15.8s
config=38 trial=622 status=success reached=14.19/14.19s x0_rmse=54.98370688821173 uV runtime=15.7s
config=38 trial=620 status=success reached=14.19/14.19s x0_rmse=40.86976223245036 uV runtime=13.5s
config=38 trial=2 status=success reached=14.19/14.19s x0_rmse=59.30051713637104 uV runtime=15.5s
config=38 trial=3 status=success reached=14.19/14.19s x0_rmse=46.63971014578262 uV runtime=15.4s
config=38 trial=1244 status=success reached=14.08/14.08s x0_rmse=50.827764899329125 uV runtime=15.2s
config=38 trial=778 status=success reached=14.19/14.19s x0_rmse=44.68394902922848 uV runtime=14.6s
config=38 trial=312 status=success reached=14.19/14.19s x0_rmse=42.20898709984064 uV runtime=14.7s
saved: outputs/pysindy/raw_grid_threshold100/simulations/config_0038_summary.json
