## SLURM PROLOG ###############################################################
##    Job ID : 3611170
##  Job Name : lfp_grid_sim
##  Nodelist : node2349
##      CPUs : 
##  Mem/Node : 16384 MB
## Directory : /oscar/data/tdesroch/dbuyukya/AidaCarneyProject
##   Job Started : Wed Jul  1 05:31:59 PM EDT 2026
###############################################################################
[1/1] configuration=136 degree=1 lowpass=80.0
config=136 trial=4 status=success reached=14.06/14.06s runtime=83.2s
config=136 trial=1088 status=success reached=14.17/14.17s runtime=61.2s
config=136 trial=622 status=success reached=14.17/14.17s runtime=57.2s
config=136 trial=620 status=success reached=14.17/14.17s runtime=104.6s
config=136 trial=2 status=success reached=14.17/14.17s runtime=63.5s
config=136 trial=3 status=success reached=14.17/14.17s runtime=52.2s
config=136 trial=1244 status=success reached=14.06/14.06s runtime=46.7s
config=136 trial=778 status=success reached=14.17/14.17s runtime=64.2s
config=136 trial=312 status=success reached=14.17/14.17s runtime=62.4s
saved: /oscar/data/tdesroch/dbuyukya/AidaCarneyProject/outputs/pysindy/raw_grid/simulations/config_0136_summary.json
