## SLURM PROLOG ###############################################################
##    Job ID : 3651018
##  Job Name : lfp_grid_sim
##  Nodelist : node2333
##      CPUs : 
##  Mem/Node : 16384 MB
## Directory : /oscar/data/tdesroch/dbuyukya/AidaCarneyProject
##   Job Started : Sun Jul  5 12:49:51 AM EDT 2026
###############################################################################
[1/1] configuration=136 degree=1 lowpass=80.0
config=136 trial=4 status=success reached=14.06/14.06s x0_rmse=32.866173749461 uV runtime=114.3s
config=136 trial=1088 status=success reached=14.17/14.17s x0_rmse=55.36945598822824 uV runtime=80.8s
config=136 trial=622 status=success reached=14.17/14.17s x0_rmse=58.42436004694766 uV runtime=81.5s
config=136 trial=620 status=success reached=14.17/14.17s x0_rmse=41.23190039984227 uV runtime=136.2s
config=136 trial=2 status=success reached=14.17/14.17s x0_rmse=53.75707076640755 uV runtime=64.5s
config=136 trial=3 status=success reached=14.17/14.17s x0_rmse=58.07777421044105 uV runtime=53.9s
config=136 trial=1244 status=success reached=14.06/14.06s x0_rmse=88.39604622641994 uV runtime=48.0s
config=136 trial=778 status=success reached=14.17/14.17s x0_rmse=54.73951807435723 uV runtime=64.2s
config=136 trial=312 status=success reached=14.17/14.17s x0_rmse=40.308524683369924 uV runtime=64.4s
saved: outputs/pysindy/raw_grid_threshold100/simulations/config_0136_summary.json
