## SLURM PROLOG ###############################################################
##    Job ID : 3631679
##  Job Name : lfp_grid_sim
##  Nodelist : node2339
##      CPUs : 
##  Mem/Node : 16384 MB
## Directory : /oscar/data/tdesroch/dbuyukya/AidaCarneyProject
##   Job Started : Fri Jul  3 01:17:23 AM EDT 2026
###############################################################################
[1/1] configuration=86 degree=3 lowpass=35.0
config=86 trial=4 status=failed reached=5.96/14.06s x0_rmse= uV runtime=124.6s
config=86 trial=1088 status=failed reached=11.99/14.18s x0_rmse= uV runtime=173.6s
config=86 trial=622 status=failed reached=5.48/14.17s x0_rmse= uV runtime=107.3s
config=86 trial=620 status=failed reached=7.56/14.17s x0_rmse= uV runtime=141.7s
config=86 trial=2 status=failed reached=5.18/14.17s x0_rmse= uV runtime=104.8s
config=86 trial=3 status=failed reached=5.76/14.17s x0_rmse= uV runtime=109.8s
config=86 trial=1244 status=failed reached=0.79/14.06s x0_rmse= uV runtime=60.8s
config=86 trial=778 status=failed reached=4.35/14.17s x0_rmse= uV runtime=95.5s
config=86 trial=312 status=failed reached=5.56/14.17s x0_rmse= uV runtime=112.2s
saved: outputs/pysindy/raw_grid_threshold100/simulations/config_0086_summary.json
