## SLURM PROLOG ###############################################################
##    Job ID : 3650942
##  Job Name : lfp_grid_sim
##  Nodelist : node2340
##      CPUs : 
##  Mem/Node : 16384 MB
## Directory : /oscar/data/tdesroch/dbuyukya/AidaCarneyProject
##   Job Started : Sun Jul  5 12:46:35 AM EDT 2026
###############################################################################
[1/1] configuration=128 degree=1 lowpass=80.0
config=128 trial=4 status=success reached=14.07/14.07s x0_rmse=32.07171274986323 uV runtime=99.2s
config=128 trial=1088 status=success reached=14.18/14.18s x0_rmse=65.37266628812748 uV runtime=47.8s
config=128 trial=622 status=success reached=14.18/14.18s x0_rmse=79.64304796927215 uV runtime=50.3s
config=128 trial=620 status=success reached=14.18/14.18s x0_rmse=46.76220210964717 uV runtime=65.3s
config=128 trial=2 status=success reached=14.18/14.18s x0_rmse=67.85527042120269 uV runtime=47.9s
config=128 trial=3 status=success reached=14.18/14.18s x0_rmse=56.1908928054596 uV runtime=44.5s
config=128 trial=1244 status=success reached=14.07/14.07s x0_rmse=86.38427159403356 uV runtime=40.8s
config=128 trial=778 status=success reached=14.18/14.18s x0_rmse=58.69812954443888 uV runtime=59.3s
config=128 trial=312 status=success reached=14.18/14.18s x0_rmse=43.61239398284114 uV runtime=48.7s
saved: outputs/pysindy/raw_grid_threshold100/simulations/config_0128_summary.json
