## SLURM PROLOG ###############################################################
##    Job ID : 3611356
##  Job Name : lfp_grid_sim
##  Nodelist : node2337
##      CPUs : 
##  Mem/Node : 16384 MB
## Directory : /oscar/data/tdesroch/dbuyukya/AidaCarneyProject
##   Job Started : Wed Jul  1 06:01:49 PM EDT 2026
###############################################################################
[1/1] configuration=157 degree=2 lowpass=80.0
config=157 trial=4 status=success reached=14.06/14.06s runtime=47.8s
config=157 trial=1088 status=success reached=14.18/14.18s runtime=40.5s
config=157 trial=622 status=success reached=14.17/14.17s runtime=38.0s
config=157 trial=620 status=success reached=14.17/14.17s runtime=42.9s
config=157 trial=2 status=success reached=14.17/14.17s runtime=37.7s
config=157 trial=3 status=success reached=14.17/14.17s runtime=37.5s
config=157 trial=1244 status=success reached=14.06/14.06s runtime=47.6s
config=157 trial=778 status=success reached=14.17/14.17s runtime=48.6s
config=157 trial=312 status=success reached=14.17/14.17s runtime=39.8s
saved: /oscar/data/tdesroch/dbuyukya/AidaCarneyProject/outputs/pysindy/raw_grid/simulations/config_0157_summary.json
