## SLURM PROLOG ###############################################################
##    Job ID : 3610845
##  Job Name : lfp_grid_sim
##  Nodelist : node2342
##      CPUs : 
##  Mem/Node : 16384 MB
## Directory : /oscar/data/tdesroch/dbuyukya/AidaCarneyProject
##   Job Started : Wed Jul  1 05:09:14 PM EDT 2026
###############################################################################
[1/1] configuration=125 degree=1 lowpass=80.0
config=125 trial=4 status=success reached=14.03/14.03s runtime=9.6s
config=125 trial=1088 status=success reached=14.14/14.14s runtime=12.7s
config=125 trial=622 status=success reached=14.14/14.14s runtime=14.7s
config=125 trial=620 status=success reached=14.14/14.14s runtime=12.1s
config=125 trial=2 status=success reached=14.14/14.14s runtime=8.3s
config=125 trial=3 status=success reached=14.14/14.14s runtime=9.7s
config=125 trial=1244 status=success reached=14.03/14.03s runtime=13.0s
config=125 trial=778 status=success reached=14.14/14.14s runtime=9.9s
config=125 trial=312 status=success reached=14.14/14.14s runtime=8.4s
saved: /oscar/data/tdesroch/dbuyukya/AidaCarneyProject/outputs/pysindy/raw_grid/simulations/config_0125_summary.json
