## SLURM PROLOG ###############################################################
##    Job ID : 3611324
##  Job Name : lfp_grid_sim
##  Nodelist : node2340
##      CPUs : 
##  Mem/Node : 16384 MB
## Directory : /oscar/data/tdesroch/dbuyukya/AidaCarneyProject
##   Job Started : Wed Jul  1 05:59:47 PM EDT 2026
###############################################################################
[1/1] configuration=151 degree=2 lowpass=80.0
config=151 trial=4 status=success reached=14.07/14.07s runtime=6.3s
config=151 trial=1088 status=success reached=14.18/14.18s runtime=7.0s
config=151 trial=622 status=success reached=14.18/14.18s runtime=7.3s
config=151 trial=620 status=success reached=14.18/14.18s runtime=6.2s
config=151 trial=2 status=success reached=14.18/14.18s runtime=7.5s
config=151 trial=3 status=success reached=14.18/14.18s runtime=7.0s
config=151 trial=1244 status=success reached=14.07/14.07s runtime=7.4s
config=151 trial=778 status=success reached=14.18/14.18s runtime=7.1s
config=151 trial=312 status=success reached=14.18/14.18s runtime=7.1s
saved: /oscar/data/tdesroch/dbuyukya/AidaCarneyProject/outputs/pysindy/raw_grid/simulations/config_0151_summary.json
