## SLURM PROLOG ###############################################################
##    Job ID : 3611649
##  Job Name : lfp_grid_sim
##  Nodelist : node2334
##      CPUs : 
##  Mem/Node : 16384 MB
## Directory : /oscar/data/tdesroch/dbuyukya/AidaCarneyProject
##   Job Started : Wed Jul  1 06:24:35 PM EDT 2026
###############################################################################
[1/1] configuration=171 degree=2 lowpass=80.0
config=171 trial=4 status=success reached=13.99/13.99s runtime=118.4s
config=171 trial=1088 status=failed reached=5.17/14.10s runtime=78.5s
config=171 trial=622 status=success reached=14.10/14.10s runtime=115.9s
config=171 trial=620 status=success reached=14.10/14.10s runtime=108.1s
config=171 trial=2 status=success reached=14.10/14.10s runtime=104.6s
config=171 trial=3 status=failed reached=3.00/14.10s runtime=61.9s
config=171 trial=1244 status=success reached=13.99/13.99s runtime=79.1s
config=171 trial=778 status=success reached=14.10/14.10s runtime=100.0s
config=171 trial=312 status=success reached=14.10/14.10s runtime=83.1s
saved: /oscar/data/tdesroch/dbuyukya/AidaCarneyProject/outputs/pysindy/raw_grid/simulations/config_0171_summary.json
