## SLURM PROLOG ###############################################################
##    Job ID : 3632425
##  Job Name : lfp_grid_sim
##  Nodelist : node2339
##      CPUs : 
##  Mem/Node : 16384 MB
## Directory : /oscar/data/tdesroch/dbuyukya/AidaCarneyProject
##   Job Started : Fri Jul  3 03:51:23 AM EDT 2026
###############################################################################
[1/1] configuration=211 degree=3 lowpass=80.0
config=211 trial=4 status=failed reached=4.00/14.03s x0_rmse= uV runtime=553.2s
config=211 trial=1088 status=failed reached=8.84/14.14s x0_rmse= uV runtime=912.7s
config=211 trial=622 status=success reached=14.14/14.14s x0_rmse=42.68519825140128 uV runtime=1233.6s
config=211 trial=620 status=success reached=14.14/14.14s x0_rmse=44.94336967206431 uV runtime=1213.9s
config=211 trial=2 status=success reached=14.14/14.14s x0_rmse=44.820267911435685 uV runtime=1204.2s
config=211 trial=3 status=failed reached=6.62/14.14s x0_rmse= uV runtime=712.9s
config=211 trial=1244 status=success reached=14.03/14.03s x0_rmse=43.39301007163024 uV runtime=1160.6s
config=211 trial=778 status=success reached=14.14/14.14s x0_rmse=45.09311867133954 uV runtime=1148.8s
config=211 trial=312 status=failed reached=3.01/14.14s x0_rmse= uV runtime=458.8s
saved: outputs/pysindy/raw_grid_threshold100/simulations/config_0211_summary.json
