## SLURM PROLOG ###############################################################
##    Job ID : 3631167
##  Job Name : lfp_grid_sim
##  Nodelist : node2339
##      CPUs : 
##  Mem/Node : 16384 MB
## Directory : /oscar/data/tdesroch/dbuyukya/AidaCarneyProject
##   Job Started : Fri Jul  3 12:30:37 AM EDT 2026
###############################################################################
[1/1] configuration=44 degree=2 lowpass=35.0
config=44 trial=4 status=success reached=14.07/14.07s x0_rmse=28.482755540016484 uV runtime=7.5s
config=44 trial=1088 status=success reached=14.18/14.18s x0_rmse=54.06848211753991 uV runtime=8.6s
config=44 trial=622 status=success reached=14.18/14.18s x0_rmse=49.19952609822998 uV runtime=8.0s
config=44 trial=620 status=success reached=14.18/14.18s x0_rmse=39.93118663315972 uV runtime=6.8s
config=44 trial=2 status=success reached=14.18/14.18s x0_rmse=52.894227089571174 uV runtime=8.1s
config=44 trial=3 status=success reached=14.18/14.18s x0_rmse=41.71258086970978 uV runtime=8.3s
config=44 trial=1244 status=success reached=14.07/14.07s x0_rmse=52.97851241849515 uV runtime=8.1s
config=44 trial=778 status=success reached=14.18/14.18s x0_rmse=43.87306107143172 uV runtime=8.2s
config=44 trial=312 status=success reached=14.18/14.18s x0_rmse=41.36405729349718 uV runtime=8.6s
saved: outputs/pysindy/raw_grid_threshold100/simulations/config_0044_summary.json
