## SLURM PROLOG ###############################################################
##    Job ID : 3631758
##  Job Name : lfp_grid_sim
##  Nodelist : node2340
##      CPUs : 
##  Mem/Node : 16384 MB
## Directory : /oscar/data/tdesroch/dbuyukya/AidaCarneyProject
##   Job Started : Sat Jul  4 02:08:15 PM EDT 2026
###############################################################################
[1/1] configuration=93 degree=3 lowpass=35.0
config=93 trial=4 status=failed reached=0.10/14.07s x0_rmse= uV runtime=191.2s
config=93 trial=1088 status=failed reached=0.10/14.18s x0_rmse= uV runtime=191.4s
config=93 trial=622 status=failed reached=0.30/14.18s x0_rmse= uV runtime=200.2s
config=93 trial=620 status=failed reached=0.09/14.18s x0_rmse= uV runtime=194.4s
config=93 trial=2 status=failed reached=0.11/14.18s x0_rmse= uV runtime=189.2s
config=93 trial=3 status=failed reached=0.11/14.18s x0_rmse= uV runtime=198.7s
config=93 trial=1244 status=failed reached=0.03/14.07s x0_rmse= uV runtime=189.4s
config=93 trial=778 status=failed reached=0.11/14.18s x0_rmse= uV runtime=191.2s
config=93 trial=312 status=failed reached=0.26/14.18s x0_rmse= uV runtime=197.2s
saved: outputs/pysindy/raw_grid_threshold100/simulations/config_0093_summary.json
