## SLURM PROLOG ###############################################################
##    Job ID : 3609059
##  Job Name : lfp_grid_sim
##  Nodelist : node2302
##      CPUs : 
##  Mem/Node : 16384 MB
## Directory : /oscar/data/tdesroch/dbuyukya/AidaCarneyProject
##   Job Started : Wed Jul  1 11:49:18 PM EDT 2026
###############################################################################
[1/1] configuration=25 degree=1 lowpass=35.0
config=25 trial=4 status=success reached=13.99/13.99s runtime=20.7s
config=25 trial=1088 status=success reached=14.10/14.10s runtime=22.3s
config=25 trial=622 status=success reached=14.10/14.10s runtime=21.7s
config=25 trial=620 status=success reached=14.10/14.10s runtime=15.3s
config=25 trial=2 status=success reached=14.10/14.10s runtime=14.6s
config=25 trial=3 status=success reached=14.10/14.10s runtime=19.9s
config=25 trial=1244 status=success reached=13.99/13.99s runtime=23.1s
config=25 trial=778 status=success reached=14.10/14.10s runtime=17.1s
config=25 trial=312 status=success reached=14.10/14.10s runtime=21.2s
saved: /oscar/data/tdesroch/dbuyukya/AidaCarneyProject/outputs/pysindy/raw_grid/simulations/config_0025_summary.json
