Loading /Users/aida_abkenova/Downloads/CQSA/lfp-symreg/raw_data/trialdata_v03_buzz_20231106_pre-0.100_post0.100.mat ...
case nd4: n_delays=4, delay=2, degree=3, lowpass=35, threshold=20000
  trial 0: corr@0.5s=-0.170 amp@0.5s=1.02 conc@0.5s=33.0%
  trial 1: corr@0.5s=-0.002 amp@0.5s=2.19 conc@0.5s=57.9%
  trial 2: corr@0.5s=-0.145 amp@0.5s=1.17 conc@0.5s=60.8%
  trial 3: corr@0.5s=+0.294 amp@0.5s=0.354 conc@0.5s=49.5%
  trial 4: corr@0.5s=-0.083 amp@0.5s=1.05 conc@0.5s=60.2%
  trial 5: corr@0.5s=+0.311 amp@0.5s=1.62 conc@0.5s=60.0%
/Users/aida_abkenova/Downloads/CQSA/lfp-symreg/.venv/lib/python3.14/site-packages/pysindy/utils/_axes.py:389: RuntimeWarning: overflow encountered in reduce
  results = super().__array_ufunc__(ufunc, method, *args, **kwargs)
  trial 6: integration failed
  trial 7: corr@0.5s=+0.197 amp@0.5s=1.16 conc@0.5s=60.5%
  trial 8: corr@0.5s=+0.066 amp@0.5s=0.888 conc@0.5s=57.2%

    time     corr      amp   conc sim  conc meas
   0.45s   -0.072     1.14     58.2%     31.4%
   0.95s   +0.003     1.39     58.5%     24.9%
   2.05s   +0.105     1.35     58.8%     29.5%
   2.95s   +0.021     1.38     58.7%     30.4%
   4.95s   -0.005     1.86     57.2%     26.5%
   9.95s   +0.008     1.05     59.7%     28.7%

correlation falls below 0.2 at 0.25 s
narrowbandness exceeds 2x the measurement at 0.25 s

wrote /Users/aida_abkenova/Downloads/CQSA/lfp-symreg/outputs/nd4_horizon/horizon_transition_nd4.csv
wrote /Users/aida_abkenova/Downloads/CQSA/lfp-symreg/outputs/nd4_horizon/horizon_transition_nd4.png
